00:00 +0: loading /home/flcsezz/mobile/test/network/http_test.dart
Error: Couldn't resolve the package 'exochess_mobile' in 'package:exochess_mobile/src/model/auth/auth_controller.dart'.
Error: Couldn't resolve the package 'exochess_mobile' in 'package:exochess_mobile/src/model/auth/bearer.dart'.
Error: Couldn't resolve the package 'exochess_mobile' in 'package:exochess_mobile/src/model/common/id.dart'.
Error: Couldn't resolve the package 'exochess_mobile' in 'package:exochess_mobile/src/model/user/user.dart'.
Error: Couldn't resolve the package 'exochess_mobile' in 'package:exochess_mobile/src/network/http.dart'.
test/network/http_test.dart:8:8: Error: Not found: 'package:exochess_mobile/src/model/auth/auth_controller.dart'
import 'package:exochess_mobile/src/model/auth/auth_controller.dart';
       ^
test/network/http_test.dart:9:8: Error: Not found: 'package:exochess_mobile/src/model/auth/bearer.dart'
import 'package:exochess_mobile/src/model/auth/bearer.dart';
       ^
test/network/http_test.dart:10:8: Error: Not found: 'package:exochess_mobile/src/model/common/id.dart'
import 'package:exochess_mobile/src/model/common/id.dart';
       ^
test/network/http_test.dart:11:8: Error: Not found: 'package:exochess_mobile/src/model/user/user.dart'
import 'package:exochess_mobile/src/model/user/user.dart';
       ^
test/network/http_test.dart:12:8: Error: Not found: 'package:exochess_mobile/src/network/http.dart'
import 'package:exochess_mobile/src/network/http.dart';
       ^
Error: Couldn't resolve the package 'exochess_mobile' in 'package:exochess_mobile/src/constants.dart'.
Error: Couldn't resolve the package 'exochess_mobile' in 'package:exochess_mobile/src/db/database.dart'.
test/test_container.dart:10:8: Error: Not found: 'package:exochess_mobile/src/model/auth/auth_controller.dart'
import 'package:exochess_mobile/src/model/auth/auth_controller.dart';
       ^
Error: Couldn't resolve the package 'exochess_mobile' in 'package:exochess_mobile/src/model/common/preloaded_data.dart'.
Error: Couldn't resolve the package 'exochess_mobile' in 'package:exochess_mobile/src/model/common/service/sound_service.dart'.
Error: Couldn't resolve the package 'exochess_mobile' in 'package:exochess_mobile/src/model/engine/nnue_service.dart'.
Error: Couldn't resolve the package 'exochess_mobile' in 'package:exochess_mobile/src/model/notifications/notification_service.dart'.
Error: Couldn't resolve the package 'exochess_mobile' in 'package:exochess_mobile/src/network/connectivity.dart'.
test/test_container.dart:16:8: Error: Not found: 'package:exochess_mobile/src/network/http.dart'
import 'package:exochess_mobile/src/network/http.dart';
       ^
Error: Couldn't resolve the package 'exochess_mobile' in 'package:exochess_mobile/src/network/socket.dart'.
test/network/fake_http_client_factory.dart:2:8: Error: Not found: 'package:exochess_mobile/src/network/http.dart'
import 'package:exochess_mobile/src/network/http.dart';
       ^
test/test_container.dart:8:8: Error: Not found: 'package:exochess_mobile/src/constants.dart'
import 'package:exochess_mobile/src/constants.dart';
       ^
test/test_container.dart:9:8: Error: Not found: 'package:exochess_mobile/src/db/database.dart'
import 'package:exochess_mobile/src/db/database.dart';
       ^
test/test_container.dart:11:8: Error: Not found: 'package:exochess_mobile/src/model/common/preloaded_data.dart'
import 'package:exochess_mobile/src/model/common/preloaded_data.dart';
       ^
test/test_container.dart:12:8: Error: Not found: 'package:exochess_mobile/src/model/common/service/sound_service.dart'
import 'package:exochess_mobile/src/model/common/service/sound_service.dart';
       ^
test/test_container.dart:13:8: Error: Not found: 'package:exochess_mobile/src/model/engine/nnue_service.dart'
import 'package:exochess_mobile/src/model/engine/nnue_service.dart';
       ^
test/test_container.dart:14:8: Error: Not found: 'package:exochess_mobile/src/model/notifications/notification_service.dart'
import 'package:exochess_mobile/src/model/notifications/notification_service.dart';
       ^
test/test_container.dart:15:8: Error: Not found: 'package:exochess_mobile/src/network/connectivity.dart'
import 'package:exochess_mobile/src/network/connectivity.dart';
       ^
test/test_container.dart:17:8: Error: Not found: 'package:exochess_mobile/src/network/socket.dart'
import 'package:exochess_mobile/src/network/socket.dart';
       ^
Error: Couldn't resolve the package 'exochess_mobile' in 'package:exochess_mobile/src/model/common/chess.dart'.
test/model/common/service/fake_sound_service.dart:2:8: Error: Not found: 'package:exochess_mobile/src/model/common/service/sound_service.dart'
import 'package:exochess_mobile/src/model/common/service/sound_service.dart';
       ^
Error: Couldn't resolve the package 'exochess_mobile' in 'package:exochess_mobile/src/model/settings/general_preferences.dart'.
Error: Couldn't resolve the package 'exochess_mobile' in 'package:exochess_mobile/src/binding.dart'.
test/model/engine/fake_nnue_service.dart:4:8: Error: Not found: 'package:exochess_mobile/src/model/engine/nnue_service.dart'
import 'package:exochess_mobile/src/model/engine/nnue_service.dart';
       ^
test/network/fake_websocket_channel.dart:6:8: Error: Not found: 'package:exochess_mobile/src/network/socket.dart'
import 'package:exochess_mobile/src/network/socket.dart';
       ^
test/model/common/service/fake_sound_service.dart:1:8: Error: Not found: 'package:exochess_mobile/src/model/common/chess.dart'
import 'package:exochess_mobile/src/model/common/chess.dart';
       ^
test/model/common/service/fake_sound_service.dart:3:8: Error: Not found: 'package:exochess_mobile/src/model/settings/general_preferences.dart'
import 'package:exochess_mobile/src/model/settings/general_preferences.dart';
       ^
test/binding.dart:4:8: Error: Not found: 'package:exochess_mobile/src/binding.dart'
import 'package:exochess_mobile/src/binding.dart';
       ^
test/test_container.dart:49:3: Error: Type 'AuthUser' not found.
  AuthUser? authUser,
  ^^^^^^^^
test/network/fake_http_client_factory.dart:4:40: Error: Type 'HttpClientFactory' not found.
class FakeHttpClientFactory implements HttpClientFactory {
                                       ^^^^^^^^^^^^^^^^^
test/model/common/service/fake_sound_service.dart:5:35: Error: Type 'SoundService' not found.
class FakeSoundService implements SoundService {
                                  ^^^^^^^^^^^^
test/model/common/service/fake_sound_service.dart:7:21: Error: Type 'Sound' not found.
  Future<void> play(Sound sound, {double? volume}) async {}
                    ^^^^^
test/model/common/service/fake_sound_service.dart:10:33: Error: Type 'Variant' not found.
  Future<void> playCaptureSound(Variant variant, {double? volume}) async {}
                                ^^^^^^^
test/model/common/service/fake_sound_service.dart:13:28: Error: Type 'SoundTheme' not found.
  Future<void> changeTheme(SoundTheme theme, {bool playSound = false}) async {}
                           ^^^^^^^^^^
test/binding.dart:14:35: Error: Type 'ExoChessBinding' not found.
class TestExoChessBinding extends ExoChessBinding {
                                  ^^^^^^^^^^^^^^^
test/model/engine/fake_nnue_service.dart:13:34: Error: Type 'NnueService' not found.
class FakeNnueService implements NnueService {
                                 ^^^^^^^^^^^
test/model/engine/fake_nnue_service.dart:25:3: Error: Type 'NNUEFiles' not found.
  NNUEFiles get nnueFiles {
  ^^^^^^^^^
test/model/engine/fake_nnue_service.dart:56:45: Error: Type 'NnueService' not found.
class FakeNnueServiceUnavailable implements NnueService {
                                            ^^^^^^^^^^^
test/model/engine/fake_nnue_service.dart:68:3: Error: Type 'NNUEFiles' not found.
  NNUEFiles get nnueFiles {
  ^^^^^^^^^
test/network/fake_websocket_channel.dart:24:56: Error: Type 'WebSocketChannelFactory' not found.
class ListenableFakeWebSocketChannelFactory implements WebSocketChannelFactory {
                                                       ^^^^^^^^^^^^^^^^^^^^^^^
test/network/fake_websocket_channel.dart:65:46: Error: Type 'WebSocketChannelFactory' not found.
class FakeWebSocketChannelFactory implements WebSocketChannelFactory {
                                             ^^^^^^^^^^^^^^^^^^^^^^^
test/network/http_test.dart:26:38: Error: Undefined name 'httpClientFactoryProvider'.
          httpClientFactoryProvider: httpClientFactoryProvider.overrideWith((ref) {
                                     ^^^^^^^^^^^^^^^^^^^^^^^^^
test/network/http_test.dart:26:11: Error: Undefined name 'httpClientFactoryProvider'.
          httpClientFactoryProvider: httpClientFactoryProvider.overrideWith((ref) {
          ^^^^^^^^^^^^^^^^^^^^^^^^^
test/network/http_test.dart:31:37: Error: Undefined name 'lichessClientProvider'.
      final client = container.read(lichessClientProvider);
                                    ^^^^^^^^^^^^^^^^^^^^^
test/network/http_test.dart:47:38: Error: Undefined name 'httpClientFactoryProvider'.
          httpClientFactoryProvider: httpClientFactoryProvider.overrideWith((ref) {
                                     ^^^^^^^^^^^^^^^^^^^^^^^^^
test/network/http_test.dart:47:11: Error: Undefined name 'httpClientFactoryProvider'.
          httpClientFactoryProvider: httpClientFactoryProvider.overrideWith((ref) {
          ^^^^^^^^^^^^^^^^^^^^^^^^^
test/network/http_test.dart:52:37: Error: Undefined name 'lichessClientProvider'.
      final client = container.read(lichessClientProvider);
                                    ^^^^^^^^^^^^^^^^^^^^^
test/network/http_test.dart:68:38: Error: Undefined name 'httpClientFactoryProvider'.
          httpClientFactoryProvider: httpClientFactoryProvider.overrideWith((ref) {
                                     ^^^^^^^^^^^^^^^^^^^^^^^^^
test/network/http_test.dart:68:11: Error: Undefined name 'httpClientFactoryProvider'.
          httpClientFactoryProvider: httpClientFactoryProvider.overrideWith((ref) {
          ^^^^^^^^^^^^^^^^^^^^^^^^^
test/network/http_test.dart:73:37: Error: Undefined name 'lichessClientProvider'.
      final client = container.read(lichessClientProvider);
                                    ^^^^^^^^^^^^^^^^^^^^^
test/network/http_test.dart:88:38: Error: Undefined name 'httpClientFactoryProvider'.
          httpClientFactoryProvider: httpClientFactoryProvider.overrideWith((ref) {
                                     ^^^^^^^^^^^^^^^^^^^^^^^^^
test/network/http_test.dart:88:11: Error: Undefined name 'httpClientFactoryProvider'.
          httpClientFactoryProvider: httpClientFactoryProvider.overrideWith((ref) {
          ^^^^^^^^^^^^^^^^^^^^^^^^^
test/network/http_test.dart:93:37: Error: Undefined name 'lichessClientProvider'.
      final client = container.read(lichessClientProvider);
                                    ^^^^^^^^^^^^^^^^^^^^^
test/network/http_test.dart:109:38: Error: Undefined name 'httpClientFactoryProvider'.
          httpClientFactoryProvider: httpClientFactoryProvider.overrideWith((ref) {
                                     ^^^^^^^^^^^^^^^^^^^^^^^^^
test/network/http_test.dart:109:11: Error: Undefined name 'httpClientFactoryProvider'.
          httpClientFactoryProvider: httpClientFactoryProvider.overrideWith((ref) {
          ^^^^^^^^^^^^^^^^^^^^^^^^^
test/network/http_test.dart:115:31: Error: Method not found: 'UserId'.
          user: LightUser(id: UserId('test-user-id'), name: 'test-username'),
                              ^^^^^^
test/network/http_test.dart:115:17: Error: Method not found: 'LightUser'.
          user: LightUser(id: UserId('test-user-id'), name: 'test-username'),
                ^^^^^^^^^
test/network/http_test.dart:113:25: Error: Couldn't find constructor 'AuthUser'.
        authUser: const AuthUser(
                        ^^^^^^^^
test/network/http_test.dart:118:37: Error: Undefined name 'lichessClientProvider'.
      final client = container.read(lichessClientProvider);
                                    ^^^^^^^^^^^^^^^^^^^^^
test/network/http_test.dart:134:38: Error: Undefined name 'httpClientFactoryProvider'.
          httpClientFactoryProvider: httpClientFactoryProvider.overrideWith((ref) {
                                     ^^^^^^^^^^^^^^^^^^^^^^^^^
test/network/http_test.dart:134:11: Error: Undefined name 'httpClientFactoryProvider'.
          httpClientFactoryProvider: httpClientFactoryProvider.overrideWith((ref) {
          ^^^^^^^^^^^^^^^^^^^^^^^^^
test/network/http_test.dart:139:37: Error: Undefined name 'lichessClientProvider'.
      final client = container.read(lichessClientProvider);
                                    ^^^^^^^^^^^^^^^^^^^^^
test/network/http_test.dart:150:23: Error: 'ServerException' isn't a type.
          throwsA(isA<ServerException>().having((e) => e.statusCode, 'statusCode', 500)),
                      ^^^^^^^^^^^^^^^
test/network/http_test.dart:154:23: Error: 'ServerException' isn't a type.
          throwsA(isA<ServerException>().having((e) => e.statusCode, 'statusCode', 503)),
                      ^^^^^^^^^^^^^^^
test/network/http_test.dart:158:23: Error: 'ServerException' isn't a type.
          throwsA(isA<ServerException>().having((e) => e.statusCode, 'statusCode', 400)),
                      ^^^^^^^^^^^^^^^
test/network/http_test.dart:162:23: Error: 'ServerException' isn't a type.
          throwsA(isA<ServerException>().having((e) => e.statusCode, 'statusCode', 404)),
                      ^^^^^^^^^^^^^^^
test/network/http_test.dart:166:23: Error: 'ServerException' isn't a type.
          throwsA(isA<ServerException>().having((e) => e.statusCode, 'statusCode', 401)),
                      ^^^^^^^^^^^^^^^
test/network/http_test.dart:170:23: Error: 'ServerException' isn't a type.
          throwsA(isA<ServerException>().having((e) => e.statusCode, 'statusCode', 403)),
                      ^^^^^^^^^^^^^^^
test/network/http_test.dart:178:38: Error: Undefined name 'httpClientFactoryProvider'.
          httpClientFactoryProvider: httpClientFactoryProvider.overrideWith((ref) {
                                     ^^^^^^^^^^^^^^^^^^^^^^^^^
test/network/http_test.dart:178:11: Error: Undefined name 'httpClientFactoryProvider'.
          httpClientFactoryProvider: httpClientFactoryProvider.overrideWith((ref) {
          ^^^^^^^^^^^^^^^^^^^^^^^^^
test/network/http_test.dart:183:37: Error: Undefined name 'lichessClientProvider'.
      final client = container.read(lichessClientProvider);
                                    ^^^^^^^^^^^^^^^^^^^^^
test/network/http_test.dart:197:38: Error: Undefined name 'httpClientFactoryProvider'.
          httpClientFactoryProvider: httpClientFactoryProvider.overrideWith((ref) {
                                     ^^^^^^^^^^^^^^^^^^^^^^^^^
test/network/http_test.dart:197:11: Error: Undefined name 'httpClientFactoryProvider'.
          httpClientFactoryProvider: httpClientFactoryProvider.overrideWith((ref) {
          ^^^^^^^^^^^^^^^^^^^^^^^^^
test/network/http_test.dart:202:37: Error: Undefined name 'lichessClientProvider'.
      final client = container.read(lichessClientProvider);
                                    ^^^^^^^^^^^^^^^^^^^^^
test/network/http_test.dart:216:38: Error: Undefined name 'httpClientFactoryProvider'.
          httpClientFactoryProvider: httpClientFactoryProvider.overrideWith((ref) {
                                     ^^^^^^^^^^^^^^^^^^^^^^^^^
test/network/http_test.dart:216:11: Error: Undefined name 'httpClientFactoryProvider'.
          httpClientFactoryProvider: httpClientFactoryProvider.overrideWith((ref) {
          ^^^^^^^^^^^^^^^^^^^^^^^^^
test/network/http_test.dart:221:37: Error: Undefined name 'lichessClientProvider'.
      final client = container.read(lichessClientProvider);
                                    ^^^^^^^^^^^^^^^^^^^^^
test/network/http_test.dart:242:38: Error: Undefined name 'httpClientFactoryProvider'.
          httpClientFactoryProvider: httpClientFactoryProvider.overrideWith((ref) {
                                     ^^^^^^^^^^^^^^^^^^^^^^^^^
test/network/http_test.dart:242:11: Error: Undefined name 'httpClientFactoryProvider'.
          httpClientFactoryProvider: httpClientFactoryProvider.overrideWith((ref) {
          ^^^^^^^^^^^^^^^^^^^^^^^^^
test/network/http_test.dart:248:31: Error: Method not found: 'UserId'.
          user: LightUser(id: UserId('test-user-id'), name: 'test-username'),
                              ^^^^^^
test/network/http_test.dart:248:17: Error: Method not found: 'LightUser'.
          user: LightUser(id: UserId('test-user-id'), name: 'test-username'),
                ^^^^^^^^^
test/network/http_test.dart:246:25: Error: Couldn't find constructor 'AuthUser'.
        authUser: const AuthUser(
                        ^^^^^^^^
test/network/http_test.dart:252:39: Error: Undefined name 'authControllerProvider'.
      final authUser = container.read(authControllerProvider);
                                      ^^^^^^^^^^^^^^^^^^^^^^
test/network/http_test.dart:255:37: Error: Undefined name 'lichessClientProvider'.
      final client = container.read(lichessClientProvider);
                                    ^^^^^^^^^^^^^^^^^^^^^
test/network/http_test.dart:265:21: Error: Method not found: 'signBearerToken'.
          'Bearer ${signBearerToken('test-token')}',
                    ^^^^^^^^^^^^^^^
test/network/http_test.dart:276:40: Error: Undefined name 'httpClientFactoryProvider'.
            httpClientFactoryProvider: httpClientFactoryProvider.overrideWith((ref) {
                                       ^^^^^^^^^^^^^^^^^^^^^^^^^
test/network/http_test.dart:276:13: Error: Undefined name 'httpClientFactoryProvider'.
            httpClientFactoryProvider: httpClientFactoryProvider.overrideWith((ref) {
            ^^^^^^^^^^^^^^^^^^^^^^^^^
test/network/http_test.dart:280:22: Error: Method not found: 'DefaultClient'.
              return DefaultClient(
                     ^^^^^^^^^^^^^
test/network/http_test.dart:279:36: Error: Undefined name 'defaultClientProvider'.
            defaultClientProvider: defaultClientProvider.overrideWith((ref) {
                                   ^^^^^^^^^^^^^^^^^^^^^
test/network/http_test.dart:279:13: Error: Undefined name 'defaultClientProvider'.
            defaultClientProvider: defaultClientProvider.overrideWith((ref) {
            ^^^^^^^^^^^^^^^^^^^^^
test/network/http_test.dart:296:33: Error: Method not found: 'UserId'.
            user: LightUser(id: UserId('test-user-id'), name: 'test-username'),
                                ^^^^^^
test/network/http_test.dart:296:19: Error: Method not found: 'LightUser'.
            user: LightUser(id: UserId('test-user-id'), name: 'test-username'),
                  ^^^^^^^^^
test/network/http_test.dart:294:27: Error: Couldn't find constructor 'AuthUser'.
          authUser: const AuthUser(
                          ^^^^^^^^
test/network/http_test.dart:301:43: Error: Undefined name 'authControllerProvider'.
          final authUser = container.read(authControllerProvider);
                                          ^^^^^^^^^^^^^^^^^^^^^^
test/network/http_test.dart:304:41: Error: Undefined name 'lichessClientProvider'.
          final client = container.read(lichessClientProvider);
                                        ^^^^^^^^^^^^^^^^^^^^^
test/network/http_test.dart:307:16: Error: 'ServerException' isn't a type.
          } on ServerException catch (_) {}
               ^^^^^^^^^^^^^^^
test/network/http_test.dart:318:25: Error: Method not found: 'signBearerToken'.
              'Bearer ${signBearerToken('test-token')}',
                        ^^^^^^^^^^^^^^^
test/network/http_test.dart:324:33: Error: Undefined name 'authControllerProvider'.
          expect(container.read(authControllerProvider), isNull);
                                ^^^^^^^^^^^^^^^^^^^^^^
test/network/http_test.dart:333:38: Error: Undefined name 'httpClientFactoryProvider'.
          httpClientFactoryProvider: httpClientFactoryProvider.overrideWith((ref) {
                                     ^^^^^^^^^^^^^^^^^^^^^^^^^
test/network/http_test.dart:333:11: Error: Undefined name 'httpClientFactoryProvider'.
          httpClientFactoryProvider: httpClientFactoryProvider.overrideWith((ref) {
          ^^^^^^^^^^^^^^^^^^^^^^^^^
test/network/http_test.dart:337:20: Error: Method not found: 'DefaultClient'.
            return DefaultClient(
                   ^^^^^^^^^^^^^
test/network/http_test.dart:336:34: Error: Undefined name 'defaultClientProvider'.
          defaultClientProvider: defaultClientProvider.overrideWith((ref) {
                                 ^^^^^^^^^^^^^^^^^^^^^
test/network/http_test.dart:336:11: Error: Undefined name 'defaultClientProvider'.
          defaultClientProvider: defaultClientProvider.overrideWith((ref) {
          ^^^^^^^^^^^^^^^^^^^^^
test/network/http_test.dart:354:31: Error: Method not found: 'UserId'.
          user: LightUser(id: UserId('test-user-id'), name: 'test-username'),
                              ^^^^^^
test/network/http_test.dart:354:17: Error: Method not found: 'LightUser'.
          user: LightUser(id: UserId('test-user-id'), name: 'test-username'),
                ^^^^^^^^^
test/network/http_test.dart:352:25: Error: Couldn't find constructor 'AuthUser'.
        authUser: const AuthUser(
                        ^^^^^^^^
test/network/http_test.dart:359:41: Error: Undefined name 'authControllerProvider'.
        final authUser = container.read(authControllerProvider);
                                        ^^^^^^^^^^^^^^^^^^^^^^
test/network/http_test.dart:362:39: Error: Undefined name 'lichessClientProvider'.
        final client = container.read(lichessClientProvider);
                                      ^^^^^^^^^^^^^^^^^^^^^
test/network/http_test.dart:365:14: Error: 'ServerException' isn't a type.
        } on ServerException catch (_) {}
             ^^^^^^^^^^^^^^^
test/network/http_test.dart:376:23: Error: Method not found: 'signBearerToken'.
            'Bearer ${signBearerToken('test-token')}',
                      ^^^^^^^^^^^^^^^
test/network/http_test.dart:382:31: Error: Undefined name 'authControllerProvider'.
        expect(container.read(authControllerProvider), equals(authUser));
                              ^^^^^^^^^^^^^^^^^^^^^^
test/network/http_test.dart:150:58: Error: The getter 'statusCode' isn't defined for the type 'Object?'.
 - 'Object' is from 'dart:core'.
Try correcting the name to the name of an existing getter, or defining a getter or field named 'statusCode'.
          throwsA(isA<ServerException>().having((e) => e.statusCode, 'statusCode', 500)),
                                                         ^^^^^^^^^^
test/network/http_test.dart:154:58: Error: The getter 'statusCode' isn't defined for the type 'Object?'.
 - 'Object' is from 'dart:core'.
Try correcting the name to the name of an existing getter, or defining a getter or field named 'statusCode'.
          throwsA(isA<ServerException>().having((e) => e.statusCode, 'statusCode', 503)),
                                                         ^^^^^^^^^^
test/network/http_test.dart:158:58: Error: The getter 'statusCode' isn't defined for the type 'Object?'.
 - 'Object' is from 'dart:core'.
Try correcting the name to the name of an existing getter, or defining a getter or field named 'statusCode'.
          throwsA(isA<ServerException>().having((e) => e.statusCode, 'statusCode', 400)),
                                                         ^^^^^^^^^^
test/network/http_test.dart:162:58: Error: The getter 'statusCode' isn't defined for the type 'Object?'.
 - 'Object' is from 'dart:core'.
Try correcting the name to the name of an existing getter, or defining a getter or field named 'statusCode'.
          throwsA(isA<ServerException>().having((e) => e.statusCode, 'statusCode', 404)),
                                                         ^^^^^^^^^^
test/network/http_test.dart:166:58: Error: The getter 'statusCode' isn't defined for the type 'Object?'.
 - 'Object' is from 'dart:core'.
Try correcting the name to the name of an existing getter, or defining a getter or field named 'statusCode'.
          throwsA(isA<ServerException>().having((e) => e.statusCode, 'statusCode', 401)),
                                                         ^^^^^^^^^^
test/network/http_test.dart:170:58: Error: The getter 'statusCode' isn't defined for the type 'Object?'.
 - 'Object' is from 'dart:core'.
Try correcting the name to the name of an existing getter, or defining a getter or field named 'statusCode'.
          throwsA(isA<ServerException>().having((e) => e.statusCode, 'statusCode', 403)),
                                                         ^^^^^^^^^^
test/test_container.dart:39:34: Error: Undefined name 'httpClientFactoryProvider'.
      httpClientFactoryProvider: httpClientFactoryProvider.overrideWith((ref) {
                                 ^^^^^^^^^^^^^^^^^^^^^^^^^
test/test_container.dart:39:7: Error: Undefined name 'httpClientFactoryProvider'.
      httpClientFactoryProvider: httpClientFactoryProvider.overrideWith((ref) {
      ^^^^^^^^^^^^^^^^^^^^^^^^^
test/test_container.dart:49:3: Error: 'AuthUser' isn't a type.
  AuthUser? authUser,
  ^^^^^^^^
test/test_container.dart:53:46: Error: Undefined name 'kSRIStorageKey'.
  FlutterSecureStorage.setMockInitialValues({kSRIStorageKey: 'test'});
                                             ^^^^^^^^^^^^^^
test/test_container.dart:56:26: Error: Undefined name 'nnueServiceProvider'.
    nnueServiceProvider: nnueServiceProvider.overrideWithValue(FakeNnueService()),
                         ^^^^^^^^^^^^^^^^^^^
test/test_container.dart:56:5: Error: Undefined name 'nnueServiceProvider'.
    nnueServiceProvider: nnueServiceProvider.overrideWithValue(FakeNnueService()),
    ^^^^^^^^^^^^^^^^^^^
test/test_container.dart:57:33: Error: Undefined name 'connectivityPluginProvider'.
    connectivityPluginProvider: connectivityPluginProvider.overrideWith((_) {
                                ^^^^^^^^^^^^^^^^^^^^^^^^^^
test/test_container.dart:57:5: Error: Undefined name 'connectivityPluginProvider'.
    connectivityPluginProvider: connectivityPluginProvider.overrideWith((_) {
    ^^^^^^^^^^^^^^^^^^^^^^^^^^
test/test_container.dart:60:34: Error: Undefined name 'notificationDisplayProvider'.
    notificationDisplayProvider: notificationDisplayProvider.overrideWith((ref) {
                                 ^^^^^^^^^^^^^^^^^^^^^^^^^^^
test/test_container.dart:60:5: Error: Undefined name 'notificationDisplayProvider'.
    notificationDisplayProvider: notificationDisplayProvider.overrideWith((ref) {
    ^^^^^^^^^^^^^^^^^^^^^^^^^^^
test/test_container.dart:64:24: Error: Method not found: 'openAppDatabase'.
      final db = await openAppDatabase(databaseFactoryFfi, inMemoryDatabasePath);
                       ^^^^^^^^^^^^^^^
test/test_container.dart:63:23: Error: Undefined name 'databaseProvider'.
    databaseProvider: databaseProvider.overrideWith((ref) async {
                      ^^^^^^^^^^^^^^^^
test/test_container.dart:63:5: Error: Undefined name 'databaseProvider'.
    databaseProvider: databaseProvider.overrideWith((ref) async {
    ^^^^^^^^^^^^^^^^
test/test_container.dart:68:38: Error: Undefined name 'webSocketChannelFactoryProvider'.
    webSocketChannelFactoryProvider: webSocketChannelFactoryProvider.overrideWith((ref) {
                                     ^^^^^^^^^^^^^^^^^^^^^^^^^^^^^^^
test/test_container.dart:68:5: Error: Undefined name 'webSocketChannelFactoryProvider'.
    webSocketChannelFactoryProvider: webSocketChannelFactoryProvider.overrideWith((ref) {
    ^^^^^^^^^^^^^^^^^^^^^^^^^^^^^^^
test/test_container.dart:72:20: Error: Method not found: 'SocketPool'.
      final pool = SocketPool(ref);
                   ^^^^^^^^^^
test/test_container.dart:71:25: Error: Undefined name 'socketPoolProvider'.
    socketPoolProvider: socketPoolProvider.overrideWith((ref) {
                        ^^^^^^^^^^^^^^^^^^
test/test_container.dart:71:5: Error: Undefined name 'socketPoolProvider'.
    socketPoolProvider: socketPoolProvider.overrideWith((ref) {
    ^^^^^^^^^^^^^^^^^^
test/test_container.dart:76:32: Error: Undefined name 'httpClientFactoryProvider'.
    httpClientFactoryProvider: httpClientFactoryProvider.overrideWith((ref) {
                               ^^^^^^^^^^^^^^^^^^^^^^^^^
test/test_container.dart:76:5: Error: Undefined name 'httpClientFactoryProvider'.
    httpClientFactoryProvider: httpClientFactoryProvider.overrideWith((ref) {
    ^^^^^^^^^^^^^^^^^^^^^^^^^
test/test_container.dart:79:27: Error: Undefined name 'soundServiceProvider'.
    soundServiceProvider: soundServiceProvider.overrideWithValue(FakeSoundService()),
                          ^^^^^^^^^^^^^^^^^^^^
test/test_container.dart:79:5: Error: Undefined name 'soundServiceProvider'.
    soundServiceProvider: soundServiceProvider.overrideWithValue(FakeSoundService()),
    ^^^^^^^^^^^^^^^^^^^^
test/test_container.dart:80:28: Error: Undefined name 'preloadedDataProvider'.
    preloadedDataProvider: preloadedDataProvider.overrideWith((ref) {
                           ^^^^^^^^^^^^^^^^^^^^^
test/test_container.dart:80:5: Error: Undefined name 'preloadedDataProvider'.
    preloadedDataProvider: preloadedDataProvider.overrideWith((ref) {
    ^^^^^^^^^^^^^^^^^^^^^
test/model/common/service/fake_sound_service.dart:7:21: Error: 'Sound' isn't a type.
  Future<void> play(Sound sound, {double? volume}) async {}
                    ^^^^^
test/model/common/service/fake_sound_service.dart:10:33: Error: 'Variant' isn't a type.
  Future<void> playCaptureSound(Variant variant, {double? volume}) async {}
                                ^^^^^^^
test/model/common/service/fake_sound_service.dart:13:28: Error: 'SoundTheme' isn't a type.
  Future<void> changeTheme(SoundTheme theme, {bool playSound = false}) async {}
                           ^^^^^^^^^^
test/binding.dart:37:46: Error: Undefined name 'ExoChessBinding'.
  static TestExoChessBinding get instance => ExoChessBinding.checkInstance(_instance);
                                             ^^^^^^^^^^^^^^^
test/binding.dart:42:11: Error: Superclass has no method named 'initInstance'.
    super.initInstance();
          ^^^^^^^^^^^^
00:00 +0 -1: loading /home/flcsezz/mobile/test/network/http_test.dart [E]
  Failed to load "/home/flcsezz/mobile/test/network/http_test.dart":
  Compilation failed for testPath=/home/flcsezz/mobile/test/network/http_test.dart: Error: Couldn't resolve the package 'exochess_mobile' in 'package:exochess_mobile/src/model/auth/auth_controller.dart'.
  Error: Couldn't resolve the package 'exochess_mobile' in 'package:exochess_mobile/src/model/auth/bearer.dart'.
  Error: Couldn't resolve the package 'exochess_mobile' in 'package:exochess_mobile/src/model/common/id.dart'.
  Error: Couldn't resolve the package 'exochess_mobile' in 'package:exochess_mobile/src/model/user/user.dart'.
  Error: Couldn't resolve the package 'exochess_mobile' in 'package:exochess_mobile/src/network/http.dart'.
  test/network/http_test.dart:8:8: Error: Not found: 'package:exochess_mobile/src/model/auth/auth_controller.dart'
  import 'package:exochess_mobile/src/model/auth/auth_controller.dart';
         ^
  test/network/http_test.dart:9:8: Error: Not found: 'package:exochess_mobile/src/model/auth/bearer.dart'
  import 'package:exochess_mobile/src/model/auth/bearer.dart';
         ^
  test/network/http_test.dart:10:8: Error: Not found: 'package:exochess_mobile/src/model/common/id.dart'
  import 'package:exochess_mobile/src/model/common/id.dart';
         ^
  test/network/http_test.dart:11:8: Error: Not found: 'package:exochess_mobile/src/model/user/user.dart'
  import 'package:exochess_mobile/src/model/user/user.dart';
         ^
  test/network/http_test.dart:12:8: Error: Not found: 'package:exochess_mobile/src/network/http.dart'
  import 'package:exochess_mobile/src/network/http.dart';
         ^
  Error: Couldn't resolve the package 'exochess_mobile' in 'package:exochess_mobile/src/constants.dart'.
  Error: Couldn't resolve the package 'exochess_mobile' in 'package:exochess_mobile/src/db/database.dart'.
  test/test_container.dart:10:8: Error: Not found: 'package:exochess_mobile/src/model/auth/auth_controller.dart'
  import 'package:exochess_mobile/src/model/auth/auth_controller.dart';
         ^
  Error: Couldn't resolve the package 'exochess_mobile' in 'package:exochess_mobile/src/model/common/preloaded_data.dart'.
  Error: Couldn't resolve the package 'exochess_mobile' in 'package:exochess_mobile/src/model/common/service/sound_service.dart'.
  Error: Couldn't resolve the package 'exochess_mobile' in 'package:exochess_mobile/src/model/engine/nnue_service.dart'.
  Error: Couldn't resolve the package 'exochess_mobile' in 'package:exochess_mobile/src/model/notifications/notification_service.dart'.
  Error: Couldn't resolve the package 'exochess_mobile' in 'package:exochess_mobile/src/network/connectivity.dart'.
  test/test_container.dart:16:8: Error: Not found: 'package:exochess_mobile/src/network/http.dart'
  import 'package:exochess_mobile/src/network/http.dart';
         ^
  Error: Couldn't resolve the package 'exochess_mobile' in 'package:exochess_mobile/src/network/socket.dart'.
  test/network/fake_http_client_factory.dart:2:8: Error: Not found: 'package:exochess_mobile/src/network/http.dart'
  import 'package:exochess_mobile/src/network/http.dart';
         ^
  test/test_container.dart:8:8: Error: Not found: 'package:exochess_mobile/src/constants.dart'
  import 'package:exochess_mobile/src/constants.dart';
         ^
  test/test_container.dart:9:8: Error: Not found: 'package:exochess_mobile/src/db/database.dart'
  import 'package:exochess_mobile/src/db/database.dart';
         ^
  test/test_container.dart:11:8: Error: Not found: 'package:exochess_mobile/src/model/common/preloaded_data.dart'
  import 'package:exochess_mobile/src/model/common/preloaded_data.dart';
         ^
  test/test_container.dart:12:8: Error: Not found: 'package:exochess_mobile/src/model/common/service/sound_service.dart'
  import 'package:exochess_mobile/src/model/common/service/sound_service.dart';
         ^
  test/test_container.dart:13:8: Error: Not found: 'package:exochess_mobile/src/model/engine/nnue_service.dart'
  import 'package:exochess_mobile/src/model/engine/nnue_service.dart';
         ^
  test/test_container.dart:14:8: Error: Not found: 'package:exochess_mobile/src/model/notifications/notification_service.dart'
  import 'package:exochess_mobile/src/model/notifications/notification_service.dart';
         ^
  test/test_container.dart:15:8: Error: Not found: 'package:exochess_mobile/src/network/connectivity.dart'
  import 'package:exochess_mobile/src/network/connectivity.dart';
         ^
  test/test_container.dart:17:8: Error: Not found: 'package:exochess_mobile/src/network/socket.dart'
  import 'package:exochess_mobile/src/network/socket.dart';
         ^
  Error: Couldn't resolve the package 'exochess_mobile' in 'package:exochess_mobile/src/model/common/chess.dart'.
  test/model/common/service/fake_sound_service.dart:2:8: Error: Not found: 'package:exochess_mobile/src/model/common/service/sound_service.dart'
  import 'package:exochess_mobile/src/model/common/service/sound_service.dart';
         ^
  Error: Couldn't resolve the package 'exochess_mobile' in 'package:exochess_mobile/src/model/settings/general_preferences.dart'.
  Error: Couldn't resolve the package 'exochess_mobile' in 'package:exochess_mobile/src/binding.dart'.
  test/model/engine/fake_nnue_service.dart:4:8: Error: Not found: 'package:exochess_mobile/src/model/engine/nnue_service.dart'
  import 'package:exochess_mobile/src/model/engine/nnue_service.dart';
         ^
  test/network/fake_websocket_channel.dart:6:8: Error: Not found: 'package:exochess_mobile/src/network/socket.dart'
  import 'package:exochess_mobile/src/network/socket.dart';
         ^
  test/model/common/service/fake_sound_service.dart:1:8: Error: Not found: 'package:exochess_mobile/src/model/common/chess.dart'
  import 'package:exochess_mobile/src/model/common/chess.dart';
         ^
  test/model/common/service/fake_sound_service.dart:3:8: Error: Not found: 'package:exochess_mobile/src/model/settings/general_preferences.dart'
  import 'package:exochess_mobile/src/model/settings/general_preferences.dart';
         ^
  test/binding.dart:4:8: Error: Not found: 'package:exochess_mobile/src/binding.dart'
  import 'package:exochess_mobile/src/binding.dart';
         ^
  test/test_container.dart:49:3: Error: Type 'AuthUser' not found.
    AuthUser? authUser,
    ^^^^^^^^
  test/network/fake_http_client_factory.dart:4:40: Error: Type 'HttpClientFactory' not found.
  class FakeHttpClientFactory implements HttpClientFactory {
                                         ^^^^^^^^^^^^^^^^^
  test/model/common/service/fake_sound_service.dart:5:35: Error: Type 'SoundService' not found.
  class FakeSoundService implements SoundService {
                                    ^^^^^^^^^^^^
  test/model/common/service/fake_sound_service.dart:7:21: Error: Type 'Sound' not found.
    Future<void> play(Sound sound, {double? volume}) async {}
                      ^^^^^
  test/model/common/service/fake_sound_service.dart:10:33: Error: Type 'Variant' not found.
    Future<void> playCaptureSound(Variant variant, {double? volume}) async {}
                                  ^^^^^^^
  test/model/common/service/fake_sound_service.dart:13:28: Error: Type 'SoundTheme' not found.
    Future<void> changeTheme(SoundTheme theme, {bool playSound = false}) async {}
                             ^^^^^^^^^^
  test/binding.dart:14:35: Error: Type 'ExoChessBinding' not found.
  class TestExoChessBinding extends ExoChessBinding {
                                    ^^^^^^^^^^^^^^^
  test/model/engine/fake_nnue_service.dart:13:34: Error: Type 'NnueService' not found.
  class FakeNnueService implements NnueService {
                                   ^^^^^^^^^^^
  test/model/engine/fake_nnue_service.dart:25:3: Error: Type 'NNUEFiles' not found.
    NNUEFiles get nnueFiles {
    ^^^^^^^^^
  test/model/engine/fake_nnue_service.dart:56:45: Error: Type 'NnueService' not found.
  class FakeNnueServiceUnavailable implements NnueService {
                                              ^^^^^^^^^^^
  test/model/engine/fake_nnue_service.dart:68:3: Error: Type 'NNUEFiles' not found.
    NNUEFiles get nnueFiles {
    ^^^^^^^^^
  test/network/fake_websocket_channel.dart:24:56: Error: Type 'WebSocketChannelFactory' not found.
  class ListenableFakeWebSocketChannelFactory implements WebSocketChannelFactory {
                                                         ^^^^^^^^^^^^^^^^^^^^^^^
  test/network/fake_websocket_channel.dart:65:46: Error: Type 'WebSocketChannelFactory' not found.
  class FakeWebSocketChannelFactory implements WebSocketChannelFactory {
                                               ^^^^^^^^^^^^^^^^^^^^^^^
  test/network/http_test.dart:26:38: Error: Undefined name 'httpClientFactoryProvider'.
            httpClientFactoryProvider: httpClientFactoryProvider.overrideWith((ref) {
                                       ^^^^^^^^^^^^^^^^^^^^^^^^^
  test/network/http_test.dart:26:11: Error: Undefined name 'httpClientFactoryProvider'.
            httpClientFactoryProvider: httpClientFactoryProvider.overrideWith((ref) {
            ^^^^^^^^^^^^^^^^^^^^^^^^^
  test/network/http_test.dart:31:37: Error: Undefined name 'lichessClientProvider'.
        final client = container.read(lichessClientProvider);
                                      ^^^^^^^^^^^^^^^^^^^^^
  test/network/http_test.dart:47:38: Error: Undefined name 'httpClientFactoryProvider'.
            httpClientFactoryProvider: httpClientFactoryProvider.overrideWith((ref) {
                                       ^^^^^^^^^^^^^^^^^^^^^^^^^
  test/network/http_test.dart:47:11: Error: Undefined name 'httpClientFactoryProvider'.
            httpClientFactoryProvider: httpClientFactoryProvider.overrideWith((ref) {
            ^^^^^^^^^^^^^^^^^^^^^^^^^
  test/network/http_test.dart:52:37: Error: Undefined name 'lichessClientProvider'.
        final client = container.read(lichessClientProvider);
                                      ^^^^^^^^^^^^^^^^^^^^^
  test/network/http_test.dart:68:38: Error: Undefined name 'httpClientFactoryProvider'.
            httpClientFactoryProvider: httpClientFactoryProvider.overrideWith((ref) {
                                       ^^^^^^^^^^^^^^^^^^^^^^^^^
  test/network/http_test.dart:68:11: Error: Undefined name 'httpClientFactoryProvider'.
            httpClientFactoryProvider: httpClientFactoryProvider.overrideWith((ref) {
            ^^^^^^^^^^^^^^^^^^^^^^^^^
  test/network/http_test.dart:73:37: Error: Undefined name 'lichessClientProvider'.
        final client = container.read(lichessClientProvider);
                                      ^^^^^^^^^^^^^^^^^^^^^
  test/network/http_test.dart:88:38: Error: Undefined name 'httpClientFactoryProvider'.
            httpClientFactoryProvider: httpClientFactoryProvider.overrideWith((ref) {
                                       ^^^^^^^^^^^^^^^^^^^^^^^^^
  test/network/http_test.dart:88:11: Error: Undefined name 'httpClientFactoryProvider'.
            httpClientFactoryProvider: httpClientFactoryProvider.overrideWith((ref) {
            ^^^^^^^^^^^^^^^^^^^^^^^^^
  test/network/http_test.dart:93:37: Error: Undefined name 'lichessClientProvider'.
        final client = container.read(lichessClientProvider);
                                      ^^^^^^^^^^^^^^^^^^^^^
  test/network/http_test.dart:109:38: Error: Undefined name 'httpClientFactoryProvider'.
            httpClientFactoryProvider: httpClientFactoryProvider.overrideWith((ref) {
                                       ^^^^^^^^^^^^^^^^^^^^^^^^^
  test/network/http_test.dart:109:11: Error: Undefined name 'httpClientFactoryProvider'.
            httpClientFactoryProvider: httpClientFactoryProvider.overrideWith((ref) {
            ^^^^^^^^^^^^^^^^^^^^^^^^^
  test/network/http_test.dart:115:31: Error: Method not found: 'UserId'.
            user: LightUser(id: UserId('test-user-id'), name: 'test-username'),
                                ^^^^^^
  test/network/http_test.dart:115:17: Error: Method not found: 'LightUser'.
            user: LightUser(id: UserId('test-user-id'), name: 'test-username'),
                  ^^^^^^^^^
  test/network/http_test.dart:113:25: Error: Couldn't find constructor 'AuthUser'.
          authUser: const AuthUser(
                          ^^^^^^^^
  test/network/http_test.dart:118:37: Error: Undefined name 'lichessClientProvider'.
        final client = container.read(lichessClientProvider);
                                      ^^^^^^^^^^^^^^^^^^^^^
  test/network/http_test.dart:134:38: Error: Undefined name 'httpClientFactoryProvider'.
            httpClientFactoryProvider: httpClientFactoryProvider.overrideWith((ref) {
                                       ^^^^^^^^^^^^^^^^^^^^^^^^^
  test/network/http_test.dart:134:11: Error: Undefined name 'httpClientFactoryProvider'.
            httpClientFactoryProvider: httpClientFactoryProvider.overrideWith((ref) {
            ^^^^^^^^^^^^^^^^^^^^^^^^^
  test/network/http_test.dart:139:37: Error: Undefined name 'lichessClientProvider'.
        final client = container.read(lichessClientProvider);
                                      ^^^^^^^^^^^^^^^^^^^^^
  test/network/http_test.dart:150:23: Error: 'ServerException' isn't a type.
            throwsA(isA<ServerException>().having((e) => e.statusCode, 'statusCode', 500)),
                        ^^^^^^^^^^^^^^^
  test/network/http_test.dart:154:23: Error: 'ServerException' isn't a type.
            throwsA(isA<ServerException>().having((e) => e.statusCode, 'statusCode', 503)),
                        ^^^^^^^^^^^^^^^
  test/network/http_test.dart:158:23: Error: 'ServerException' isn't a type.
            throwsA(isA<ServerException>().having((e) => e.statusCode, 'statusCode', 400)),
                        ^^^^^^^^^^^^^^^
  test/network/http_test.dart:162:23: Error: 'ServerException' isn't a type.
            throwsA(isA<ServerException>().having((e) => e.statusCode, 'statusCode', 404)),
                        ^^^^^^^^^^^^^^^
  test/network/http_test.dart:166:23: Error: 'ServerException' isn't a type.
            throwsA(isA<ServerException>().having((e) => e.statusCode, 'statusCode', 401)),
                        ^^^^^^^^^^^^^^^
  test/network/http_test.dart:170:23: Error: 'ServerException' isn't a type.
            throwsA(isA<ServerException>().having((e) => e.statusCode, 'statusCode', 403)),
                        ^^^^^^^^^^^^^^^
  test/network/http_test.dart:178:38: Error: Undefined name 'httpClientFactoryProvider'.
            httpClientFactoryProvider: httpClientFactoryProvider.overrideWith((ref) {
                                       ^^^^^^^^^^^^^^^^^^^^^^^^^
  test/network/http_test.dart:178:11: Error: Undefined name 'httpClientFactoryProvider'.
            httpClientFactoryProvider: httpClientFactoryProvider.overrideWith((ref) {
            ^^^^^^^^^^^^^^^^^^^^^^^^^
  test/network/http_test.dart:183:37: Error: Undefined name 'lichessClientProvider'.
        final client = container.read(lichessClientProvider);
                                      ^^^^^^^^^^^^^^^^^^^^^
  test/network/http_test.dart:197:38: Error: Undefined name 'httpClientFactoryProvider'.
            httpClientFactoryProvider: httpClientFactoryProvider.overrideWith((ref) {
                                       ^^^^^^^^^^^^^^^^^^^^^^^^^
  test/network/http_test.dart:197:11: Error: Undefined name 'httpClientFactoryProvider'.
            httpClientFactoryProvider: httpClientFactoryProvider.overrideWith((ref) {
            ^^^^^^^^^^^^^^^^^^^^^^^^^
  test/network/http_test.dart:202:37: Error: Undefined name 'lichessClientProvider'.
        final client = container.read(lichessClientProvider);
                                      ^^^^^^^^^^^^^^^^^^^^^
  test/network/http_test.dart:216:38: Error: Undefined name 'httpClientFactoryProvider'.
            httpClientFactoryProvider: httpClientFactoryProvider.overrideWith((ref) {
                                       ^^^^^^^^^^^^^^^^^^^^^^^^^
  test/network/http_test.dart:216:11: Error: Undefined name 'httpClientFactoryProvider'.
            httpClientFactoryProvider: httpClientFactoryProvider.overrideWith((ref) {
            ^^^^^^^^^^^^^^^^^^^^^^^^^
  test/network/http_test.dart:221:37: Error: Undefined name 'lichessClientProvider'.
        final client = container.read(lichessClientProvider);
                                      ^^^^^^^^^^^^^^^^^^^^^
  test/network/http_test.dart:242:38: Error: Undefined name 'httpClientFactoryProvider'.
            httpClientFactoryProvider: httpClientFactoryProvider.overrideWith((ref) {
                                       ^^^^^^^^^^^^^^^^^^^^^^^^^
  test/network/http_test.dart:242:11: Error: Undefined name 'httpClientFactoryProvider'.
            httpClientFactoryProvider: httpClientFactoryProvider.overrideWith((ref) {
            ^^^^^^^^^^^^^^^^^^^^^^^^^
  test/network/http_test.dart:248:31: Error: Method not found: 'UserId'.
            user: LightUser(id: UserId('test-user-id'), name: 'test-username'),
                                ^^^^^^
  test/network/http_test.dart:248:17: Error: Method not found: 'LightUser'.
            user: LightUser(id: UserId('test-user-id'), name: 'test-username'),
                  ^^^^^^^^^
  test/network/http_test.dart:246:25: Error: Couldn't find constructor 'AuthUser'.
          authUser: const AuthUser(
                          ^^^^^^^^
  test/network/http_test.dart:252:39: Error: Undefined name 'authControllerProvider'.
        final authUser = container.read(authControllerProvider);
                                        ^^^^^^^^^^^^^^^^^^^^^^
  test/network/http_test.dart:255:37: Error: Undefined name 'lichessClientProvider'.
        final client = container.read(lichessClientProvider);
                                      ^^^^^^^^^^^^^^^^^^^^^
  test/network/http_test.dart:265:21: Error: Method not found: 'signBearerToken'.
            'Bearer ${signBearerToken('test-token')}',
                      ^^^^^^^^^^^^^^^
  test/network/http_test.dart:276:40: Error: Undefined name 'httpClientFactoryProvider'.
              httpClientFactoryProvider: httpClientFactoryProvider.overrideWith((ref) {
                                         ^^^^^^^^^^^^^^^^^^^^^^^^^
  test/network/http_test.dart:276:13: Error: Undefined name 'httpClientFactoryProvider'.
              httpClientFactoryProvider: httpClientFactoryProvider.overrideWith((ref) {
              ^^^^^^^^^^^^^^^^^^^^^^^^^
  test/network/http_test.dart:280:22: Error: Method not found: 'DefaultClient'.
                return DefaultClient(
                       ^^^^^^^^^^^^^
  test/network/http_test.dart:279:36: Error: Undefined name 'defaultClientProvider'.
              defaultClientProvider: defaultClientProvider.overrideWith((ref) {
                                     ^^^^^^^^^^^^^^^^^^^^^
  test/network/http_test.dart:279:13: Error: Undefined name 'defaultClientProvider'.
              defaultClientProvider: defaultClientProvider.overrideWith((ref) {
              ^^^^^^^^^^^^^^^^^^^^^
  test/network/http_test.dart:296:33: Error: Method not found: 'UserId'.
              user: LightUser(id: UserId('test-user-id'), name: 'test-username'),
                                  ^^^^^^
  test/network/http_test.dart:296:19: Error: Method not found: 'LightUser'.
              user: LightUser(id: UserId('test-user-id'), name: 'test-username'),
                    ^^^^^^^^^
  test/network/http_test.dart:294:27: Error: Couldn't find constructor 'AuthUser'.
            authUser: const AuthUser(
                            ^^^^^^^^
  test/network/http_test.dart:301:43: Error: Undefined name 'authControllerProvider'.
            final authUser = container.read(authControllerProvider);
                                            ^^^^^^^^^^^^^^^^^^^^^^
  test/network/http_test.dart:304:41: Error: Undefined name 'lichessClientProvider'.
            final client = container.read(lichessClientProvider);
                                          ^^^^^^^^^^^^^^^^^^^^^
  test/network/http_test.dart:307:16: Error: 'ServerException' isn't a type.
            } on ServerException catch (_) {}
                 ^^^^^^^^^^^^^^^
  test/network/http_test.dart:318:25: Error: Method not found: 'signBearerToken'.
                'Bearer ${signBearerToken('test-token')}',
                          ^^^^^^^^^^^^^^^
  test/network/http_test.dart:324:33: Error: Undefined name 'authControllerProvider'.
            expect(container.read(authControllerProvider), isNull);
                                  ^^^^^^^^^^^^^^^^^^^^^^
  test/network/http_test.dart:333:38: Error: Undefined name 'httpClientFactoryProvider'.
            httpClientFactoryProvider: httpClientFactoryProvider.overrideWith((ref) {
                                       ^^^^^^^^^^^^^^^^^^^^^^^^^
  test/network/http_test.dart:333:11: Error: Undefined name 'httpClientFactoryProvider'.
            httpClientFactoryProvider: httpClientFactoryProvider.overrideWith((ref) {
            ^^^^^^^^^^^^^^^^^^^^^^^^^
  test/network/http_test.dart:337:20: Error: Method not found: 'DefaultClient'.
              return DefaultClient(
                     ^^^^^^^^^^^^^
  test/network/http_test.dart:336:34: Error: Undefined name 'defaultClientProvider'.
            defaultClientProvider: defaultClientProvider.overrideWith((ref) {
                                   ^^^^^^^^^^^^^^^^^^^^^
  test/network/http_test.dart:336:11: Error: Undefined name 'defaultClientProvider'.
            defaultClientProvider: defaultClientProvider.overrideWith((ref) {
            ^^^^^^^^^^^^^^^^^^^^^
  test/network/http_test.dart:354:31: Error: Method not found: 'UserId'.
            user: LightUser(id: UserId('test-user-id'), name: 'test-username'),
                                ^^^^^^
  test/network/http_test.dart:354:17: Error: Method not found: 'LightUser'.
            user: LightUser(id: UserId('test-user-id'), name: 'test-username'),
                  ^^^^^^^^^
  test/network/http_test.dart:352:25: Error: Couldn't find constructor 'AuthUser'.
          authUser: const AuthUser(
                          ^^^^^^^^
  test/network/http_test.dart:359:41: Error: Undefined name 'authControllerProvider'.
          final authUser = container.read(authControllerProvider);
                                          ^^^^^^^^^^^^^^^^^^^^^^
  test/network/http_test.dart:362:39: Error: Undefined name 'lichessClientProvider'.
          final client = container.read(lichessClientProvider);
                                        ^^^^^^^^^^^^^^^^^^^^^
  test/network/http_test.dart:365:14: Error: 'ServerException' isn't a type.
          } on ServerException catch (_) {}
               ^^^^^^^^^^^^^^^
  test/network/http_test.dart:376:23: Error: Method not found: 'signBearerToken'.
              'Bearer ${signBearerToken('test-token')}',
                        ^^^^^^^^^^^^^^^
  test/network/http_test.dart:382:31: Error: Undefined name 'authControllerProvider'.
          expect(container.read(authControllerProvider), equals(authUser));
                                ^^^^^^^^^^^^^^^^^^^^^^
  test/network/http_test.dart:150:58: Error: The getter 'statusCode' isn't defined for the type 'Object?'.
   - 'Object' is from 'dart:core'.
  Try correcting the name to the name of an existing getter, or defining a getter or field named 'statusCode'.
            throwsA(isA<ServerException>().having((e) => e.statusCode, 'statusCode', 500)),
                                                           ^^^^^^^^^^
  test/network/http_test.dart:154:58: Error: The getter 'statusCode' isn't defined for the type 'Object?'.
   - 'Object' is from 'dart:core'.
  Try correcting the name to the name of an existing getter, or defining a getter or field named 'statusCode'.
            throwsA(isA<ServerException>().having((e) => e.statusCode, 'statusCode', 503)),
                                                           ^^^^^^^^^^
  test/network/http_test.dart:158:58: Error: The getter 'statusCode' isn't defined for the type 'Object?'.
   - 'Object' is from 'dart:core'.
  Try correcting the name to the name of an existing getter, or defining a getter or field named 'statusCode'.
            throwsA(isA<ServerException>().having((e) => e.statusCode, 'statusCode', 400)),
                                                           ^^^^^^^^^^
  test/network/http_test.dart:162:58: Error: The getter 'statusCode' isn't defined for the type 'Object?'.
   - 'Object' is from 'dart:core'.
  Try correcting the name to the name of an existing getter, or defining a getter or field named 'statusCode'.
            throwsA(isA<ServerException>().having((e) => e.statusCode, 'statusCode', 404)),
                                                           ^^^^^^^^^^
  test/network/http_test.dart:166:58: Error: The getter 'statusCode' isn't defined for the type 'Object?'.
   - 'Object' is from 'dart:core'.
  Try correcting the name to the name of an existing getter, or defining a getter or field named 'statusCode'.
            throwsA(isA<ServerException>().having((e) => e.statusCode, 'statusCode', 401)),
                                                           ^^^^^^^^^^
  test/network/http_test.dart:170:58: Error: The getter 'statusCode' isn't defined for the type 'Object?'.
   - 'Object' is from 'dart:core'.
  Try correcting the name to the name of an existing getter, or defining a getter or field named 'statusCode'.
            throwsA(isA<ServerException>().having((e) => e.statusCode, 'statusCode', 403)),
                                                           ^^^^^^^^^^
  test/test_container.dart:39:34: Error: Undefined name 'httpClientFactoryProvider'.
        httpClientFactoryProvider: httpClientFactoryProvider.overrideWith((ref) {
                                   ^^^^^^^^^^^^^^^^^^^^^^^^^
  test/test_container.dart:39:7: Error: Undefined name 'httpClientFactoryProvider'.
        httpClientFactoryProvider: httpClientFactoryProvider.overrideWith((ref) {
        ^^^^^^^^^^^^^^^^^^^^^^^^^
  test/test_container.dart:49:3: Error: 'AuthUser' isn't a type.
    AuthUser? authUser,
    ^^^^^^^^
  test/test_container.dart:53:46: Error: Undefined name 'kSRIStorageKey'.
    FlutterSecureStorage.setMockInitialValues({kSRIStorageKey: 'test'});
                                               ^^^^^^^^^^^^^^
  test/test_container.dart:56:26: Error: Undefined name 'nnueServiceProvider'.
      nnueServiceProvider: nnueServiceProvider.overrideWithValue(FakeNnueService()),
                           ^^^^^^^^^^^^^^^^^^^
  test/test_container.dart:56:5: Error: Undefined name 'nnueServiceProvider'.
      nnueServiceProvider: nnueServiceProvider.overrideWithValue(FakeNnueService()),
      ^^^^^^^^^^^^^^^^^^^
  test/test_container.dart:57:33: Error: Undefined name 'connectivityPluginProvider'.
      connectivityPluginProvider: connectivityPluginProvider.overrideWith((_) {
                                  ^^^^^^^^^^^^^^^^^^^^^^^^^^
  test/test_container.dart:57:5: Error: Undefined name 'connectivityPluginProvider'.
      connectivityPluginProvider: connectivityPluginProvider.overrideWith((_) {
      ^^^^^^^^^^^^^^^^^^^^^^^^^^
  test/test_container.dart:60:34: Error: Undefined name 'notificationDisplayProvider'.
      notificationDisplayProvider: notificationDisplayProvider.overrideWith((ref) {
                                   ^^^^^^^^^^^^^^^^^^^^^^^^^^^
  test/test_container.dart:60:5: Error: Undefined name 'notificationDisplayProvider'.
      notificationDisplayProvider: notificationDisplayProvider.overrideWith((ref) {
      ^^^^^^^^^^^^^^^^^^^^^^^^^^^
  test/test_container.dart:64:24: Error: Method not found: 'openAppDatabase'.
        final db = await openAppDatabase(databaseFactoryFfi, inMemoryDatabasePath);
                         ^^^^^^^^^^^^^^^
  test/test_container.dart:63:23: Error: Undefined name 'databaseProvider'.
      databaseProvider: databaseProvider.overrideWith((ref) async {
                        ^^^^^^^^^^^^^^^^
  test/test_container.dart:63:5: Error: Undefined name 'databaseProvider'.
      databaseProvider: databaseProvider.overrideWith((ref) async {
      ^^^^^^^^^^^^^^^^
  test/test_container.dart:68:38: Error: Undefined name 'webSocketChannelFactoryProvider'.
      webSocketChannelFactoryProvider: webSocketChannelFactoryProvider.overrideWith((ref) {
                                       ^^^^^^^^^^^^^^^^^^^^^^^^^^^^^^^
  test/test_container.dart:68:5: Error: Undefined name 'webSocketChannelFactoryProvider'.
      webSocketChannelFactoryProvider: webSocketChannelFactoryProvider.overrideWith((ref) {
      ^^^^^^^^^^^^^^^^^^^^^^^^^^^^^^^
  test/test_container.dart:72:20: Error: Method not found: 'SocketPool'.
        final pool = SocketPool(ref);
                     ^^^^^^^^^^
  test/test_container.dart:71:25: Error: Undefined name 'socketPoolProvider'.
      socketPoolProvider: socketPoolProvider.overrideWith((ref) {
                          ^^^^^^^^^^^^^^^^^^
  test/test_container.dart:71:5: Error: Undefined name 'socketPoolProvider'.
      socketPoolProvider: socketPoolProvider.overrideWith((ref) {
      ^^^^^^^^^^^^^^^^^^
  test/test_container.dart:76:32: Error: Undefined name 'httpClientFactoryProvider'.
      httpClientFactoryProvider: httpClientFactoryProvider.overrideWith((ref) {
                                 ^^^^^^^^^^^^^^^^^^^^^^^^^
  test/test_container.dart:76:5: Error: Undefined name 'httpClientFactoryProvider'.
      httpClientFactoryProvider: httpClientFactoryProvider.overrideWith((ref) {
      ^^^^^^^^^^^^^^^^^^^^^^^^^
  test/test_container.dart:79:27: Error: Undefined name 'soundServiceProvider'.
      soundServiceProvider: soundServiceProvider.overrideWithValue(FakeSoundService()),
                            ^^^^^^^^^^^^^^^^^^^^
  test/test_container.dart:79:5: Error: Undefined name 'soundServiceProvider'.
      soundServiceProvider: soundServiceProvider.overrideWithValue(FakeSoundService()),
      ^^^^^^^^^^^^^^^^^^^^
  test/test_container.dart:80:28: Error: Undefined name 'preloadedDataProvider'.
      preloadedDataProvider: preloadedDataProvider.overrideWith((ref) {
                             ^^^^^^^^^^^^^^^^^^^^^
  test/test_container.dart:80:5: Error: Undefined name 'preloadedDataProvider'.
      preloadedDataProvider: preloadedDataProvider.overrideWith((ref) {
      ^^^^^^^^^^^^^^^^^^^^^
  test/model/common/service/fake_sound_service.dart:7:21: Error: 'Sound' isn't a type.
    Future<void> play(Sound sound, {double? volume}) async {}
                      ^^^^^
  test/model/common/service/fake_sound_service.dart:10:33: Error: 'Variant' isn't a type.
    Future<void> playCaptureSound(Variant variant, {double? volume}) async {}
                                  ^^^^^^^
  test/model/common/service/fake_sound_service.dart:13:28: Error: 'SoundTheme' isn't a type.
    Future<void> changeTheme(SoundTheme theme, {bool playSound = false}) async {}
                             ^^^^^^^^^^
  test/binding.dart:37:46: Error: Undefined name 'ExoChessBinding'.
    static TestExoChessBinding get instance => ExoChessBinding.checkInstance(_instance);
                                               ^^^^^^^^^^^^^^^
  test/binding.dart:42:11: Error: Superclass has no method named 'initInstance'.
      super.initInstance();
            ^^^^^^^^^^^^
  .
  Error: The Dart compiler exited unexpectedly.
  package:flutter_tools/src/base/common.dart 34:3  throwToolExit
  package:flutter_tools/src/compile.dart 939:11    DefaultResidentCompiler._compile.<fn>
  dart:async/zone_root.dart 48:47                  _rootRunUnary
  dart:async/zone.dart 733:19                      _CustomZone.runUnary
  dart:async/future_impl.dart 948:45               Future._propagateToListeners.handleValueCallback
  dart:async/future_impl.dart 977:13               Future._propagateToListeners
  dart:async/future_impl.dart 862:9                Future._propagateToListeners
  dart:async/future_impl.dart 720:5                Future._completeWithValue
  dart:async/future_impl.dart 804:7                Future._asyncCompleteWithValue.<fn>
  dart:async/zone_root.dart 35:13                  _rootRun
  dart:async/zone.dart 726:19                      _CustomZone.run
  dart:async/zone.dart 625:7                       _CustomZone.runGuarded
  dart:async/zone.dart 666:23                      _CustomZone.bindCallbackGuarded.<fn>
  dart:async/schedule_microtask.dart 40:35         _microtaskLoop
  dart:async/schedule_microtask.dart 49:5          _startMicrotaskLoop
  dart:isolate-patch/isolate_patch.dart 127:13     _runPendingImmediateCallback
  dart:isolate-patch/isolate_patch.dart 194:5      _RawReceivePort._handleMessage
  
Error: Couldn't resolve the package 'exochess_mobile' in 'package:exochess_mobile/src/model/common/socket.dart'.
Error: Couldn't resolve the package 'exochess_mobile' in 'package:exochess_mobile/src/network/socket.dart'.
test/network/socket_test.dart:7:8: Error: Not found: 'package:exochess_mobile/src/model/common/socket.dart'
import 'package:exochess_mobile/src/model/common/socket.dart';
       ^
test/network/socket_test.dart:8:8: Error: Not found: 'package:exochess_mobile/src/network/socket.dart'
import 'package:exochess_mobile/src/network/socket.dart';
       ^
Error: Couldn't resolve the package 'exochess_mobile' in 'package:exochess_mobile/src/binding.dart'.
test/network/fake_websocket_channel.dart:6:8: Error: Not found: 'package:exochess_mobile/src/network/socket.dart'
import 'package:exochess_mobile/src/network/socket.dart';
       ^
test/binding.dart:4:8: Error: Not found: 'package:exochess_mobile/src/binding.dart'
import 'package:exochess_mobile/src/binding.dart';
       ^
test/network/socket_test.dart:16:1: Error: Type 'SocketClient' not found.
SocketClient makeTestSocketClient({
^^^^^^^^^^^^
test/network/socket_test.dart:422:3: Error: Type 'SocketClient' not found.
  SocketClient socketClient,
  ^^^^^^^^^^^^
test/network/socket_test.dart:425:12: Error: Type 'SocketEvent' not found.
  Iterable<SocketEvent> eventsToMatch,
           ^^^^^^^^^^^
test/binding.dart:14:35: Error: Type 'ExoChessBinding' not found.
class TestExoChessBinding extends ExoChessBinding {
                                  ^^^^^^^^^^^^^^^
test/network/fake_websocket_channel.dart:24:56: Error: Type 'WebSocketChannelFactory' not found.
class ListenableFakeWebSocketChannelFactory implements WebSocketChannelFactory {
                                                       ^^^^^^^^^^^^^^^^^^^^^^^
test/network/fake_websocket_channel.dart:65:46: Error: Type 'WebSocketChannelFactory' not found.
class FakeWebSocketChannelFactory implements WebSocketChannelFactory {
                                             ^^^^^^^^^^^^^^^^^^^^^^^
test/network/socket_test.dart:14:36: Error: Undefined name 'kDefaultSocketRoute'.
final defaultSocketUri = Uri(path: kDefaultSocketRoute);
                                   ^^^^^^^^^^^^^^^^^^^
test/network/socket_test.dart:21:18: Error: Method not found: 'SocketClient'.
  final client = SocketClient(
                 ^^^^^^^^^^^^
test/network/socket_test.dart:245:9: Error: Method not found: 'SocketEvent'.
        SocketEvent(topic: 'test1', data: 'data', json: {'t': 'test1', 'd': 'data'}),
        ^^^^^^^^^^^
test/network/socket_test.dart:246:9: Error: Method not found: 'SocketEvent'.
        SocketEvent(topic: 'test2', data: 'data', json: {'t': 'test2', 'd': 'data'}),
        ^^^^^^^^^^^
test/network/socket_test.dart:247:9: Error: Method not found: 'SocketEvent'.
        SocketEvent(topic: 'test3', data: 'data', json: {'t': 'test3', 'd': 'data'}),
        ^^^^^^^^^^^
test/network/socket_test.dart:270:23: Error: Method not found: 'SocketEvent'.
    const pongEvent = SocketEvent(topic: 'n', data: {'nbPlayers': 10, 'nbGames': 3});
                      ^^^^^^^^^^^
test/network/socket_test.dart:283:25: Error: Method not found: 'SocketEvent'.
    const randomEvent = SocketEvent(topic: 'test', data: 'data', json: {'t': 'test', 'd': 'data'});
                        ^^^^^^^^^^^
test/network/socket_test.dart:310:17: Error: Couldn't find constructor 'SocketEvent'.
          const SocketEvent(
                ^^^^^^^^^^^
test/network/socket_test.dart:316:17: Error: Couldn't find constructor 'SocketEvent'.
          const SocketEvent(
                ^^^^^^^^^^^
test/network/socket_test.dart:322:17: Error: Couldn't find constructor 'SocketEvent'.
          const SocketEvent(
                ^^^^^^^^^^^
test/network/socket_test.dart:328:17: Error: Couldn't find constructor 'SocketEvent'.
          const SocketEvent(
                ^^^^^^^^^^^
test/network/socket_test.dart:381:17: Error: Couldn't find constructor 'SocketEvent'.
          const SocketEvent(
                ^^^^^^^^^^^
test/network/socket_test.dart:387:17: Error: Couldn't find constructor 'SocketEvent'.
          const SocketEvent(
                ^^^^^^^^^^^
test/network/socket_test.dart:422:3: Error: 'SocketClient' isn't a type.
  SocketClient socketClient,
  ^^^^^^^^^^^^
test/network/socket_test.dart:425:12: Error: 'SocketEvent' isn't a type.
  Iterable<SocketEvent> eventsToMatch,
           ^^^^^^^^^^^
test/binding.dart:37:46: Error: Undefined name 'ExoChessBinding'.
  static TestExoChessBinding get instance => ExoChessBinding.checkInstance(_instance);
                                             ^^^^^^^^^^^^^^^
test/binding.dart:42:11: Error: Superclass has no method named 'initInstance'.
    super.initInstance();
          ^^^^^^^^^^^^
00:00 +0 -2: loading /home/flcsezz/mobile/test/network/socket_test.dart [E]
  Failed to load "/home/flcsezz/mobile/test/network/socket_test.dart":
  Compilation failed for testPath=/home/flcsezz/mobile/test/network/socket_test.dart: Error: Couldn't resolve the package 'exochess_mobile' in 'package:exochess_mobile/src/model/common/socket.dart'.
  Error: Couldn't resolve the package 'exochess_mobile' in 'package:exochess_mobile/src/network/socket.dart'.
  test/network/socket_test.dart:7:8: Error: Not found: 'package:exochess_mobile/src/model/common/socket.dart'
  import 'package:exochess_mobile/src/model/common/socket.dart';
         ^
  test/network/socket_test.dart:8:8: Error: Not found: 'package:exochess_mobile/src/network/socket.dart'
  import 'package:exochess_mobile/src/network/socket.dart';
         ^
  Error: Couldn't resolve the package 'exochess_mobile' in 'package:exochess_mobile/src/binding.dart'.
  test/network/fake_websocket_channel.dart:6:8: Error: Not found: 'package:exochess_mobile/src/network/socket.dart'
  import 'package:exochess_mobile/src/network/socket.dart';
         ^
  test/binding.dart:4:8: Error: Not found: 'package:exochess_mobile/src/binding.dart'
  import 'package:exochess_mobile/src/binding.dart';
         ^
  test/network/socket_test.dart:16:1: Error: Type 'SocketClient' not found.
  SocketClient makeTestSocketClient({
  ^^^^^^^^^^^^
  test/network/socket_test.dart:422:3: Error: Type 'SocketClient' not found.
    SocketClient socketClient,
    ^^^^^^^^^^^^
  test/network/socket_test.dart:425:12: Error: Type 'SocketEvent' not found.
    Iterable<SocketEvent> eventsToMatch,
             ^^^^^^^^^^^
  test/binding.dart:14:35: Error: Type 'ExoChessBinding' not found.
  class TestExoChessBinding extends ExoChessBinding {
                                    ^^^^^^^^^^^^^^^
  test/network/fake_websocket_channel.dart:24:56: Error: Type 'WebSocketChannelFactory' not found.
  class ListenableFakeWebSocketChannelFactory implements WebSocketChannelFactory {
                                                         ^^^^^^^^^^^^^^^^^^^^^^^
  test/network/fake_websocket_channel.dart:65:46: Error: Type 'WebSocketChannelFactory' not found.
  class FakeWebSocketChannelFactory implements WebSocketChannelFactory {
                                               ^^^^^^^^^^^^^^^^^^^^^^^
  test/network/socket_test.dart:14:36: Error: Undefined name 'kDefaultSocketRoute'.
  final defaultSocketUri = Uri(path: kDefaultSocketRoute);
                                     ^^^^^^^^^^^^^^^^^^^
  test/network/socket_test.dart:21:18: Error: Method not found: 'SocketClient'.
    final client = SocketClient(
                   ^^^^^^^^^^^^
  test/network/socket_test.dart:245:9: Error: Method not found: 'SocketEvent'.
          SocketEvent(topic: 'test1', data: 'data', json: {'t': 'test1', 'd': 'data'}),
          ^^^^^^^^^^^
  test/network/socket_test.dart:246:9: Error: Method not found: 'SocketEvent'.
          SocketEvent(topic: 'test2', data: 'data', json: {'t': 'test2', 'd': 'data'}),
          ^^^^^^^^^^^
  test/network/socket_test.dart:247:9: Error: Method not found: 'SocketEvent'.
          SocketEvent(topic: 'test3', data: 'data', json: {'t': 'test3', 'd': 'data'}),
          ^^^^^^^^^^^
  test/network/socket_test.dart:270:23: Error: Method not found: 'SocketEvent'.
      const pongEvent = SocketEvent(topic: 'n', data: {'nbPlayers': 10, 'nbGames': 3});
                        ^^^^^^^^^^^
  test/network/socket_test.dart:283:25: Error: Method not found: 'SocketEvent'.
      const randomEvent = SocketEvent(topic: 'test', data: 'data', json: {'t': 'test', 'd': 'data'});
                          ^^^^^^^^^^^
  test/network/socket_test.dart:310:17: Error: Couldn't find constructor 'SocketEvent'.
            const SocketEvent(
                  ^^^^^^^^^^^
  test/network/socket_test.dart:316:17: Error: Couldn't find constructor 'SocketEvent'.
            const SocketEvent(
                  ^^^^^^^^^^^
  test/network/socket_test.dart:322:17: Error: Couldn't find constructor 'SocketEvent'.
            const SocketEvent(
                  ^^^^^^^^^^^
  test/network/socket_test.dart:328:17: Error: Couldn't find constructor 'SocketEvent'.
            const SocketEvent(
                  ^^^^^^^^^^^
  test/network/socket_test.dart:381:17: Error: Couldn't find constructor 'SocketEvent'.
            const SocketEvent(
                  ^^^^^^^^^^^
  test/network/socket_test.dart:387:17: Error: Couldn't find constructor 'SocketEvent'.
            const SocketEvent(
                  ^^^^^^^^^^^
  test/network/socket_test.dart:422:3: Error: 'SocketClient' isn't a type.
    SocketClient socketClient,
    ^^^^^^^^^^^^
  test/network/socket_test.dart:425:12: Error: 'SocketEvent' isn't a type.
    Iterable<SocketEvent> eventsToMatch,
             ^^^^^^^^^^^
  test/binding.dart:37:46: Error: Undefined name 'ExoChessBinding'.
    static TestExoChessBinding get instance => ExoChessBinding.checkInstance(_instance);
                                               ^^^^^^^^^^^^^^^
  test/binding.dart:42:11: Error: Superclass has no method named 'initInstance'.
      super.initInstance();
            ^^^^^^^^^^^^
  .
00:00 +0 -2: loading /home/flcsezz/mobile/test/network/http_test.dart [E]
  Error: The Dart compiler exited unexpectedly.
  package:flutter_tools/src/base/common.dart 34:3  throwToolExit
  package:flutter_tools/src/compile.dart 939:11    DefaultResidentCompiler._compile.<fn>
  dart:async/zone_root.dart 48:47                  _rootRunUnary
  dart:async/zone.dart 733:19                      _CustomZone.runUnary
  dart:async/future_impl.dart 948:45               Future._propagateToListeners.handleValueCallback
  dart:async/future_impl.dart 977:13               Future._propagateToListeners
  dart:async/future_impl.dart 862:9                Future._propagateToListeners
  dart:async/future_impl.dart 720:5                Future._completeWithValue
  dart:async/future_impl.dart 804:7                Future._asyncCompleteWithValue.<fn>
  dart:async/zone_root.dart 35:13                  _rootRun
  dart:async/zone.dart 726:19                      _CustomZone.run
  dart:async/zone.dart 625:7                       _CustomZone.runGuarded
  dart:async/zone.dart 666:23                      _CustomZone.bindCallbackGuarded.<fn>
  dart:async/schedule_microtask.dart 40:35         _microtaskLoop
  dart:async/schedule_microtask.dart 49:5          _startMicrotaskLoop
  dart:isolate-patch/isolate_patch.dart 127:13     _runPendingImmediateCallback
  dart:isolate-patch/isolate_patch.dart 194:5      _RawReceivePort._handleMessage
  
Error: Couldn't resolve the package 'exochess_mobile' in 'package:exochess_mobile/src/model/account/ongoing_game.dart'.
Error: Couldn't resolve the package 'exochess_mobile' in 'package:exochess_mobile/src/model/challenge/challenge.dart'.
Error: Couldn't resolve the package 'exochess_mobile' in 'package:exochess_mobile/src/model/challenge/challenge_repository.dart'.
Error: Couldn't resolve the package 'exochess_mobile' in 'package:exochess_mobile/src/model/game/exported_game.dart'.
Error: Couldn't resolve the package 'exochess_mobile' in 'package:exochess_mobile/src/model/message/message.dart'.
Error: Couldn't resolve the package 'exochess_mobile' in 'package:exochess_mobile/src/model/tournament/tournament.dart'.
Error: Couldn't resolve the package 'exochess_mobile' in 'package:exochess_mobile/src/model/user/user.dart'.
Error: Couldn't resolve the package 'exochess_mobile' in 'package:exochess_mobile/src/network/aggregator.dart'.
Error: Couldn't resolve the package 'exochess_mobile' in 'package:exochess_mobile/src/network/http.dart'.
test/network/aggregator_test.dart:6:8: Error: Not found: 'package:exochess_mobile/src/model/account/ongoing_game.dart'
import 'package:exochess_mobile/src/model/account/ongoing_game.dart';
       ^
test/network/aggregator_test.dart:7:8: Error: Not found: 'package:exochess_mobile/src/model/challenge/challenge.dart'
import 'package:exochess_mobile/src/model/challenge/challenge.dart';
       ^
test/network/aggregator_test.dart:8:8: Error: Not found: 'package:exochess_mobile/src/model/challenge/challenge_repository.dart'
import 'package:exochess_mobile/src/model/challenge/challenge_repository.dart';
       ^
test/network/aggregator_test.dart:9:8: Error: Not found: 'package:exochess_mobile/src/model/game/exported_game.dart'
import 'package:exochess_mobile/src/model/game/exported_game.dart';
       ^
test/network/aggregator_test.dart:10:8: Error: Not found: 'package:exochess_mobile/src/model/message/message.dart'
import 'package:exochess_mobile/src/model/message/message.dart';
       ^
test/network/aggregator_test.dart:11:8: Error: Not found: 'package:exochess_mobile/src/model/tournament/tournament.dart'
import 'package:exochess_mobile/src/model/tournament/tournament.dart';
       ^
test/network/aggregator_test.dart:12:8: Error: Not found: 'package:exochess_mobile/src/model/user/user.dart'
import 'package:exochess_mobile/src/model/user/user.dart';
       ^
test/network/aggregator_test.dart:13:8: Error: Not found: 'package:exochess_mobile/src/network/aggregator.dart'
import 'package:exochess_mobile/src/network/aggregator.dart';
       ^
test/network/aggregator_test.dart:14:8: Error: Not found: 'package:exochess_mobile/src/network/http.dart'
import 'package:exochess_mobile/src/network/http.dart';
       ^
Error: Couldn't resolve the package 'exochess_mobile' in 'package:exochess_mobile/src/constants.dart'.
Error: Couldn't resolve the package 'exochess_mobile' in 'package:exochess_mobile/src/db/database.dart'.
Error: Couldn't resolve the package 'exochess_mobile' in 'package:exochess_mobile/src/model/auth/auth_controller.dart'.
Error: Couldn't resolve the package 'exochess_mobile' in 'package:exochess_mobile/src/model/common/preloaded_data.dart'.
Error: Couldn't resolve the package 'exochess_mobile' in 'package:exochess_mobile/src/model/common/service/sound_service.dart'.
Error: Couldn't resolve the package 'exochess_mobile' in 'package:exochess_mobile/src/model/engine/nnue_service.dart'.
Error: Couldn't resolve the package 'exochess_mobile' in 'package:exochess_mobile/src/model/notifications/notification_service.dart'.
Error: Couldn't resolve the package 'exochess_mobile' in 'package:exochess_mobile/src/network/connectivity.dart'.
test/test_container.dart:16:8: Error: Not found: 'package:exochess_mobile/src/network/http.dart'
import 'package:exochess_mobile/src/network/http.dart';
       ^
Error: Couldn't resolve the package 'exochess_mobile' in 'package:exochess_mobile/src/network/socket.dart'.
test/network/fake_http_client_factory.dart:2:8: Error: Not found: 'package:exochess_mobile/src/network/http.dart'
import 'package:exochess_mobile/src/network/http.dart';
       ^
Error: Couldn't resolve the package 'exochess_mobile' in 'package:exochess_mobile/src/model/auth/bearer.dart'.
Error: Couldn't resolve the package 'exochess_mobile' in 'package:exochess_mobile/src/model/common/id.dart'.
test/network/http_test.dart:11:8: Error: Not found: 'package:exochess_mobile/src/model/user/user.dart'
import 'package:exochess_mobile/src/model/user/user.dart';
       ^
test/network/http_test.dart:12:8: Error: Not found: 'package:exochess_mobile/src/network/http.dart'
import 'package:exochess_mobile/src/network/http.dart';
       ^
test/test_container.dart:8:8: Error: Not found: 'package:exochess_mobile/src/constants.dart'
import 'package:exochess_mobile/src/constants.dart';
       ^
test/test_container.dart:9:8: Error: Not found: 'package:exochess_mobile/src/db/database.dart'
import 'package:exochess_mobile/src/db/database.dart';
       ^
test/test_container.dart:10:8: Error: Not found: 'package:exochess_mobile/src/model/auth/auth_controller.dart'
import 'package:exochess_mobile/src/model/auth/auth_controller.dart';
       ^
test/network/http_test.dart:8:8: Error: Not found: 'package:exochess_mobile/src/model/auth/auth_controller.dart'
import 'package:exochess_mobile/src/model/auth/auth_controller.dart';
       ^
test/test_container.dart:11:8: Error: Not found: 'package:exochess_mobile/src/model/common/preloaded_data.dart'
import 'package:exochess_mobile/src/model/common/preloaded_data.dart';
       ^
test/test_container.dart:12:8: Error: Not found: 'package:exochess_mobile/src/model/common/service/sound_service.dart'
import 'package:exochess_mobile/src/model/common/service/sound_service.dart';
       ^
test/test_container.dart:13:8: Error: Not found: 'package:exochess_mobile/src/model/engine/nnue_service.dart'
import 'package:exochess_mobile/src/model/engine/nnue_service.dart';
       ^
test/test_container.dart:14:8: Error: Not found: 'package:exochess_mobile/src/model/notifications/notification_service.dart'
import 'package:exochess_mobile/src/model/notifications/notification_service.dart';
       ^
test/test_container.dart:15:8: Error: Not found: 'package:exochess_mobile/src/network/connectivity.dart'
import 'package:exochess_mobile/src/network/connectivity.dart';
       ^
test/test_container.dart:17:8: Error: Not found: 'package:exochess_mobile/src/network/socket.dart'
import 'package:exochess_mobile/src/network/socket.dart';
       ^
Error: Couldn't resolve the package 'exochess_mobile' in 'package:exochess_mobile/src/model/common/chess.dart'.
test/model/common/service/fake_sound_service.dart:2:8: Error: Not found: 'package:exochess_mobile/src/model/common/service/sound_service.dart'
import 'package:exochess_mobile/src/model/common/service/sound_service.dart';
       ^
Error: Couldn't resolve the package 'exochess_mobile' in 'package:exochess_mobile/src/model/settings/general_preferences.dart'.
Error: Couldn't resolve the package 'exochess_mobile' in 'package:exochess_mobile/src/binding.dart'.
test/model/engine/fake_nnue_service.dart:4:8: Error: Not found: 'package:exochess_mobile/src/model/engine/nnue_service.dart'
import 'package:exochess_mobile/src/model/engine/nnue_service.dart';
       ^
test/network/fake_websocket_channel.dart:6:8: Error: Not found: 'package:exochess_mobile/src/network/socket.dart'
import 'package:exochess_mobile/src/network/socket.dart';
       ^
test/network/http_test.dart:9:8: Error: Not found: 'package:exochess_mobile/src/model/auth/bearer.dart'
import 'package:exochess_mobile/src/model/auth/bearer.dart';
       ^
test/network/http_test.dart:10:8: Error: Not found: 'package:exochess_mobile/src/model/common/id.dart'
import 'package:exochess_mobile/src/model/common/id.dart';
       ^
test/model/common/service/fake_sound_service.dart:1:8: Error: Not found: 'package:exochess_mobile/src/model/common/chess.dart'
import 'package:exochess_mobile/src/model/common/chess.dart';
       ^
test/model/common/service/fake_sound_service.dart:3:8: Error: Not found: 'package:exochess_mobile/src/model/settings/general_preferences.dart'
import 'package:exochess_mobile/src/model/settings/general_preferences.dart';
       ^
test/binding.dart:4:8: Error: Not found: 'package:exochess_mobile/src/binding.dart'
import 'package:exochess_mobile/src/binding.dart';
       ^
test/test_container.dart:49:3: Error: Type 'AuthUser' not found.
  AuthUser? authUser,
  ^^^^^^^^
test/network/fake_http_client_factory.dart:4:40: Error: Type 'HttpClientFactory' not found.
class FakeHttpClientFactory implements HttpClientFactory {
                                       ^^^^^^^^^^^^^^^^^
test/model/common/service/fake_sound_service.dart:5:35: Error: Type 'SoundService' not found.
class FakeSoundService implements SoundService {
                                  ^^^^^^^^^^^^
test/model/common/service/fake_sound_service.dart:7:21: Error: Type 'Sound' not found.
  Future<void> play(Sound sound, {double? volume}) async {}
                    ^^^^^
test/model/common/service/fake_sound_service.dart:10:33: Error: Type 'Variant' not found.
  Future<void> playCaptureSound(Variant variant, {double? volume}) async {}
                                ^^^^^^^
test/model/common/service/fake_sound_service.dart:13:28: Error: Type 'SoundTheme' not found.
  Future<void> changeTheme(SoundTheme theme, {bool playSound = false}) async {}
                           ^^^^^^^^^^
test/binding.dart:14:35: Error: Type 'ExoChessBinding' not found.
class TestExoChessBinding extends ExoChessBinding {
                                  ^^^^^^^^^^^^^^^
test/model/engine/fake_nnue_service.dart:13:34: Error: Type 'NnueService' not found.
class FakeNnueService implements NnueService {
                                 ^^^^^^^^^^^
test/model/engine/fake_nnue_service.dart:25:3: Error: Type 'NNUEFiles' not found.
  NNUEFiles get nnueFiles {
  ^^^^^^^^^
test/model/engine/fake_nnue_service.dart:56:45: Error: Type 'NnueService' not found.
class FakeNnueServiceUnavailable implements NnueService {
                                            ^^^^^^^^^^^
test/model/engine/fake_nnue_service.dart:68:3: Error: Type 'NNUEFiles' not found.
  NNUEFiles get nnueFiles {
  ^^^^^^^^^
test/network/fake_websocket_channel.dart:24:56: Error: Type 'WebSocketChannelFactory' not found.
class ListenableFakeWebSocketChannelFactory implements WebSocketChannelFactory {
                                                       ^^^^^^^^^^^^^^^^^^^^^^^
test/network/fake_websocket_channel.dart:65:46: Error: Type 'WebSocketChannelFactory' not found.
class FakeWebSocketChannelFactory implements WebSocketChannelFactory {
                                             ^^^^^^^^^^^^^^^^^^^^^^^
test/network/aggregator_test.dart:26:10: Error: 'Aggregator' isn't a type.
  Future<Aggregator> fakeClientAggregator() async {
         ^^^^^^^^^^
test/network/aggregator_test.dart:29:36: Error: Undefined name 'httpClientFactoryProvider'.
        httpClientFactoryProvider: httpClientFactoryProvider.overrideWith((ref) {
                                   ^^^^^^^^^^^^^^^^^^^^^^^^^
test/network/aggregator_test.dart:29:9: Error: Undefined name 'httpClientFactoryProvider'.
        httpClientFactoryProvider: httpClientFactoryProvider.overrideWith((ref) {
        ^^^^^^^^^^^^^^^^^^^^^^^^^
test/network/aggregator_test.dart:34:27: Error: Undefined name 'aggregatorProvider'.
    return container.read(aggregatorProvider);
                          ^^^^^^^^^^^^^^^^^^
test/network/aggregator_test.dart:37:10: Error: 'Aggregator' isn't a type.
  Future<Aggregator> mockClientAggregator(MockClient client) async {
         ^^^^^^^^^^
test/network/aggregator_test.dart:39:27: Error: Undefined name 'aggregatorProvider'.
    return container.read(aggregatorProvider);
                          ^^^^^^^^^^^^^^^^^^
test/network/aggregator_test.dart:42:34: Error: Undefined name 'kAggregationInterval'.
  final String aggrInterval = '${kAggregationInterval.inMilliseconds}ms';
                                 ^^^^^^^^^^^^^^^^^^^^
test/network/aggregator_test.dart:72:24: Error: Undefined name 'kAggregationInterval'.
          async.elapse(kAggregationInterval);
                       ^^^^^^^^^^^^^^^^^^^^
test/network/aggregator_test.dart:103:25: Error: Undefined name 'User'.
          atomicMapper: User.fromServerJson,
                        ^^^^
test/network/aggregator_test.dart:104:39: Error: Undefined name 'User'.
          aggregatedMapper: (json) => User.fromServerJson(json as Map<String, dynamic>),
                                      ^^^^
test/network/aggregator_test.dart:108:25: Error: Undefined name 'ongoingGamesFromServerJson'.
          atomicMapper: ongoingGamesFromServerJson,
                        ^^^^^^^^^^^^^^^^^^^^^^^^^^
test/network/aggregator_test.dart:114:29: Error: Undefined name 'OngoingGame'.
                .map((e) => OngoingGame.fromServerJson(e as Map<String, dynamic>))
                            ^^^^^^^^^^^
test/network/aggregator_test.dart:122:27: Error: 'User' isn't a type.
      expect(account, isA<User>());
                          ^^^^
test/network/aggregator_test.dart:123:38: Error: 'OngoingGame' isn't a type.
      expect(ongoingGames, isA<IList<OngoingGame>>());
                                     ^^^^^^^^^^^
test/network/aggregator_test.dart:156:25: Error: Undefined name 'User'.
          atomicMapper: User.fromServerJson,
                        ^^^^
test/network/aggregator_test.dart:157:39: Error: Undefined name 'User'.
          aggregatedMapper: (json) => User.fromServerJson(json as Map<String, dynamic>),
                                      ^^^^
test/network/aggregator_test.dart:161:25: Error: Undefined name 'ongoingGamesFromServerJson'.
          atomicMapper: ongoingGamesFromServerJson,
                        ^^^^^^^^^^^^^^^^^^^^^^^^^^
test/network/aggregator_test.dart:167:29: Error: Undefined name 'OngoingGame'.
                .map((e) => OngoingGame.fromServerJson(e as Map<String, dynamic>))
                            ^^^^^^^^^^^
test/network/aggregator_test.dart:172:59: Error: Undefined name 'LightExportedGame'.
        aggregator.readNdJsonList(recentGamesUri, mapper: LightExportedGame.fromServerJson),
                                                          ^^^^^^^^^^^^^^^^^
test/network/aggregator_test.dart:177:57: Error: Undefined name 'Challenge'.
            final inward = listPick('in').asListOrEmpty(Challenge.fromPick);
                                                        ^^^^^^^^^
test/network/aggregator_test.dart:178:59: Error: Undefined name 'Challenge'.
            final outward = listPick('out').asListOrEmpty(Challenge.fromPick);
                                                          ^^^^^^^^^
test/network/aggregator_test.dart:197:27: Error: 'User' isn't a type.
      expect(account, isA<User>());
                          ^^^^
test/network/aggregator_test.dart:198:38: Error: 'OngoingGame' isn't a type.
      expect(ongoingGames, isA<IList<OngoingGame>>());
                                     ^^^^^^^^^^^
test/network/aggregator_test.dart:199:37: Error: 'LightExportedGame' isn't a type.
      expect(recentGames, isA<IList<LightExportedGame>>());
                                    ^^^^^^^^^^^^^^^^^
test/network/aggregator_test.dart:200:30: Error: 'ChallengesList' isn't a type.
      expect(challenges, isA<ChallengesList>());
                             ^^^^^^^^^^^^^^
test/network/aggregator_test.dart:201:37: Error: 'LightTournament' isn't a type.
      expect(tournaments, isA<IList<LightTournament>>());
                                    ^^^^^^^^^^^^^^^
test/network/aggregator_test.dart:202:25: Error: 'UnreadMessages' isn't a type.
      expect(inbox, isA<UnreadMessages>());
                        ^^^^^^^^^^^^^^
test/network/aggregator_test.dart:100:57: Error: The argument type 'List<dynamic>' can't be assigned to the parameter type 'Iterable<Future<dynamic>>'.
 - 'List' is from 'dart:core'.
 - 'Iterable' is from 'dart:core'.
 - 'Future' is from 'dart:async'.
      final [account, ongoingGames] = await Future.wait([
                                                        ^
test/network/aggregator_test.dart:186:38: Error: The method 'asTournamentListOrThrow' isn't defined for the type 'Pick'.
 - 'Pick' is from 'package:deep_pick/src/pick.dart' ('../.pub-cache/hosted/pub.dev/deep_pick-1.1.0/lib/src/pick.dart').
Try correcting the name to the name of an existing method, or defining a method named 'asTournamentListOrThrow'.
              pick(json, 'featured').asTournamentListOrThrow(),
                                     ^^^^^^^^^^^^^^^^^^^^^^^
test/network/aggregator_test.dart:153:29: Error: The argument type 'List<dynamic>' can't be assigned to the parameter type 'Iterable<Future<dynamic>>'.
 - 'List' is from 'dart:core'.
 - 'Iterable' is from 'dart:core'.
 - 'Future' is from 'dart:async'.
      ] = await Future.wait([
                            ^
test/test_container.dart:39:34: Error: Undefined name 'httpClientFactoryProvider'.
      httpClientFactoryProvider: httpClientFactoryProvider.overrideWith((ref) {
                                 ^^^^^^^^^^^^^^^^^^^^^^^^^
test/test_container.dart:39:7: Error: Undefined name 'httpClientFactoryProvider'.
      httpClientFactoryProvider: httpClientFactoryProvider.overrideWith((ref) {
      ^^^^^^^^^^^^^^^^^^^^^^^^^
test/test_container.dart:49:3: Error: 'AuthUser' isn't a type.
  AuthUser? authUser,
  ^^^^^^^^
test/test_container.dart:53:46: Error: Undefined name 'kSRIStorageKey'.
  FlutterSecureStorage.setMockInitialValues({kSRIStorageKey: 'test'});
                                             ^^^^^^^^^^^^^^
test/test_container.dart:56:26: Error: Undefined name 'nnueServiceProvider'.
    nnueServiceProvider: nnueServiceProvider.overrideWithValue(FakeNnueService()),
                         ^^^^^^^^^^^^^^^^^^^
test/test_container.dart:56:5: Error: Undefined name 'nnueServiceProvider'.
    nnueServiceProvider: nnueServiceProvider.overrideWithValue(FakeNnueService()),
    ^^^^^^^^^^^^^^^^^^^
test/test_container.dart:57:33: Error: Undefined name 'connectivityPluginProvider'.
    connectivityPluginProvider: connectivityPluginProvider.overrideWith((_) {
                                ^^^^^^^^^^^^^^^^^^^^^^^^^^
test/test_container.dart:57:5: Error: Undefined name 'connectivityPluginProvider'.
    connectivityPluginProvider: connectivityPluginProvider.overrideWith((_) {
    ^^^^^^^^^^^^^^^^^^^^^^^^^^
test/test_container.dart:60:34: Error: Undefined name 'notificationDisplayProvider'.
    notificationDisplayProvider: notificationDisplayProvider.overrideWith((ref) {
                                 ^^^^^^^^^^^^^^^^^^^^^^^^^^^
test/test_container.dart:60:5: Error: Undefined name 'notificationDisplayProvider'.
    notificationDisplayProvider: notificationDisplayProvider.overrideWith((ref) {
    ^^^^^^^^^^^^^^^^^^^^^^^^^^^
test/test_container.dart:64:24: Error: Method not found: 'openAppDatabase'.
      final db = await openAppDatabase(databaseFactoryFfi, inMemoryDatabasePath);
                       ^^^^^^^^^^^^^^^
test/test_container.dart:63:23: Error: Undefined name 'databaseProvider'.
    databaseProvider: databaseProvider.overrideWith((ref) async {
                      ^^^^^^^^^^^^^^^^
test/test_container.dart:63:5: Error: Undefined name 'databaseProvider'.
    databaseProvider: databaseProvider.overrideWith((ref) async {
    ^^^^^^^^^^^^^^^^
test/test_container.dart:68:38: Error: Undefined name 'webSocketChannelFactoryProvider'.
    webSocketChannelFactoryProvider: webSocketChannelFactoryProvider.overrideWith((ref) {
                                     ^^^^^^^^^^^^^^^^^^^^^^^^^^^^^^^
test/test_container.dart:68:5: Error: Undefined name 'webSocketChannelFactoryProvider'.
    webSocketChannelFactoryProvider: webSocketChannelFactoryProvider.overrideWith((ref) {
    ^^^^^^^^^^^^^^^^^^^^^^^^^^^^^^^
test/test_container.dart:72:20: Error: Method not found: 'SocketPool'.
      final pool = SocketPool(ref);
                   ^^^^^^^^^^
test/test_container.dart:71:25: Error: Undefined name 'socketPoolProvider'.
    socketPoolProvider: socketPoolProvider.overrideWith((ref) {
                        ^^^^^^^^^^^^^^^^^^
test/test_container.dart:71:5: Error: Undefined name 'socketPoolProvider'.
    socketPoolProvider: socketPoolProvider.overrideWith((ref) {
    ^^^^^^^^^^^^^^^^^^
test/test_container.dart:76:32: Error: Undefined name 'httpClientFactoryProvider'.
    httpClientFactoryProvider: httpClientFactoryProvider.overrideWith((ref) {
                               ^^^^^^^^^^^^^^^^^^^^^^^^^
test/test_container.dart:76:5: Error: Undefined name 'httpClientFactoryProvider'.
    httpClientFactoryProvider: httpClientFactoryProvider.overrideWith((ref) {
    ^^^^^^^^^^^^^^^^^^^^^^^^^
test/test_container.dart:79:27: Error: Undefined name 'soundServiceProvider'.
    soundServiceProvider: soundServiceProvider.overrideWithValue(FakeSoundService()),
                          ^^^^^^^^^^^^^^^^^^^^
test/test_container.dart:79:5: Error: Undefined name 'soundServiceProvider'.
    soundServiceProvider: soundServiceProvider.overrideWithValue(FakeSoundService()),
    ^^^^^^^^^^^^^^^^^^^^
test/test_container.dart:80:28: Error: Undefined name 'preloadedDataProvider'.
    preloadedDataProvider: preloadedDataProvider.overrideWith((ref) {
                           ^^^^^^^^^^^^^^^^^^^^^
test/test_container.dart:80:5: Error: Undefined name 'preloadedDataProvider'.
    preloadedDataProvider: preloadedDataProvider.overrideWith((ref) {
    ^^^^^^^^^^^^^^^^^^^^^
test/network/http_test.dart:26:38: Error: Undefined name 'httpClientFactoryProvider'.
          httpClientFactoryProvider: httpClientFactoryProvider.overrideWith((ref) {
                                     ^^^^^^^^^^^^^^^^^^^^^^^^^
test/network/http_test.dart:26:11: Error: Undefined name 'httpClientFactoryProvider'.
          httpClientFactoryProvider: httpClientFactoryProvider.overrideWith((ref) {
          ^^^^^^^^^^^^^^^^^^^^^^^^^
test/network/http_test.dart:31:37: Error: Undefined name 'lichessClientProvider'.
      final client = container.read(lichessClientProvider);
                                    ^^^^^^^^^^^^^^^^^^^^^
test/network/http_test.dart:47:38: Error: Undefined name 'httpClientFactoryProvider'.
          httpClientFactoryProvider: httpClientFactoryProvider.overrideWith((ref) {
                                     ^^^^^^^^^^^^^^^^^^^^^^^^^
test/network/http_test.dart:47:11: Error: Undefined name 'httpClientFactoryProvider'.
          httpClientFactoryProvider: httpClientFactoryProvider.overrideWith((ref) {
          ^^^^^^^^^^^^^^^^^^^^^^^^^
test/network/http_test.dart:52:37: Error: Undefined name 'lichessClientProvider'.
      final client = container.read(lichessClientProvider);
                                    ^^^^^^^^^^^^^^^^^^^^^
test/network/http_test.dart:68:38: Error: Undefined name 'httpClientFactoryProvider'.
          httpClientFactoryProvider: httpClientFactoryProvider.overrideWith((ref) {
                                     ^^^^^^^^^^^^^^^^^^^^^^^^^
test/network/http_test.dart:68:11: Error: Undefined name 'httpClientFactoryProvider'.
          httpClientFactoryProvider: httpClientFactoryProvider.overrideWith((ref) {
          ^^^^^^^^^^^^^^^^^^^^^^^^^
test/network/http_test.dart:73:37: Error: Undefined name 'lichessClientProvider'.
      final client = container.read(lichessClientProvider);
                                    ^^^^^^^^^^^^^^^^^^^^^
test/network/http_test.dart:88:38: Error: Undefined name 'httpClientFactoryProvider'.
          httpClientFactoryProvider: httpClientFactoryProvider.overrideWith((ref) {
                                     ^^^^^^^^^^^^^^^^^^^^^^^^^
test/network/http_test.dart:88:11: Error: Undefined name 'httpClientFactoryProvider'.
          httpClientFactoryProvider: httpClientFactoryProvider.overrideWith((ref) {
          ^^^^^^^^^^^^^^^^^^^^^^^^^
test/network/http_test.dart:93:37: Error: Undefined name 'lichessClientProvider'.
      final client = container.read(lichessClientProvider);
                                    ^^^^^^^^^^^^^^^^^^^^^
test/network/http_test.dart:109:38: Error: Undefined name 'httpClientFactoryProvider'.
          httpClientFactoryProvider: httpClientFactoryProvider.overrideWith((ref) {
                                     ^^^^^^^^^^^^^^^^^^^^^^^^^
test/network/http_test.dart:109:11: Error: Undefined name 'httpClientFactoryProvider'.
          httpClientFactoryProvider: httpClientFactoryProvider.overrideWith((ref) {
          ^^^^^^^^^^^^^^^^^^^^^^^^^
test/network/http_test.dart:115:31: Error: Method not found: 'UserId'.
          user: LightUser(id: UserId('test-user-id'), name: 'test-username'),
                              ^^^^^^
test/network/http_test.dart:115:17: Error: Method not found: 'LightUser'.
          user: LightUser(id: UserId('test-user-id'), name: 'test-username'),
                ^^^^^^^^^
test/network/http_test.dart:113:25: Error: Couldn't find constructor 'AuthUser'.
        authUser: const AuthUser(
                        ^^^^^^^^
test/network/http_test.dart:118:37: Error: Undefined name 'lichessClientProvider'.
      final client = container.read(lichessClientProvider);
                                    ^^^^^^^^^^^^^^^^^^^^^
test/network/http_test.dart:134:38: Error: Undefined name 'httpClientFactoryProvider'.
          httpClientFactoryProvider: httpClientFactoryProvider.overrideWith((ref) {
                                     ^^^^^^^^^^^^^^^^^^^^^^^^^
test/network/http_test.dart:134:11: Error: Undefined name 'httpClientFactoryProvider'.
          httpClientFactoryProvider: httpClientFactoryProvider.overrideWith((ref) {
          ^^^^^^^^^^^^^^^^^^^^^^^^^
test/network/http_test.dart:139:37: Error: Undefined name 'lichessClientProvider'.
      final client = container.read(lichessClientProvider);
                                    ^^^^^^^^^^^^^^^^^^^^^
test/network/http_test.dart:150:23: Error: 'ServerException' isn't a type.
          throwsA(isA<ServerException>().having((e) => e.statusCode, 'statusCode', 500)),
                      ^^^^^^^^^^^^^^^
test/network/http_test.dart:154:23: Error: 'ServerException' isn't a type.
          throwsA(isA<ServerException>().having((e) => e.statusCode, 'statusCode', 503)),
                      ^^^^^^^^^^^^^^^
test/network/http_test.dart:158:23: Error: 'ServerException' isn't a type.
          throwsA(isA<ServerException>().having((e) => e.statusCode, 'statusCode', 400)),
                      ^^^^^^^^^^^^^^^
test/network/http_test.dart:162:23: Error: 'ServerException' isn't a type.
          throwsA(isA<ServerException>().having((e) => e.statusCode, 'statusCode', 404)),
                      ^^^^^^^^^^^^^^^
test/network/http_test.dart:166:23: Error: 'ServerException' isn't a type.
          throwsA(isA<ServerException>().having((e) => e.statusCode, 'statusCode', 401)),
                      ^^^^^^^^^^^^^^^
test/network/http_test.dart:170:23: Error: 'ServerException' isn't a type.
          throwsA(isA<ServerException>().having((e) => e.statusCode, 'statusCode', 403)),
                      ^^^^^^^^^^^^^^^
test/network/http_test.dart:178:38: Error: Undefined name 'httpClientFactoryProvider'.
          httpClientFactoryProvider: httpClientFactoryProvider.overrideWith((ref) {
                                     ^^^^^^^^^^^^^^^^^^^^^^^^^
test/network/http_test.dart:178:11: Error: Undefined name 'httpClientFactoryProvider'.
          httpClientFactoryProvider: httpClientFactoryProvider.overrideWith((ref) {
          ^^^^^^^^^^^^^^^^^^^^^^^^^
test/network/http_test.dart:183:37: Error: Undefined name 'lichessClientProvider'.
      final client = container.read(lichessClientProvider);
                                    ^^^^^^^^^^^^^^^^^^^^^
test/network/http_test.dart:197:38: Error: Undefined name 'httpClientFactoryProvider'.
          httpClientFactoryProvider: httpClientFactoryProvider.overrideWith((ref) {
                                     ^^^^^^^^^^^^^^^^^^^^^^^^^
test/network/http_test.dart:197:11: Error: Undefined name 'httpClientFactoryProvider'.
          httpClientFactoryProvider: httpClientFactoryProvider.overrideWith((ref) {
          ^^^^^^^^^^^^^^^^^^^^^^^^^
test/network/http_test.dart:202:37: Error: Undefined name 'lichessClientProvider'.
      final client = container.read(lichessClientProvider);
                                    ^^^^^^^^^^^^^^^^^^^^^
test/network/http_test.dart:216:38: Error: Undefined name 'httpClientFactoryProvider'.
          httpClientFactoryProvider: httpClientFactoryProvider.overrideWith((ref) {
                                     ^^^^^^^^^^^^^^^^^^^^^^^^^
test/network/http_test.dart:216:11: Error: Undefined name 'httpClientFactoryProvider'.
          httpClientFactoryProvider: httpClientFactoryProvider.overrideWith((ref) {
          ^^^^^^^^^^^^^^^^^^^^^^^^^
test/network/http_test.dart:221:37: Error: Undefined name 'lichessClientProvider'.
      final client = container.read(lichessClientProvider);
                                    ^^^^^^^^^^^^^^^^^^^^^
test/network/http_test.dart:242:38: Error: Undefined name 'httpClientFactoryProvider'.
          httpClientFactoryProvider: httpClientFactoryProvider.overrideWith((ref) {
                                     ^^^^^^^^^^^^^^^^^^^^^^^^^
test/network/http_test.dart:242:11: Error: Undefined name 'httpClientFactoryProvider'.
          httpClientFactoryProvider: httpClientFactoryProvider.overrideWith((ref) {
          ^^^^^^^^^^^^^^^^^^^^^^^^^
test/network/http_test.dart:248:31: Error: Method not found: 'UserId'.
          user: LightUser(id: UserId('test-user-id'), name: 'test-username'),
                              ^^^^^^
test/network/http_test.dart:248:17: Error: Method not found: 'LightUser'.
          user: LightUser(id: UserId('test-user-id'), name: 'test-username'),
                ^^^^^^^^^
test/network/http_test.dart:246:25: Error: Couldn't find constructor 'AuthUser'.
        authUser: const AuthUser(
                        ^^^^^^^^
test/network/http_test.dart:252:39: Error: Undefined name 'authControllerProvider'.
      final authUser = container.read(authControllerProvider);
                                      ^^^^^^^^^^^^^^^^^^^^^^
test/network/http_test.dart:255:37: Error: Undefined name 'lichessClientProvider'.
      final client = container.read(lichessClientProvider);
                                    ^^^^^^^^^^^^^^^^^^^^^
test/network/http_test.dart:265:21: Error: Method not found: 'signBearerToken'.
          'Bearer ${signBearerToken('test-token')}',
                    ^^^^^^^^^^^^^^^
test/network/http_test.dart:276:40: Error: Undefined name 'httpClientFactoryProvider'.
            httpClientFactoryProvider: httpClientFactoryProvider.overrideWith((ref) {
                                       ^^^^^^^^^^^^^^^^^^^^^^^^^
test/network/http_test.dart:276:13: Error: Undefined name 'httpClientFactoryProvider'.
            httpClientFactoryProvider: httpClientFactoryProvider.overrideWith((ref) {
            ^^^^^^^^^^^^^^^^^^^^^^^^^
test/network/http_test.dart:280:22: Error: Method not found: 'DefaultClient'.
              return DefaultClient(
                     ^^^^^^^^^^^^^
test/network/http_test.dart:279:36: Error: Undefined name 'defaultClientProvider'.
            defaultClientProvider: defaultClientProvider.overrideWith((ref) {
                                   ^^^^^^^^^^^^^^^^^^^^^
test/network/http_test.dart:279:13: Error: Undefined name 'defaultClientProvider'.
            defaultClientProvider: defaultClientProvider.overrideWith((ref) {
            ^^^^^^^^^^^^^^^^^^^^^
test/network/http_test.dart:296:33: Error: Method not found: 'UserId'.
            user: LightUser(id: UserId('test-user-id'), name: 'test-username'),
                                ^^^^^^
test/network/http_test.dart:296:19: Error: Method not found: 'LightUser'.
            user: LightUser(id: UserId('test-user-id'), name: 'test-username'),
                  ^^^^^^^^^
test/network/http_test.dart:294:27: Error: Couldn't find constructor 'AuthUser'.
          authUser: const AuthUser(
                          ^^^^^^^^
test/network/http_test.dart:301:43: Error: Undefined name 'authControllerProvider'.
          final authUser = container.read(authControllerProvider);
                                          ^^^^^^^^^^^^^^^^^^^^^^
test/network/http_test.dart:304:41: Error: Undefined name 'lichessClientProvider'.
          final client = container.read(lichessClientProvider);
                                        ^^^^^^^^^^^^^^^^^^^^^
test/network/http_test.dart:307:16: Error: 'ServerException' isn't a type.
          } on ServerException catch (_) {}
               ^^^^^^^^^^^^^^^
test/network/http_test.dart:318:25: Error: Method not found: 'signBearerToken'.
              'Bearer ${signBearerToken('test-token')}',
                        ^^^^^^^^^^^^^^^
test/network/http_test.dart:324:33: Error: Undefined name 'authControllerProvider'.
          expect(container.read(authControllerProvider), isNull);
                                ^^^^^^^^^^^^^^^^^^^^^^
test/network/http_test.dart:333:38: Error: Undefined name 'httpClientFactoryProvider'.
          httpClientFactoryProvider: httpClientFactoryProvider.overrideWith((ref) {
                                     ^^^^^^^^^^^^^^^^^^^^^^^^^
test/network/http_test.dart:333:11: Error: Undefined name 'httpClientFactoryProvider'.
          httpClientFactoryProvider: httpClientFactoryProvider.overrideWith((ref) {
          ^^^^^^^^^^^^^^^^^^^^^^^^^
test/network/http_test.dart:337:20: Error: Method not found: 'DefaultClient'.
            return DefaultClient(
                   ^^^^^^^^^^^^^
test/network/http_test.dart:336:34: Error: Undefined name 'defaultClientProvider'.
          defaultClientProvider: defaultClientProvider.overrideWith((ref) {
                                 ^^^^^^^^^^^^^^^^^^^^^
test/network/http_test.dart:336:11: Error: Undefined name 'defaultClientProvider'.
          defaultClientProvider: defaultClientProvider.overrideWith((ref) {
          ^^^^^^^^^^^^^^^^^^^^^
test/network/http_test.dart:354:31: Error: Method not found: 'UserId'.
          user: LightUser(id: UserId('test-user-id'), name: 'test-username'),
                              ^^^^^^
test/network/http_test.dart:354:17: Error: Method not found: 'LightUser'.
          user: LightUser(id: UserId('test-user-id'), name: 'test-username'),
                ^^^^^^^^^
test/network/http_test.dart:352:25: Error: Couldn't find constructor 'AuthUser'.
        authUser: const AuthUser(
                        ^^^^^^^^
test/network/http_test.dart:359:41: Error: Undefined name 'authControllerProvider'.
        final authUser = container.read(authControllerProvider);
                                        ^^^^^^^^^^^^^^^^^^^^^^
test/network/http_test.dart:362:39: Error: Undefined name 'lichessClientProvider'.
        final client = container.read(lichessClientProvider);
                                      ^^^^^^^^^^^^^^^^^^^^^
test/network/http_test.dart:365:14: Error: 'ServerException' isn't a type.
        } on ServerException catch (_) {}
             ^^^^^^^^^^^^^^^
test/network/http_test.dart:376:23: Error: Method not found: 'signBearerToken'.
            'Bearer ${signBearerToken('test-token')}',
                      ^^^^^^^^^^^^^^^
test/network/http_test.dart:382:31: Error: Undefined name 'authControllerProvider'.
        expect(container.read(authControllerProvider), equals(authUser));
                              ^^^^^^^^^^^^^^^^^^^^^^
test/network/http_test.dart:150:58: Error: The getter 'statusCode' isn't defined for the type 'Object?'.
 - 'Object' is from 'dart:core'.
Try correcting the name to the name of an existing getter, or defining a getter or field named 'statusCode'.
          throwsA(isA<ServerException>().having((e) => e.statusCode, 'statusCode', 500)),
                                                         ^^^^^^^^^^
test/network/http_test.dart:154:58: Error: The getter 'statusCode' isn't defined for the type 'Object?'.
 - 'Object' is from 'dart:core'.
Try correcting the name to the name of an existing getter, or defining a getter or field named 'statusCode'.
          throwsA(isA<ServerException>().having((e) => e.statusCode, 'statusCode', 503)),
                                                         ^^^^^^^^^^
test/network/http_test.dart:158:58: Error: The getter 'statusCode' isn't defined for the type 'Object?'.
 - 'Object' is from 'dart:core'.
Try correcting the name to the name of an existing getter, or defining a getter or field named 'statusCode'.
          throwsA(isA<ServerException>().having((e) => e.statusCode, 'statusCode', 400)),
                                                         ^^^^^^^^^^
test/network/http_test.dart:162:58: Error: The getter 'statusCode' isn't defined for the type 'Object?'.
 - 'Object' is from 'dart:core'.
Try correcting the name to the name of an existing getter, or defining a getter or field named 'statusCode'.
          throwsA(isA<ServerException>().having((e) => e.statusCode, 'statusCode', 404)),
                                                         ^^^^^^^^^^
test/network/http_test.dart:166:58: Error: The getter 'statusCode' isn't defined for the type 'Object?'.
 - 'Object' is from 'dart:core'.
Try correcting the name to the name of an existing getter, or defining a getter or field named 'statusCode'.
          throwsA(isA<ServerException>().having((e) => e.statusCode, 'statusCode', 401)),
                                                         ^^^^^^^^^^
test/network/http_test.dart:170:58: Error: The getter 'statusCode' isn't defined for the type 'Object?'.
 - 'Object' is from 'dart:core'.
Try correcting the name to the name of an existing getter, or defining a getter or field named 'statusCode'.
          throwsA(isA<ServerException>().having((e) => e.statusCode, 'statusCode', 403)),
                                                         ^^^^^^^^^^
test/model/common/service/fake_sound_service.dart:7:21: Error: 'Sound' isn't a type.
  Future<void> play(Sound sound, {double? volume}) async {}
                    ^^^^^
test/model/common/service/fake_sound_service.dart:10:33: Error: 'Variant' isn't a type.
  Future<void> playCaptureSound(Variant variant, {double? volume}) async {}
                                ^^^^^^^
test/model/common/service/fake_sound_service.dart:13:28: Error: 'SoundTheme' isn't a type.
  Future<void> changeTheme(SoundTheme theme, {bool playSound = false}) async {}
                           ^^^^^^^^^^
test/binding.dart:37:46: Error: Undefined name 'ExoChessBinding'.
  static TestExoChessBinding get instance => ExoChessBinding.checkInstance(_instance);
                                             ^^^^^^^^^^^^^^^
test/binding.dart:42:11: Error: Superclass has no method named 'initInstance'.
    super.initInstance();
          ^^^^^^^^^^^^
00:00 +0 -3: loading /home/flcsezz/mobile/test/network/aggregator_test.dart [E]
  Failed to load "/home/flcsezz/mobile/test/network/aggregator_test.dart":
  Compilation failed for testPath=/home/flcsezz/mobile/test/network/aggregator_test.dart: Error: Couldn't resolve the package 'exochess_mobile' in 'package:exochess_mobile/src/model/account/ongoing_game.dart'.
  Error: Couldn't resolve the package 'exochess_mobile' in 'package:exochess_mobile/src/model/challenge/challenge.dart'.
  Error: Couldn't resolve the package 'exochess_mobile' in 'package:exochess_mobile/src/model/challenge/challenge_repository.dart'.
  Error: Couldn't resolve the package 'exochess_mobile' in 'package:exochess_mobile/src/model/game/exported_game.dart'.
  Error: Couldn't resolve the package 'exochess_mobile' in 'package:exochess_mobile/src/model/message/message.dart'.
  Error: Couldn't resolve the package 'exochess_mobile' in 'package:exochess_mobile/src/model/tournament/tournament.dart'.
  Error: Couldn't resolve the package 'exochess_mobile' in 'package:exochess_mobile/src/model/user/user.dart'.
  Error: Couldn't resolve the package 'exochess_mobile' in 'package:exochess_mobile/src/network/aggregator.dart'.
  Error: Couldn't resolve the package 'exochess_mobile' in 'package:exochess_mobile/src/network/http.dart'.
  test/network/aggregator_test.dart:6:8: Error: Not found: 'package:exochess_mobile/src/model/account/ongoing_game.dart'
  import 'package:exochess_mobile/src/model/account/ongoing_game.dart';
         ^
  test/network/aggregator_test.dart:7:8: Error: Not found: 'package:exochess_mobile/src/model/challenge/challenge.dart'
  import 'package:exochess_mobile/src/model/challenge/challenge.dart';
         ^
  test/network/aggregator_test.dart:8:8: Error: Not found: 'package:exochess_mobile/src/model/challenge/challenge_repository.dart'
  import 'package:exochess_mobile/src/model/challenge/challenge_repository.dart';
         ^
  test/network/aggregator_test.dart:9:8: Error: Not found: 'package:exochess_mobile/src/model/game/exported_game.dart'
  import 'package:exochess_mobile/src/model/game/exported_game.dart';
         ^
  test/network/aggregator_test.dart:10:8: Error: Not found: 'package:exochess_mobile/src/model/message/message.dart'
  import 'package:exochess_mobile/src/model/message/message.dart';
         ^
  test/network/aggregator_test.dart:11:8: Error: Not found: 'package:exochess_mobile/src/model/tournament/tournament.dart'
  import 'package:exochess_mobile/src/model/tournament/tournament.dart';
         ^
  test/network/aggregator_test.dart:12:8: Error: Not found: 'package:exochess_mobile/src/model/user/user.dart'
  import 'package:exochess_mobile/src/model/user/user.dart';
         ^
  test/network/aggregator_test.dart:13:8: Error: Not found: 'package:exochess_mobile/src/network/aggregator.dart'
  import 'package:exochess_mobile/src/network/aggregator.dart';
         ^
  test/network/aggregator_test.dart:14:8: Error: Not found: 'package:exochess_mobile/src/network/http.dart'
  import 'package:exochess_mobile/src/network/http.dart';
         ^
  Error: Couldn't resolve the package 'exochess_mobile' in 'package:exochess_mobile/src/constants.dart'.
  Error: Couldn't resolve the package 'exochess_mobile' in 'package:exochess_mobile/src/db/database.dart'.
  Error: Couldn't resolve the package 'exochess_mobile' in 'package:exochess_mobile/src/model/auth/auth_controller.dart'.
  Error: Couldn't resolve the package 'exochess_mobile' in 'package:exochess_mobile/src/model/common/preloaded_data.dart'.
  Error: Couldn't resolve the package 'exochess_mobile' in 'package:exochess_mobile/src/model/common/service/sound_service.dart'.
  Error: Couldn't resolve the package 'exochess_mobile' in 'package:exochess_mobile/src/model/engine/nnue_service.dart'.
  Error: Couldn't resolve the package 'exochess_mobile' in 'package:exochess_mobile/src/model/notifications/notification_service.dart'.
  Error: Couldn't resolve the package 'exochess_mobile' in 'package:exochess_mobile/src/network/connectivity.dart'.
  test/test_container.dart:16:8: Error: Not found: 'package:exochess_mobile/src/network/http.dart'
  import 'package:exochess_mobile/src/network/http.dart';
         ^
  Error: Couldn't resolve the package 'exochess_mobile' in 'package:exochess_mobile/src/network/socket.dart'.
  test/network/fake_http_client_factory.dart:2:8: Error: Not found: 'package:exochess_mobile/src/network/http.dart'
  import 'package:exochess_mobile/src/network/http.dart';
         ^
  Error: Couldn't resolve the package 'exochess_mobile' in 'package:exochess_mobile/src/model/auth/bearer.dart'.
  Error: Couldn't resolve the package 'exochess_mobile' in 'package:exochess_mobile/src/model/common/id.dart'.
  test/network/http_test.dart:11:8: Error: Not found: 'package:exochess_mobile/src/model/user/user.dart'
  import 'package:exochess_mobile/src/model/user/user.dart';
         ^
  test/network/http_test.dart:12:8: Error: Not found: 'package:exochess_mobile/src/network/http.dart'
  import 'package:exochess_mobile/src/network/http.dart';
         ^
  test/test_container.dart:8:8: Error: Not found: 'package:exochess_mobile/src/constants.dart'
  import 'package:exochess_mobile/src/constants.dart';
         ^
  test/test_container.dart:9:8: Error: Not found: 'package:exochess_mobile/src/db/database.dart'
  import 'package:exochess_mobile/src/db/database.dart';
         ^
  test/test_container.dart:10:8: Error: Not found: 'package:exochess_mobile/src/model/auth/auth_controller.dart'
  import 'package:exochess_mobile/src/model/auth/auth_controller.dart';
         ^
  test/network/http_test.dart:8:8: Error: Not found: 'package:exochess_mobile/src/model/auth/auth_controller.dart'
  import 'package:exochess_mobile/src/model/auth/auth_controller.dart';
         ^
  test/test_container.dart:11:8: Error: Not found: 'package:exochess_mobile/src/model/common/preloaded_data.dart'
  import 'package:exochess_mobile/src/model/common/preloaded_data.dart';
         ^
  test/test_container.dart:12:8: Error: Not found: 'package:exochess_mobile/src/model/common/service/sound_service.dart'
  import 'package:exochess_mobile/src/model/common/service/sound_service.dart';
         ^
  test/test_container.dart:13:8: Error: Not found: 'package:exochess_mobile/src/model/engine/nnue_service.dart'
  import 'package:exochess_mobile/src/model/engine/nnue_service.dart';
         ^
  test/test_container.dart:14:8: Error: Not found: 'package:exochess_mobile/src/model/notifications/notification_service.dart'
  import 'package:exochess_mobile/src/model/notifications/notification_service.dart';
         ^
  test/test_container.dart:15:8: Error: Not found: 'package:exochess_mobile/src/network/connectivity.dart'
  import 'package:exochess_mobile/src/network/connectivity.dart';
         ^
  test/test_container.dart:17:8: Error: Not found: 'package:exochess_mobile/src/network/socket.dart'
  import 'package:exochess_mobile/src/network/socket.dart';
         ^
  Error: Couldn't resolve the package 'exochess_mobile' in 'package:exochess_mobile/src/model/common/chess.dart'.
  test/model/common/service/fake_sound_service.dart:2:8: Error: Not found: 'package:exochess_mobile/src/model/common/service/sound_service.dart'
  import 'package:exochess_mobile/src/model/common/service/sound_service.dart';
         ^
  Error: Couldn't resolve the package 'exochess_mobile' in 'package:exochess_mobile/src/model/settings/general_preferences.dart'.
  Error: Couldn't resolve the package 'exochess_mobile' in 'package:exochess_mobile/src/binding.dart'.
  test/model/engine/fake_nnue_service.dart:4:8: Error: Not found: 'package:exochess_mobile/src/model/engine/nnue_service.dart'
  import 'package:exochess_mobile/src/model/engine/nnue_service.dart';
         ^
  test/network/fake_websocket_channel.dart:6:8: Error: Not found: 'package:exochess_mobile/src/network/socket.dart'
  import 'package:exochess_mobile/src/network/socket.dart';
         ^
  test/network/http_test.dart:9:8: Error: Not found: 'package:exochess_mobile/src/model/auth/bearer.dart'
  import 'package:exochess_mobile/src/model/auth/bearer.dart';
         ^
  test/network/http_test.dart:10:8: Error: Not found: 'package:exochess_mobile/src/model/common/id.dart'
  import 'package:exochess_mobile/src/model/common/id.dart';
         ^
  test/model/common/service/fake_sound_service.dart:1:8: Error: Not found: 'package:exochess_mobile/src/model/common/chess.dart'
  import 'package:exochess_mobile/src/model/common/chess.dart';
         ^
  test/model/common/service/fake_sound_service.dart:3:8: Error: Not found: 'package:exochess_mobile/src/model/settings/general_preferences.dart'
  import 'package:exochess_mobile/src/model/settings/general_preferences.dart';
         ^
  test/binding.dart:4:8: Error: Not found: 'package:exochess_mobile/src/binding.dart'
  import 'package:exochess_mobile/src/binding.dart';
         ^
  test/test_container.dart:49:3: Error: Type 'AuthUser' not found.
    AuthUser? authUser,
    ^^^^^^^^
  test/network/fake_http_client_factory.dart:4:40: Error: Type 'HttpClientFactory' not found.
  class FakeHttpClientFactory implements HttpClientFactory {
                                         ^^^^^^^^^^^^^^^^^
  test/model/common/service/fake_sound_service.dart:5:35: Error: Type 'SoundService' not found.
  class FakeSoundService implements SoundService {
                                    ^^^^^^^^^^^^
  test/model/common/service/fake_sound_service.dart:7:21: Error: Type 'Sound' not found.
    Future<void> play(Sound sound, {double? volume}) async {}
                      ^^^^^
  test/model/common/service/fake_sound_service.dart:10:33: Error: Type 'Variant' not found.
    Future<void> playCaptureSound(Variant variant, {double? volume}) async {}
                                  ^^^^^^^
  test/model/common/service/fake_sound_service.dart:13:28: Error: Type 'SoundTheme' not found.
    Future<void> changeTheme(SoundTheme theme, {bool playSound = false}) async {}
                             ^^^^^^^^^^
  test/binding.dart:14:35: Error: Type 'ExoChessBinding' not found.
  class TestExoChessBinding extends ExoChessBinding {
                                    ^^^^^^^^^^^^^^^
  test/model/engine/fake_nnue_service.dart:13:34: Error: Type 'NnueService' not found.
  class FakeNnueService implements NnueService {
                                   ^^^^^^^^^^^
  test/model/engine/fake_nnue_service.dart:25:3: Error: Type 'NNUEFiles' not found.
    NNUEFiles get nnueFiles {
    ^^^^^^^^^
  test/model/engine/fake_nnue_service.dart:56:45: Error: Type 'NnueService' not found.
  class FakeNnueServiceUnavailable implements NnueService {
                                              ^^^^^^^^^^^
  test/model/engine/fake_nnue_service.dart:68:3: Error: Type 'NNUEFiles' not found.
    NNUEFiles get nnueFiles {
    ^^^^^^^^^
  test/network/fake_websocket_channel.dart:24:56: Error: Type 'WebSocketChannelFactory' not found.
  class ListenableFakeWebSocketChannelFactory implements WebSocketChannelFactory {
                                                         ^^^^^^^^^^^^^^^^^^^^^^^
  test/network/fake_websocket_channel.dart:65:46: Error: Type 'WebSocketChannelFactory' not found.
  class FakeWebSocketChannelFactory implements WebSocketChannelFactory {
                                               ^^^^^^^^^^^^^^^^^^^^^^^
  test/network/aggregator_test.dart:26:10: Error: 'Aggregator' isn't a type.
    Future<Aggregator> fakeClientAggregator() async {
           ^^^^^^^^^^
  test/network/aggregator_test.dart:29:36: Error: Undefined name 'httpClientFactoryProvider'.
          httpClientFactoryProvider: httpClientFactoryProvider.overrideWith((ref) {
                                     ^^^^^^^^^^^^^^^^^^^^^^^^^
  test/network/aggregator_test.dart:29:9: Error: Undefined name 'httpClientFactoryProvider'.
          httpClientFactoryProvider: httpClientFactoryProvider.overrideWith((ref) {
          ^^^^^^^^^^^^^^^^^^^^^^^^^
  test/network/aggregator_test.dart:34:27: Error: Undefined name 'aggregatorProvider'.
      return container.read(aggregatorProvider);
                            ^^^^^^^^^^^^^^^^^^
  test/network/aggregator_test.dart:37:10: Error: 'Aggregator' isn't a type.
    Future<Aggregator> mockClientAggregator(MockClient client) async {
           ^^^^^^^^^^
  test/network/aggregator_test.dart:39:27: Error: Undefined name 'aggregatorProvider'.
      return container.read(aggregatorProvider);
                            ^^^^^^^^^^^^^^^^^^
  test/network/aggregator_test.dart:42:34: Error: Undefined name 'kAggregationInterval'.
    final String aggrInterval = '${kAggregationInterval.inMilliseconds}ms';
                                   ^^^^^^^^^^^^^^^^^^^^
  test/network/aggregator_test.dart:72:24: Error: Undefined name 'kAggregationInterval'.
            async.elapse(kAggregationInterval);
                         ^^^^^^^^^^^^^^^^^^^^
  test/network/aggregator_test.dart:103:25: Error: Undefined name 'User'.
            atomicMapper: User.fromServerJson,
                          ^^^^
  test/network/aggregator_test.dart:104:39: Error: Undefined name 'User'.
            aggregatedMapper: (json) => User.fromServerJson(json as Map<String, dynamic>),
                                        ^^^^
  test/network/aggregator_test.dart:108:25: Error: Undefined name 'ongoingGamesFromServerJson'.
            atomicMapper: ongoingGamesFromServerJson,
                          ^^^^^^^^^^^^^^^^^^^^^^^^^^
  test/network/aggregator_test.dart:114:29: Error: Undefined name 'OngoingGame'.
                  .map((e) => OngoingGame.fromServerJson(e as Map<String, dynamic>))
                              ^^^^^^^^^^^
  test/network/aggregator_test.dart:122:27: Error: 'User' isn't a type.
        expect(account, isA<User>());
                            ^^^^
  test/network/aggregator_test.dart:123:38: Error: 'OngoingGame' isn't a type.
        expect(ongoingGames, isA<IList<OngoingGame>>());
                                       ^^^^^^^^^^^
  test/network/aggregator_test.dart:156:25: Error: Undefined name 'User'.
            atomicMapper: User.fromServerJson,
                          ^^^^
  test/network/aggregator_test.dart:157:39: Error: Undefined name 'User'.
            aggregatedMapper: (json) => User.fromServerJson(json as Map<String, dynamic>),
                                        ^^^^
  test/network/aggregator_test.dart:161:25: Error: Undefined name 'ongoingGamesFromServerJson'.
            atomicMapper: ongoingGamesFromServerJson,
                          ^^^^^^^^^^^^^^^^^^^^^^^^^^
  test/network/aggregator_test.dart:167:29: Error: Undefined name 'OngoingGame'.
                  .map((e) => OngoingGame.fromServerJson(e as Map<String, dynamic>))
                              ^^^^^^^^^^^
  test/network/aggregator_test.dart:172:59: Error: Undefined name 'LightExportedGame'.
          aggregator.readNdJsonList(recentGamesUri, mapper: LightExportedGame.fromServerJson),
                                                            ^^^^^^^^^^^^^^^^^
  test/network/aggregator_test.dart:177:57: Error: Undefined name 'Challenge'.
              final inward = listPick('in').asListOrEmpty(Challenge.fromPick);
                                                          ^^^^^^^^^
  test/network/aggregator_test.dart:178:59: Error: Undefined name 'Challenge'.
              final outward = listPick('out').asListOrEmpty(Challenge.fromPick);
                                                            ^^^^^^^^^
  test/network/aggregator_test.dart:197:27: Error: 'User' isn't a type.
        expect(account, isA<User>());
                            ^^^^
  test/network/aggregator_test.dart:198:38: Error: 'OngoingGame' isn't a type.
        expect(ongoingGames, isA<IList<OngoingGame>>());
                                       ^^^^^^^^^^^
  test/network/aggregator_test.dart:199:37: Error: 'LightExportedGame' isn't a type.
        expect(recentGames, isA<IList<LightExportedGame>>());
                                      ^^^^^^^^^^^^^^^^^
  test/network/aggregator_test.dart:200:30: Error: 'ChallengesList' isn't a type.
        expect(challenges, isA<ChallengesList>());
                               ^^^^^^^^^^^^^^
  test/network/aggregator_test.dart:201:37: Error: 'LightTournament' isn't a type.
        expect(tournaments, isA<IList<LightTournament>>());
                                      ^^^^^^^^^^^^^^^
  test/network/aggregator_test.dart:202:25: Error: 'UnreadMessages' isn't a type.
        expect(inbox, isA<UnreadMessages>());
                          ^^^^^^^^^^^^^^
  test/network/aggregator_test.dart:100:57: Error: The argument type 'List<dynamic>' can't be assigned to the parameter type 'Iterable<Future<dynamic>>'.
   - 'List' is from 'dart:core'.
   - 'Iterable' is from 'dart:core'.
   - 'Future' is from 'dart:async'.
        final [account, ongoingGames] = await Future.wait([
                                                          ^
  test/network/aggregator_test.dart:186:38: Error: The method 'asTournamentListOrThrow' isn't defined for the type 'Pick'.
   - 'Pick' is from 'package:deep_pick/src/pick.dart' ('../.pub-cache/hosted/pub.dev/deep_pick-1.1.0/lib/src/pick.dart').
  Try correcting the name to the name of an existing method, or defining a method named 'asTournamentListOrThrow'.
                pick(json, 'featured').asTournamentListOrThrow(),
                                       ^^^^^^^^^^^^^^^^^^^^^^^
  test/network/aggregator_test.dart:153:29: Error: The argument type 'List<dynamic>' can't be assigned to the parameter type 'Iterable<Future<dynamic>>'.
   - 'List' is from 'dart:core'.
   - 'Iterable' is from 'dart:core'.
   - 'Future' is from 'dart:async'.
        ] = await Future.wait([
                              ^
  test/test_container.dart:39:34: Error: Undefined name 'httpClientFactoryProvider'.
        httpClientFactoryProvider: httpClientFactoryProvider.overrideWith((ref) {
                                   ^^^^^^^^^^^^^^^^^^^^^^^^^
  test/test_container.dart:39:7: Error: Undefined name 'httpClientFactoryProvider'.
        httpClientFactoryProvider: httpClientFactoryProvider.overrideWith((ref) {
        ^^^^^^^^^^^^^^^^^^^^^^^^^
  test/test_container.dart:49:3: Error: 'AuthUser' isn't a type.
    AuthUser? authUser,
    ^^^^^^^^
  test/test_container.dart:53:46: Error: Undefined name 'kSRIStorageKey'.
    FlutterSecureStorage.setMockInitialValues({kSRIStorageKey: 'test'});
                                               ^^^^^^^^^^^^^^
  test/test_container.dart:56:26: Error: Undefined name 'nnueServiceProvider'.
      nnueServiceProvider: nnueServiceProvider.overrideWithValue(FakeNnueService()),
                           ^^^^^^^^^^^^^^^^^^^
  test/test_container.dart:56:5: Error: Undefined name 'nnueServiceProvider'.
      nnueServiceProvider: nnueServiceProvider.overrideWithValue(FakeNnueService()),
      ^^^^^^^^^^^^^^^^^^^
  test/test_container.dart:57:33: Error: Undefined name 'connectivityPluginProvider'.
      connectivityPluginProvider: connectivityPluginProvider.overrideWith((_) {
                                  ^^^^^^^^^^^^^^^^^^^^^^^^^^
  test/test_container.dart:57:5: Error: Undefined name 'connectivityPluginProvider'.
      connectivityPluginProvider: connectivityPluginProvider.overrideWith((_) {
      ^^^^^^^^^^^^^^^^^^^^^^^^^^
  test/test_container.dart:60:34: Error: Undefined name 'notificationDisplayProvider'.
      notificationDisplayProvider: notificationDisplayProvider.overrideWith((ref) {
                                   ^^^^^^^^^^^^^^^^^^^^^^^^^^^
  test/test_container.dart:60:5: Error: Undefined name 'notificationDisplayProvider'.
      notificationDisplayProvider: notificationDisplayProvider.overrideWith((ref) {
      ^^^^^^^^^^^^^^^^^^^^^^^^^^^
  test/test_container.dart:64:24: Error: Method not found: 'openAppDatabase'.
        final db = await openAppDatabase(databaseFactoryFfi, inMemoryDatabasePath);
                         ^^^^^^^^^^^^^^^
  test/test_container.dart:63:23: Error: Undefined name 'databaseProvider'.
      databaseProvider: databaseProvider.overrideWith((ref) async {
                        ^^^^^^^^^^^^^^^^
  test/test_container.dart:63:5: Error: Undefined name 'databaseProvider'.
      databaseProvider: databaseProvider.overrideWith((ref) async {
      ^^^^^^^^^^^^^^^^
  test/test_container.dart:68:38: Error: Undefined name 'webSocketChannelFactoryProvider'.
      webSocketChannelFactoryProvider: webSocketChannelFactoryProvider.overrideWith((ref) {
                                       ^^^^^^^^^^^^^^^^^^^^^^^^^^^^^^^
  test/test_container.dart:68:5: Error: Undefined name 'webSocketChannelFactoryProvider'.
      webSocketChannelFactoryProvider: webSocketChannelFactoryProvider.overrideWith((ref) {
      ^^^^^^^^^^^^^^^^^^^^^^^^^^^^^^^
  test/test_container.dart:72:20: Error: Method not found: 'SocketPool'.
        final pool = SocketPool(ref);
                     ^^^^^^^^^^
  test/test_container.dart:71:25: Error: Undefined name 'socketPoolProvider'.
      socketPoolProvider: socketPoolProvider.overrideWith((ref) {
                          ^^^^^^^^^^^^^^^^^^
  test/test_container.dart:71:5: Error: Undefined name 'socketPoolProvider'.
      socketPoolProvider: socketPoolProvider.overrideWith((ref) {
      ^^^^^^^^^^^^^^^^^^
  test/test_container.dart:76:32: Error: Undefined name 'httpClientFactoryProvider'.
      httpClientFactoryProvider: httpClientFactoryProvider.overrideWith((ref) {
                                 ^^^^^^^^^^^^^^^^^^^^^^^^^
  test/test_container.dart:76:5: Error: Undefined name 'httpClientFactoryProvider'.
      httpClientFactoryProvider: httpClientFactoryProvider.overrideWith((ref) {
      ^^^^^^^^^^^^^^^^^^^^^^^^^
  test/test_container.dart:79:27: Error: Undefined name 'soundServiceProvider'.
      soundServiceProvider: soundServiceProvider.overrideWithValue(FakeSoundService()),
                            ^^^^^^^^^^^^^^^^^^^^
  test/test_container.dart:79:5: Error: Undefined name 'soundServiceProvider'.
      soundServiceProvider: soundServiceProvider.overrideWithValue(FakeSoundService()),
      ^^^^^^^^^^^^^^^^^^^^
  test/test_container.dart:80:28: Error: Undefined name 'preloadedDataProvider'.
      preloadedDataProvider: preloadedDataProvider.overrideWith((ref) {
                             ^^^^^^^^^^^^^^^^^^^^^
  test/test_container.dart:80:5: Error: Undefined name 'preloadedDataProvider'.
      preloadedDataProvider: preloadedDataProvider.overrideWith((ref) {
      ^^^^^^^^^^^^^^^^^^^^^
  test/network/http_test.dart:26:38: Error: Undefined name 'httpClientFactoryProvider'.
            httpClientFactoryProvider: httpClientFactoryProvider.overrideWith((ref) {
                                       ^^^^^^^^^^^^^^^^^^^^^^^^^
  test/network/http_test.dart:26:11: Error: Undefined name 'httpClientFactoryProvider'.
            httpClientFactoryProvider: httpClientFactoryProvider.overrideWith((ref) {
            ^^^^^^^^^^^^^^^^^^^^^^^^^
  test/network/http_test.dart:31:37: Error: Undefined name 'lichessClientProvider'.
        final client = container.read(lichessClientProvider);
                                      ^^^^^^^^^^^^^^^^^^^^^
  test/network/http_test.dart:47:38: Error: Undefined name 'httpClientFactoryProvider'.
            httpClientFactoryProvider: httpClientFactoryProvider.overrideWith((ref) {
                                       ^^^^^^^^^^^^^^^^^^^^^^^^^
  test/network/http_test.dart:47:11: Error: Undefined name 'httpClientFactoryProvider'.
            httpClientFactoryProvider: httpClientFactoryProvider.overrideWith((ref) {
            ^^^^^^^^^^^^^^^^^^^^^^^^^
  test/network/http_test.dart:52:37: Error: Undefined name 'lichessClientProvider'.
        final client = container.read(lichessClientProvider);
                                      ^^^^^^^^^^^^^^^^^^^^^
  test/network/http_test.dart:68:38: Error: Undefined name 'httpClientFactoryProvider'.
            httpClientFactoryProvider: httpClientFactoryProvider.overrideWith((ref) {
                                       ^^^^^^^^^^^^^^^^^^^^^^^^^
  test/network/http_test.dart:68:11: Error: Undefined name 'httpClientFactoryProvider'.
            httpClientFactoryProvider: httpClientFactoryProvider.overrideWith((ref) {
            ^^^^^^^^^^^^^^^^^^^^^^^^^
  test/network/http_test.dart:73:37: Error: Undefined name 'lichessClientProvider'.
        final client = container.read(lichessClientProvider);
                                      ^^^^^^^^^^^^^^^^^^^^^
  test/network/http_test.dart:88:38: Error: Undefined name 'httpClientFactoryProvider'.
            httpClientFactoryProvider: httpClientFactoryProvider.overrideWith((ref) {
                                       ^^^^^^^^^^^^^^^^^^^^^^^^^
  test/network/http_test.dart:88:11: Error: Undefined name 'httpClientFactoryProvider'.
            httpClientFactoryProvider: httpClientFactoryProvider.overrideWith((ref) {
            ^^^^^^^^^^^^^^^^^^^^^^^^^
  test/network/http_test.dart:93:37: Error: Undefined name 'lichessClientProvider'.
        final client = container.read(lichessClientProvider);
                                      ^^^^^^^^^^^^^^^^^^^^^
  test/network/http_test.dart:109:38: Error: Undefined name 'httpClientFactoryProvider'.
            httpClientFactoryProvider: httpClientFactoryProvider.overrideWith((ref) {
                                       ^^^^^^^^^^^^^^^^^^^^^^^^^
  test/network/http_test.dart:109:11: Error: Undefined name 'httpClientFactoryProvider'.
            httpClientFactoryProvider: httpClientFactoryProvider.overrideWith((ref) {
            ^^^^^^^^^^^^^^^^^^^^^^^^^
  test/network/http_test.dart:115:31: Error: Method not found: 'UserId'.
            user: LightUser(id: UserId('test-user-id'), name: 'test-username'),
                                ^^^^^^
  test/network/http_test.dart:115:17: Error: Method not found: 'LightUser'.
            user: LightUser(id: UserId('test-user-id'), name: 'test-username'),
                  ^^^^^^^^^
  test/network/http_test.dart:113:25: Error: Couldn't find constructor 'AuthUser'.
          authUser: const AuthUser(
                          ^^^^^^^^
  test/network/http_test.dart:118:37: Error: Undefined name 'lichessClientProvider'.
        final client = container.read(lichessClientProvider);
                                      ^^^^^^^^^^^^^^^^^^^^^
  test/network/http_test.dart:134:38: Error: Undefined name 'httpClientFactoryProvider'.
            httpClientFactoryProvider: httpClientFactoryProvider.overrideWith((ref) {
                                       ^^^^^^^^^^^^^^^^^^^^^^^^^
  test/network/http_test.dart:134:11: Error: Undefined name 'httpClientFactoryProvider'.
            httpClientFactoryProvider: httpClientFactoryProvider.overrideWith((ref) {
            ^^^^^^^^^^^^^^^^^^^^^^^^^
  test/network/http_test.dart:139:37: Error: Undefined name 'lichessClientProvider'.
        final client = container.read(lichessClientProvider);
                                      ^^^^^^^^^^^^^^^^^^^^^
  test/network/http_test.dart:150:23: Error: 'ServerException' isn't a type.
            throwsA(isA<ServerException>().having((e) => e.statusCode, 'statusCode', 500)),
                        ^^^^^^^^^^^^^^^
  test/network/http_test.dart:154:23: Error: 'ServerException' isn't a type.
            throwsA(isA<ServerException>().having((e) => e.statusCode, 'statusCode', 503)),
                        ^^^^^^^^^^^^^^^
  test/network/http_test.dart:158:23: Error: 'ServerException' isn't a type.
            throwsA(isA<ServerException>().having((e) => e.statusCode, 'statusCode', 400)),
                        ^^^^^^^^^^^^^^^
  test/network/http_test.dart:162:23: Error: 'ServerException' isn't a type.
            throwsA(isA<ServerException>().having((e) => e.statusCode, 'statusCode', 404)),
                        ^^^^^^^^^^^^^^^
  test/network/http_test.dart:166:23: Error: 'ServerException' isn't a type.
            throwsA(isA<ServerException>().having((e) => e.statusCode, 'statusCode', 401)),
                        ^^^^^^^^^^^^^^^
  test/network/http_test.dart:170:23: Error: 'ServerException' isn't a type.
            throwsA(isA<ServerException>().having((e) => e.statusCode, 'statusCode', 403)),
                        ^^^^^^^^^^^^^^^
  test/network/http_test.dart:178:38: Error: Undefined name 'httpClientFactoryProvider'.
            httpClientFactoryProvider: httpClientFactoryProvider.overrideWith((ref) {
                                       ^^^^^^^^^^^^^^^^^^^^^^^^^
  test/network/http_test.dart:178:11: Error: Undefined name 'httpClientFactoryProvider'.
            httpClientFactoryProvider: httpClientFactoryProvider.overrideWith((ref) {
            ^^^^^^^^^^^^^^^^^^^^^^^^^
  test/network/http_test.dart:183:37: Error: Undefined name 'lichessClientProvider'.
        final client = container.read(lichessClientProvider);
                                      ^^^^^^^^^^^^^^^^^^^^^
  test/network/http_test.dart:197:38: Error: Undefined name 'httpClientFactoryProvider'.
            httpClientFactoryProvider: httpClientFactoryProvider.overrideWith((ref) {
                                       ^^^^^^^^^^^^^^^^^^^^^^^^^
  test/network/http_test.dart:197:11: Error: Undefined name 'httpClientFactoryProvider'.
            httpClientFactoryProvider: httpClientFactoryProvider.overrideWith((ref) {
            ^^^^^^^^^^^^^^^^^^^^^^^^^
  test/network/http_test.dart:202:37: Error: Undefined name 'lichessClientProvider'.
        final client = container.read(lichessClientProvider);
                                      ^^^^^^^^^^^^^^^^^^^^^
  test/network/http_test.dart:216:38: Error: Undefined name 'httpClientFactoryProvider'.
            httpClientFactoryProvider: httpClientFactoryProvider.overrideWith((ref) {
                                       ^^^^^^^^^^^^^^^^^^^^^^^^^
  test/network/http_test.dart:216:11: Error: Undefined name 'httpClientFactoryProvider'.
            httpClientFactoryProvider: httpClientFactoryProvider.overrideWith((ref) {
            ^^^^^^^^^^^^^^^^^^^^^^^^^
  test/network/http_test.dart:221:37: Error: Undefined name 'lichessClientProvider'.
        final client = container.read(lichessClientProvider);
                                      ^^^^^^^^^^^^^^^^^^^^^
  test/network/http_test.dart:242:38: Error: Undefined name 'httpClientFactoryProvider'.
            httpClientFactoryProvider: httpClientFactoryProvider.overrideWith((ref) {
                                       ^^^^^^^^^^^^^^^^^^^^^^^^^
  test/network/http_test.dart:242:11: Error: Undefined name 'httpClientFactoryProvider'.
            httpClientFactoryProvider: httpClientFactoryProvider.overrideWith((ref) {
            ^^^^^^^^^^^^^^^^^^^^^^^^^
  test/network/http_test.dart:248:31: Error: Method not found: 'UserId'.
            user: LightUser(id: UserId('test-user-id'), name: 'test-username'),
                                ^^^^^^
  test/network/http_test.dart:248:17: Error: Method not found: 'LightUser'.
            user: LightUser(id: UserId('test-user-id'), name: 'test-username'),
                  ^^^^^^^^^
  test/network/http_test.dart:246:25: Error: Couldn't find constructor 'AuthUser'.
          authUser: const AuthUser(
                          ^^^^^^^^
  test/network/http_test.dart:252:39: Error: Undefined name 'authControllerProvider'.
        final authUser = container.read(authControllerProvider);
                                        ^^^^^^^^^^^^^^^^^^^^^^
  test/network/http_test.dart:255:37: Error: Undefined name 'lichessClientProvider'.
        final client = container.read(lichessClientProvider);
                                      ^^^^^^^^^^^^^^^^^^^^^
  test/network/http_test.dart:265:21: Error: Method not found: 'signBearerToken'.
            'Bearer ${signBearerToken('test-token')}',
                      ^^^^^^^^^^^^^^^
  test/network/http_test.dart:276:40: Error: Undefined name 'httpClientFactoryProvider'.
              httpClientFactoryProvider: httpClientFactoryProvider.overrideWith((ref) {
                                         ^^^^^^^^^^^^^^^^^^^^^^^^^
  test/network/http_test.dart:276:13: Error: Undefined name 'httpClientFactoryProvider'.
              httpClientFactoryProvider: httpClientFactoryProvider.overrideWith((ref) {
              ^^^^^^^^^^^^^^^^^^^^^^^^^
  test/network/http_test.dart:280:22: Error: Method not found: 'DefaultClient'.
                return DefaultClient(
                       ^^^^^^^^^^^^^
  test/network/http_test.dart:279:36: Error: Undefined name 'defaultClientProvider'.
              defaultClientProvider: defaultClientProvider.overrideWith((ref) {
                                     ^^^^^^^^^^^^^^^^^^^^^
  test/network/http_test.dart:279:13: Error: Undefined name 'defaultClientProvider'.
              defaultClientProvider: defaultClientProvider.overrideWith((ref) {
              ^^^^^^^^^^^^^^^^^^^^^
  test/network/http_test.dart:296:33: Error: Method not found: 'UserId'.
              user: LightUser(id: UserId('test-user-id'), name: 'test-username'),
                                  ^^^^^^
  test/network/http_test.dart:296:19: Error: Method not found: 'LightUser'.
              user: LightUser(id: UserId('test-user-id'), name: 'test-username'),
                    ^^^^^^^^^
  test/network/http_test.dart:294:27: Error: Couldn't find constructor 'AuthUser'.
            authUser: c00:00 +0 -8: loading /home/flcsezz/mobile/test/model/puzzle/puzzle_service_test.dart [E]
  Failed to load "/home/flcsezz/mobile/test/model/puzzle/puzzle_service_test.dart":
  Compilation failed for testPath=/home/flcsezz/mobile/test/model/puzzle/puzzle_service_test.dart: Error: Couldn't resolve the package 'exochess_mobile' in 'package:exochess_mobile/src/model/common/id.dart'.
  Error: Couldn't resolve the package 'exochess_mobile' in 'package:exochess_mobile/src/model/common/perf.dart'.
  Error: Couldn't resolve the package 'exochess_mobile' in 'package:exochess_mobile/src/model/puzzle/puzzle.dart'.
  Error: Couldn't resolve the package 'exochess_mobile' in 'package:exochess_mobile/src/model/puzzle/puzzle_angle.dart'.
  Error: Couldn't resolve the package 'exochess_mobile' in 'package:exochess_mobile/src/model/puzzle/puzzle_batch_storage.dart'.
  Error: Couldn't resolve the package 'exochess_mobile' in 'package:exochess_mobile/src/model/puzzle/puzzle_service.dart'.
  Error: Couldn't resolve the package 'exochess_mobile' in 'package:exochess_mobile/src/model/puzzle/puzzle_theme.dart'.
  Error: Couldn't resolve the package 'exochess_mobile' in 'package:exochess_mobile/src/network/http.dart'.
  test/model/puzzle/puzzle_service_test.dart:8:8: Error: Not found: 'package:exochess_mobile/src/model/common/id.dart'
  import 'package:exochess_mobile/src/model/common/id.dart';
         ^
  test/model/puzzle/puzzle_service_test.dart:9:8: Error: Not found: 'package:exochess_mobile/src/model/common/perf.dart'
  import 'package:exochess_mobile/src/model/common/perf.dart';
         ^
  test/model/puzzle/puzzle_service_test.dart:10:8: Error: Not found: 'package:exochess_mobile/src/model/puzzle/puzzle.dart'
  import 'package:exochess_mobile/src/model/puzzle/puzzle.dart';
         ^
  test/model/puzzle/puzzle_service_test.dart:11:8: Error: Not found: 'package:exochess_mobile/src/model/puzzle/puzzle_angle.dart'
  import 'package:exochess_mobile/src/model/puzzle/puzzle_angle.dart';
         ^
  test/model/puzzle/puzzle_service_test.dart:12:8: Error: Not found: 'package:exochess_mobile/src/model/puzzle/puzzle_batch_storage.dart'
  import 'package:exochess_mobile/src/model/puzzle/puzzle_batch_storage.dart';
         ^
  test/model/puzzle/puzzle_service_test.dart:13:8: Error: Not found: 'package:exochess_mobile/src/model/puzzle/puzzle_service.dart'
  import 'package:exochess_mobile/src/model/puzzle/puzzle_service.dart';
         ^
  test/model/puzzle/puzzle_service_test.dart:14:8: Error: Not found: 'package:exochess_mobile/src/model/puzzle/puzzle_theme.dart'
  import 'package:exochess_mobile/src/model/puzzle/puzzle_theme.dart';
         ^
  test/model/puzzle/puzzle_service_test.dart:15:8: Error: Not found: 'package:exochess_mobile/src/network/http.dart'
  import 'package:exochess_mobile/src/network/http.dart';
         ^
  Error: Couldn't resolve the package 'exochess_mobile' in 'package:exochess_mobile/src/constants.dart'.
  Error: Couldn't resolve the package 'exochess_mobile' in 'package:exochess_mobile/src/db/database.dart'.
  Error: Couldn't resolve the package 'exochess_mobile' in 'package:exochess_mobile/src/model/auth/auth_controller.dart'.
  Error: Couldn't resolve the package 'exochess_mobile' in 'package:exochess_mobile/src/model/common/preloaded_data.dart'.
  Error: Couldn't resolve the package 'exochess_mobile' in 'package:exochess_mobile/src/model/common/service/sound_service.dart'.
  Error: Couldn't resolve the package 'exochess_mobile' in 'package:exochess_mobile/src/model/engine/nnue_service.dart'.
  Error: Couldn't resolve the package 'exochess_mobile' in 'package:exochess_mobile/src/model/notifications/notification_service.dart'.
  Error: Couldn't resolve the package 'exochess_mobile' in 'package:exochess_mobile/src/network/connectivity.dart'.
  test/test_container.dart:16:8: Error: Not found: 'package:exochess_mobile/src/network/http.dart'
  import 'package:exochess_mobile/src/network/http.dart';
         ^
  Error: Couldn't resolve the package 'exochess_mobile' in 'package:exochess_mobile/src/network/socket.dart'.
  test/test_container.dart:8:8: Error: Not found: 'package:exochess_mobile/src/constants.dart'
  import 'package:exochess_mobile/src/constants.dart';
         ^
  test/test_container.dart:9:8: Error: Not found: 'package:exochess_mobile/src/db/database.dart'
  import 'package:exochess_mobile/src/db/database.dart';
         ^
  test/test_container.dart:10:8: Error: Not found: 'package:exochess_mobile/src/model/auth/auth_controller.dart'
  import 'package:exochess_mobile/src/model/auth/auth_controller.dart';
         ^
  test/test_container.dart:11:8: Error: Not found: 'package:exochess_mobile/src/model/common/preloaded_data.dart'
  import 'package:exochess_mobile/src/model/common/preloaded_data.dart';
         ^
  test/test_container.dart:12:8: Error: Not found: 'package:exochess_mobile/src/model/common/service/sound_service.dart'
  import 'package:exochess_mobile/src/model/common/service/sound_service.dart';
         ^
  test/test_container.dart:13:8: Error: Not found: 'package:exochess_mobile/src/model/engine/nnue_service.dart'
  import 'package:exochess_mobile/src/model/engine/nnue_service.dart';
         ^
  test/test_container.dart:14:8: Error: Not found: 'package:exochess_mobile/src/model/notifications/notification_service.dart'
  import 'package:exochess_mobile/src/model/notifications/notification_service.dart';
         ^
  test/test_container.dart:15:8: Error: Not found: 'package:exochess_mobile/src/network/connectivity.dart'
  import 'package:exochess_mobile/src/network/connectivity.dart';
         ^
  test/test_container.dart:17:8: Error: Not found: 'package:exochess_mobile/src/network/socket.dart'
  import 'package:exochess_mobile/src/network/socket.dart';
         ^
  Error: Couldn't resolve the package 'exochess_mobile' in 'package:exochess_mobile/src/model/common/chess.dart'.
  test/model/common/service/fake_sound_service.dart:2:8: Error: Not found: 'package:exochess_mobile/src/model/common/service/sound_service.dart'
  import 'package:exochess_mobile/src/model/common/service/sound_service.dart';
         ^
  Error: Couldn't resolve the package 'exochess_mobile' in 'package:exochess_mobile/src/model/settings/general_preferences.dart'.
  Error: Couldn't resolve the package 'exochess_mobile' in 'package:exochess_mobile/src/binding.dart'.
  test/model/engine/fake_nnue_service.dart:4:8: Error: Not found: 'package:exochess_mobile/src/model/engine/nnue_service.dart'
  import 'package:exochess_mobile/src/model/engine/nnue_service.dart';
         ^
  test/network/fake_http_client_factory.dart:2:8: Error: Not found: 'package:exochess_mobile/src/network/http.dart'
  import 'package:exochess_mobile/src/network/http.dart';
         ^
  test/network/fake_websocket_channel.dart:6:8: Error: Not found: 'package:exochess_mobile/src/network/socket.dart'
  import 'package:exochess_mobile/src/network/socket.dart';
         ^
  test/model/common/service/fake_sound_service.dart:1:8: Error: Not found: 'package:exochess_mobile/src/model/common/chess.dart'
  import 'package:exochess_mobile/src/model/common/chess.dart';
         ^
  test/model/common/service/fake_sound_service.dart:3:8: Error: Not found: 'package:exochess_mobile/src/model/settings/general_preferences.dart'
  import 'package:exochess_mobile/src/model/settings/general_preferences.dart';
         ^
  test/binding.dart:4:8: Error: Not found: 'package:exochess_mobile/src/binding.dart'
  import 'package:exochess_mobile/src/binding.dart';
         ^
  test/model/puzzle/puzzle_service_test.dart:397:1: Error: Type 'PuzzleBatch' not found.
  PuzzleBatch _makePuzzleBatch({
  ^^^^^^^^^^^
  test/model/puzzle/puzzle_service_test.dart:398:17: Error: Type 'PuzzleId' not found.
    required List<PuzzleId> unsolved,
                  ^^^^^^^^
  test/model/puzzle/puzzle_service_test.dart:399:8: Error: Type 'PuzzleSolution' not found.
    List<PuzzleSolution> solved = const [],
         ^^^^^^^^^^^^^^
  test/test_container.dart:49:3: Error: Type 'AuthUser' not found.
    AuthUser? authUser,
    ^^^^^^^^
  test/model/common/service/fake_sound_service.dart:5:35: Error: Type 'SoundService' not found.
  class FakeSoundService implements SoundService {
                                    ^^^^^^^^^^^^
  test/model/common/service/fake_sound_service.dart:7:21: Error: Type 'Sound' not found.
    Future<void> play(Sound sound, {double? volume}) async {}
                      ^^^^^
  test/model/common/service/fake_sound_service.dart:10:33: Error: Type 'Variant' not found.
    Future<void> playCaptureSound(Variant variant, {double? volume}) async {}
                                  ^^^^^^^
  test/model/common/service/fake_sound_service.dart:13:28: Error: Type 'SoundTheme' not found.
    Future<void> changeTheme(SoundTheme theme, {bool playSound = false}) async {}
                             ^^^^^^^^^^
  test/binding.dart:14:35: Error: Type 'ExoChessBinding' not found.
  class TestExoChessBinding extends ExoChessBinding {
                                    ^^^^^^^^^^^^^^^
  test/model/engine/fake_nnue_service.dart:13:34: Error: Type 'NnueService' not found.
  class FakeNnueService implements NnueService {
                                   ^^^^^^^^^^^
  test/model/engine/fake_nnue_service.dart:25:3: Error: Type 'NNUEFiles' not found.
    NNUEFiles get nnueFiles {
    ^^^^^^^^^
  test/model/engine/fake_nnue_service.dart:56:45: Error: Type 'NnueService' not found.
  class FakeNnueServiceUnavailable implements NnueService {
                                              ^^^^^^^^^^^
  test/model/engine/fake_nnue_service.dart:68:3: Error: Type 'NNUEFiles' not found.
    NNUEFiles get nnueFiles {
    ^^^^^^^^^
  test/network/fake_http_client_factory.dart:4:40: Error: Type 'HttpClientFactory' not found.
  class FakeHttpClientFactory implements HttpClientFactory {
                                         ^^^^^^^^^^^^^^^^^
  test/network/fake_websocket_channel.dart:24:56: Error: Type 'WebSocketChannelFactory' not found.
  class ListenableFakeWebSocketChannelFactory implements WebSocketChannelFactory {
                                                         ^^^^^^^^^^^^^^^^^^^^^^^
  test/network/fake_websocket_channel.dart:65:46: Error: Type 'WebSocketChannelFactory' not found.
  class FakeWebSocketChannelFactory implements WebSocketChannelFactory {
                                               ^^^^^^^^^^^^^^^^^^^^^^^
  test/model/puzzle/puzzle_service_test.dart:380:15: Error: Couldn't find constructor 'PuzzleId'.
      id: const PuzzleId('pId3'),
                ^^^^^^^^
  test/model/puzzle/puzzle_service_test.dart:379:11: Error: Method not found: 'PuzzleData'.
    puzzle: PuzzleData(
            ^^^^^^^^^^
  test/model/puzzle/puzzle_service_test.dart:388:9: Error: Method not found: 'GameId'.
      id: GameId('PrlkCqOv'),
          ^^^^^^
  test/model/puzzle/puzzle_service_test.dart:389:11: Error: Undefined name 'Perf'.
      perf: Perf.blitz,
            ^^^^
  test/model/puzzle/puzzle_service_test.dart:391:12: Error: Method not found: 'PuzzleGamePlayer'.
      white: PuzzleGamePlayer(side: Side.white, name: 'user1'),
             ^^^^^^^^^^^^^^^^
  test/model/puzzle/puzzle_service_test.dart:392:12: Error: Method not found: 'PuzzleGamePlayer'.
      black: PuzzleGamePlayer(side: Side.black, name: 'user2'),
             ^^^^^^^^^^^^^^^^
  test/model/puzzle/puzzle_service_test.dart:387:15: Error: Couldn't find constructor 'PuzzleGame'.
    game: const PuzzleGame(
                ^^^^^^^^^^
  test/model/puzzle/puzzle_service_test.dart:378:22: Error: Method not found: 'Puzzle'.
  final samplePuzzle = Puzzle(
                       ^^^^^^
  test/model/puzzle/puzzle_service_test.dart:25:18: Error: Method not found: 'ExoChessClient'.
            return ExoChessClient(mockClient, ref);
                   ^^^^^^^^^^^^^^
  test/model/puzzle/puzzle_service_test.dart:24:32: Error: Undefined name 'lichessClientProvider'.
          lichessClientProvider: lichessClientProvider.overrideWith((ref) {
                                 ^^^^^^^^^^^^^^^^^^^^^
  test/model/puzzle/puzzle_service_test.dart:24:9: Error: Undefined name 'lichessClientProvider'.
          lichessClientProvider: lichessClientProvider.overrideWith((ref) {
          ^^^^^^^^^^^^^^^^^^^^^
  test/model/puzzle/puzzle_service_test.dart:43:44: Error: Undefined name 'puzzleBatchStorageProvider'.
        final storage = await container.read(puzzleBatchStorageProvider.future);
                                             ^^^^^^^^^^^^^^^^^^^^^^^^^^
  test/model/puzzle/puzzle_service_test.dart:44:44: Error: Undefined name 'puzzleServiceFactoryProvider'.
        final service = await container.read(puzzleServiceFactoryProvider)(queueLength: 3);
                                             ^^^^^^^^^^^^^^^^^^^^^^^^^^^^
  test/model/puzzle/puzzle_service_test.dart:48:51: Error: Couldn't find constructor 'PuzzleId'.
        expect(next?.puzzle.puzzle.id, equals(const PuzzleId('20yWT')));
                                                    ^^^^^^^^
  test/model/puzzle/puzzle_service_test.dart:65:44: Error: Undefined name 'puzzleBatchStorageProvider'.
        final storage = await container.read(puzzleBatchStorageProvider.future);
                                             ^^^^^^^^^^^^^^^^^^^^^^^^^^
  test/model/puzzle/puzzle_service_test.dart:66:44: Error: Undefined name 'puzzleServiceFactoryProvider'.
        final service = await container.read(puzzleServiceFactoryProvider)(queueLength: 1);
                                             ^^^^^^^^^^^^^^^^^^^^^^^^^^^^
  test/model/puzzle/puzzle_service_test.dart:68:80: Error: Couldn't find constructor 'PuzzleId'.
        await storage.save(userId: null, data: _makePuzzleBatch(unsolved: [const PuzzleId('pId3')]));
                                                                                 ^^^^^^^^
  test/model/puzzle/puzzle_service_test.dart:72:51: Error: Couldn't find constructor 'PuzzleId'.
        expect(next?.puzzle.puzzle.id, equals(const PuzzleId('pId3')));
                                                    ^^^^^^^^
  test/model/puzzle/puzzle_service_test.dart:89:44: Error: Undefined name 'puzzleBatchStorageProvider'.
        final storage = await container.read(puzzleBatchStorageProvider.future);
                                             ^^^^^^^^^^^^^^^^^^^^^^^^^^
  test/model/puzzle/puzzle_service_test.dart:90:44: Error: Undefined name 'puzzleServiceFactoryProvider'.
        final service = await container.read(puzzleServiceFactoryProvider)(queueLength: 2);
                                             ^^^^^^^^^^^^^^^^^^^^^^^^^^^^
  test/model/puzzle/puzzle_service_test.dart:91:80: Error: Couldn't find constructor 'PuzzleId'.
        await storage.save(userId: null, data: _makePuzzleBatch(unsolved: [const PuzzleId('pId3')]));
                                                                                 ^^^^^^^^
  test/model/puzzle/puzzle_service_test.dart:94:51: Error: Couldn't find constructor 'PuzzleId'.
        expect(next?.puzzle.puzzle.id, equals(const PuzzleId('pId3')));
                                                    ^^^^^^^^
  test/model/puzzle/puzzle_service_test.dart:116:44: Error: Undefined name 'puzzleBatchStorageProvider'.
        final storage = await container.read(puzzleBatchStorageProvider.future);
                                             ^^^^^^^^^^^^^^^^^^^^^^^^^^
  test/model/puzzle/puzzle_service_test.dart:118:44: Error: Undefined name 'puzzleServiceFactoryProvider'.
        final service = await container.read(puzzleServiceFactoryProvider)(queueLength: 1);
                                             ^^^^^^^^^^^^^^^^^^^^^^^^^^^^
  test/model/puzzle/puzzle_service_test.dart:120:23: Error: Couldn't find constructor 'UserId'.
          userId: const UserId('testUserId'),
                        ^^^^^^
  test/model/puzzle/puzzle_service_test.dart:122:28: Error: Couldn't find constructor 'PuzzleId'.
            unsolved: [const PuzzleId('pId3')],
                             ^^^^^^^^
  test/model/puzzle/puzzle_service_test.dart:123:45: Error: Method not found: 'PuzzleId'.
            solved: [const PuzzleSolution(id: PuzzleId('soAw'), win: true, rated: true)],
                                              ^^^^^^^^
  test/model/puzzle/puzzle_service_test.dart:123:26: Error: Couldn't find constructor 'PuzzleSolution'.
            solved: [const PuzzleSolution(id: PuzzleId('soAw'), win: true, rated: true)],
                           ^^^^^^^^^^^^^^
  test/model/puzzle/puzzle_service_test.dart:127:59: Error: Couldn't find constructor 'UserId'.
        final next = await service.nextPuzzle(userId: const UserId('testUserId'));
                                                            ^^^^^^
  test/model/puzzle/puzzle_service_test.dart:130:51: Error: Couldn't find constructor 'PuzzleId'.
        expect(next?.puzzle.puzzle.id, equals(const PuzzleId('pId3')));
                                                    ^^^^^^^^
  test/model/puzzle/puzzle_service_test.dart:131:54: Error: Couldn't find constructor 'UserId'.
        final data = await storage.fetch(userId: const UserId('testUserId'));
                                                       ^^^^^^
  test/model/puzzle/puzzle_service_test.dart:144:44: Error: Undefined name 'puzzleBatchStorageProvider'.
        final storage = await container.read(puzzleBatchStorageProvider.future);
                                             ^^^^^^^^^^^^^^^^^^^^^^^^^^
  test/model/puzzle/puzzle_service_test.dart:145:44: Error: Undefined name 'puzzleServiceFactoryProvider'.
        final service = await container.read(puzzleServiceFactoryProvider)(queueLength: 1);
                                             ^^^^^^^^^^^^^^^^^^^^^^^^^^^^
  test/model/puzzle/puzzle_service_test.dart:146:80: Error: Couldn't find constructor 'PuzzleId'.
        await storage.save(userId: null, data: _makePuzzleBatch(unsolved: [const PuzzleId('pId3')]));
                                                                                 ^^^^^^^^
  test/model/puzzle/puzzle_service_test.dart:150:51: Error: Couldn't find constructor 'PuzzleId'.
        expect(next?.puzzle.puzzle.id, equals(const PuzzleId('pId3')));
                                                    ^^^^^^^^
  test/model/puzzle/puzzle_service_test.dart:155:52: Error: Couldn't find constructor 'PuzzleId'.
        expect(next2?.puzzle.puzzle.id, equals(const PuzzleId('pId3')));
                                                     ^^^^^^^^
  test/model/puzzle/puzzle_service_test.dart:166:44: Error: Undefined name 'puzzleServiceFactoryProvider'.
        final service = await container.read(puzzleServiceFactoryProvider)(queueLength: 1);
                                             ^^^^^^^^^^^^^^^^^^^^^^^^^^^^
  test/model/puzzle/puzzle_service_test.dart:184:44: Error: Undefined name 'puzzleBatchStorageProvider'.
        final storage = await container.read(puzzleBatchStorageProvider.future);
                                             ^^^^^^^^^^^^^^^^^^^^^^^^^^
  test/model/puzzle/puzzle_service_test.dart:185:44: Error: Undefined name 'puzzleServiceFactoryProvider'.
        final service = await container.read(puzzleServiceFactoryProvider)(queueLength: 1);
                                             ^^^^^^^^^^^^^^^^^^^^^^^^^^^^
  test/model/puzzle/puzzle_service_test.dart:186:80: Error: Couldn't find constructor 'PuzzleId'.
        await storage.save(userId: null, data: _makePuzzleBatch(unsolved: [const PuzzleId('pId3')]));
                                                                                 ^^^^^^^^
  test/model/puzzle/puzzle_service_test.dart:188:59: Error: Couldn't find constructor 'UserId'.
        final next = await service.nextPuzzle(userId: const UserId('testUserId'));
                                                            ^^^^^^
  test/model/puzzle/puzzle_service_test.dart:189:51: Error: Couldn't find constructor 'PuzzleId'.
        expect(next?.puzzle.puzzle.id, equals(const PuzzleId('20yWT')));
                                                    ^^^^^^^^
  test/model/puzzle/puzzle_service_test.dart:192:54: Error: Couldn't find constructor 'UserId'.
        final data = await storage.fetch(userId: const UserId('testUserId'));
                                                       ^^^^^^
  test/model/puzzle/puzzle_service_test.dart:207:44: Error: Undefined name 'puzzleBatchStorageProvider'.
        final storage = await container.read(puzzleBatchStorageProvider.future);
                                             ^^^^^^^^^^^^^^^^^^^^^^^^^^
  test/model/puzzle/puzzle_service_test.dart:208:44: Error: Undefined name 'puzzleServiceFactoryProvider'.
        final service = await container.read(puzzleServiceFactoryProvider)(queueLength: 1);
                                             ^^^^^^^^^^^^^^^^^^^^^^^^^^^^
  test/model/puzzle/puzzle_service_test.dart:209:80: Error: Couldn't find constructor 'PuzzleId'.
        await storage.save(userId: null, data: _makePuzzleBatch(unsolved: [const PuzzleId('pId3')]));
                                                                                 ^^^^^^^^
  test/model/puzzle/puzzle_service_test.dart:212:34: Error: Undefined name 'PuzzleThemeKey'.
          angle: const PuzzleTheme(PuzzleThemeKey.opening),
                                   ^^^^^^^^^^^^^^
  test/model/puzzle/puzzle_service_test.dart:212:22: Error: Couldn't find constructor 'PuzzleTheme'.
          angle: const PuzzleTheme(PuzzleThemeKey.opening),
                       ^^^^^^^^^^^
  test/model/puzzle/puzzle_service_test.dart:215:51: Error: Couldn't find constructor 'PuzzleId'.
        expect(next?.puzzle.puzzle.id, equals(const PuzzleId('20yWT')));
                                                    ^^^^^^^^
  test/model/puzzle/puzzle_service_test.dart:220:34: Error: Undefined name 'PuzzleThemeKey'.
          angle: const PuzzleTheme(PuzzleThemeKey.opening),
                                   ^^^^^^^^^^^^^^
  test/model/puzzle/puzzle_service_test.dart:220:22: Error: Couldn't find constructor 'PuzzleTheme'.
          angle: const PuzzleTheme(PuzzleThemeKey.opening),
                       ^^^^^^^^^^^
  test/model/puzzle/puzzle_service_test.dart:236:44: Error: Undefined name 'puzzleBatchStorageProvider'.
        final storage = await container.read(puzzleBatchStorageProvider.future);
                                             ^^^^^^^^^^^^^^^^^^^^^^^^^^
  test/model/puzzle/puzzle_service_test.dart:237:44: Error: Undefined name 'puzzleServiceFactoryProvider'.
        final service = await container.read(puzzleServiceFactoryProvider)(queueLength: 1);
                                             ^^^^^^^^^^^^^^^^^^^^^^^^^^^^
  test/model/puzzle/puzzle_service_test.dart:238:80: Error: Couldn't find constructor 'PuzzleId'.
        await storage.save(userId: null, data: _makePuzzleBatch(unsolved: [const PuzzleId('pId3')]));
                                                                                 ^^^^^^^^
  test/model/puzzle/puzzle_service_test.dart:242:44: Error: Method not found: 'PuzzleId'.
          solution: const PuzzleSolution(id: PuzzleId('pId3'), win: true, rated: true),
                                             ^^^^^^^^
  test/model/puzzle/puzzle_service_test.dart:242:25: Error: Couldn't find constructor 'PuzzleSolution'.
          solution: const PuzzleSolution(id: PuzzleId('pId3'), win: true, rated: true),
                          ^^^^^^^^^^^^^^
  test/model/puzzle/puzzle_service_test.dart:250:56: Error: Couldn't find constructor 'PuzzleId'.
        expect(data?.unsolved[0].puzzle.id, equals(const PuzzleId('20yWT')));
                                                         ^^^^^^^^
  test/model/puzzle/puzzle_service_test.dart:251:51: Error: Couldn't find constructor 'PuzzleId'.
        expect(next?.puzzle.puzzle.id, equals(const PuzzleId('20yWT')));
                                                    ^^^^^^^^
  test/model/puzzle/puzzle_service_test.dart:272:44: Error: Undefined name 'puzzleBatchStorageProvider'.
        final storage = await container.read(puzzleBatchStorageProvider.future);
                                             ^^^^^^^^^^^^^^^^^^^^^^^^^^
  test/model/puzzle/puzzle_service_test.dart:273:44: Error: Undefined name 'puzzleServiceFactoryProvider'.
        final service = await container.read(puzzleServiceFactoryProvider)(queueLength: 1);
                                             ^^^^^^^^^^^^^^^^^^^^^^^^^^^^
  test/model/puzzle/puzzle_service_test.dart:275:23: Error: Couldn't find constructor 'UserId'.
          userId: const UserId('testUserId'),
                        ^^^^^^
  test/model/puzzle/puzzle_service_test.dart:276:49: Error: Couldn't find constructor 'PuzzleId'.
          data: _makePuzzleBatch(unsolved: [const PuzzleId('pId3')]),
                                                  ^^^^^^^^
  test/model/puzzle/puzzle_service_test.dart:281:44: Error: Method not found: 'PuzzleId'.
          solution: const PuzzleSolution(id: PuzzleId('pId3'), win: true, rated: true),
                                             ^^^^^^^^
  test/model/puzzle/puzzle_service_test.dart:281:25: Error: Couldn't find constructor 'PuzzleSolution'.
          solution: const PuzzleSolution(id: PuzzleId('pId3'), win: true, rated: true),
                          ^^^^^^^^^^^^^^
  test/model/puzzle/puzzle_service_test.dart:282:23: Error: Couldn't find constructor 'UserId'.
          userId: const UserId('testUserId'),
                        ^^^^^^
  test/model/puzzle/puzzle_service_test.dart:287:54: Error: Couldn't find constructor 'UserId'.
        final data = await storage.fetch(userId: const UserId('testUserId'));
                                                       ^^^^^^
  test/model/puzzle/puzzle_service_test.dart:288:41: Error: 'PuzzleSolution' isn't a type.
        expect(data?.solved, equals(IList<PuzzleSolution>(const [])));
                                          ^^^^^^^^^^^^^^
  test/model/puzzle/puzzle_service_test.dart:289:56: Error: Couldn't find constructor 'PuzzleId'.
        expect(data?.unsolved[0].puzzle.id, equals(const PuzzleId('20yWT')));
                                                         ^^^^^^^^
  test/model/puzzle/puzzle_service_test.dart:290:51: Error: Couldn't find constructor 'PuzzleId'.
        expect(next?.puzzle.puzzle.id, equals(const PuzzleId('20yWT')));
                                                    ^^^^^^^^
  test/model/puzzle/puzzle_service_test.dart:295:45: Error: Method not found: 'PuzzleId'.
          equals(IList(const [PuzzleRound(id: PuzzleId('pId3'), ratingDiff: 10, win: true)])),
                                              ^^^^^^^^
  test/model/puzzle/puzzle_service_test.dart:295:29: Error: Method not found: 'PuzzleRound'.
          equals(IList(const [PuzzleRound(id: PuzzleId('pId3'), ratingDiff: 10, win: true)])),
                              ^^^^^^^^^^^
  test/model/puzzle/puzzle_service_test.dart:307:44: Error: Undefined name 'puzzleBatchStorageProvider'.
        final storage = await container.read(puzzleBatchStorageProvider.future);
                                             ^^^^^^^^^^^^^^^^^^^^^^^^^^
  test/model/puzzle/puzzle_service_test.dart:308:44: Error: Undefined name 'puzzleServiceFactoryProvider'.
        final service = await container.read(puzzleServiceFactoryProvider)(queueLength: 2);
                                             ^^^^^^^^^^^^^^^^^^^^^^^^^^^^
  test/model/puzzle/puzzle_service_test.dart:310:23: Error: Couldn't find constructor 'UserId'.
          userId: const UserId('testUserId'),
                        ^^^^^^
  test/model/puzzle/puzzle_service_test.dart:311:49: Error: Couldn't find constructor 'PuzzleId'.
          data: _makePuzzleBatch(unsolved: [const PuzzleId('pId3'), const PuzzleId('pId4')]),
                                                  ^^^^^^^^
  test/model/puzzle/puzzle_service_test.dart:311:73: Error: Couldn't find constructor 'PuzzleId'.
          data: _makePuzzleBatch(unsolved: [const PuzzleId('pId3'), const PuzzleId('pId4')]),
                                                                          ^^^^^^^^
  test/model/puzzle/puzzle_service_test.dart:314:43: Error: Method not found: 'PuzzleId'.
        const solution = PuzzleSolution(id: PuzzleId('pId3'), win: true, rated: true);
                                            ^^^^^^^^
  test/model/puzzle/puzzle_service_test.dart:314:24: Error: Method not found: 'PuzzleSolution'.
        const solution = PuzzleSolution(id: PuzzleId('pId3'), win: true, rated: true);
                         ^^^^^^^^^^^^^^
  test/model/puzzle/puzzle_service_test.dart:319:23: Error: Couldn't find constructor 'UserId'.
          userId: const UserId('testUserId'),
                        ^^^^^^
  test/model/puzzle/puzzle_service_test.dart:324:54: Error: Couldn't find constructor 'UserId'.
        final data = await storage.fetch(userId: const UserId('testUserId'));
                                                       ^^^^^^
  test/model/puzzle/puzzle_service_test.dart:327:51: Error: Couldn't find constructor 'PuzzleId'.
        expect(next?.puzzle.puzzle.id, equals(const PuzzleId('pId4')));
                                                    ^^^^^^^^
  test/model/puzzle/puzzle_service_test.dart:341:44: Error: Undefined name 'puzzleBatchStorageProvider'.
        final storage = await container.read(puzzleBatchStorageProvider.future);
                                             ^^^^^^^^^^^^^^^^^^^^^^^^^^
  test/model/puzzle/puzzle_service_test.dart:342:44: Error: Undefined name 'puzzleServiceFactoryProvider'.
        final service = await container.read(puzzleServiceFactoryProvider)(queueLength: 2);
                                             ^^^^^^^^^^^^^^^^^^^^^^^^^^^^
  test/model/puzzle/puzzle_service_test.dart:345:23: Error: Couldn't find constructor 'UserId'.
          userId: const UserId('testUserId'),
                        ^^^^^^
  test/model/puzzle/puzzle_service_test.dart:346:49: Error: Couldn't find constructor 'PuzzleId'.
          data: _makePuzzleBatch(unsolved: [const PuzzleId('pId3'), const PuzzleId('pId4')]),
                                                  ^^^^^^^^
  test/model/puzzle/puzzle_service_test.dart:346:73: Error: Couldn't find constructor 'PuzzleId'.
          data: _makePuzzleBatch(unsolved: [const PuzzleId('pId3'), const PuzzleId('pId4')]),
                                                                          ^^^^^^^^
  test/model/puzzle/puzzle_service_test.dart:349:59: Error: Couldn't find constructor 'UserId'.
        final next = await service.resetBatch(userId: const UserId('testUserId'));
                                                            ^^^^^^
  test/model/puzzle/puzzle_service_test.dart:352:54: Error: Couldn't find constructor 'UserId'.
        final data = await storage.fetch(userId: const UserId('testUserId'));
                                                       ^^^^^^
  test/model/puzzle/puzzle_service_test.dart:353:51: Error: Couldn't find constructor 'PuzzleId'.
        expect(next?.puzzle.puzzle.id, equals(const PuzzleId('20yWT')));
                                                    ^^^^^^^^
  test/model/puzzle/puzzle_service_test.dart:356:56: Error: Couldn't find constructor 'PuzzleId'.
        expect(data?.unsolved[0].puzzle.id, equals(const PuzzleId('20yWT')));
                                                         ^^^^^^^^
  test/model/puzzle/puzzle_service_test.dart:357:56: Error: Couldn't find constructor 'PuzzleId'.
        expect(data?.unsolved[1].puzzle.id, equals(const PuzzleId('7H5EV')));
                                                         ^^^^^^^^
  test/model/puzzle/puzzle_service_test.dart:49:34: Error: The method 'fetch' isn't defined for the type 'Object?'.
   - 'Object' is from 'dart:core'.
  Try correcting the name to the name of an existing method, or defining a method named 'fetch'.
        final data = await storage.fetch(userId: null);
                                   ^^^^^
  test/model/puzzle/puzzle_service_test.dart:68:21: Error: The method 'save' isn't defined for the type 'Object?'.
   - 'Object' is from 'dart:core'.
  Try correcting the name to the name of an existing method, or defining a method named 'save'.
        await storage.save(userId: null, data: _makePuzzleBatch(unsolved: [const PuzzleId('pId3')]));
                      ^^^^
  test/model/puzzle/puzzle_service_test.dart:73:34: Error: The method 'fetch' isn't defined for the type 'Object?'.
   - 'Object' is from 'dart:core'.
  Try correcting the name to the name of an existing method, or defining a method named 'fetch'.
        final data = await storage.fetch(userId: null);
                                   ^^^^^
  test/model/puzzle/puzzle_service_test.dart:91:21: Error: The method 'save' isn't defined for the type 'Object?'.
   - 'Object' is from 'dart:core'.
  Try correcting the name to the name of an existing method, or defining a method named 'save'.
        await storage.save(userId: null, data: _makePuzzleBatch(unsolved: [const PuzzleId('pId3')]));
        00:00 +0 -4: loading /home/flcsezz/mobile/test/app_test.dart [E]
  Failed to load "/home/flcsezz/mobile/test/app_test.dart":
  Compilation failed for testPath=/home/flcsezz/mobile/test/app_test.dart: Error: Couldn't resolve the package 'exochess_mobile' in 'package:exochess_mobile/l10n/l10n.dart'.
  Error: Couldn't resolve the package 'exochess_mobile' in 'package:exochess_mobile/src/app.dart'.
  Error: Couldn't resolve the package 'exochess_mobile' in 'package:exochess_mobile/src/model/settings/general_preferences.dart'.
  Error: Couldn't resolve the package 'exochess_mobile' in 'package:exochess_mobile/src/model/settings/preferences_storage.dart'.
  Error: Couldn't resolve the package 'exochess_mobile' in 'package:exochess_mobile/src/network/http.dart'.
  Error: Couldn't resolve the package 'exochess_mobile' in 'package:exochess_mobile/src/tab_scaffold.dart'.
  Error: Couldn't resolve the package 'exochess_mobile' in 'package:exochess_mobile/src/view/home/home_tab_screen.dart'.
  test/app_test.dart:6:8: Error: Not found: 'package:exochess_mobile/l10n/l10n.dart'
  import 'package:exochess_mobile/l10n/l10n.dart';
         ^
  test/app_test.dart:7:8: Error: Not found: 'package:exochess_mobile/src/app.dart'
  import 'package:exochess_mobile/src/app.dart';
         ^
  test/app_test.dart:8:8: Error: Not found: 'package:exochess_mobile/src/model/settings/general_preferences.dart'
  import 'package:exochess_mobile/src/model/settings/general_preferences.dart';
         ^
  test/app_test.dart:9:8: Error: Not found: 'package:exochess_mobile/src/model/settings/preferences_storage.dart'
  import 'package:exochess_mobile/src/model/settings/preferences_storage.dart';
         ^
  test/app_test.dart:10:8: Error: Not found: 'package:exochess_mobile/src/network/http.dart'
  import 'package:exochess_mobile/src/network/http.dart';
         ^
  test/app_test.dart:11:8: Error: Not found: 'package:exochess_mobile/src/tab_scaffold.dart'
  import 'package:exochess_mobile/src/tab_scaffold.dart';
         ^
  test/app_test.dart:12:8: Error: Not found: 'package:exochess_mobile/src/view/home/home_tab_screen.dart'
  import 'package:exochess_mobile/src/view/home/home_tab_screen.dart';
         ^
  Error: Couldn't resolve the package 'exochess_mobile' in 'package:exochess_mobile/src/model/auth/auth_controller.dart'.
  Error: Couldn't resolve the package 'exochess_mobile' in 'package:exochess_mobile/src/model/auth/auth_storage.dart'.
  Error: Couldn't resolve the package 'exochess_mobile' in 'package:exochess_mobile/src/model/common/id.dart'.
  Error: Couldn't resolve the package 'exochess_mobile' in 'package:exochess_mobile/src/model/user/user.dart'.
  test/network/fake_http_client_factory.dart:2:8: Error: Not found: 'package:exochess_mobile/src/network/http.dart'
  import 'package:exochess_mobile/src/network/http.dart';
         ^
  test/test_provider_scope.dart:12:8: Error: Not found: 'package:exochess_mobile/l10n/l10n.dart'
  import 'package:exochess_mobile/l10n/l10n.dart';
         ^
  Error: Couldn't resolve the package 'exochess_mobile' in 'package:exochess_mobile/src/constants.dart'.
  Error: Couldn't resolve the package 'exochess_mobile' in 'package:exochess_mobile/src/db/database.dart'.
  Error: Couldn't resolve the package 'exochess_mobile' in 'package:exochess_mobile/src/model/account/account_preferences.dart'.
  Error: Couldn't resolve the package 'exochess_mobile' in 'package:exochess_mobile/src/model/analysis/opening_service.dart'.
  Error: Couldn't resolve the package 'exochess_mobile' in 'package:exochess_mobile/src/model/common/preloaded_data.dart'.
  Error: Couldn't resolve the package 'exochess_mobile' in 'package:exochess_mobile/src/model/common/service/sound_service.dart'.
  Error: Couldn't resolve the package 'exochess_mobile' in 'package:exochess_mobile/src/model/notifications/notification_service.dart'.
  Error: Couldn't resolve the package 'exochess_mobile' in 'package:exochess_mobile/src/model/settings/board_preferences.dart'.
  test/test_provider_scope.dart:23:8: Error: Not found: 'package:exochess_mobile/src/model/settings/preferences_storage.dart'
  import 'package:exochess_mobile/src/model/settings/preferences_storage.dart';
         ^
  Error: Couldn't resolve the package 'exochess_mobile' in 'package:exochess_mobile/src/network/aggregator.dart'.
  Error: Couldn't resolve the package 'exochess_mobile' in 'package:exochess_mobile/src/network/connectivity.dart'.
  test/test_provider_scope.dart:26:8: Error: Not found: 'package:exochess_mobile/src/network/http.dart'
  import 'package:exochess_mobile/src/network/http.dart';
         ^
  Error: Couldn't resolve the package 'exochess_mobile' in 'package:exochess_mobile/src/network/socket.dart'.
  test/model/auth/fake_auth_storage.dart:1:8: Error: Not found: 'package:exochess_mobile/src/model/auth/auth_controller.dart'
  import 'package:exochess_mobile/src/model/auth/auth_controller.dart';
         ^
  test/test_provider_scope.dart:17:8: Error: Not found: 'package:exochess_mobile/src/model/auth/auth_controller.dart'
  import 'package:exochess_mobile/src/model/auth/auth_controller.dart';
         ^
  test/model/auth/fake_auth_storage.dart:2:8: Error: Not found: 'package:exochess_mobile/src/model/auth/auth_storage.dart'
  import 'package:exochess_mobile/src/model/auth/auth_storage.dart';
         ^
  test/test_provider_scope.dart:18:8: Error: Not found: 'package:exochess_mobile/src/model/auth/auth_storage.dart'
  import 'package:exochess_mobile/src/model/auth/auth_storage.dart';
         ^
  test/model/auth/fake_auth_storage.dart:3:8: Error: Not found: 'package:exochess_mobile/src/model/common/id.dart'
  import 'package:exochess_mobile/src/model/common/id.dart';
         ^
  test/model/auth/fake_auth_storage.dart:4:8: Error: Not found: 'package:exochess_mobile/src/model/user/user.dart'
  import 'package:exochess_mobile/src/model/user/user.dart';
         ^
  test/test_provider_scope.dart:13:8: Error: Not found: 'package:exochess_mobile/src/constants.dart'
  import 'package:exochess_mobile/src/constants.dart';
         ^
  test/test_provider_scope.dart:14:8: Error: Not found: 'package:exochess_mobile/src/db/database.dart'
  import 'package:exochess_mobile/src/db/database.dart';
         ^
  test/test_provider_scope.dart:15:8: Error: Not found: 'package:exochess_mobile/src/model/account/account_preferences.dart'
  import 'package:exochess_mobile/src/model/account/account_preferences.dart';
         ^
  test/test_provider_scope.dart:16:8: Error: Not found: 'package:exochess_mobile/src/model/analysis/opening_service.dart'
  import 'package:exochess_mobile/src/model/analysis/opening_service.dart';
         ^
  test/test_provider_scope.dart:19:8: Error: Not found: 'package:exochess_mobile/src/model/common/preloaded_data.dart'
  import 'package:exochess_mobile/src/model/common/preloaded_data.dart';
         ^
  test/test_provider_scope.dart:20:8: Error: Not found: 'package:exochess_mobile/src/model/common/service/sound_service.dart'
  import 'package:exochess_mobile/src/model/common/service/sound_service.dart';
         ^
  test/test_provider_scope.dart:21:8: Error: Not found: 'package:exochess_mobile/src/model/notifications/notification_service.dart'
  import 'package:exochess_mobile/src/model/notifications/notification_service.dart';
         ^
  test/test_provider_scope.dart:22:8: Error: Not found: 'package:exochess_mobile/src/model/settings/board_preferences.dart'
  import 'package:exochess_mobile/src/model/settings/board_preferences.dart';
         ^
  test/test_provider_scope.dart:24:8: Error: Not found: 'package:exochess_mobile/src/network/aggregator.dart'
  import 'package:exochess_mobile/src/network/aggregator.dart';
         ^
  test/test_provider_scope.dart:25:8: Error: Not found: 'package:exochess_mobile/src/network/connectivity.dart'
  import 'package:exochess_mobile/src/network/connectivity.dart';
         ^
  test/test_provider_scope.dart:27:8: Error: Not found: 'package:exochess_mobile/src/network/socket.dart'
  import 'package:exochess_mobile/src/network/socket.dart';
         ^
  Error: Couldn't resolve the package 'exochess_mobile' in 'package:exochess_mobile/src/model/common/chess.dart'.
  test/model/common/service/fake_sound_service.dart:2:8: Error: Not found: 'package:exochess_mobile/src/model/common/service/sound_service.dart'
  import 'package:exochess_mobile/src/model/common/service/sound_service.dart';
         ^
  test/model/common/service/fake_sound_service.dart:3:8: Error: Not found: 'package:exochess_mobile/src/model/settings/general_preferences.dart'
  import 'package:exochess_mobile/src/model/settings/general_preferences.dart';
         ^
  Error: Couldn't resolve the package 'exochess_mobile' in 'package:exochess_mobile/src/binding.dart'.
  test/model/analysis/fake_opening_service.dart:1:8: Error: Not found: 'package:exochess_mobile/src/model/analysis/opening_service.dart'
  import 'package:exochess_mobile/src/model/analysis/opening_service.dart';
         ^
  test/network/fake_websocket_channel.dart:6:8: Error: Not found: 'package:exochess_mobile/src/network/socket.dart'
  import 'package:exochess_mobile/src/network/socket.dart';
         ^
  test/model/common/service/fake_sound_service.dart:1:8: Error: Not found: 'package:exochess_mobile/src/model/common/chess.dart'
  import 'package:exochess_mobile/src/model/common/chess.dart';
         ^
  test/model/analysis/fake_opening_service.dart:2:8: Error: Not found: 'package:exochess_mobile/src/model/common/chess.dart'
  import 'package:exochess_mobile/src/model/common/chess.dart';
         ^
  test/binding.dart:4:8: Error: Not found: 'package:exochess_mobile/src/binding.dart'
  import 'package:exochess_mobile/src/binding.dart';
         ^
  test/model/auth/fake_auth_storage.dart:6:34: Error: Type 'AuthStorage' not found.
  class FakeAuthStorage implements AuthStorage {
                                   ^^^^^^^^^^^
  test/model/auth/fake_auth_storage.dart:9:3: Error: Type 'AuthUser' not found.
    AuthUser? _authUser;
    ^^^^^^^^
  test/model/auth/fake_auth_storage.dart:7:20: Error: Type 'AuthUser' not found.
    FakeAuthStorage([AuthUser? initial]) : _authUser = initial;
                     ^^^^^^^^
  test/model/auth/fake_auth_storage.dart:12:10: Error: Type 'AuthUser' not found.
    Future<AuthUser?> read() async {
           ^^^^^^^^
  test/model/auth/fake_auth_storage.dart:18:22: Error: Type 'AuthUser' not found.
    Future<void> write(AuthUser authUser) async {
                       ^^^^^^^^
  test/network/fake_http_client_factory.dart:4:40: Error: Type 'HttpClientFactory' not found.
  class FakeHttpClientFactory implements HttpClientFactory {
                                         ^^^^^^^^^^^^^^^^^
  test/test_provider_scope.dart:62:3: Error: Type 'AuthUser' not found.
    AuthUser? authUser,
    ^^^^^^^^
  test/test_provider_scope.dart:107:3: Error: Type 'AuthUser' not found.
    AuthUser? authUser,
    ^^^^^^^^
  test/test_provider_scope.dart:135:3: Error: Type 'AuthUser' not found.
    AuthUser? authUser,
    ^^^^^^^^
  test/model/common/service/fake_sound_service.dart:5:35: Error: Type 'SoundService' not found.
  class FakeSoundService implements SoundService {
                                    ^^^^^^^^^^^^
  test/model/common/service/fake_sound_service.dart:7:21: Error: Type 'Sound' not found.
    Future<void> play(Sound sound, {double? volume}) async {}
                      ^^^^^
  test/model/common/service/fake_sound_service.dart:10:33: Error: Type 'Variant' not found.
    Future<void> playCaptureSound(Variant variant, {double? volume}) async {}
                                  ^^^^^^^
  test/model/common/service/fake_sound_service.dart:13:28: Error: Type 'SoundTheme' not found.
    Future<void> changeTheme(SoundTheme theme, {bool playSound = false}) async {}
                             ^^^^^^^^^^
  test/binding.dart:14:35: Error: Type 'ExoChessBinding' not found.
  class TestExoChessBinding extends ExoChessBinding {
                                    ^^^^^^^^^^^^^^^
  test/model/analysis/fake_opening_service.dart:4:37: Error: Type 'OpeningService' not found.
  class FakeOpeningService implements OpeningService {
                                      ^^^^^^^^^^^^^^
  test/model/analysis/fake_opening_service.dart:6:10: Error: Type 'FullOpening' not found.
    Future<FullOpening?> fetchFromFen(String fen) {
           ^^^^^^^^^^^
  test/network/fake_websocket_channel.dart:24:56: Error: Type 'WebSocketChannelFactory' not found.
  class ListenableFakeWebSocketChannelFactory implements WebSocketChannelFactory {
                                                         ^^^^^^^^^^^^^^^^^^^^^^^
  test/network/fake_websocket_channel.dart:65:46: Error: Type 'WebSocketChannelFactory' not found.
  class FakeWebSocketChannelFactory implements WebSocketChannelFactory {
                                               ^^^^^^^^^^^^^^^^^^^^^^^
  test/model/auth/fake_auth_storage.dart:32:23: Error: Method not found: 'UserId'.
    user: LightUser(id: UserId('testuser'), name: 'testUser'),
                        ^^^^^^
  test/model/auth/fake_auth_storage.dart:32:9: Error: Method not found: 'LightUser'.
    user: LightUser(id: UserId('testuser'), name: 'testUser'),
          ^^^^^^^^^
  test/model/auth/fake_auth_storage.dart:30:22: Error: Method not found: 'AuthUser'.
  const fakeAuthUser = AuthUser(
                       ^^^^^^^^
  test/app_test.dart:21:66: Error: Couldn't find constructor 'Application'.
      final app = await makeTestProviderScope(tester, child: const Application());
                                                                   ^^^^^^^^^^^
  test/app_test.dart:28:24: Error: Undefined name 'HomeTabScreen'.
      expect(find.byType(HomeTabScreen), findsOneWidget);
                         ^^^^^^^^^^^^^
  test/app_test.dart:32:66: Error: Couldn't find constructor 'Application'.
      final app = await makeTestProviderScope(tester, child: const Application());
                                                                   ^^^^^^^^^^^
  test/app_test.dart:59:22: Error: Couldn't find constructor 'Application'.
          child: const Application(),
                       ^^^^^^^^^^^
  test/app_test.dart:62:38: Error: Undefined name 'httpClientFactoryProvider'.
            httpClientFactoryProvider: httpClientFactoryProvider.overrideWith(
                                       ^^^^^^^^^^^^^^^^^^^^^^^^^
  test/app_test.dart:62:11: Error: Undefined name 'httpClientFactoryProvider'.
            httpClientFactoryProvider: httpClientFactoryProvider.overrideWith(
            ^^^^^^^^^^^^^^^^^^^^^^^^^
  test/app_test.dart:71:26: Error: Undefined name 'HomeTabScreen'.
        expect(find.byType(HomeTabScreen), findsOneWidget);
                           ^^^^^^^^^^^^^
  test/app_test.dart:95:66: Error: Couldn't find constructor 'Application'.
      final app = await makeTestProviderScope(tester, child: const Application());
                                                                   ^^^^^^^^^^^
  tes00:00 +0 -9: loading /home/flcsezz/mobile/test/model/puzzle/puzzle_storage_test.dart [E]
  Failed to load "/home/flcsezz/mobile/test/model/puzzle/puzzle_storage_test.dart":
  Compilation failed for testPath=/home/flcsezz/mobile/test/model/puzzle/puzzle_storage_test.dart: Error: Couldn't resolve the package 'exochess_mobile' in 'package:exochess_mobile/src/db/database.dart'.
  Error: Couldn't resolve the package 'exochess_mobile' in 'package:exochess_mobile/src/model/common/id.dart'.
  Error: Couldn't resolve the package 'exochess_mobile' in 'package:exochess_mobile/src/model/common/perf.dart'.
  Error: Couldn't resolve the package 'exochess_mobile' in 'package:exochess_mobile/src/model/puzzle/puzzle.dart'.
  Error: Couldn't resolve the package 'exochess_mobile' in 'package:exochess_mobile/src/model/puzzle/puzzle_storage.dart'.
  test/model/puzzle/puzzle_storage_test.dart:4:8: Error: Not found: 'package:exochess_mobile/src/db/database.dart'
  import 'package:exochess_mobile/src/db/database.dart';
         ^
  test/model/puzzle/puzzle_storage_test.dart:5:8: Error: Not found: 'package:exochess_mobile/src/model/common/id.dart'
  import 'package:exochess_mobile/src/model/common/id.dart';
         ^
  test/model/puzzle/puzzle_storage_test.dart:6:8: Error: Not found: 'package:exochess_mobile/src/model/common/perf.dart'
  import 'package:exochess_mobile/src/model/common/perf.dart';
         ^
  test/model/puzzle/puzzle_storage_test.dart:7:8: Error: Not found: 'package:exochess_mobile/src/model/puzzle/puzzle.dart'
  import 'package:exochess_mobile/src/model/puzzle/puzzle.dart';
         ^
  test/model/puzzle/puzzle_storage_test.dart:8:8: Error: Not found: 'package:exochess_mobile/src/model/puzzle/puzzle_storage.dart'
  import 'package:exochess_mobile/src/model/puzzle/puzzle_storage.dart';
         ^
  Error: Couldn't resolve the package 'exochess_mobile' in 'package:exochess_mobile/src/constants.dart'.
  test/test_container.dart:9:8: Error: Not found: 'package:exochess_mobile/src/db/database.dart'
  import 'package:exochess_mobile/src/db/database.dart';
         ^
  Error: Couldn't resolve the package 'exochess_mobile' in 'package:exochess_mobile/src/model/auth/auth_controller.dart'.
  Error: Couldn't resolve the package 'exochess_mobile' in 'package:exochess_mobile/src/model/common/preloaded_data.dart'.
  Error: Couldn't resolve the package 'exochess_mobile' in 'package:exochess_mobile/src/model/common/service/sound_service.dart'.
  Error: Couldn't resolve the package 'exochess_mobile' in 'package:exochess_mobile/src/model/engine/nnue_service.dart'.
  Error: Couldn't resolve the package 'exochess_mobile' in 'package:exochess_mobile/src/model/notifications/notification_service.dart'.
  Error: Couldn't resolve the package 'exochess_mobile' in 'package:exochess_mobile/src/network/connectivity.dart'.
  Error: Couldn't resolve the package 'exochess_mobile' in 'package:exochess_mobile/src/network/http.dart'.
  Error: Couldn't resolve the package 'exochess_mobile' in 'package:exochess_mobile/src/network/socket.dart'.
  test/test_container.dart:8:8: Error: Not found: 'package:exochess_mobile/src/constants.dart'
  import 'package:exochess_mobile/src/constants.dart';
         ^
  test/test_container.dart:10:8: Error: Not found: 'package:exochess_mobile/src/model/auth/auth_controller.dart'
  import 'package:exochess_mobile/src/model/auth/auth_controller.dart';
         ^
  test/test_container.dart:11:8: Error: Not found: 'package:exochess_mobile/src/model/common/preloaded_data.dart'
  import 'package:exochess_mobile/src/model/common/preloaded_data.dart';
         ^
  test/test_container.dart:12:8: Error: Not found: 'package:exochess_mobile/src/model/common/service/sound_service.dart'
  import 'package:exochess_mobile/src/model/common/service/sound_service.dart';
         ^
  test/test_container.dart:13:8: Error: Not found: 'package:exochess_mobile/src/model/engine/nnue_service.dart'
  import 'package:exochess_mobile/src/model/engine/nnue_service.dart';
         ^
  test/test_container.dart:14:8: Error: Not found: 'package:exochess_mobile/src/model/notifications/notification_service.dart'
  import 'package:exochess_mobile/src/model/notifications/notification_service.dart';
         ^
  test/test_container.dart:15:8: Error: Not found: 'package:exochess_mobile/src/network/connectivity.dart'
  import 'package:exochess_mobile/src/network/connectivity.dart';
         ^
  test/test_container.dart:16:8: Error: Not found: 'package:exochess_mobile/src/network/http.dart'
  import 'package:exochess_mobile/src/network/http.dart';
         ^
  test/test_container.dart:17:8: Error: Not found: 'package:exochess_mobile/src/network/socket.dart'
  import 'package:exochess_mobile/src/network/socket.dart';
         ^
  Error: Couldn't resolve the package 'exochess_mobile' in 'package:exochess_mobile/src/model/common/chess.dart'.
  test/model/common/service/fake_sound_service.dart:2:8: Error: Not found: 'package:exochess_mobile/src/model/common/service/sound_service.dart'
  import 'package:exochess_mobile/src/model/common/service/sound_service.dart';
         ^
  Error: Couldn't resolve the package 'exochess_mobile' in 'package:exochess_mobile/src/model/settings/general_preferences.dart'.
  Error: Couldn't resolve the package 'exochess_mobile' in 'package:exochess_mobile/src/binding.dart'.
  test/model/engine/fake_nnue_service.dart:4:8: Error: Not found: 'package:exochess_mobile/src/model/engine/nnue_service.dart'
  import 'package:exochess_mobile/src/model/engine/nnue_service.dart';
         ^
  test/network/fake_http_client_factory.dart:2:8: Error: Not found: 'package:exochess_mobile/src/network/http.dart'
  import 'package:exochess_mobile/src/network/http.dart';
         ^
  test/network/fake_websocket_channel.dart:6:8: Error: Not found: 'package:exochess_mobile/src/network/socket.dart'
  import 'package:exochess_mobile/src/network/socket.dart';
         ^
  test/model/common/service/fake_sound_service.dart:1:8: Error: Not found: 'package:exochess_mobile/src/model/common/chess.dart'
  import 'package:exochess_mobile/src/model/common/chess.dart';
         ^
  test/model/common/service/fake_sound_service.dart:3:8: Error: Not found: 'package:exochess_mobile/src/model/settings/general_preferences.dart'
  import 'package:exochess_mobile/src/model/settings/general_preferences.dart';
         ^
  test/binding.dart:4:8: Error: Not found: 'package:exochess_mobile/src/binding.dart'
  import 'package:exochess_mobile/src/binding.dart';
         ^
  test/test_container.dart:49:3: Error: Type 'AuthUser' not found.
    AuthUser? authUser,
    ^^^^^^^^
  test/model/common/service/fake_sound_service.dart:5:35: Error: Type 'SoundService' not found.
  class FakeSoundService implements SoundService {
                                    ^^^^^^^^^^^^
  test/model/common/service/fake_sound_service.dart:7:21: Error: Type 'Sound' not found.
    Future<void> play(Sound sound, {double? volume}) async {}
                      ^^^^^
  test/model/common/service/fake_sound_service.dart:10:33: Error: Type 'Variant' not found.
    Future<void> playCaptureSound(Variant variant, {double? volume}) async {}
                                  ^^^^^^^
  test/model/common/service/fake_sound_service.dart:13:28: Error: Type 'SoundTheme' not found.
    Future<void> changeTheme(SoundTheme theme, {bool playSound = false}) async {}
                             ^^^^^^^^^^
  test/binding.dart:14:35: Error: Type 'ExoChessBinding' not found.
  class TestExoChessBinding extends ExoChessBinding {
                                    ^^^^^^^^^^^^^^^
  test/model/engine/fake_nnue_service.dart:13:34: Error: Type 'NnueService' not found.
  class FakeNnueService implements NnueService {
                                   ^^^^^^^^^^^
  test/model/engine/fake_nnue_service.dart:25:3: Error: Type 'NNUEFiles' not found.
    NNUEFiles get nnueFiles {
    ^^^^^^^^^
  test/model/engine/fake_nnue_service.dart:56:45: Error: Type 'NnueService' not found.
  class FakeNnueServiceUnavailable implements NnueService {
                                              ^^^^^^^^^^^
  test/model/engine/fake_nnue_service.dart:68:3: Error: Type 'NNUEFiles' not found.
    NNUEFiles get nnueFiles {
    ^^^^^^^^^
  test/network/fake_http_client_factory.dart:4:40: Error: Type 'HttpClientFactory' not found.
  class FakeHttpClientFactory implements HttpClientFactory {
                                         ^^^^^^^^^^^^^^^^^
  test/network/fake_websocket_channel.dart:24:56: Error: Type 'WebSocketChannelFactory' not found.
  class ListenableFakeWebSocketChannelFactory implements WebSocketChannelFactory {
                                                         ^^^^^^^^^^^^^^^^^^^^^^^
  test/network/fake_websocket_channel.dart:65:46: Error: Type 'WebSocketChannelFactory' not found.
  class FakeWebSocketChannelFactory implements WebSocketChannelFactory {
                                               ^^^^^^^^^^^^^^^^^^^^^^^
  test/model/puzzle/puzzle_storage_test.dart:39:15: Error: Couldn't find constructor 'PuzzleId'.
      id: const PuzzleId('pId3'),
                ^^^^^^^^
  test/model/puzzle/puzzle_storage_test.dart:38:11: Error: Method not found: 'PuzzleData'.
    puzzle: PuzzleData(
            ^^^^^^^^^^
  test/model/puzzle/puzzle_storage_test.dart:47:9: Error: Method not found: 'GameId'.
      id: GameId('PrlkCqOv'),
          ^^^^^^
  test/model/puzzle/puzzle_storage_test.dart:48:11: Error: Undefined name 'Perf'.
      perf: Perf.blitz,
            ^^^^
  test/model/puzzle/puzzle_storage_test.dart:50:12: Error: Method not found: 'PuzzleGamePlayer'.
      white: PuzzleGamePlayer(side: Side.white, name: 'user1'),
             ^^^^^^^^^^^^^^^^
  test/model/puzzle/puzzle_storage_test.dart:51:12: Error: Method not found: 'PuzzleGamePlayer'.
      black: PuzzleGamePlayer(side: Side.black, name: 'user2'),
             ^^^^^^^^^^^^^^^^
  test/model/puzzle/puzzle_storage_test.dart:46:15: Error: Couldn't find constructor 'PuzzleGame'.
    game: const PuzzleGame(
                ^^^^^^^^^^
  test/model/puzzle/puzzle_storage_test.dart:37:16: Error: Method not found: 'Puzzle'.
  final puzzle = Puzzle(
                 ^^^^^^
  test/model/puzzle/puzzle_storage_test.dart:18:24: Error: Method not found: 'openAppDatabase'.
        final db = await openAppDatabase(dbFactory, inMemoryDatabasePath);
                         ^^^^^^^^^^^^^^^
  test/model/puzzle/puzzle_storage_test.dart:22:29: Error: Undefined name 'databaseProvider'.
            databaseProvider: databaseProvider.overrideWith((ref) {
                              ^^^^^^^^^^^^^^^^
  test/model/puzzle/puzzle_storage_test.dart:22:11: Error: Undefined name 'databaseProvider'.
            databaseProvider: databaseProvider.overrideWith((ref) {
            ^^^^^^^^^^^^^^^^
  test/model/puzzle/puzzle_storage_test.dart:29:44: Error: Undefined name 'puzzleStorageProvider'.
        final storage = await container.read(puzzleStorageProvider.future);
                                             ^^^^^^^^^^^^^^^^^^^^^
  test/model/puzzle/puzzle_storage_test.dart:32:44: Error: Couldn't find constructor 'PuzzleId'.
        expect(storage.fetch(puzzleId: const PuzzleId('pId3')), completion(equals(puzzle)));
                                             ^^^^^^^^
  test/model/puzzle/puzzle_storage_test.dart:31:21: Error: The method 'save' isn't defined for the type 'Object?'.
   - 'Object' is from 'dart:core'.
  Try correcting the name to the name of an existing method, or defining a method named 'save'.
        await storage.save(puzzle: puzzle);
                      ^^^^
  test/model/puzzle/puzzle_storage_test.dart:32:22: Error: The method 'fetch' isn't defined for the type 'Object?'.
   - 'Object' is from 'dart:core'.
  Try correcting the name to the name of an existing method, or defining a method named 'fetch'.
        expect(storage.fetch(puzzleId: const PuzzleId('pId3')), completion(equals(puzzle)));
                       ^^^^^
  test/test_container.dart:39:34: Error: Undefined name 'httpClientFactoryProvider'.
        httpClientFactoryProvider: httpClientFactoryProvider.overrideWith((ref) {
                                   ^^^^^^^^^^^^^^^^^^^^^^^^^
  test/test_container.dart:39:7: Error: Undefined name 'httpClientFactoryProvider'.
        httpClientFactoryProvider: httpClientFactoryProvider.overrideWith((ref) {
        ^^^^^^^^^^^^^^^^^^^^^^^^^
  test/test_container.dart:49:3: Error: 'AuthUser' isn't a type.
    AuthUser? authUser,
    ^^^^^^^^
  test/test_container.dart:53:46: Error: Undefined name 'kSRIStorageKey'.
    FlutterSecureStorage.setMockInitialValues({kSRIStorageKey: 'test'});
                                               ^^^^^^^^^^^^^^
  test/test_container.dart:56:26: Error: Undefined name 'nnueServiceProvider'.
      nnueServiceProvider: nnueServiceProvider.overrideWithValue(FakeNnueService()),
                           ^^^^^^^^^^^^^^^^^^^
  test/test_container.dart:56:5: Error: Undefined name 'nnueServiceProvider'.
      nnueServiceProvider: nnueServiceProvider.overrideWithValue(FakeNnueService()),
      ^^^^^^^^^^^^^^^^^^^
  test/test_container.dart:57:33: Error: Undefined name 'connectivityPluginProvider'.
      connectivityPluginProvider: connectivityPluginProvider.overrideWith((_) {
                                  ^^^^^^^^^^^^^^^^^^^^^^^^^^
  test/test_container.dart:57:5: Error: Undefined name 'connectivityPluginProvider'.
      connectivityPluginProvider: connectivityPluginProvider.overrideWith((_) {
      ^^^^^^^^^^^^^^^^^^^^^^^^^^
  test/test_container.dart:60:34: Error: Undefined name 'notificationDisplayProvider'.
      notificationDisplayProvider: notificationDisplayProvider.overrideWith((ref) {
                                   ^^^^^^^^^^^^^^^^^^^^^^^^^^^
  test/test_container.dart:60:5: Error: Undefined name 'notificationDisplayProvider'.
      notificationDisplayProvider: notificationDisplayProvider.overrideWith((ref) {
      ^^^^^^^^^^^^^^^^^^^^^^^^^^^
  test/test_container.dart:64:24: Error: Method not found: 'openAppDatabase'.
        final db = await openAppDatabase(databaseFactoryFfi, inMemoryDatabasePath);
                         ^^^^^^^^^^^^^^^
  test/test_container.dart:63:23: Error: Undefined name 'databaseProvider'.
      databaseProvider: databaseProvider.overrideWith((ref) async {
                        ^^^^^^^^^^^^^^^^
  test/test_container.dart:63:5: Error: Undefined name 'databaseProvider'.
      databaseProvider: databaseProvider.overrideWith((ref) async {
      ^^^^^^^^^^^^^^^^
  test/test_container.dart:68:38: Error: Undefined name 'webSocketChannelFactoryProvider'.
      webSocketChannelFactoryProvider: webSocketChannelFactoryProvider.overrideWith((ref) {
                                       ^^^^^^^^^^^^^^^^^^^^^^^^^^^^^^^
  test/test_container.dart:68:5: Error: Undefined name 'webSocketChannelFactoryProvider'.
      webSocketChannelFactoryProvider: webSocketChannelFactoryProvider.overrideWith((ref) {
      ^^^^^^^^^^^^^^^^^^^^^^^^^^^^^^^
  test/test_container.dart:72:20: Error: Method not found: 'SocketPool'.
        final pool = SocketPool(ref);
                     ^^^^^^^^^^
  test/test_container.dart:71:25: Error: Undefined name 'socketPoolProvider'.
      socketPoolProvider: socketPoolProvider.overrideWith((ref) {
                          ^^^^^^^^^^^^^^^^^^
  test/test_container.dart:71:5: Error: Undefined name 'socketPoolProvider'.
      socketPoolProvider: socketPoolProvider.overrideWith((ref) {
      ^^^^^^^^^^^^^^^^^^
  test/test_container.dart:76:32: Error: Undefined name 'httpClientFactoryProvider'.
      httpClientFactoryProvider: httpClientFactoryProvider.overrideWith((ref) {
                                 ^^^^^^^^^^^^^^^^^^^^^^^^^
  test/test_container.dart:76:5: Error: Undefined name 'httpClientFactoryProvider'.
      httpClientFactoryProvider: httpClientFactoryProvider.overrideWith((ref) {
      ^^^^^^^^^^^^^^^^^^^^^^^^^
  test/test_container.dart:79:27: Error: Undefined name 'soundServiceProvider'.
      soundServiceProvider: soundServiceProvider.overrideWithValue(FakeSoundService()),
                            ^^^^^^^^^^^^^^^^^^^^
  test/test_container.dart:79:5: Error: Undefined name 'soundServiceProvider'.
      soundServiceProvider: soundServiceProvider.overrideWithValue(FakeSoundService()),
      ^^^^^^^^^^^^^^^^^^^^
  test/test_container.dart:80:28: Error: Undefined name 'preloadedDataProvider'.
      preloadedDataProvider: preloadedDataProvider.overrideWith((ref) {
                             ^^^^^^^^^^^^^^^^^^^^^
  test/test_container.dart:80:5: Error: Undefined name 'preloadedDataProvider'.
      preloadedDataProvider: preloadedDataProvider.overrideWith((ref) {
      ^^^^^^^^^^^^^^^^^^^^^
  test/model/common/service/fake_sound_service.dart:7:21: Error: 'Sound' isn't a type.
    Future<void> play(Sound sound, {double? volume}) async {}
                      ^^^^^
  test/model/common/service/fake_sound_service.dart:10:33: Error: 'Variant' isn't a type.
    Future<void> playCaptureSound(Variant variant, {double? volume}) async {}
                                  ^^^^^^^
  test/model/common/service/fake_sound_service.dart:13:28: Error: 'SoundTheme' isn't a type.
    Future<void> changeTheme(SoundTheme theme, {bool playSound = false}) async {}
                             ^^^^^^^^^^
  test/binding.dart:37:46: Error: Undefined name 'ExoChessBinding'.
    static TestExoChessBinding get instance => ExoChessBinding.checkInstance(_instance);
                                               ^^^^^^^^^^^^^^^
  test/binding.dart:42:11: Error: Superclass has no method named 'initInstance'.
      super.initInstance();
            ^^^^^^^^^^^^
  .
00:00 +0 -9: loading /home/flcsezz/mobile/test/network/http_test.dart [E]
  Error: The Dart compiler exited unexpectedly.
  package:flutter_tools/src/base/common.dart 34:3  throwToolExit
  package:flutter_tools/src/compile.dart 939:11    DefaultResidentCompiler._compile.<fn>
  dart:async/zone_root.dart 48:47                  _rootRunUnary
  dart:async/zone.dart 733:19                      _CustomZone.runUnary
  dart:async/future_impl.dart 948:45               Future._propagateToListeners.handleValueCallback
  dart:async/future_impl.dart 977:13               Future._propagateToListeners
  dart:async/future_impl.dart 862:9                Future._propagateToListeners
  dart:async/future_impl.dart 720:5                Future._completeWithValue
  dart:async/future_impl.dart 804:7                Future._asyncCompleteWithValue.<fn>
  dart:async/zone_root.dart 35:13                  _rootRun
  dart:async/zone.dart 726:19                      _CustomZone.run
  dart:async/zone.dart 625:7                       _CustomZone.runGuarded
  dart:async/zone.dart 666:23                      _CustomZone.bindCallbackGuarded.<fn>
  dart:async/schedule_microtask.dart 40:35         _microtaskLoop
  dart:async/schedule_microtask.dart 49:5          _startMicrotaskLoop
  dart:isolate-patch/isolate_patch.dart 127:13     _runPendingImmediateCallback
  dart:isolate-patch/isolate_patch.dart 194:5      _RawReceivePort._handleMessage
  
00:00 +0 -10: loading /home/flcsezz/mobile/test/model/puzzle/puzzle_batch_storage_test.dart [E]
  Failed to load "/home/flcsezz/mobile/test/model/puzzle/puzzle_batch_storage_test.dart":
  Compilation failed for testPath=/home/flcsezz/mobile/test/model/puzzle/puzzle_batch_storage_test.dart: Error: Couldn't resolve the package 'exochess_mobile' in 'package:exochess_mobile/src/db/database.dart'.
  Error: Couldn't resolve the package 'exochess_mobile' in 'package:exochess_mobile/src/model/common/id.dart'.
  Error: Couldn't resolve the package 'exochess_mobile' in 'package:exochess_mobile/src/model/common/perf.dart'.
  Error: Couldn't resolve the package 'exochess_mobile' in 'package:exochess_mobile/src/model/puzzle/puzzle.dart'.
  Error: Couldn't resolve the package 'exochess_mobile' in 'package:exochess_mobile/src/model/puzzle/puzzle_angle.dart'.
  Error: Couldn't resolve the package 'exochess_mobile' in 'package:exochess_mobile/src/model/puzzle/puzzle_batch_storage.dart'.
  Error: Couldn't resolve the package 'exochess_mobile' in 'package:exochess_mobile/src/model/puzzle/puzzle_theme.dart'.
  test/model/puzzle/puzzle_batch_storage_test.dart:6:8: Error: Not found: 'package:exochess_mobile/src/db/database.dart'
  import 'package:exochess_mobile/src/db/database.dart';
         ^
  test/model/puzzle/puzzle_batch_storage_test.dart:7:8: Error: Not found: 'package:exochess_mobile/src/model/common/id.dart'
  import 'package:exochess_mobile/src/model/common/id.dart';
         ^
  test/model/puzzle/puzzle_batch_storage_test.dart:8:8: Error: Not found: 'package:exochess_mobile/src/model/common/perf.dart'
  import 'package:exochess_mobile/src/model/common/perf.dart';
         ^
  test/model/puzzle/puzzle_batch_storage_test.dart:9:8: Error: Not found: 'package:exochess_mobile/src/model/puzzle/puzzle.dart'
  import 'package:exochess_mobile/src/model/puzzle/puzzle.dart';
         ^
  test/model/puzzle/puzzle_batch_storage_test.dart:10:8: Error: Not found: 'package:exochess_mobile/src/model/puzzle/puzzle_angle.dart'
  import 'package:exochess_mobile/src/model/puzzle/puzzle_angle.dart';
         ^
  test/model/puzzle/puzzle_batch_storage_test.dart:11:8: Error: Not found: 'package:exochess_mobile/src/model/puzzle/puzzle_batch_storage.dart'
  import 'package:exochess_mobile/src/model/puzzle/puzzle_batch_storage.dart';
         ^
  test/model/puzzle/puzzle_batch_storage_test.dart:12:8: Error: Not found: 'package:exochess_mobile/src/model/puzzle/puzzle_theme.dart'
  import 'package:exochess_mobile/src/model/puzzle/puzzle_theme.dart';
         ^
  Error: Couldn't resolve the package 'exochess_mobile' in 'package:exochess_mobile/src/constants.dart'.
  test/test_container.dart:9:8: Error: Not found: 'package:exochess_mobile/src/db/database.dart'
  import 'package:exochess_mobile/src/db/database.dart';
         ^
  Error: Couldn't resolve the package 'exochess_mobile' in 'package:exochess_mobile/src/model/auth/auth_controller.dart'.
  Error: Couldn't resolve the package 'exochess_mobile' in 'package:exochess_mobile/src/model/common/preloaded_data.dart'.
  Error: Couldn't resolve the package 'exochess_mobile' in 'package:exochess_mobile/src/model/common/service/sound_service.dart'.
  Error: Couldn't resolve the package 'exochess_mobile' in 'package:exochess_mobile/src/model/engine/nnue_service.dart'.
  Error: Couldn't resolve the package 'exochess_mobile' in 'package:exochess_mobile/src/model/notifications/notification_service.dart'.
  Error: Couldn't resolve the package 'exochess_mobile' in 'package:exochess_mobile/src/network/connectivity.dart'.
  Error: Couldn't resolve the package 'exochess_mobile' in 'package:exochess_mobile/src/network/http.dart'.
  Error: Couldn't resolve the package 'exochess_mobile' in 'package:exochess_mobile/src/network/socket.dart'.
  test/test_container.dart:8:8: Error: Not found: 'package:exochess_mobile/src/constants.dart'
  import 'package:exochess_mobile/src/constants.dart';
         ^
  test/test_container.dart:10:8: Error: Not found: 'package:exochess_mobile/src/model/auth/auth_controller.dart'
  import 'package:exochess_mobile/src/model/auth/auth_controller.dart';
         ^
  test/test_container.dart:11:8: Error: Not found: 'package:exochess_mobile/src/model/common/preloaded_data.dart'
  import 'package:exochess_mobile/src/model/common/preloaded_data.dart';
         ^
  test/test_container.dart:12:8: Error: Not found: 'package:exochess_mobile/src/model/common/service/sound_service.dart'
  import 'package:exochess_mobile/src/model/common/service/sound_service.dart';
         ^
  test/test_container.dart:13:8: Error: Not found: 'package:exochess_mobile/src/model/engine/nnue_service.dart'
  import 'package:exochess_mobile/src/model/engine/nnue_service.dart';
         ^
  test/test_container.dart:14:8: Error: Not found: 'package:exochess_mobile/src/model/notifications/notification_service.dart'
  import 'package:exochess_mobile/src/model/notifications/notification_service.dart';
         ^
  test/test_container.dart:15:8: Error: Not found: 'package:exochess_mobile/src/network/connectivity.dart'
  import 'package:exochess_mobile/src/network/connectivity.dart';
         ^
  test/test_container.dart:16:8: Error: Not found: 'package:exochess_mobile/src/network/http.dart'
  import 'package:exochess_mobile/src/network/http.dart';
         ^
  test/test_container.dart:17:8: Error: Not found: 'package:exochess_mobile/src/network/socket.dart'
  import 'package:exochess_mobile/src/network/socket.dart';
         ^
  Error: Couldn't resolve the package 'exochess_mobile' in 'package:exochess_mobile/src/model/common/chess.dart'.
  test/model/common/service/fake_sound_service.dart:2:8: Error: Not found: 'package:exochess_mobile/src/model/common/service/sound_service.dart'
  import 'package:exochess_mobile/src/model/common/service/sound_service.dart';
         ^
  Error: Couldn't resolve the package 'exochess_mobile' in 'package:exochess_mobile/src/model/settings/general_preferences.dart'.
  Error: Couldn't resolve the package 'exochess_mobile' in 'package:exochess_mobile/src/binding.dart'.
  test/model/engine/fake_nnue_service.dart:4:8: Error: Not found: 'package:exochess_mobile/src/model/engine/nnue_service.dart'
  import 'package:exochess_mobile/src/model/engine/nnue_service.dart';
         ^
  test/network/fake_http_client_factory.dart:2:8: Error: Not found: 'package:exochess_mobile/src/network/http.dart'
  import 'package:exochess_mobile/src/network/http.dart';
         ^
  test/network/fake_websocket_channel.dart:6:8: Error: Not found: 'package:exochess_mobile/src/network/socket.dart'
  import 'package:exochess_mobile/src/network/socket.dart';
         ^
  test/model/common/service/fake_sound_service.dart:1:8: Error: Not found: 'package:exochess_mobile/src/model/common/chess.dart'
  import 'package:exochess_mobile/src/model/common/chess.dart';
         ^
  test/model/common/service/fake_sound_service.dart:3:8: Error: Not found: 'package:exochess_mobile/src/model/settings/general_preferences.dart'
  import 'package:exochess_mobile/src/model/settings/general_preferences.dart';
         ^
  test/binding.dart:4:8: Error: Not found: 'package:exochess_mobile/src/binding.dart'
  import 'package:exochess_mobile/src/binding.dart';
         ^
  test/test_container.dart:49:3: Error: Type 'AuthUser' not found.
    AuthUser? authUser,
    ^^^^^^^^
  test/model/common/service/fake_sound_service.dart:5:35: Error: Type 'SoundService' not found.
  class FakeSoundService implements SoundService {
                                    ^^^^^^^^^^^^
  test/model/common/service/fake_sound_service.dart:7:21: Error: Type 'Sound' not found.
    Future<void> play(Sound sound, {double? volume}) async {}
                      ^^^^^
  test/model/common/service/fake_sound_service.dart:10:33: Error: Type 'Variant' not found.
    Future<void> playCaptureSound(Variant variant, {double? volume}) async {}
                                  ^^^^^^^
  test/model/common/service/fake_sound_service.dart:13:28: Error: Type 'SoundTheme' not found.
    Future<void> changeTheme(SoundTheme theme, {bool playSound = false}) async {}
                             ^^^^^^^^^^
  test/binding.dart:14:35: Error: Type 'ExoChessBinding' not found.
  class TestExoChessBinding extends ExoChessBinding {
                                    ^^^^^^^^^^^^^^^
  test/model/engine/fake_nnue_service.dart:13:34: Error: Type 'NnueService' not found.
  class FakeNnueService implements NnueService {
                                   ^^^^^^^^^^^
  test/model/engine/fake_nnue_service.dart:25:3: Error: Type 'NNUEFiles' not found.
    NNUEFiles get nnueFiles {
    ^^^^^^^^^
  test/model/engine/fake_nnue_service.dart:56:45: Error: Type 'NnueService' not found.
  class FakeNnueServiceUnavailable implements NnueService {
                                              ^^^^^^^^^^^
  test/model/engine/fake_nnue_service.dart:68:3: Error: Type 'NNUEFiles' not found.
    NNUEFiles get nnueFiles {
    ^^^^^^^^^
  test/network/fake_http_client_factory.dart:4:40: Error: Type 'HttpClientFactory' not found.
  class FakeHttpClientFactory implements HttpClientFactory {
                                         ^^^^^^^^^^^^^^^^^
  test/network/fake_websocket_channel.dart:24:56: Error: Type 'WebSocketChannelFactory' not found.
  class ListenableFakeWebSocketChannelFactory implements WebSocketChannelFactory {
                                                         ^^^^^^^^^^^^^^^^^^^^^^^
  test/network/fake_websocket_channel.dart:65:46: Error: Type 'WebSocketChannelFactory' not found.
  class FakeWebSocketChannelFactory implements WebSocketChannelFactory {
                                               ^^^^^^^^^^^^^^^^^^^^^^^
  test/model/puzzle/puzzle_batch_storage_test.dart:116:24: Error: Method not found: 'PuzzleId'.
      PuzzleSolution(id: PuzzleId('pId'), win: true, rated: true),
                         ^^^^^^^^
  test/model/puzzle/puzzle_batch_storage_test.dart:116:5: Error: Method not found: 'PuzzleSolution'.
      PuzzleSolution(id: PuzzleId('pId'), win: true, rated: true),
      ^^^^^^^^^^^^^^
  test/model/puzzle/puzzle_batch_storage_test.dart:117:24: Error: Method not found: 'PuzzleId'.
      PuzzleSolution(id: PuzzleId('pId2'), win: false, rated: true),
                         ^^^^^^^^
  test/model/puzzle/puzzle_batch_storage_test.dart:117:5: Error: Method not found: 'PuzzleSolution'.
      PuzzleSolution(id: PuzzleId('pId2'), win: false, rated: true),
      ^^^^^^^^^^^^^^
  test/model/puzzle/puzzle_batch_storage_test.dart:122:19: Error: Couldn't find constructor 'PuzzleId'.
          id: const PuzzleId('pId3'),
                    ^^^^^^^^
  test/model/puzzle/puzzle_batch_storage_test.dart:121:15: Error: Method not found: 'PuzzleData'.
        puzzle: PuzzleData(
                ^^^^^^^^^^
  test/model/puzzle/puzzle_batch_storage_test.dart:130:13: Error: Method not found: 'GameId'.
          id: GameId('PrlkCqOv'),
              ^^^^^^
  test/model/puzzle/puzzle_batch_storage_test.dart:131:15: Error: Undefined name 'Perf'.
          perf: Perf.blitz,
                ^^^^
  test/model/puzzle/puzzle_batch_storage_test.dart:133:16: Error: Method not found: 'PuzzleGamePlayer'.
          white: PuzzleGamePlayer(side: Side.white, name: 'user1'),
                 ^^^^^^^^^^^^^^^^
  test/model/puzzle/puzzle_batch_storage_test.dart:134:16: Error: Method not found: 'PuzzleGamePlayer'.
          black: PuzzleGamePlayer(side: Side.black, name: 'user2'),
                 ^^^^^^^^^^^^^^^^
  test/model/puzzle/puzzle_batch_storage_test.dart:129:19: Error: Couldn't find constructor 'PuzzleGame'.
        game: const PuzzleGame(
                    ^^^^^^^^^^
  test/model/puzzle/puzzle_batch_storage_test.dart:120:5: Error: Method not found: 'Puzzle'.
      Puzzle(
      ^^^^^^
  test/model/puzzle/puzzle_batch_storage_test.dart:114:14: Error: Method not found: 'PuzzleBatch'.
  final data = PuzzleBatch(
               ^^^^^^^^^^^
  test/model/puzzle/puzzle_batch_storage_test.dart:22:44: Error: Undefined name 'puzzleBatchStorageProvider'.
        final storage = await container.read(puzzleBatchStorageProvider.future);
                                             ^^^^^^^^^^^^^^^^^^^^^^^^^^
  test/model/puzzle/puzzle_batch_storage_test.dart:24:65: Error: Undefined name 'PuzzleThemeKey'.
        await storage.save(userId: null, angle: const PuzzleTheme(PuzzleThemeKey.mix), data: data);
                                                                  ^^^^^^^^^^^^^^
  test/model/puzzle/puzzle_batch_storage_test.dart:24:53: Error: Couldn't find constructor 'PuzzleTheme'.
        await storage.save(userId: null, angle: const PuzzleTheme(PuzzleThemeKey.mix), data: data);
                                                      ^^^^^^^^^^^
  test/model/puzzle/puzzle_batch_storage_test.dart:27:62: Error: Undefined name 'PuzzleThemeKey'.
          storage.fetch(userId: null, angle: const PuzzleTheme(PuzzleThemeKey.mix)),
                                                               ^^^^^^^^^^^^^^
  test/model/puzzle/puzzle_batch_storage_test.dart:27:50: Error: Couldn't find constructor 'PuzzleTheme'.
          storage.fetch(userId: null, angle: const PuzzleTheme(PuzzleThemeKey.mix)),
                                                   ^^^^^^^^^^^
  test/model/puzzle/puzzle_batch_storage_test.dart:35:44: Error: Undefined name 'puzzleBatchStorageProvider'.
        final storage = await container.read(puzzleBatchStorageProvider.future);
                                             ^^^^^^^^^^^^^^^^^^^^^^^^^^
  test/model/puzzle/puzzle_batch_storage_test.dart:37:65: Error: Undefined name 'PuzzleThemeKey'.
        await storage.save(userId: null, angle: const PuzzleTheme(PuzzleThemeKey.mix), data: data);
                                                                  ^^^^^^^^^^^^^^
  test/model/puzzle/puzzle_batch_storage_test.dart:37:53: Error: Couldn't find constructor 'PuzzleTheme'.
        await storage.save(userId: null, angle: const PuzzleTheme(PuzzleThemeKey.mix), data: data);
                                                      ^^^^^^^^^^^
  test/model/puzzle/puzzle_batch_storage_test.dart:40:34: Error: Undefined name 'PuzzleThemeKey'.
          angle: const PuzzleTheme(PuzzleThemeKey.rookEndgame),
                                   ^^^^^^^^^^^^^^
  test/model/puzzle/puzzle_batch_storage_test.dart:40:22: Error: Couldn't find constructor 'PuzzleTheme'.
          angle: const PuzzleTheme(PuzzleThemeKey.rookEndgame),
                       ^^^^^^^^^^^
  test/model/puzzle/puzzle_batch_storage_test.dart:45:34: Error: Undefined name 'PuzzleThemeKey'.
          angle: const PuzzleTheme(PuzzleThemeKey.doubleBishopMate),
                                   ^^^^^^^^^^^^^^
  test/model/puzzle/puzzle_batch_storage_test.dart:45:22: Error: Couldn't find constructor 'PuzzleTheme'.
          angle: const PuzzleTheme(PuzzleThemeKey.doubleBishopMate),
                       ^^^^^^^^^^^
  test/model/puzzle/puzzle_batch_storage_test.dart:54:15: Error: Undefined name 'PuzzleThemeKey'.
                PuzzleThemeKey.mix: 1,
                ^^^^^^^^^^^^^^
  test/model/puzzle/puzzle_batch_storage_test.dart:55:15: Error: Undefined name 'PuzzleThemeKey'.
                PuzzleThemeKey.rookEndgame: 1,
                ^^^^^^^^^^^^^^
  test/model/puzzle/puzzle_batch_storage_test.dart:56:15: Error: Undefined name 'PuzzleThemeKey'.
                PuzzleThemeKey.doubleBishopMate: 1,
                ^^^^^^^^^^^^^^
  test/model/puzzle/puzzle_batch_storage_test.dart:66:44: Error: Undefined name 'puzzleBatchStorageProvider'.
        final storage = await container.read(puzzleBatchStorageProvider.future);
                                             ^^^^^^^^^^^^^^^^^^^^^^^^^^
  test/model/puzzle/puzzle_batch_storage_test.dart:68:53: Error: Couldn't find constructor 'PuzzleOpening'.
        await storage.save(userId: null, angle: const PuzzleOpening('test_opening'), data: data);
                                                      ^^^^^^^^^^^^^
  test/model/puzzle/puzzle_batch_storage_test.dart:69:53: Error: Couldn't find constructor 'PuzzleOpening'.
        await storage.save(userId: null, angle: const PuzzleOpening('test_opening2'), data: data);
                                                      ^^^^^^^^^^^^^
  test/model/puzzle/puzzle_batch_storage_test.dart:80:45: Error: Undefined name 'databaseProvider'.
        final database = await container.read(databaseProvider.future);
                                              ^^^^^^^^^^^^^^^^
  test/model/puzzle/puzzle_batch_storage_test.dart:81:44: Error: Undefined name 'puzzleBatchStorageProvider'.
        final storage = await container.read(puzzleBatchStorageProvider.future);
                                             ^^^^^^^^^^^^^^^^^^^^^^^^^^
  test/model/puzzle/puzzle_batch_storage_test.dart:83:25: Error: 'PuzzleAngle' isn't a type.
        Future<void> save(PuzzleAngle angle, PuzzleBatch data, String timestamp) {
                          ^^^^^^^^^^^
  test/model/puzzle/puzzle_batch_storage_test.dart:83:44: Error: 'PuzzleBatch' isn't a type.
        Future<void> save(PuzzleAngle angle, PuzzleBatch data, String timestamp) {
                                             ^^^^^^^^^^^
  test/model/puzzle/puzzle_batch_storage_test.dart:92:36: Error: Undefined name 'PuzzleThemeKey'.
        await save(const PuzzleTheme(PuzzleThemeKey.rookEndgame), data, '2021-01-02T00:00:00Z');
                                     ^^^^^^^^^^^^^^
  test/model/puzzle/puzzle_batch_storage_test.dart:92:24: Error: Couldn't find constructor 'PuzzleTheme'.
        await save(const PuzzleTheme(PuzzleThemeKey.rookEndgame), data, '2021-01-02T00:00:00Z');
                         ^^^^^^^^^^^
  test/model/puzzle/puzzle_batch_storage_test.dart:93:36: Error: Undefined name 'PuzzleThemeKey'.
        await save(const PuzzleTheme(PuzzleThemeKey.doubleBishopMate), data, '2021-01-03T00:00:00Z');
                                     ^^^^^^^^^^^^^^
  test/model/puzzle/puzzle_batch_storage_test.dart:93:24: Error: Couldn't find constructor 'PuzzleTheme'.
        await save(const PuzzleTheme(PuzzleThemeKey.doubleBishopMate), data, '2021-01-03T00:00:00Z');
                         ^^^^^^^^^^^
  test/model/puzzle/puzzle_batch_storage_test.dart:94:24: Error: Couldn't find constructor 'PuzzleOpening'.
        await save(const PuzzleOpening('test_opening'), data, '2021-01-04T00:00:00Z');
                         ^^^^^^^^^^^^^
  test/model/puzzle/puzzle_batch_storage_test.dart:95:24: Error: Couldn't find constructor 'PuzzleOpening'.
        await save(const PuzzleOpening('test_opening2'), data, '2021-01-04T80:00:00Z');
                         ^^^^^^^^^^^^^
  test/model/puzzle/puzzle_batch_storage_test.dart:102:21: Error: Couldn't find constructor 'PuzzleOpening'.
                const PuzzleOpening('test_opening2'),
                      ^^^^^^^^^^^^^
  test/model/puzzle/puzzle_batch_storage_test.dart:103:21: Error: Couldn't find constructor 'PuzzleOpening'.
                const PuzzleOpening('test_opening'),
                      ^^^^^^^^^^^^^
  test/model/puzzle/puzzle_batch_storage_test.dart:104:33: Error: Undefined name 'PuzzleThemeKey'.
                const PuzzleTheme(PuzzleThemeKey.doubleBishopMate),
                                  ^^^^^^^^^^^^^^
  test/model/puzzle/puzzle_batch_storage_test.dart:104:21: Error: Couldn't find constructor 'PuzzleTheme'.
                const PuzzleTheme(PuzzleThemeKey.doubleBishopMate),
                      ^^^^^^^^^^^
  test/model/puzzle/puzzle_batch_storage_test.dart:105:33: Error: Undefined name 'PuzzleThemeKey'.
                const PuzzleTheme(PuzzleThemeKey.rookEndgame),
                                  ^^^^^^^^^^^^^^
  test/model/puzzle/puzzle_batch_storage_test.dart:105:21: Error: Couldn't find constructor 'PuzzleTheme'.
                const PuzzleTheme(PuzzleThemeKey.rookEndgame),
                      ^^^^^^^^^^^
  test/model/puzzle/puzzle_batch_storage_test.dart:24:21: Error: The method 'save' isn't defined for the type 'Object?'.
   - 'Object' is from 'dart:core'.
  Try correcting the name to the name of an existing method, or defining a method named 'save'.
        await storage.save(userId: null, angle: const PuzzleTheme(PuzzleThemeKey.mix), data: data);
                      ^^^^
  test/model/puzzle/puzzle_batch_storage_test.dart:27:17: Error: The method 'fetch' isn't defined for the type 'Object?'.
   - 'Object' is from 'dart:core'.
  Try correcting the name to the name of an existing method, or defining a method named 'fetch'.
          storage.fetch(userId: null, angle: const PuzzleTheme(PuzzleThemeKey.mix)),
                  ^^^^^
  test/model/puzzle/puzzle_batch_storage_test.dart:37:21: Error: The method 'save' isn't defined for the type 'Object?'.
   - 'Object' is from 'dart:core'.
  Try correcting the name to the name of an existing method, or defining a method named 'save'.
        await storage.save(userId: null, angle: const PuzzleTheme(PuzzleThemeKey.mix), data: data);
                      ^^^^
  test/model/puzzle/puzzle_batch_storage_test.dart:38:21: Error: The method 'save' isn't defined for the type 'Object?'.
   - 'Object' is from 'dart:core'.
  Try correcting the name to the name of an existing method, or defining a method named 'save'.
        await storage.save(
                      ^^^^
  test/model/puzzle/puzzle_batch_storage_test.dart:43:21: Error: The method 'save' isn't defined for the type 'Object?'.
   - 'Object' is from 'dart:core'.
  Try correcting the name to the name of an existing method, or defining a method named 'save'.
        await storage.save(
                      ^^^^
  test/model/puzzle/puzzle_batch_storage_test.dart:50:17: Error: The method 'fetchSavedThemes' isn't defined for the type 'Object?'.
   - 'Object' is from 'dart:core'.
  Try correcting the name to the name of an existing method, or defining a method named 'fetchSavedThemes'.
          storage.fetchSavedThemes(userId: null),
                  ^^^^^^^^^^^^^^^^
  test/model/puzzle/puzzle_batch_storage_test.dart:68:21: Error: The method 'save' isn't defined for the type 'Object?'.
   - 'Object' is from 'dart:core'.
  Try correcting the name to the name of an existing method, or defining a method named 'save'.
        await storage.save(userId: null, angle: const PuzzleOpening('test_opening'), data: data);
                      ^^^^
  test/model/puzzle/puzzle_batch_storage_test.dart:69:21: Error: The method 'save' isn't defined for the type 'Object?'.
   - 'Object' is from 'dart:core'.
  Try correcting the name to the name of an existing method, or defining a method named 'save'.
        await storage.save(userId: null, angle: const PuzzleOpening('test_opening2'), data: data);
                      ^^^^
  test/model/puzzle/puzzle_batch_storage_test.dart:72:17: Error: The method 'fetchSavedOpenings' isn't defined for the type 'Object?'.
   - 'Object' is from 'dart:core'.
  Try correcting the name to the name of an existing method, or defining a method named 'fetchSavedOpenings'.
          storage.fetchSavedOpenings(userId: null),
                  ^^^^^^^^^^^^^^^^^^
  test/model/puzzle/puzzle_batch_storage_test.dart:84:25: Error: The method 'insert' isn't defined for the type 'Object?'.
   - 'Object' is from 'dart:core'.
  Try correcting the name to the name of an existing method, or defining a method named 'insert'.
          return database.insert('puzzle_batchs', {
                          ^^^^^^
  test/model/puzzle/puzzle_batch_storage_test.dart:98:17: Error: The method 'fetchAll' isn't defined for the type 'Object?'.
   - 'Object' is from 'dart:core'.
  Try correcting the name to the name of an existing method, or defining a method named 'fetchAll'.
          storage.fetchAll(userId: null),
                  ^^^^^^^^
  test/test_container.dart:39:34: Error: Undefined name 'httpClientFactoryProvider'.
        httpClientFactoryProvider: httpClientFactoryProvider.overrideWith((ref) {
                                   ^^^^^^^^^^^^^^^^^^^^^^^^^
  test/test_container.dart:39:7: Error: Undefined name 'httpClientFactoryProvider'.
        httpClientFactoryProvider: httpClientFactoryProvider.overrideWith((ref) {
        ^^^^^^^^^^^^^^^^^^^^^^^^^
  test/test_container.dart:49:3: Error: 'AuthUser' isn't a type.
    AuthUser? authUser,
    ^^^^^^^^
  test/test_container.dart:53:46: Error: Undefined name 'kSRIStorageKey'.
    FlutterSecureStorage.setMockInitialValues({kSRIStorageKey: 'test'});
                                               ^^^^^^^^^^^^^^
  test/test_container.dart:56:26: Error: Undefined name 'nnueServiceProvider'.
      nnueServiceProvider: nnueServiceProvider.overrideWithValue(FakeNnueService()),
                           ^^^^^^^^^^^^^^^^^^^
  test/test_container.dart:56:5: Error: Undefined name 'nnueServiceProvider'.
      nnueServiceProvider: nnueServiceProvider.overrideWithValue(FakeNnueService()),
      ^^^^^^^^^^^^^^^^^^^
  test/test_container.dart:57:33: Error: Undefined name 'connectivityPluginProvider'.
      connectivityPluginProvider: connectivityPluginProvider.overrideWith((_) {
                                  ^^^^^^^^^^^^^^^^^^^^^^^^^^
  test/test_container.dart:57:5: Error: Undefined name 'connectivityPluginProvider'.
      connectivityPluginProvider: connectivityPluginProvider.overrideWith((_) {
      ^^^^^^^^^^^^^^^^^^^^^^^^^^
  test/test_container.dart:60:34: Error: Undefined name 'notificationDisplayProvider'.
      notificationDisplayProvider: notificationDisplayProvider.overrideWith((ref) {
                                   ^^^^^^^^^^^^^^^^^^^^^^^^^^^
  test/test_container.dart:60:5: Error: Undefined name 'notificationDisplayProvider'.
      notificationDisplayProvider: notificationDisplayProvider.overrideWith((ref) {
      ^^^^^^^^^^^^^^^^^^^^^^^^^^^
  test/test_container.dart:64:24: Error: Method not found: 'openAppDatabase'.
        final db = await openAppDatabase(databaseFactoryFfi, inMemoryDatabasePath);
                         ^^^^^^^^^^^^^^^
  test/test_container.dart:63:23: Error: Undefined name 'databaseProvider'.
      databaseProvider: databaseProvider.overrideWith((ref) async {
                        ^^^^^^^^^^^^^^^^
  test/test_container.dart:63:5: Error: Undefined name 'databaseProvider'.
      databaseProvider: databaseProvider.overrideWith((ref) async {
      ^^^^^^^^^^^^^^^^
  test/test_container.dart:68:38: Error: Undefined name 'webSocketChannelFactoryProvider'.
      webSocketChannelFactoryProvider: webSocketChannelFactoryProvider.overrideWith((ref) {
                                       ^^^^^^^^^^^^^^^^^^^^^^^^^^^^^^^
  test/test_container.dart:68:5: Error: Undefined name 'webSocketChannelFactoryProvider'.
      webSocketChannelFactoryProvider: webSocketChannelFactoryProvider.overrideWith((ref) {
      ^^^^^^^^^^^^^^^^^^^^^^^^^^^^^^^
  test/test_container.dart:72:20: Error: Method not found: 'SocketPool'.
        final pool = SocketPool(ref);
                     ^^^^^^^^^^
  test/test_container.dart:71:25: Error: Undefined name 'socketPoolProvider'.
      socketPoolProvider: socketPoolProvider.overrideWith((ref) {
                          ^^^^^^^^^^^^^^^^^^
  test/test_container.dart:71:5: Error: Undefined name 'socketPoolProvider'.
      socketPoolProvider: socketPoolProvider.overrideWith((ref) {
      ^^^^^^^^^^^^^^^^^^
  test/test_container.dart:76:32: Error: Undefined name 'httpClientFactoryProvider'.
      httpClientFactoryProvider: httpClientFactoryProvider.overrideWith((ref) {
                                 ^^^^^^^^^^^^^^^^^^^^^^^^^
  test/test_container.dart:76:5: Error: Undefined name 'httpClientFactoryProvider'.
      httpClientFactoryProvider: httpClientFactoryProvider.overrideWith((ref) {
      ^^^^^^^^^^^^^^^^^^^^^^^^^
  test/test_container.dart:79:27: Error: Undefined name 'soundServiceProvider'.
      soundServiceProvider: soundServiceProvider.overrideWithValue(FakeSoundService()),
                            ^^^^^^^^^^^^^^^^^^^^
  test/test_container.dart:79:5: Error: Undefined name 'soundServiceProvider'.
      soundServiceProvider: soundServiceProvider.overrideWithValue(FakeSoundService()),
      ^^^^^^^^^^^^^^^^^^^^
  test/test_container.dart:80:28: Error: Undefined name 'preloadedDataProvider'.
      preloadedDataProvider: preloadedDataProvider.overrideWith((ref) {
                             ^^^^^^^^^^^^^^^^^^^^^
  test/test_container.dart:80:5: Error: Undefined name 'preloadedDataProvider'.
      preloadedDataProvider: preloadedDataProvider.overrideWith((ref) {
      ^^^^^^^^^^^^^^^^^^^^^
  test/model/common/service/fake_sound_service.dart:7:21: Error: 'Sound' isn't a type.
    Future<void> play(Sound sound, {double? volume}) async {}
                      ^^^^^
  test/model/common/service/fake_sound_service.dart:10:33: Error: 'Variant' isn't a type.
    Future<void> playCaptureSound(Variant variant, {double? volume}) async {}
                                  ^^^^^^^
  test/model/common/service/fake_sound_service.dart:13:28: Error: 'SoundTheme' isn't a type.
    Future<void> changeTheme(SoundTheme theme, {bool playSound = false}) async {}
                             ^^^^^^^^^^
  test/binding.dart:37:46: Error: Undefined name 'ExoChessBinding'.
    static TestExoChessBinding get instance => ExoChessBinding.checkInstance(_instance);
                                               ^^^^^^^^^^^^^^^
  test/binding.dart:42:11: Error: Superclass has no method named 'initInstance'.
      super.initInstance();
            ^^^^^^^^^^^^
  .
00:00 +0 -10: loading /home/flcsezz/mobile/test/network/http_test.dart [E]
  Error: The Dart compiler exited unexpectedly.
  package:flutter_tools/src/base/common.dart 34:3  throwToolExit
  package:flutter_tools/src/compile.dart 939:11    DefaultResidentCompiler._compile.<fn>
  dart:async/zone_root.dart 48:47                  _rootRunUnary
  dart:async/zone.dart 733:19                      _CustomZone.runUnary
  dart:async/future_impl.dart 948:45               Future._propagateToListeners.handleValueCallback
  dart:async/future_impl.dart 977:13               Future._propagateToListeners
  dart:async/future_impl.dart 862:9                Future._propagateToListeners
  dart:async/future_impl.dart 720:5                Future._completeWithValue
  dart:async/future_impl.dart 804:7                Future._asyncCompleteWithValue.<fn>
  dart:async/zone_root.dart 35:13                  _rootRun
  dart:async/zone.dart 726:19                      _CustomZone.run
  dart:async/zone.dart 625:7                       _CustomZone.runGuarded
  dart:async/zone.dart 666:23                      _CustomZone.bindCallbackGuarded.<fn>
  dart:async/schedule_microtask.dart 40:35         _microtaskLoop
  dart:async/schedule_microtask.dart 49:5          _startMicrotaskLoop
  dart:isolate-patch/isolate_patch.dart 127:13     _runPendingImmediateCallback
  dart:isolate-patch/isolate_patch.dart 194:5      _RawReceivePort._handleMessage
  
00:00 +0 -11: loading /home/flcsezz/mobile/test/model/relation/relation_repository_test.dart [E]
  Failed to load "/home/flcsezz/mobile/test/model/relation/relation_repository_test.dart":
  Compilation failed for testPath=/home/flcsezz/mobile/test/model/relation/relation_repository_test.dart: Error: Couldn't resolve the package 'exochess_mobile' in 'package:exochess_mobile/src/model/relation/relation_repository.dart'.
  Error: Couldn't resolve the package 'exochess_mobile' in 'package:exochess_mobile/src/model/user/user.dart'.
  Error: Couldn't resolve the package 'exochess_mobile' in 'package:exochess_mobile/src/network/http.dart'.
  test/model/relation/relation_repository_test.dart:4:8: Error: Not found: 'package:exochess_mobile/src/model/relation/relation_repository.dart'
  import 'package:exochess_mobile/src/model/relation/relation_repository.dart';
         ^
  test/model/relation/relation_repository_test.dart:5:8: Error: Not found: 'package:exochess_mobile/src/model/user/user.dart'
  import 'package:exochess_mobile/src/model/user/user.dart';
         ^
  test/model/relation/relation_repository_test.dart:6:8: Error: Not found: 'package:exochess_mobile/src/network/http.dart'
  import 'package:exochess_mobile/src/network/http.dart';
         ^
  Error: Couldn't resolve the package 'exochess_mobile' in 'package:exochess_mobile/src/constants.dart'.
  Error: Couldn't resolve the package 'exochess_mobile' in 'package:exochess_mobile/src/db/database.dart'.
  Error: Couldn't resolve the package 'exochess_mobile' in 'package:exochess_mobile/src/model/auth/auth_controller.dart'.
  Error: Couldn't resolve the package 'exochess_mobile' in 'package:exochess_mobile/src/model/common/preloaded_data.dart'.
  Error: Couldn't resolve the package 'exochess_mobile' in 'package:exochess_mobile/src/model/common/service/sound_service.dart'.
  Error: Couldn't resolve the package 'exochess_mobile' in 'package:exochess_mobile/src/model/engine/nnue_service.dart'.
  Error: Couldn't resolve the package 'exochess_mobile' in 'package:exochess_mobile/src/model/notifications/notification_service.dart'.
  Error: Couldn't resolve the package 'exochess_mobile' in 'package:exochess_mobile/src/network/connectivity.dart'.
  test/test_container.dart:16:8: Error: Not found: 'package:exochess_mobile/src/network/http.dart'
  import 'package:exochess_mobile/src/network/http.dart';
         ^
  Error: Couldn't resolve the package 'exochess_mobile' in 'package:exochess_mobile/src/network/socket.dart'.
  test/test_container.dart:8:8: Error: Not found: 'package:exochess_mobile/src/constants.dart'
  import 'package:exochess_mobile/src/constants.dart';
         ^
  test/test_container.dart:9:8: Error: Not found: 'package:exochess_mobile/src/db/database.dart'
  import 'package:exochess_mobile/src/db/database.dart';
         ^
  test/test_container.dart:10:8: Error: Not found: 'package:exochess_mobile/src/model/auth/auth_controller.dart'
  import 'package:exochess_mobile/src/model/auth/auth_controller.dart';
         ^
  test/test_container.dart:11:8: Error: Not found: 'package:exochess_mobile/src/model/common/preloaded_data.dart'
  import 'package:exochess_mobile/src/model/common/preloaded_data.dart';
         ^
  test/test_container.dart:12:8: Error: Not found: 'package:exochess_mobile/src/model/common/service/sound_service.dart'
  import 'package:exochess_mobile/src/model/common/service/sound_service.dart';
         ^
  test/test_container.dart:13:8: Error: Not found: 'package:exochess_mobile/src/model/engine/nnue_service.dart'
  import 'package:exochess_mobile/src/model/engine/nnue_service.dart';
         ^
  test/test_container.dart:14:8: Error: Not found: 'package:exochess_mobile/src/model/notifications/notification_service.dart'
  import 'package:exochess_mobile/src/model/notifications/notification_service.dart';
         ^
  test/test_container.dart:15:8: Error: Not found: 'package:exochess_mobile/src/network/connectivity.dart'
  import 'package:exochess_mobile/src/network/connectivity.dart';
         ^
  test/test_container.dart:17:8: Error: Not found: 'package:exochess_mobile/src/network/socket.dart'
  import 'package:exochess_mobile/src/network/socket.dart';
         ^
  Error: Couldn't resolve the package 'exochess_mobile' in 'package:exochess_mobile/src/model/common/chess.dart'.
  test/model/common/service/fake_sound_service.dart:2:8: Error: Not found: 'package:exochess_mobile/src/model/common/service/sound_service.dart'
  import 'package:exochess_mobile/src/model/common/service/sound_service.dart';
         ^
  Error: Couldn't resolve the package 'exochess_mobile' in 'package:exochess_mobile/src/model/settings/general_preferences.dart'.
  Error: Couldn't resolve the package 'exochess_mobile' in 'package:exochess_mobile/src/binding.dart'.
  test/model/engine/fake_nnue_service.dart:4:8: Error: Not found: 'package:exochess_mobile/src/model/engine/nnue_service.dart'
  import 'package:exochess_mobile/src/model/engine/nnue_service.dart';
         ^
  test/network/fake_http_client_factory.dart:2:8: Error: Not found: 'package:exochess_mobile/src/network/http.dart'
  import 'package:exochess_mobile/src/network/http.dart';
         ^
  test/network/fake_websocket_channel.dart:6:8: Error: Not found: 'package:exochess_mobile/src/network/socket.dart'
  import 'package:exochess_mobile/src/network/socket.dart';
         ^
  test/model/common/service/fake_sound_service.dart:1:8: Error: Not found: 'package:exochess_mobile/src/model/common/chess.dart'
  import 'package:exochess_mobile/src/model/common/chess.dart';
         ^
  test/model/common/service/fake_sound_service.dart:3:8: Error: Not found: 'package:exochess_mobile/src/model/settings/general_preferences.dart'
  import 'package:exochess_mobile/src/model/settings/general_preferences.dart';
         ^
  test/binding.dart:4:8: Error: Not found: 'package:exochess_mobile/src/binding.dart'
  import 'package:exochess_mobile/src/binding.dart';
         ^
  test/test_container.dart:49:3: Error: Type 'AuthUser' not found.
    AuthUser? authUser,
    ^^^^^^^^
  test/model/common/service/fake_sound_service.dart:5:35: Error: Type 'SoundService' not found.
  class FakeSoundService implements SoundService {
                                    ^^^^^^^^^^^^
  test/model/common/service/fake_sound_service.dart:7:21: Error: Type 'Sound' not found.
    Future<void> play(Sound sound, {double? volume}) async {}
                      ^^^^^
  test/model/common/service/fake_sound_service.dart:10:33: Error: Type 'Variant' not found.
    Future<void> playCaptureSound(Variant variant, {double? volume}) async {}
                                  ^^^^^^^
  test/model/common/service/fake_sound_service.dart:13:28: Error: Type 'SoundTheme' not found.
    Future<void> changeTheme(SoundTheme theme, {bool playSound = false}) async {}
                             ^^^^^^^^^^
  test/binding.dart:14:35: Error: Type 'ExoChessBinding' not found.
  class TestExoChessBinding extends ExoChessBinding {
                                    ^^^^^^^^^^^^^^^
  test/model/engine/fake_nnue_service.dart:13:34: Error: Type 'NnueService' not found.
  class FakeNnueService implements NnueService {
                                   ^^^^^^^^^^^
  test/model/engine/fake_nnue_service.dart:25:3: Error: Type 'NNUEFiles' not found.
    NNUEFiles get nnueFiles {
    ^^^^^^^^^
  test/model/engine/fake_nnue_service.dart:56:45: Error: Type 'NnueService' not found.
  class FakeNnueServiceUnavailable implements NnueService {
                                              ^^^^^^^^^^^
  test/model/engine/fake_nnue_service.dart:68:3: Error: Type 'NNUEFiles' not found.
    NNUEFiles get nnueFiles {
    ^^^^^^^^^
  test/network/fake_http_client_factory.dart:4:40: Error: Type 'HttpClientFactory' not found.
  class FakeHttpClientFactory implements HttpClientFactory {
                                         ^^^^^^^^^^^^^^^^^
  test/network/fake_websocket_channel.dart:24:56: Error: Type 'WebSocketChannelFactory' not found.
  class ListenableFakeWebSocketChannelFactory implements WebSocketChannelFactory {
                                                         ^^^^^^^^^^^^^^^^^^^^^^^
  test/network/fake_websocket_channel.dart:65:46: Error: Type 'WebSocketChannelFactory' not found.
  class FakeWebSocketChannelFactory implements WebSocketChannelFactory {
                                               ^^^^^^^^^^^^^^^^^^^^^^^
  test/model/relation/relation_repository_test.dart:26:37: Error: Undefined name 'lichessClientProvider'.
        final client = container.read(lichessClientProvider);
                                      ^^^^^^^^^^^^^^^^^^^^^
  test/model/relation/relation_repository_test.dart:27:20: Error: Method not found: 'RelationRepository'.
        final repo = RelationRepository(client);
                     ^^^^^^^^^^^^^^^^^^
  test/model/relation/relation_repository_test.dart:30:32: Error: 'User' isn't a type.
        expect(result, isA<IList<User>>());
                                 ^^^^
  test/model/relation/relation_repository_test.dart:45:37: Error: Undefined name 'lichessClientProvider'.
        final client = container.read(lichessClientProvider);
                                      ^^^^^^^^^^^^^^^^^^^^^
  test/model/relation/relation_repository_test.dart:46:20: Error: Method not found: 'RelationRepository'.
        final repo = RelationRepository(client);
                     ^^^^^^^^^^^^^^^^^^
  test/model/relation/relation_repository_test.dart:49:32: Error: 'User' isn't a type.
        expect(result, isA<IList<User>>());
                                 ^^^^
  test/test_container.dart:39:34: Error: Undefined name 'httpClientFactoryProvider'.
        httpClientFactoryProvider: httpClientFactoryProvider.overrideWith((ref) {
                                   ^^^^^^^^^^^^^^^^^^^^^^^^^
  test/test_container.dart:39:7: Error: Undefined name 'httpClientFactoryProvider'.
        httpClientFactoryProvider: httpClientFactoryProvider.overrideWith((ref) {
        ^^^^^^^^^^^^^^^^^^^^^^^^^
  test/test_container.dart:49:3: Error: 'AuthUser' isn't a type.
    AuthUser? authUser,
    ^^^^^^^^
  test/test_container.dart:53:46: Error: Undefined name 'kSRIStorageKey'.
    FlutterSecureStorage.setMockInitialValues({kSRIStorageKey: 'test'});
                                               ^^^^^^^^^^^^^^
  test/test_container.dart:56:26: Error: Undefined name 'nnueServiceProvider'.
      nnueServiceProvider: nnueServiceProvider.overrideWithValue(FakeNnueService()),
                           ^^^^^^^^^^^^^^^^^^^
  test/test_container.dart:56:5: Error: Undefined name 'nnueServiceProvider'.
      nnueServiceProvider: nnueServiceProvider.overrideWithValue(FakeNnueService()),
      ^^^^^^^^^^^^^^^^^^^
  test/test_container.dart:57:33: Error: Undefined name 'connectivityPluginProvider'.
      connectivityPluginProvider: connectivityPluginProvider.overrideWith((_) {
                                  ^^^^^^^^^^^^^^^^^^^^^^^^^^
  test/test_container.dart:57:5: Error: Undefined name 'connectivityPluginProvider'.
      connectivityPluginProvider: connectivityPluginProvider.overrideWith((_) {
      ^^^^^^^^^^^^^^^^^^^^^^^^^^
  test/test_container.dart:60:34: Error: Undefined name 'notificationDisplayProvider'.
      notificationDisplayProvider: notificationDisplayProvider.overrideWith((ref) {
                                   ^^^^^^^^^^^^^^^^^^^^^^^^^^^
  test/test_container.dart:60:5: Error: Undefined name 'notificationDisplayProvider'.
      notificationDisplayProvider: notificationDisplayProvider.overrideWith((ref) {
      ^^^^^^^^^^^^^^^^^^^^^^^^^^^
  test/test_container.dart:64:24: Error: Method not found: 'openAppDatabase'.
        final db = await openAppDatabase(databaseFactoryFfi, inMemoryDatabasePath);
                         ^^^^^^^^^^^^^^^
  test/test_container.dart:63:23: Error: Undefined name 'databaseProvider'.
      databaseProvider: databaseProvider.overrideWith((ref) async {
                        ^^^^^^^^^^^^^^^^
  test/test_container.dart:63:5: Error: Undefined name 'databaseProvider'.
      databaseProvider: databaseProvider.overrideWith((ref) async {
      ^^^^^^^^^^^^^^^^
  test/test_container.dart:68:38: Error: Undefined name 'webSocketChannelFactoryProvider'.
      webSocketChannelFactoryProvider: webSocketChannelFactoryProvider.overrideWith((ref) {
                                       ^^^^^^^^^^^^^^^^^^^^^^^^^^^^^^^
  test/test_container.dart:68:5: Error: Undefined name 'webSocketChannelFactoryProvider'.
      webSocketChannelFactoryProvider: webSocketChannelFactoryProvider.overrideWith((ref) {
      ^^^^^^^^^^^^^^^^^^^^^^^^^^^^^^^
  test/test_container.dart:72:20: Error: Method not found: 'SocketPool'.
        final pool = SocketPool(ref);
                     ^^^^^^^^^^
  test/test_container.dart:71:25: Error: Undefined name 'socketPoolProvider'.
      socketPoolProvider: socketPoolProvider.overrideWith((ref) {
                          ^^^^^^^^^^^^^^^^^^
  test/test_container.dart:71:5: Error: Undefined name 'socketPoolProvider'.
      socketPoolProvider: socketPoolProvider.overrideWith((ref) {
      ^^^^^^^^^^^^^^^^^^
  test/test_container.dart:76:32: Error: Undefined name 'httpClientFactoryProvider'.
      httpClientFactoryProvider: httpClientFactoryProvider.overrideWith((ref) {
                                 ^^^^^^^^^^^^^^^^^^^^^^^^^
  test/test_container.dart:76:5: Error: Undefined name 'httpClientFactoryProvider'.
      httpClientFactoryProvider: httpClientFactoryProvider.overrideWith((ref) {
      ^^^^^^^^^^^^^^^^^^^^^^^^^
  test/test_container.dart:79:27: Error: Undefined name 'soundServiceProvider'.
      soundServiceProvider: soundServiceProvider.overrideWithValue(FakeSoundService()),
                            ^^^^^^^^^^^^^^^^^^^^
  test/test_container.dart:79:5: Error: Undefined name 'soundServiceProvider'.
      soundServiceProvider: soundServiceProvider.overrideWithValue(FakeSoundService()),
      ^^^^^^^^^^^^^^^^^^^^
  test/test_container.dart:80:28: Error: Undefined name 'preloadedDataProvider'.
      preloadedDataProvider: preloadedDataProvider.overrideWith((ref) {
                             ^^^^^^^^^^^^^^^^^^^^^
  test/test_container.dart:80:5: Error: Undefined name 'preloadedDataProvider'.
      preloadedDataProvider: preloadedDataProvider.overrideWith((ref) {
      ^^^^^^^^^^^^^^^^^^^^^
  test/model/common/service/fake_sound_service.dart:7:21: Error: 'Sound' isn't a type.
    Future<void> play(Sound sound, {double? volume}) async {}
                      ^^^^^
  test/model/common/service/fake_sound_service.dart:10:33: Error: 'Variant' isn't a type.
    Future<void> playCaptureSound(Variant variant, {double? volume}) async {}
                                  ^^^^^^^
  test/model/common/service/fake_sound_service.dart:13:28: Error: 'SoundTheme' isn't a type.
    Future<void> changeTheme(SoundTheme theme, {bool playSound = false}) async {}
                             ^^^^^^^^^^
  test/binding.dart:37:46: Error: Undefined name 'ExoChessBinding'.
    static TestExoChessBinding get instance => ExoChessBinding.checkInstance(_instance);
                                               ^^^^^^^^^^^^^^^
  test/binding.dart:42:11: Error: Superclass has no method named 'initInstance'.
      super.initInstance();
            ^^^^^^^^^^^^
  .
00:00 +0 -11: loading /home/flcsezz/mobile/test/network/http_test.dart [E]
  Error: The Dart compiler exited unexpectedly.
  package:flutter_tools/src/base/common.dart 34:3  throwToolExit
  package:flutter_tools/src/compile.dart 939:11    DefaultResidentCompiler._compile.<fn>
  dart:async/zone_root.dart 48:47                  _rootRunUnary
  dart:async/zone.dart 733:19                      _CustomZone.runUnary
  dart:async/future_impl.dart 948:45               Future._propagateToListeners.handleValueCallback
  dart:async/future_impl.dart 977:13               Future._propagateToListeners
  dart:async/future_impl.dart 862:9                Future._propagateToListeners
  dart:async/future_impl.dart 720:5                Future._completeWithValue
  dart:async/future_impl.dart 804:7                Future._asyncCompleteWithValue.<fn>
  dart:async/zone_root.dart 35:13                  _rootRun
  dart:async/zone.dart 726:19                      _CustomZone.run
  dart:async/zone.dart 625:7                       _CustomZone.runGuarded
  dart:async/zone.dart 666:23                      _CustomZone.bindCallbackGuarded.<fn>
  dart:async/schedule_microtask.dart 40:35         _microtaskLoop
  dart:async/schedule_microtask.dart 49:5          _startMicrotaskLoop
  dart:isolate-patch/isolate_patch.dart 127:13     _runPendingImmediateCallback
  dart:isolate-patch/isolate_patch.dart 194:5      _RawReceivePort._handleMessage
  
00:00 +0 -12: loading /home/flcsezz/mobile/test/model/user/user_repository_test.dart [E]
  Failed to load "/home/flcsezz/mobile/test/model/user/user_repository_test.dart":
  Compilation failed for testPath=/home/flcsezz/mobile/test/model/user/user_repository_test.dart: Error: Couldn't resolve the package 'exochess_mobile' in 'package:exochess_mobile/src/model/common/id.dart'.
  Error: Couldn't resolve the package 'exochess_mobile' in 'package:exochess_mobile/src/model/common/perf.dart'.
  Error: Couldn't resolve the package 'exochess_mobile' in 'package:exochess_mobile/src/model/user/leaderboard.dart'.
  Error: Couldn't resolve the package 'exochess_mobile' in 'package:exochess_mobile/src/model/user/user.dart'.
  Error: Couldn't resolve the package 'exochess_mobile' in 'package:exochess_mobile/src/model/user/user_repository.dart'.
  test/model/user/user_repository_test.dart:4:8: Error: Not found: 'package:exochess_mobile/src/model/common/id.dart'
  import 'package:exochess_mobile/src/model/common/id.dart';
         ^
  test/model/user/user_repository_test.dart:5:8: Error: Not found: 'package:exochess_mobile/src/model/common/perf.dart'
  import 'package:exochess_mobile/src/model/common/perf.dart';
         ^
  test/model/user/user_repository_test.dart:6:8: Error: Not found: 'package:exochess_mobile/src/model/user/leaderboard.dart'
  import 'package:exochess_mobile/src/model/user/leaderboard.dart';
         ^
  test/model/user/user_repository_test.dart:7:8: Error: Not found: 'package:exochess_mobile/src/model/user/user.dart'
  import 'package:exochess_mobile/src/model/user/user.dart';
         ^
  test/model/user/user_repository_test.dart:8:8: Error: Not found: 'package:exochess_mobile/src/model/user/user_repository.dart'
  import 'package:exochess_mobile/src/model/user/user_repository.dart';
         ^
  Error: Couldn't resolve the package 'exochess_mobile' in 'package:exochess_mobile/src/constants.dart'.
  Error: Couldn't resolve the package 'exochess_mobile' in 'package:exochess_mobile/src/db/database.dart'.
  Error: Couldn't resolve the package 'exochess_mobile' in 'package:exochess_mobile/src/model/auth/auth_controller.dart'.
  Error: Couldn't resolve the package 'exochess_mobile' in 'package:exochess_mobile/src/model/common/preloaded_data.dart'.
  Error: Couldn't resolve the package 'exochess_mobile' in 'package:exochess_mobile/src/model/common/service/sound_service.dart'.
  Error: Couldn't resolve the package 'exochess_mobile' in 'package:exochess_mobile/src/model/engine/nnue_service.dart'.
  Error: Couldn't resolve the package 'exochess_mobile' in 'package:exochess_mobile/src/model/notifications/notification_service.dart'.
  Error: Couldn't resolve the package 'exochess_mobile' in 'package:exochess_mobile/src/network/connectivity.dart'.
  Error: Couldn't resolve the package 'exochess_mobile' in 'package:exochess_mobile/src/network/http.dart'.
  Error: Couldn't resolve the package 'exochess_mobile' in 'package:exochess_mobile/src/network/socket.dart'.
  test/test_container.dart:8:8: Error: Not found: 'package:exochess_mobile/src/constants.dart'
  import 'package:exochess_mobile/src/constants.dart';
         ^
  test/test_container.dart:9:8: Error: Not found: 'package:exochess_mobile/src/db/database.dart'
  import 'package:exochess_mobile/src/db/database.dart';
         ^
  test/test_container.dart:10:8: Error: Not found: 'package:exochess_mobile/src/model/auth/auth_controller.dart'
  import 'package:exochess_mobile/src/model/auth/auth_controller.dart';
         ^
  test/test_container.dart:11:8: Error: Not found: 'package:exochess_mobile/src/model/common/preloaded_data.dart'
  import 'package:exochess_mobile/src/model/common/preloaded_data.dart';
         ^
  test/test_container.dart:12:8: Error: Not found: 'package:exochess_mobile/src/model/common/service/sound_service.dart'
  import 'package:exochess_mobile/src/model/common/service/sound_service.dart';
         ^
  test/test_container.dart:13:8: Error: Not found: 'package:exochess_mobile/src/model/engine/nnue_service.dart'
  import 'package:exochess_mobile/src/model/engine/nnue_service.dart';
         ^
  test/test_container.dart:14:8: Error: Not found: 'package:exochess_mobile/src/model/notifications/notification_service.dart'
  import 'package:exochess_mobile/src/model/notifications/notification_service.dart';
         ^
  test/test_container.dart:15:8: Error: Not found: 'package:exochess_mobile/src/network/connectivity.dart'
  import 'package:exochess_mobile/src/network/connectivity.dart';
         ^
  test/test_container.dart:16:8: Error: Not found: 'package:exochess_mobile/src/network/http.dart'
  import 'package:exochess_mobile/src/network/http.dart';
         ^
  test/test_container.dart:17:8: Error: Not found: 'package:exochess_mobile/src/network/socket.dart'
  import 'package:exochess_mobile/src/network/socket.dart';
         ^
  Error: Couldn't resolve the package 'exochess_mobile' in 'package:exochess_mobile/src/model/common/chess.dart'.
  test/model/common/service/fake_sound_service.dart:2:8: Error: Not found: 'package:exochess_mobile/src/model/common/service/sound_service.dart'
  import 'package:exochess_mobile/src/model/common/service/sound_service.dart';
         ^
  Error: Couldn't resolve the package 'exochess_mobile' in 'package:exochess_mobile/src/model/settings/general_preferences.dart'.
  Error: Couldn't resolve the package 'exochess_mobile' in 'package:exochess_mobile/src/binding.dart'.
  test/model/engine/fake_nnue_service.dart:4:8: Error: Not found: 'package:exochess_mobile/src/model/engine/nnue_service.dart'
  import 'package:exochess_mobile/src/model/engine/nnue_service.dart';
         ^
  test/network/fake_http_client_factory.dart:2:8: Error: Not found: 'package:exochess_mobile/src/network/http.dart'
  import 'package:exochess_mobile/src/network/http.dart';
         ^
  test/network/fake_websocket_channel.dart:6:8: Error: Not found: 'package:exochess_mobile/src/network/socket.dart'
  import 'package:exochess_mobile/src/network/socket.dart';
         ^
  test/model/common/service/fake_sound_service.dart:1:8: Error: Not found: 'package:exochess_mobile/src/model/common/chess.dart'
  import 'package:exochess_mobile/src/model/common/chess.dart';
         ^
  test/model/common/service/fake_sound_service.dart:3:8: Error: Not found: 'package:exochess_mobile/src/model/settings/general_preferences.dart'
  import 'package:exochess_mobile/src/model/settings/general_preferences.dart';
         ^
  test/binding.dart:4:8: Error: Not found: 'package:exochess_mobile/src/binding.dart'
  import 'package:exochess_mobile/src/binding.dart';
         ^
  test/test_container.dart:49:3: Error: Type 'AuthUser' not found.
    AuthUser? authUser,
    ^^^^^^^^
  test/model/common/service/fake_sound_service.dart:5:35: Error: Type 'SoundService' not found.
  class FakeSoundService implements SoundService {
                                    ^^^^^^^^^^^^
  test/model/common/service/fake_sound_service.dart:7:21: Error: Type 'Sound' not found.
    Future<void> play(Sound sound, {double? volume}) async {}
                      ^^^^^
  test/model/common/service/fake_sound_service.dart:10:33: Error: Type 'Variant' not found.
    Future<void> playCaptureSound(Variant variant, {double? volume}) async {}
                                  ^^^^^^^
  test/model/common/service/fake_sound_service.dart:13:28: Error: Type 'SoundTheme' not found.
    Future<void> changeTheme(SoundTheme theme, {bool playSound = false}) async {}
                             ^^^^^^^^^^
  test/binding.dart:14:35: Error: Type 'ExoChessBinding' not found.
  class TestExoChessBinding extends ExoChessBinding {
                                    ^^^^^^^^^^^^^^^
  test/model/engine/fake_nnue_service.dart:13:34: Error: Type 'NnueService' not found.
  class FakeNnueService implements NnueService {
                                   ^^^^^^^^^^^
  test/model/engine/fake_nnue_service.dart:25:3: Error: Type 'NNUEFiles' not found.
    NNUEFiles get nnueFiles {
    ^^^^^^^^^
  test/model/engine/fake_nnue_service.dart:56:45: Error: Type 'NnueService' not found.
  class FakeNnueServiceUnavailable implements NnueService {
                                              ^^^^^^^^^^^
  test/model/engine/fake_nnue_service.dart:68:3: Error: Type 'NNUEFiles' not found.
    NNUEFiles get nnueFiles {
    ^^^^^^^^^
  test/network/fake_http_client_factory.dart:4:40: Error: Type 'HttpClientFactory' not found.
  class FakeHttpClientFactory implements HttpClientFactory {
                                         ^^^^^^^^^^^^^^^^^
  test/network/fake_websocket_channel.dart:24:56: Error: Type 'WebSocketChannelFactory' not found.
  class ListenableFakeWebSocketChannelFactory implements WebSocketChannelFactory {
                                                         ^^^^^^^^^^^^^^^^^^^^^^^
  test/network/fake_websocket_channel.dart:65:46: Error: Type 'WebSocketChannelFactory' not found.
  class FakeWebSocketChannelFactory implements WebSocketChannelFactory {
                                               ^^^^^^^^^^^^^^^^^^^^^^^
  test/model/user/user_repository_test.dart:13:20: Error: Method not found: 'UserId'.
  const testUserId = UserId('test');
                     ^^^^^^
  test/model/user/user_repository_test.dart:35:35: Error: Undefined name 'userRepositoryProvider'.
        final repo = container.read(userRepositoryProvider);
                                    ^^^^^^^^^^^^^^^^^^^^^^
  test/model/user/user_repository_test.dart:39:26: Error: 'User' isn't a type.
        expect(result, isA<User>());
                           ^^^^
  test/model/user/user_repository_test.dart:90:35: Error: Undefined name 'userRepositoryProvider'.
        final repo = container.read(userRepositoryProvider);
                                    ^^^^^^^^^^^^^^^^^^^^^^
  test/model/user/user_repository_test.dart:94:26: Error: 'User' isn't a type.
        expect(result, isA<User>());
                           ^^^^
  test/model/user/user_repository_test.dart:102:22: Error: Undefined name 'Perf'.
      const testPerf = Perf.rapid;
                       ^^^^
  test/model/user/user_repository_test.dart:143:35: Error: Undefined name 'userRepositoryProvider'.
        final repo = container.read(userRepositoryProvider);
                                    ^^^^^^^^^^^^^^^^^^^^^^
  test/model/user/user_repository_test.dart:147:26: Error: 'UserPerfStats' isn't a type.
        expect(result, isA<UserPerfStats>());
                           ^^^^^^^^^^^^^
  test/model/user/user_repository_test.dart:396:35: Error: Undefined name 'userRepositoryProvider'.
        final repo = container.read(userRepositoryProvider);
                                    ^^^^^^^^^^^^^^^^^^^^^^
  test/model/user/user_repository_test.dart:400:26: Error: 'UserPerfStats' isn't a type.
        expect(result, isA<UserPerfStats>());
                           ^^^^^^^^^^^^^
  test/model/user/user_repository_test.dart:410:31: Error: Method not found: 'UserId'.
        final ids = ISet(const {UserId('maia1'), UserId('maia5'), UserId('maia9')});
                                ^^^^^^
  test/model/user/user_repository_test.dart:410:48: Error: Method not found: 'UserId'.
        final ids = ISet(const {UserId('maia1'), UserId('maia5'), UserId('maia9')});
                                                 ^^^^^^
  test/model/user/user_repository_test.dart:410:65: Error: Method not found: 'UserId'.
        final ids = ISet(const {UserId('maia1'), UserId('maia5'), UserId('maia9')});
                                                                  ^^^^^^
  test/model/user/user_repository_test.dart:420:35: Error: Undefined name 'userRepositoryProvider'.
        final repo = container.read(userRepositoryProvider);
                                    ^^^^^^^^^^^^^^^^^^^^^^
  test/model/user/user_repository_test.dart:423:32: Error: 'UserStatus' isn't a type.
        expect(result, isA<IList<UserStatus>>());
                                 ^^^^^^^^^^
  test/model/user/user_repository_test.dart:428:31: Error: Method not found: 'UserId'.
        final ids = ISet(const {UserId('maia1'), UserId('maia5'), UserId('maia9')});
                                ^^^^^^
  test/model/user/user_repository_test.dart:428:48: Error: Method not found: 'UserId'.
        final ids = ISet(const {UserId('maia1'), UserId('maia5'), UserId('maia9')});
                                                 ^^^^^^
  test/model/user/user_repository_test.dart:428:65: Error: Method not found: 'UserId'.
        final ids = ISet(const {UserId('maia1'), UserId('maia5'), UserId('maia9')});
                                                                  ^^^^^^
  test/model/user/user_repository_test.dart:456:35: Error: Undefined name 'userRepositoryProvider'.
        final repo = container.read(userRepositoryProvider);
                                    ^^^^^^^^^^^^^^^^^^^^^^
  test/model/user/user_repository_test.dart:459:32: Error: 'UserStatus' isn't a type.
        expect(result, isA<IList<UserStatus>>());
                                 ^^^^^^^^^^
  test/model/user/user_repository_test.dart:478:35: Error: Undefined name 'userRepositoryProvider'.
        final repo = container.read(userRepositoryProvider);
                                    ^^^^^^^^^^^^^^^^^^^^^^
  test/model/user/user_repository_test.dart:482:31: Error: 'Perf' isn't a type.
        expect(result, isA<IMap<Perf, LeaderboardUser>>());
                                ^^^^
  test/model/user/user_repository_test.dart:482:37: Error: 'LeaderboardUser' isn't a type.
        expect(result, isA<IMap<Perf, LeaderboardUser>>());
                                      ^^^^^^^^^^^^^^^
  test/model/user/user_repository_test.dart:512:35: Error: Undefined name 'userRepositoryProvider'.
        final repo = container.read(userRepositoryProvider);
                                    ^^^^^^^^^^^^^^^^^^^^^^
  test/model/user/user_repository_test.dart:516:26: Error: 'Leaderboard' isn't a type.
        expect(result, isA<Leaderboard>());
                           ^^^^^^^^^^^
  test/model/user/user_repository_test.dart:530:33: Error: Undefined name 'userRepositoryProvider'.
      final repo = container.read(userRepositoryProvider);
                                  ^^^^^^^^^^^^^^^^^^^^^^
  test/model/user/user_repository_test.dart:531:49: Error: Couldn't find constructor 'UserId'.
      final result = await repo.getActivity(const UserId('testUser'));
                                                  ^^^^^^
  test/model/user/user_repository_test.dart:533:30: Error: 'UserActivity' isn't a type.
      expect(result, isA<IList<UserActivity>>());
                               ^^^^^^^^^^^^
  test/test_container.dart:39:34: Error: Undefined name 'httpClientFactoryProvider'.
        httpClientFactoryProvider: httpClientFactoryProvider.overrideWith((ref) {
                                   ^^^^^^^^^^^^^^^^^^^^^^^^^
  test/test_container.dart:39:7: Error: Undefined name 'httpClientFactoryProvider'.
        httpClientFactoryProvider: httpClientFactoryProvider.overrideWith((ref) {
        ^^^^^^^^^^^^^^^^^^^^^^^^^
  test/test_container.dart:49:3: Error: 'AuthUser' isn't a type.
    AuthUser? authUser,
    ^^^^^^^^
  test/test_container.dart:53:46: Error: Undefined name 'kSRIStorageKey'.
    FlutterSecureStorage.setMockInitialValues({kSRIStorageKey: 'test'});
                                               ^^^^^^^^^^^^^^
  test/test_container.dart:56:26: Error: Undefined name 'nnueServiceProvider'.
      nnueServiceProvider: nnueServiceProvider.overrideWithValue(FakeNnueService()),
                           ^^^^^^^^^^^^^^^^^^^
  test/test_container.dart:56:5: Error: Undefined name 'nnueServiceProvider'.
      nnueServiceProvider: nnueServiceProvider.overrideWithValue(FakeNnueService()),
      ^^^^^^^^^^^^^^^^^^^
  test/test_container.dart:57:33: Error: Undefined name 'connectivityPluginProvider'.
      connectivityPluginProvider: connectivityPluginProvider.overrideWith((_) {
                                  ^^^^^^^^^^^^^^^^^^^^^^^^^^
  test/test_container.dart:57:5: Error: Undefined name 'connectivityPluginProvider'.
      connectivityPluginProvider: connectivityPluginProvider.overrideWith((_) {
      ^^^^^^^^^^^^^^^^^^^^^^^^^^
  test/test_container.dart:60:34: Error: Undefined name 'notificationDisplayProvider'.
      notificationDisplayProvider: notificationDisplayProvider.overrideWith((ref) {
                                   ^^^^^^^^^^^^^^^^^^^^^^^^^^^
  test/test_container.dart:60:5: Error: Undefined name 'notificationDisplayProvider'.
      notificationDisplayProvider: notificationDisplayProvider.overrideWith((ref) {
      ^^^^^^^^^^^^^^^^^^^^^^^^^^^
  test/test_container.dart:64:24: Error: Method not found: 'openAppDatabase'.
        final db = await openAppDatabase(databaseFactoryFfi, inMemoryDatabasePath);
                         ^^^^^^^^^^^^^^^
  test/test_container.dart:63:23: Error: Undefined name 'databaseProvider'.
      databaseProvider: databaseProvider.overrideWith((ref) async {
                        ^^^^^^^^^^^^^^^^
  test/test_container.dart:63:5: Error: Undefined name 'databaseProvider'.
      databaseProvider: databaseProvider.overrideWith((ref) async {
      ^^^^^^^^^^^^^^^^
  test/test_container.dart:68:38: Error: Undefined name 'webSocketChannelFactoryProvider'.
      webSocketChannelFactoryProvider: webSocketChannelFactoryProvider.overrideWith((ref) {
                                       ^^^^^^^^^^^^^^^^^^^^^^^^^^^^^^^
  test/test_container.dart:68:5: Error: Undefined name 'webSocketChannelFactoryProvider'.
      webSocketChannelFactoryProvider: webSocketChannelFactoryProvider.overrideWith((ref) {
      ^^^^^^^^^^^^^^^^^^^^^^^^^^^^^^^
  test/test_container.dart:72:20: Error: Method not found: 'SocketPool'.
        final pool = SocketPool(ref);
                     ^^^^^^^^^^
  test/test_container.dart:71:25: Error: Undefined name 'socketPoolProvider'.
      socketPoolProvider: socketPoolProvider.overrideWith((ref) {
                          ^^^^^^^^^^^^^^^^^^
  test/test_container.dart:71:5: Error: Undefined name 'socketPoolProvider'.
      socketPoolProvider: socketPoolProvider.overrideWith((ref) {
      ^^^^^^^^^^^^^^^^^^
  test/test_container.dart:76:32: Error: Undefined name 'httpClientFactoryProvider'.
      httpClientFactoryProvider: httpClientFactoryProvider.overrideWith((ref) {
                                 ^^^^^^^^^^^^^^^^^^^^^^^^^
  test/test_container.dart:76:5: Error: Undefined name 'httpClientFactoryProvider'.
      httpClientFactoryProvider: httpClientFactoryProvider.overrideWith((ref) {
      ^^^^^^^^^^^^^^^^^^^^^^^^^
  test/test_container.dart:79:27: Error: Undefined name 'soundServiceProvider'.
      soundServiceProvider: soundServiceProvider.overrideWithValue(FakeSoundService()),
                            ^^^^^^^^^^^^^^^^^^^^
  test/test_container.dart:79:5: Error: Undefined name 'soundServiceProvider'.
      soundServiceProvider: soundServiceProvider.overrideWithValue(FakeSoundService()),
      ^^^^^^^^^^^^^^^^^^^^
  test/test_container.dart:80:28: Error: Undefined name 'preloadedDataProvider'.
      preloadedDataProvider: preloadedDataProvider.overrideWith((ref) {
                             ^^^^^^^^^^^^^^^^^^^^^
  test/test_container.dart:80:5: Error: Undefined name 'preloadedDataProvider'.
      preloadedDataProvider: preloadedDataProvider.overrideWith((ref) {
      ^^^^^^^^^^^^^^^^^^^^^
  test/model/common/service/fake_sound_service.dart:7:21: Error: 'Sound' isn't a type.
    Future<void> play(Sound sound, {double? volume}) async {}
                      ^^^^^
  test/model/common/service/fake_sound_service.dart:10:33: Error: 'Variant' isn't a type.
    Future<void> playCaptureSound(Variant variant, {double? volume}) async {}
                                  ^^^^^^^
  test/model/common/service/fake_sound_service.dart:13:28: Error: 'SoundTheme' isn't a type.
    Future<void> changeTheme(SoundTheme theme, {bool playSound = false}) async {}
                             ^^^^^^^^^^
  test/binding.dart:37:46: Error: Undefined name 'ExoChessBinding'.
    static TestExoChessBinding get instance => ExoChessBinding.checkInstance(_instance);
                                               ^^^^^^^^^^^^^^^
  test/binding.dart:42:11: Error: Superclass has no method named 'initInstance'.
      super.initInstance();
            ^^^^^^^^^^^^
  .
00:00 +0 -12: loading /home/flcsezz/mobile/test/network/http_test.dart [E]
  Error: The Dart compiler exited unexpectedly.
  package:flutter_tools/src/base/common.dart 34:3  throwToolExit
  package:flutter_tools/src/compile.dart 939:11    DefaultResidentCompiler._compile.<fn>
  dart:async/zone_root.dart 48:47                  _rootRunUnary
  dart:async/zone.dart 733:19                      _CustomZone.runUnary
  dart:async/future_impl.dart 948:45               Future._propagateToListeners.handleValueCallback
  dart:async/future_impl.dart 977:13               Future._propagateToListeners
  dart:async/future_impl.dart 862:9                Future._propagateToListeners
  dart:async/future_impl.dart 720:5                Future._completeWithValue
  dart:async/future_impl.dart 804:7                Future._asyncCompleteWithValue.<fn>
  dart:async/zone_root.dart 35:13                  _rootRun
  dart:async/zone.dart 726:19                      _CustomZone.run
  dart:async/zone.dart 625:7                       _CustomZone.runGuarded
  dart:async/zone.dart 666:23                      _CustomZone.bindCallbackGuarded.<fn>
  dart:async/schedule_microtask.dart 40:35         _microtaskLoop
  dart:async/schedule_microtask.dart 49:5          _startMicrotaskLoop
  dart:isolate-patch/isolate_patch.dart 127:13     _runPendingImmediateCallback
  dart:isolate-patch/isolate_patch.dart 194:5      _RawReceivePort._handleMessage
  
  Error: Failed to parse /home/flcsezz/mobile/.dart_tool/package_graph.json: dependencies for `chessigma_mobile` missing.
  Try running `flutter pub get`
  package:flutter_tools/src/base/common.dart 34:3          throwToolExit
  package:flutter_tools/src/package_graph.dart 41:5        computeTransitiveDependencies
  package:flutter_tools/src/flutter_plugins.dart 115:51    findPlugins
  ===== asynchronous gap ===========================
  package:flutter_tools/src/flutter_plugins.dart 1749:32   generateMainDartWithPluginRegistrant
  ===== asynchronous gap ===========================
  package:flutter_tools/src/test/test_compiler.dart 230:9  TestCompiler._onCompilationRequest
  
rt';
       ^
test/model/common/service/fake_sound_service.dart:1:8: Error: Not found: 'package:exochess_mobile/src/model/common/chess.dart'
import 'package:exochess_mobile/src/model/common/chess.dart';
       ^
test/model/common/service/fake_sound_service.dart:3:8: Error: Not found: 'package:exochess_mobile/src/model/settings/general_preferences.dart'
import 'package:exochess_mobile/src/model/settings/general_preferences.dart';
       ^
test/binding.dart:4:8: Error: Not found: 'package:exochess_mobile/src/binding.dart'
import 'package:exochess_mobile/src/binding.dart';
       ^
test/model/puzzle/puzzle_service_test.dart:397:1: Error: Type 'PuzzleBatch' not found.
PuzzleBatch _makePuzzleBatch({
^^^^^^^^^^^
test/model/puzzle/puzzle_service_test.dart:398:17: Error: Type 'PuzzleId' not found.
  required List<PuzzleId> unsolved,
                ^^^^^^^^
test/model/puzzle/puzzle_service_test.dart:399:8: Error: Type 'PuzzleSolution' not found.
  List<PuzzleSolution> solved = const [],
       ^^^^^^^^^^^^^^
test/test_container.dart:49:3: Error: Type 'AuthUser' not found.
  AuthUser? authUser,
  ^^^^^^^^
test/model/common/service/fake_sound_service.dart:5:35: Error: Type 'SoundService' not found.
class FakeSoundService implements SoundService {
                                  ^^^^^^^^^^^^
test/model/common/service/fake_sound_service.dart:7:21: Error: Type 'Sound' not found.
  Future<void> play(Sound sound, {double? volume}) async {}
                    ^^^^^
test/model/common/service/fake_sound_service.dart:10:33: Error: Type 'Variant' not found.
  Future<void> playCaptureSound(Variant variant, {double? volume}) async {}
                                ^^^^^^^
test/model/common/service/fake_sound_service.dart:13:28: Error: Type 'SoundTheme' not found.
  Future<void> changeTheme(SoundTheme theme, {bool playSound = false}) async {}
                           ^^^^^^^^^^
test/binding.dart:14:35: Error: Type 'ExoChessBinding' not found.
class TestExoChessBinding extends ExoChessBinding {
                                  ^^^^^^^^^^^^^^^
test/model/engine/fake_nnue_service.dart:13:34: Error: Type 'NnueService' not found.
class FakeNnueService implements NnueService {
                                 ^^^^^^^^^^^
test/model/engine/fake_nnue_service.dart:25:3: Error: Type 'NNUEFiles' not found.
  NNUEFiles get nnueFiles {
  ^^^^^^^^^
test/model/engine/fake_nnue_service.dart:56:45: Error: Type 'NnueService' not found.
class FakeNnueServiceUnavailable implements NnueService {
                                            ^^^^^^^^^^^
test/model/engine/fake_nnue_service.dart:68:3: Error: Type 'NNUEFiles' not found.
  NNUEFiles get nnueFiles {
  ^^^^^^^^^
test/network/fake_http_client_factory.dart:4:40: Error: Type 'HttpClientFactory' not found.
class FakeHttpClientFactory implements HttpClientFactory {
                                       ^^^^^^^^^^^^^^^^^
test/network/fake_websocket_channel.dart:24:56: Error: Type 'WebSocketChannelFactory' not found.
class ListenableFakeWebSocketChannelFactory implements WebSocketChannelFactory {
                                                       ^^^^^^^^^^^^^^^^^^^^^^^
test/network/fake_websocket_channel.dart:65:46: Error: Type 'WebSocketChannelFactory' not found.
class FakeWebSocketChannelFactory implements WebSocketChannelFactory {
                                             ^^^^^^^^^^^^^^^^^^^^^^^
test/model/puzzle/puzzle_service_test.dart:380:15: Error: Couldn't find constructor 'PuzzleId'.
    id: const PuzzleId('pId3'),
              ^^^^^^^^
test/model/puzzle/puzzle_service_test.dart:379:11: Error: Method not found: 'PuzzleData'.
  puzzle: PuzzleData(
          ^^^^^^^^^^
test/model/puzzle/puzzle_service_test.dart:388:9: Error: Method not found: 'GameId'.
    id: GameId('PrlkCqOv'),
        ^^^^^^
test/model/puzzle/puzzle_service_test.dart:389:11: Error: Undefined name 'Perf'.
    perf: Perf.blitz,
          ^^^^
test/model/puzzle/puzzle_service_test.dart:391:12: Error: Method not found: 'PuzzleGamePlayer'.
    white: PuzzleGamePlayer(side: Side.white, name: 'user1'),
           ^^^^^^^^^^^^^^^^
test/model/puzzle/puzzle_service_test.dart:392:12: Error: Method not found: 'PuzzleGamePlayer'.
    black: PuzzleGamePlayer(side: Side.black, name: 'user2'),
           ^^^^^^^^^^^^^^^^
test/model/puzzle/puzzle_service_test.dart:387:15: Error: Couldn't find constructor 'PuzzleGame'.
  game: const PuzzleGame(
              ^^^^^^^^^^
test/model/puzzle/puzzle_service_test.dart:378:22: Error: Method not found: 'Puzzle'.
final samplePuzzle = Puzzle(
                     ^^^^^^
test/model/puzzle/puzzle_service_test.dart:25:18: Error: Method not found: 'ExoChessClient'.
          return ExoChessClient(mockClient, ref);
                 ^^^^^^^^^^^^^^
test/model/puzzle/puzzle_service_test.dart:24:32: Error: Undefined name 'lichessClientProvider'.
        lichessClientProvider: lichessClientProvider.overrideWith((ref) {
                               ^^^^^^^^^^^^^^^^^^^^^
test/model/puzzle/puzzle_service_test.dart:24:9: Error: Undefined name 'lichessClientProvider'.
        lichessClientProvider: lichessClientProvider.overrideWith((ref) {
        ^^^^^^^^^^^^^^^^^^^^^
test/model/puzzle/puzzle_service_test.dart:43:44: Error: Undefined name 'puzzleBatchStorageProvider'.
      final storage = await container.read(puzzleBatchStorageProvider.future);
                                           ^^^^^^^^^^^^^^^^^^^^^^^^^^
test/model/puzzle/puzzle_service_test.dart:44:44: Error: Undefined name 'puzzleServiceFactoryProvider'.
      final service = await container.read(puzzleServiceFactoryProvider)(queueLength: 3);
                                           ^^^^^^^^^^^^^^^^^^^^^^^^^^^^
test/model/puzzle/puzzle_service_test.dart:48:51: Error: Couldn't find constructor 'PuzzleId'.
      expect(next?.puzzle.puzzle.id, equals(const PuzzleId('20yWT')));
                                                  ^^^^^^^^
test/model/puzzle/puzzle_service_test.dart:65:44: Error: Undefined name 'puzzleBatchStorageProvider'.
      final storage = await container.read(puzzleBatchStorageProvider.future);
                                           ^^^^^^^^^^^^^^^^^^^^^^^^^^
test/model/puzzle/puzzle_service_test.dart:66:44: Error: Undefined name 'puzzleServiceFactoryProvider'.
      final service = await container.read(puzzleServiceFactoryProvider)(queueLength: 1);
                                           ^^^^^^^^^^^^^^^^^^^^^^^^^^^^
test/model/puzzle/puzzle_service_test.dart:68:80: Error: Couldn't find constructor 'PuzzleId'.
      await storage.save(userId: null, data: _makePuzzleBatch(unsolved: [const PuzzleId('pId3')]));
                                                                               ^^^^^^^^
test/model/puzzle/puzzle_service_test.dart:72:51: Error: Couldn't find constructor 'PuzzleId'.
      expect(next?.puzzle.puzzle.id, equals(const PuzzleId('pId3')));
                                                  ^^^^^^^^
test/model/puzzle/puzzle_service_test.dart:89:44: Error: Undefined name 'puzzleBatchStorageProvider'.
      final storage = await container.read(puzzleBatchStorageProvider.future);
                                           ^^^^^^^^^^^^^^^^^^^^^^^^^^
test/model/puzzle/puzzle_service_test.dart:90:44: Error: Undefined name 'puzzleServiceFactoryProvider'.
      final service = await container.read(puzzleServiceFactoryProvider)(queueLength: 2);
                                           ^^^^^^^^^^^^^^^^^^^^^^^^^^^^
test/model/puzzle/puzzle_service_test.dart:91:80: Error: Couldn't find constructor 'PuzzleId'.
      await storage.save(userId: null, data: _makePuzzleBatch(unsolved: [const PuzzleId('pId3')]));
                                                                               ^^^^^^^^
test/model/puzzle/puzzle_service_test.dart:94:51: Error: Couldn't find constructor 'PuzzleId'.
      expect(next?.puzzle.puzzle.id, equals(const PuzzleId('pId3')));
                                                  ^^^^^^^^
test/model/puzzle/puzzle_service_test.dart:116:44: Error: Undefined name 'puzzleBatchStorageProvider'.
      final storage = await container.read(puzzleBatchStorageProvider.future);
                                           ^^^^^^^^^^^^^^^^^^^^^^^^^^
test/model/puzzle/puzzle_service_test.dart:118:44: Error: Undefined name 'puzzleServiceFactoryProvider'.
      final service = await container.read(puzzleServiceFactoryProvider)(queueLength: 1);
                                           ^^^^^^^^^^^^^^^^^^^^^^^^^^^^
test/model/puzzle/puzzle_service_test.dart:120:23: Error: Couldn't find constructor 'UserId'.
        userId: const UserId('testUserId'),
                      ^^^^^^
test/model/puzzle/puzzle_service_test.dart:122:28: Error: Couldn't find constructor 'PuzzleId'.
          unsolved: [const PuzzleId('pId3')],
                           ^^^^^^^^
test/model/puzzle/puzzle_service_test.dart:123:45: Error: Method not found: 'PuzzleId'.
          solved: [const PuzzleSolution(id: PuzzleId('soAw'), win: true, rated: true)],
                                            ^^^^^^^^
test/model/puzzle/puzzle_service_test.dart:123:26: Error: Couldn't find constructor 'PuzzleSolution'.
          solved: [const PuzzleSolution(id: PuzzleId('soAw'), win: true, rated: true)],
                         ^^^^^^^^^^^^^^
test/model/puzzle/puzzle_service_test.dart:127:59: Error: Couldn't find constructor 'UserId'.
      final next = await service.nextPuzzle(userId: const UserId('testUserId'));
                                                          ^^^^^^
test/model/puzzle/puzzle_service_test.dart:130:51: Error: Couldn't find constructor 'PuzzleId'.
      expect(next?.puzzle.puzzle.id, equals(const PuzzleId('pId3')));
                                                  ^^^^^^^^
test/model/puzzle/puzzle_service_test.dart:131:54: Error: Couldn't find constructor 'UserId'.
      final data = await storage.fetch(userId: const UserId('testUserId'));
                                                     ^^^^^^
test/model/puzzle/puzzle_service_test.dart:144:44: Error: Undefined name 'puzzleBatchStorageProvider'.
      final storage = await container.read(puzzleBatchStorageProvider.future);
                                           ^^^^^^^^^^^^^^^^^^^^^^^^^^
test/model/puzzle/puzzle_service_test.dart:145:44: Error: Undefined name 'puzzleServiceFactoryProvider'.
      final service = await container.read(puzzleServiceFactoryProvider)(queueLength: 1);
                                           ^^^^^^^^^^^^^^^^^^^^^^^^^^^^
test/model/puzzle/puzzle_service_test.dart:146:80: Error: Couldn't find constructor 'PuzzleId'.
      await storage.save(userId: null, data: _makePuzzleBatch(unsolved: [const PuzzleId('pId3')]));
                                                                               ^^^^^^^^
test/model/puzzle/puzzle_service_test.dart:150:51: Error: Couldn't find constructor 'PuzzleId'.
      expect(next?.puzzle.puzzle.id, equals(const PuzzleId('pId3')));
                                                  ^^^^^^^^
test/model/puzzle/puzzle_service_test.dart:155:52: Error: Couldn't find constructor 'PuzzleId'.
      expect(next2?.puzzle.puzzle.id, equals(const PuzzleId('pId3')));
                                                   ^^^^^^^^
test/model/puzzle/puzzle_service_test.dart:166:44: Error: Undefined name 'puzzleServiceFactoryProvider'.
      final service = await container.read(puzzleServiceFactoryProvider)(queueLength: 1);
                                           ^^^^^^^^^^^^^^^^^^^^^^^^^^^^
test/model/puzzle/puzzle_service_test.dart:184:44: Error: Undefined name 'puzzleBatchStorageProvider'.
      final storage = await container.read(puzzleBatchStorageProvider.future);
                                           ^^^^^^^^^^^^^^^^^^^^^^^^^^
test/model/puzzle/puzzle_service_test.dart:185:44: Error: Undefined name 'puzzleServiceFactoryProvider'.
      final service = await container.read(puzzleServiceFactoryProvider)(queueLength: 1);
                                           ^^^^^^^^^^^^^^^^^^^^^^^^^^^^
test/model/puzzle/puzzle_service_test.dart:186:80: Error: Couldn't find constructor 'PuzzleId'.
      await storage.save(userId: null, data: _makePuzzleBatch(unsolved: [const PuzzleId('pId3')]));
                                                                               ^^^^^^^^
test/model/puzzle/puzzle_service_test.dart:188:59: Error: Couldn't find constructor 'UserId'.
      final next = await service.nextPuzzle(userId: const UserId('testUserId'));
                                                          ^^^^^^
test/model/puzzle/puzzle_service_test.dart:189:51: Error: Couldn't find constructor 'PuzzleId'.
      expect(next?.puzzle.puzzle.id, equals(const PuzzleId('20yWT')));
                                                  ^^^^^^^^
test/model/puzzle/puzzle_service_test.dart:192:54: Error: Couldn't find constructor 'UserId'.
      final data = await storage.fetch(userId: const UserId('testUserId'));
                                                     ^^^^^^
test/model/puzzle/puzzle_service_test.dart:207:44: Error: Undefined name 'puzzleBatchStorageProvider'.
      final storage = await container.read(puzzleBatchStorageProvider.future);
                                           ^^^^^^^^^^^^^^^^^^^^^^^^^^
test/model/puzzle/puzzle_service_test.dart:208:44: Error: Undefined name 'puzzleServiceFactoryProvider'.
      final service = await container.read(puzzleServiceFactoryProvider)(queueLength: 1);
                                           ^^^^^^^^^^^^^^^^^^^^^^^^^^^^
test/model/puzzle/puzzle_service_test.dart:209:80: Error: Couldn't find constructor 'PuzzleId'.
      await storage.save(userId: null, data: _makePuzzleBatch(unsolved: [const PuzzleId('pId3')]));
                                                                               ^^^^^^^^
test/model/puzzle/puzzle_service_test.dart:212:34: Error: Undefined name 'PuzzleThemeKey'.
        angle: const PuzzleTheme(PuzzleThemeKey.opening),
                                 ^^^^^^^^^^^^^^
test/model/puzzle/puzzle_service_test.dart:212:22: Error: Couldn't find constructor 'PuzzleTheme'.
        angle: const PuzzleTheme(PuzzleThemeKey.opening),
                     ^^^^^^^^^^^
test/model/puzzle/puzzle_service_test.dart:215:51: Error: Couldn't find constructor 'PuzzleId'.
      expect(next?.puzzle.puzzle.id, equals(const PuzzleId('20yWT')));
                                                  ^^^^^^^^
test/model/puzzle/puzzle_service_test.dart:220:34: Error: Undefined name 'PuzzleThemeKey'.
        angle: const PuzzleTheme(PuzzleThemeKey.opening),
                                 ^^^^^^^^^^^^^^
test/model/puzzle/puzzle_service_test.dart:220:22: Error: Couldn't find constructor 'PuzzleTheme'.
        angle: const PuzzleTheme(PuzzleThemeKey.opening),
                     ^^^^^^^^^^^
test/model/puzzle/puzzle_service_test.dart:236:44: Error: Undefined name 'puzzleBatchStorageProvider'.
      final storage = await container.read(puzzleBatchStorageProvider.future);
                                           ^^^^^^^^^^^^^^^^^^^^^^^^^^
test/model/puzzle/puzzle_service_test.dart:237:44: Error: Undefined name 'puzzleServiceFactoryProvider'.
      final service = await container.read(puzzleServiceFactoryProvider)(queueLength: 1);
                                           ^^^^^^^^^^^^^^^^^^^^^^^^^^^^
test/model/puzzle/puzzle_service_test.dart:238:80: Error: Couldn't find constructor 'PuzzleId'.
      await storage.save(userId: null, data: _makePuzzleBatch(unsolved: [const PuzzleId('pId3')]));
                                                                               ^^^^^^^^
test/model/puzzle/puzzle_service_test.dart:242:44: Error: Method not found: 'PuzzleId'.
        solution: const PuzzleSolution(id: PuzzleId('pId3'), win: true, rated: true),
                                           ^^^^^^^^
test/model/puzzle/puzzle_service_test.dart:242:25: Error: Couldn't find constructor 'PuzzleSolution'.
        solution: const PuzzleSolution(id: PuzzleId('pId3'), win: true, rated: true),
                        ^^^^^^^^^^^^^^
test/model/puzzle/puzzle_service_test.dart:250:56: Error: Couldn't find constructor 'PuzzleId'.
      expect(data?.unsolved[0].puzzle.id, equals(const PuzzleId('20yWT')));
                                                       ^^^^^^^^
test/model/puzzle/puzzle_service_test.dart:251:51: Error: Couldn't find constructor 'PuzzleId'.
      expect(next?.puzzle.puzzle.id, equals(const PuzzleId('20yWT')));
                                                  ^^^^^^^^
test/model/puzzle/puzzle_service_test.dart:272:44: Error: Undefined name 'puzzleBatchStorageProvider'.
      final storage = await container.read(puzzleBatchStorageProvider.future);
                                           ^^^^^^^^^^^^^^^^^^^^^^^^^^
test/model/puzzle/puzzle_service_test.dart:273:44: Error: Undefined name 'puzzleServiceFactoryProvider'.
      final service = await container.read(puzzleServiceFactoryProvider)(queueLength: 1);
                                           ^^^^^^^^^^^^^^^^^^^^^^^^^^^^
test/model/puzzle/puzzle_service_test.dart:275:23: Error: Couldn't find constructor 'UserId'.
        userId: const UserId('testUserId'),
                      ^^^^^^
test/model/puzzle/puzzle_service_test.dart:276:49: Error: Couldn't find constructor 'PuzzleId'.
        data: _makePuzzleBatch(unsolved: [const PuzzleId('pId3')]),
                                                ^^^^^^^^
test/model/puzzle/puzzle_service_test.dart:281:44: Error: Method not found: 'PuzzleId'.
        solution: const PuzzleSolution(id: PuzzleId('pId3'), win: true, rated: true),
                                           ^^^^^^^^
test/model/puzzle/puzzle_service_test.dart:281:25: Error: Couldn't find constructor 'PuzzleSolution'.
        solution: const PuzzleSolution(id: PuzzleId('pId3'), win: true, rated: true),
                        ^^^^^^^^^^^^^^
test/model/puzzle/puzzle_service_test.dart:282:23: Error: Couldn't find constructor 'UserId'.
        userId: const UserId('testUserId'),
                      ^^^^^^
test/model/puzzle/puzzle_service_test.dart:287:54: Error: Couldn't find constructor 'UserId'.
      final data = await storage.fetch(userId: const UserId('testUserId'));
                                                     ^^^^^^
test/model/puzzle/puzzle_service_test.dart:288:41: Error: 'PuzzleSolution' isn't a type.
      expect(data?.solved, equals(IList<PuzzleSolution>(const [])));
                                        ^^^^^^^^^^^^^^
test/model/puzzle/puzzle_service_test.dart:289:56: Error: Couldn't find constructor 'PuzzleId'.
      expect(data?.unsolved[0].puzzle.id, equals(const PuzzleId('20yWT')));
                                                       ^^^^^^^^
test/model/puzzle/puzzle_service_test.dart:290:51: Error: Couldn't find constructor 'PuzzleId'.
      expect(next?.puzzle.puzzle.id, equals(const PuzzleId('20yWT')));
                                                  ^^^^^^^^
test/model/puzzle/puzzle_service_test.dart:295:45: Error: Method not found: 'PuzzleId'.
        equals(IList(const [PuzzleRound(id: PuzzleId('pId3'), ratingDiff: 10, win: true)])),
                                            ^^^^^^^^
test/model/puzzle/puzzle_service_test.dart:295:29: Error: Method not found: 'PuzzleRound'.
        equals(IList(const [PuzzleRound(id: PuzzleId('pId3'), ratingDiff: 10, win: true)])),
                            ^^^^^^^^^^^
test/model/puzzle/puzzle_service_test.dart:307:44: Error: Undefined name 'puzzleBatchStorageProvider'.
      final storage = await container.read(puzzleBatchStorageProvider.future);
                                           ^^^^^^^^^^^^^^^^^^^^^^^^^^
test/model/puzzle/puzzle_service_test.dart:308:44: Error: Undefined name 'puzzleServiceFactoryProvider'.
      final service = await container.read(puzzleServiceFactoryProvider)(queueLength: 2);
                                           ^^^^^^^^^^^^^^^^^^^^^^^^^^^^
test/model/puzzle/puzzle_service_test.dart:310:23: Error: Couldn't find constructor 'UserId'.
        userId: const UserId('testUserId'),
                      ^^^^^^
test/model/puzzle/puzzle_service_test.dart:311:49: Error: Couldn't find constructor 'PuzzleId'.
        data: _makePuzzleBatch(unsolved: [const PuzzleId('pId3'), const PuzzleId('pId4')]),
                                                ^^^^^^^^
test/model/puzzle/puzzle_service_test.dart:311:73: Error: Couldn't find constructor 'PuzzleId'.
        data: _makePuzzleBatch(unsolved: [const PuzzleId('pId3'), const PuzzleId('pId4')]),
                                                                        ^^^^^^^^
test/model/puzzle/puzzle_service_test.dart:314:43: Error: Method not found: 'PuzzleId'.
      const solution = PuzzleSolution(id: PuzzleId('pId3'), win: true, rated: true);
                                          ^^^^^^^^
test/model/puzzle/puzzle_service_test.dart:314:24: Error: Method not found: 'PuzzleSolution'.
      const solution = PuzzleSolution(id: PuzzleId('pId3'), win: true, rated: true);
                       ^^^^^^^^^^^^^^
test/model/puzzle/puzzle_service_test.dart:319:23: Error: Couldn't find constructor 'UserId'.
        userId: const UserId('testUserId'),
                      ^^^^^^
test/model/puzzle/puzzle_service_test.dart:324:54: Error: Couldn't find constructor 'UserId'.
      final data = await storage.fetch(userId: const UserId('testUserId'));
                                                     ^^^^^^
test/model/puzzle/puzzle_service_test.dart:327:51: Error: Couldn't find constructor 'PuzzleId'.
      expect(next?.puzzle.puzzle.id, equals(const PuzzleId('pId4')));
                                                  ^^^^^^^^
test/model/puzzle/puzzle_service_test.dart:341:44: Error: Undefined name 'puzzleBatchStorageProvider'.
      final storage = await container.read(puzzleBatchStorageProvider.future);
                                           ^^^^^^^^^^^^^^^^^^^^^^^^^^
test/model/puzzle/puzzle_service_test.dart:342:44: Error: Undefined name 'puzzleServiceFactoryProvider'.
      final service = await container.read(puzzleServiceFactoryProvider)(queueLength: 2);
                                           ^^^^^^^^^^^^^^^^^^^^^^^^^^^^
test/model/puzzle/puzzle_service_test.dart:345:23: Error: Couldn't find constructor 'UserId'.
        userId: const UserId('testUserId'),
                      ^^^^^^
test/model/puzzle/puzzle_service_test.dart:346:49: Error: Couldn't find constructor 'PuzzleId'.
        data: _makePuzzleBatch(unsolved: [const PuzzleId('pId3'), const PuzzleId('pId4')]),
                                                ^^^^^^^^
test/model/puzzle/puzzle_service_test.dart:346:73: Error: Couldn't find constructor 'PuzzleId'.
        data: _makePuzzleBatch(unsolved: [const PuzzleId('pId3'), const PuzzleId('pId4')]),
                                                                        ^^^^^^^^
test/model/puzzle/puzzle_service_test.dart:349:59: Error: Couldn't find constructor 'UserId'.
      final next = await service.resetBatch(userId: const UserId('testUserId'));
                                                          ^^^^^^
test/model/puzzle/puzzle_service_test.dart:352:54: Error: Couldn't find constructor 'UserId'.
      final data = await storage.fetch(userId: const UserId('testUserId'));
                                                     ^^^^^^
test/model/puzzle/puzzle_service_test.dart:353:51: Error: Couldn't find constructor 'PuzzleId'.
      expect(next?.puzzle.puzzle.id, equals(const PuzzleId('20yWT')));
                                                  ^^^^^^^^
test/model/puzzle/puzzle_service_test.dart:356:56: Error: Couldn't find constructor 'PuzzleId'.
      expect(data?.unsolved[0].puzzle.id, equals(const PuzzleId('20yWT')));
                                                       ^^^^^^^^
test/model/puzzle/puzzle_service_test.dart:357:56: Error: Couldn't find constructor 'PuzzleId'.
      expect(data?.unsolved[1].puzzle.id, equals(const PuzzleId('7H5EV')));
                                                       ^^^^^^^^
test/model/puzzle/puzzle_service_test.dart:49:34: Error: The method 'fetch' isn't defined for the type 'Object?'.
 - 'Object' is from 'dart:core'.
Try correcting the name to the name of an existing method, or defining a method named 'fetch'.
      final data = await storage.fetch(userId: null);
                                 ^^^^^
test/model/puzzle/puzzle_service_test.dart:68:21: Error: The method 'save' isn't defined for the type 'Object?'.
 - 'Object' is from 'dart:core'.
Try correcting the name to the name of an existing method, or defining a method named 'save'.
      await storage.save(userId: null, data: _makePuzzleBatch(unsolved: [const PuzzleId('pId3')]));
                    ^^^^
test/model/puzzle/puzzle_service_test.dart:73:34: Error: The method 'fetch' isn't defined for the type 'Object?'.
 - 'Object' is from 'dart:core'.
Try correcting the name to the name of an existing method, or defining a method named 'fetch'.
      final data = await storage.fetch(userId: null);
                                 ^^^^^
test/model/puzzle/puzzle_service_test.dart:91:21: Error: The method 'save' isn't defined for the type 'Object?'.
 - 'Object' is from 'dart:core'.
Try correcting the name to the name of an existing method, or defining a method named 'save'.
      await storage.save(userId: null, data: _makePuzzleBatch(unsolved: [const PuzzleId('pId3')]));
                    ^^^^
test/model/puzzle/puzzle_service_test.dart:96:34: Error: The method 'fetch' isn't defined for the type 'Object?'.
 - 'Object' is from 'dart:core'.
Try correcting the name to the name of an existing method, or defining a method named 'fetch'.
      final data = await storage.fetch(userId: null);
                                 ^^^^^
test/model/puzzle/puzzle_service_test.dart:119:21: Error: The method 'save' isn't defined for the type 'Object?'.
 - 'Object' is from 'dart:core'.
Try correcting the name to the name of an existing method, or defining a method named 'save'.
      await storage.save(
                    ^^^^
test/model/puzzle/puzzle_service_test.dart:131:34: Error: The method 'fetch' isn't defined for the type 'Object?'.
 - 'Object' is from 'dart:core'.
Try correcting the name to the name of an existing method, or defining a method named 'fetch'.
      final data = await storage.fetch(userId: const UserId('testUserId'));
                                 ^^^^^
test/model/puzzle/puzzle_service_test.dart:146:21: Error: The method 'save' isn't defined for the type 'Object?'.
 - 'Object' is from 'dart:core'.
Try correcting the name to the name of an existing method, or defining a method named 'save'.
      await storage.save(userId: null, data: _makePuzzleBatch(unsolved: [const PuzzleId('pId3')]));
                    ^^^^
test/model/puzzle/puzzle_service_test.dart:151:34: Error: The method 'fetch' isn't defined for the type 'Object?'.
 - 'Object' is from 'dart:core'.
Try correcting the name to the name of an existing method, or defining a method named 'fetch'.
      final data = await storage.fetch(userId: null);
                                 ^^^^^
test/model/puzzle/puzzle_service_test.dart:156:35: Error: The method 'fetch' isn't defined for the type 'Object?'.
 - 'Object' is from 'dart:core'.
Try correcting the name to the name of an existing method, or defining a method named 'fetch'.
      final data2 = await storage.fetch(userId: null);
                                  ^^^^^
test/model/puzzle/puzzle_service_test.dart:186:21: Error: The method 'save' isn't defined for the type 'Object?'.
 - 'Object' is from 'dart:core'.
Try correcting the name to the name of an existing method, or defining a method named 'save'.
      await storage.save(userId: null, data: _makePuzzleBatch(unsolved: [const PuzzleId('pId3')]));
                    ^^^^
test/model/puzzle/puzzle_service_test.dart:192:34: Error: The method 'fetch' isn't defined for the type 'Object?'.
 - 'Object' is from 'dart:core'.
Try correcting the name to the name of an existing method, or defining a method named 'fetch'.
      final data = await storage.fetch(userId: const UserId('testUserId'));
                                 ^^^^^
test/model/puzzle/puzzle_service_test.dart:209:21: Error: The method 'save' isn't defined for the type 'Object?'.
 - 'Object' is from 'dart:core'.
Try correcting the name to the name of an existing method, or defining a method named 'save'.
      await storage.save(userId: null, data: _makePuzzleBatch(unsolved: [const PuzzleId('pId3')]));
                    ^^^^
test/model/puzzle/puzzle_service_test.dart:218:34: Error: The method 'fetch' isn't defined for the type 'Object?'.
 - 'Object' is from 'dart:core'.
Try correcting the name to the name of an existing method, or defining a method named 'fetch'.
      final data = await storage.fetch(
                                 ^^^^^
test/model/puzzle/puzzle_service_test.dart:238:21: Error: The method 'save' isn't defined for the type 'Object?'.
 - 'Object' is from 'dart:core'.
Try correcting the name to the name of an existing method, or defining a method named 'save'.
      await storage.save(userId: null, data: _makePuzzleBatch(unsolved: [const PuzzleId('pId3')]));
                    ^^^^
test/model/puzzle/puzzle_service_test.dart:248:34: Error: The method 'fetch' isn't defined for the type 'Object?'.
 - 'Object' is from 'dart:core'.
Try correcting the name to the name of an existing method, or defining a method named 'fetch'.
      final data = await storage.fetch(userId: null);
                                 ^^^^^
test/model/puzzle/puzzle_service_test.dart:274:21: Error: The method 'save' isn't defined for the type 'Object?'.
 - 'Object' is from 'dart:core'.
Try correcting the name to the name of an existing method, or defining a method named 'save'.
      await storage.save(
                    ^^^^
test/model/puzzle/puzzle_service_test.dart:287:34: Error: The method 'fetch' isn't defined for the type 'Object?'.
 - 'Object' is from 'dart:core'.
Try correcting the name to the name of an existing method, or defining a method named 'fetch'.
      final data = await storage.fetch(userId: const UserId('testUserId'));
                                 ^^^^^
test/model/puzzle/puzzle_service_test.dart:309:21: Error: The method 'save' isn't defined for the type 'Object?'.
 - 'Object' is from 'dart:core'.
Try correcting the name to the name of an existing method, or defining a method named 'save'.
      await storage.save(
                    ^^^^
test/model/puzzle/puzzle_service_test.dart:324:34: Error: The method 'fetch' isn't defined for the type 'Object?'.
 - 'Object' is from 'dart:core'.
Try correcting the name to the name of an existing method, or defining a method named 'fetch'.
      final data = await storage.fetch(userId: const UserId('testUserId'));
                                 ^^^^^
test/model/puzzle/puzzle_service_test.dart:344:21: Error: The method 'save' isn't defined for the type 'Object?'.
 - 'Object' is from 'dart:core'.
Try correcting the name to the name of an existing method, or defining a method named 'save'.
      await storage.save(
                    ^^^^
test/model/puzzle/puzzle_service_test.dart:352:34: Error: The method 'fetch' isn't defined for the type 'Object?'.
 - 'Object' is from 'dart:core'.
Try correcting the name to the name of an existing method, or defining a method named 'fetch'.
      final data = await storage.fetch(userId: const UserId('testUserId'));
                                 ^^^^^
test/model/puzzle/puzzle_service_test.dart:398:17: Error: 'PuzzleId' isn't a type.
  required List<PuzzleId> unsolved,
                ^^^^^^^^
test/model/puzzle/puzzle_service_test.dart:399:8: Error: 'PuzzleSolution' isn't a type.
  List<PuzzleSolution> solved = const [],
       ^^^^^^^^^^^^^^
test/model/puzzle/puzzle_service_test.dart:406:19: Error: Method not found: 'PuzzleData'.
          puzzle: PuzzleData(
                  ^^^^^^^^^^
test/model/puzzle/puzzle_service_test.dart:415:17: Error: Method not found: 'GameId'.
            id: GameId('PrlkCqOv'),
                ^^^^^^
test/model/puzzle/puzzle_service_test.dart:416:19: Error: Undefined name 'Perf'.
            perf: Perf.blitz,
                  ^^^^
test/model/puzzle/puzzle_service_test.dart:418:20: Error: Method not found: 'PuzzleGamePlayer'.
            white: PuzzleGamePlayer(side: Side.white, name: 'user1'),
                   ^^^^^^^^^^^^^^^^
test/model/puzzle/puzzle_service_test.dart:419:20: Error: Method not found: 'PuzzleGamePlayer'.
            black: PuzzleGamePlayer(side: Side.black, name: 'user2'),
                   ^^^^^^^^^^^^^^^^
test/model/puzzle/puzzle_service_test.dart:414:23: Error: Couldn't find constructor 'PuzzleGame'.
          game: const PuzzleGame(
                      ^^^^^^^^^^
test/model/puzzle/puzzle_service_test.dart:405:9: Error: Method not found: 'Puzzle'.
        Puzzle(
        ^^^^^^
test/model/puzzle/puzzle_service_test.dart:401:10: Error: Method not found: 'PuzzleBatch'.
  return PuzzleBatch(
         ^^^^^^^^^^^
test/test_container.dart:39:34: Error: Undefined name 'httpClientFactoryProvider'.
      httpClientFactoryProvider: httpClientFactoryProvider.overrideWith((ref) {
                                 ^^^^^^^^^^^^^^^^^^^^^^^^^
test/test_container.dart:39:7: Error: Undefined name 'httpClientFactoryProvider'.
      httpClientFactoryProvider: httpClientFactoryProvider.overrideWith((ref) {
      ^^^^^^^^^^^^^^^^^^^^^^^^^
test/test_container.dart:49:3: Error: 'AuthUser' isn't a type.
  AuthUser? authUser,
  ^^^^^^^^
test/test_container.dart:53:46: Error: Undefined name 'kSRIStorageKey'.
  FlutterSecureStorage.setMockInitialValues({kSRIStorageKey: 'test'});
                                             ^^^^^^^^^^^^^^
test/test_container.dart:56:26: Error: Undefined name 'nnueServiceProvider'.
    nnueServiceProvider: nnueServiceProvider.overrideWithValue(FakeNnueService()),
                         ^^^^^^^^^^^^^^^^^^^
test/test_container.dart:56:5: Error: Undefined name 'nnueServiceProvider'.
    nnueServiceProvider: nnueServiceProvider.overrideWithValue(FakeNnueService()),
    ^^^^^^^^^^^^^^^^^^^
test/test_container.dart:57:33: Error: Undefined name 'connectivityPluginProvider'.
    connectivityPluginProvider: connectivityPluginProvider.overrideWith((_) {
                                ^^^^^^^^^^^^^^^^^^^^^^^^^^
test/test_container.dart:57:5: Error: Undefined name 'connectivityPluginProvider'.
    connectivityPluginProvider: connectivityPluginProvider.overrideWith((_) {
    ^^^^^^^^^^^^^^^^^^^^^^^^^^
test/test_container.dart:60:34: Error: Undefined name 'notificationDisplayProvider'.
    notificationDisplayProvider: notificationDisplayProvider.overrideWith((ref) {
                                 ^^^^^^^^^^^^^^^^^^^^^^^^^^^
test/test_container.dart:60:5: Error: Undefined name 'notificationDisplayProvider'.
    notificationDisplayProvider: notificationDisplayProvider.overrideWith((ref) {
    ^^^^^^^^^^^^^^^^^^^^^^^^^^^
test/test_container.dart:64:24: Error: Method not found: 'openAppDatabase'.
      final db = await openAppDatabase(databaseFactoryFfi, inMemoryDatabasePath);
                       ^^^^^^^^^^^^^^^
test/test_container.dart:63:23: Error: Undefined name 'databaseProvider'.
    databaseProvider: databaseProvider.overrideWith((ref) async {
                      ^^^^^^^^^^^^^^^^
test/test_container.dart:63:5: Error: Undefined name 'databaseProvider'.
    databaseProvider: databaseProvider.overrideWith((ref) async {
    ^^^^^^^^^^^^^^^^
test/test_container.dart:68:38: Error: Undefined name 'webSocketChannelFactoryProvider'.
    webSocketChannelFactoryProvider: webSocketChannelFactoryProvider.overrideWith((ref) {
                                     ^^^^^^^^^^^^^^^^^^^^^^^^^^^^^^^
test/test_container.dart:68:5: Error: Undefined name 'webSocketChannelFactoryProvider'.
    webSocketChannelFactoryProvider: webSocketChannelFactoryProvider.overrideWith((ref) {
    ^^^^^^^^^^^^^^^^^^^^^^^^^^^^^^^
test/test_container.dart:72:20: Error: Method not found: 'SocketPool'.
      final pool = SocketPool(ref);
                   ^^^^^^^^^^
test/test_container.dart:71:25: Error: Undefined name 'socketPoolProvider'.
    socketPoolProvider: socketPoolProvider.overrideWith((ref) {
                        ^^^^^^^^^^^^^^^^^^
test/test_container.dart:71:5: Error: Undefined name 'socketPoolProvider'.
    socketPoolProvider: socketPoolProvider.overrideWith((ref) {
    ^^^^^^^^^^^^^^^^^^
test/test_container.dart:76:32: Error: Undefined name 'httpClientFactoryProvider'.
    httpClientFactoryProvider: httpClientFactoryProvider.overrideWith((ref) {
                               ^^^^^^^^^^^^^^^^^^^^^^^^^
test/test_container.dart:76:5: Error: Undefined name 'httpClientFactoryProvider'.
    httpClientFactoryProvider: httpClientFactoryProvider.overrideWith((ref) {
    ^^^^^^^^^^^^^^^^^^^^^^^^^
test/test_container.dart:79:27: Error: Undefined name 'soundServiceProvider'.
    soundServiceProvider: soundServiceProvider.overrideWithValue(FakeSoundService()),
                          ^^^^^^^^^^^^^^^^^^^^
test/test_container.dart:79:5: Error: Undefined name 'soundServiceProvider'.
    soundServiceProvider: soundServiceProvider.overrideWithValue(FakeSoundService()),
    ^^^^^^^^^^^^^^^^^^^^
test/test_container.dart:80:28: Error: Undefined name 'preloadedDataProvider'.
    preloadedDataProvider: preloadedDataProvider.overrideWith((ref) {
                           ^^^^^^^^^^^^^^^^^^^^^
test/test_container.dart:80:5: Error: Undefined name 'preloadedDataProvider'.
    preloadedDataProvider: preloadedDataProvider.overrideWith((ref) {
    ^^^^^^^^^^^^^^^^^^^^^
test/model/common/service/fake_sound_service.dart:7:21: Error: 'Sound' isn't a type.
  Future<void> play(Sound sound, {double? volume}) async {}
                    ^^^^^
test/model/common/service/fake_sound_service.dart:10:33: Error: 'Variant' isn't a type.
  Future<void> playCaptureSound(Variant variant, {double? volume}) async {}
                                ^^^^^^^
test/model/common/service/fake_sound_service.dart:13:28: Error: 'SoundTheme' isn't a type.
  Future<void> changeTheme(SoundTheme theme, {bool playSound = false}) async {}
                           ^^^^^^^^^^
test/binding.dart:37:46: Error: Undefined name 'ExoChessBinding'.
  static TestExoChessBinding get instance => ExoChessBinding.checkInstance(_instance);
                                             ^^^^^^^^^^^^^^^
test/binding.dart:42:11: Error: Superclass has no method named 'initInstance'.
    super.initInstance();
          ^^^^^^^^^^^^
00:00 +0 -8: loading /home/flcsezz/mobile/test/model/puzzle/puzzle_service_test.dart [E]
  Failed to load "/home/flcsezz/mobile/test/model/puzzle/puzzle_service_test.dart":
  Compilation failed for testPath=/home/flcsezz/mobile/test/model/puzzle/puzzle_service_test.dart: Error: Couldn't resolve the package 'exochess_mobile' in 'package:exochess_mobile/src/model/common/id.dart'.
  Error: Couldn't resolve the package 'exochess_mobile' in 'package:exochess_mobile/src/model/common/perf.dart'.
  Error: Couldn't resolve the package 'exochess_mobile' in 'package:exochess_mobile/src/model/puzzle/puzzle.dart'.
  Error: Couldn't resolve the package 'exochess_mobile' in 'package:exochess_mobile/src/model/puzzle/puzzle_angle.dart'.
  Error: Couldn't resolve the package 'exochess_mobile' in 'package:exochess_mobile/src/model/puzzle/puzzle_batch_storage.dart'.
  Error: Couldn't resolve the package 'exochess_mobile' in 'package:exochess_mobile/src/model/puzzle/puzzle_service.dart'.
  Error: Couldn't resolve the package 'exochess_mobile' in 'package:exochess_mobile/src/model/puzzle/puzzle_theme.dart'.
  Error: Couldn't resolve the package 'exochess_mobile' in 'package:exochess_mobile/src/network/http.dart'.
  test/model/puzzle/puzzle_service_test.dart:8:8: Error: Not found: 'package:exochess_mobile/src/model/common/id.dart'
  import 'package:exochess_mobile/src/model/common/id.dart';
         ^
  test/model/puzzle/puzzle_service_test.dart:9:8: Error: Not found: 'package:exochess_mobile/src/model/common/perf.dart'
  import 'package:exochess_mobile/src/model/common/perf.dart';
         ^
  test/model/puzzle/puzzle_service_test.dart:10:8: Error: Not found: 'package:exochess_mobile/src/model/puzzle/puzzle.dart'
  import 'package:exochess_mobile/src/model/puzzle/puzzle.dart';
         ^
  test/model/puzzle/puzzle_service_test.dart:11:8: Error: Not found: 'package:exochess_mobile/src/model/puzzle/puzzle_angle.dart'
  import 'package:exochess_mobile/src/model/puzzle/puzzle_angle.dart';
         ^
  test/model/puzzle/puzzle_service_test.dart:12:8: Error: Not found: 'package:exochess_mobile/src/model/puzzle/puzzle_batch_storage.dart'
  import 'package:exochess_mobile/src/model/puzzle/puzzle_batch_storage.dart';
         ^
  test/model/puzzle/puzzle_service_test.dart:13:8: Error: Not found: 'package:exochess_mobile/src/model/puzzle/puzzle_service.dart'
  import 'package:exochess_mobile/src/model/puzzle/puzzle_service.dart';
         ^
  test/model/puzzle/puzzle_service_test.dart:14:8: Error: Not found: 'package:exochess_mobile/src/model/puzzle/puzzle_theme.dart'
  import 'package:exochess_mobile/src/model/puzzle/puzzle_theme.dart';
         ^
  test/model/puzzle/puzzle_service_test.dart:15:8: Error: Not found: 'package:exochess_mobile/src/network/http.dart'
  import 'package:exochess_mobile/src/network/http.dart';
         ^
  Error: Couldn't resolve the package 'exochess_mobile' in 'package:exochess_mobile/src/constants.dart'.
  Error: Couldn't resolve the package 'exochess_mobile' in 'package:exochess_mobile/src/db/database.dart'.
  Error: Couldn't resolve the package 'exochess_mobile' in 'package:exochess_mobile/src/model/auth/auth_controller.dart'.
  Error: Couldn't resolve the package 'exochess_mobile' in 'package:exochess_mobile/src/model/common/preloaded_data.dart'.
  Error: Couldn't resolve the package 'exochess_mobile' in 'package:exochess_mobile/src/model/common/service/sound_service.dart'.
  Error: Couldn't resolve the package 'exochess_mobile' in 'package:exochess_mobile/src/model/engine/nnue_service.dart'.
  Error: Couldn't resolve the package 'exochess_mobile' in 'package:exochess_mobile/src/model/notifications/notification_service.dart'.
  Error: Couldn't resolve the package 'exochess_mobile' in 'package:exochess_mobile/src/network/connectivity.dart'.
  test/test_container.dart:16:8: Error: Not found: 'package:exochess_mobile/src/network/http.dart'
  import 'package:exochess_mobile/src/network/http.dart';
         ^
  Error: Couldn't resolve the package 'exochess_mobile' in 'package:exochess_mobile/src/network/socket.dart'.
  test/test_container.dart:8:8: Error: Not found: 'package:exochess_mobile/src/constants.dart'
  import 'package:exochess_mobile/src/constants.dart';
         ^
  test/test_container.dart:9:8: Error: Not found: 'package:exochess_mobile/src/db/database.dart'
  import 'package:exochess_mobile/src/db/database.dart';
         ^
  test/test_container.dart:10:8: Error: Not found: 'package:exochess_mobile/src/model/auth/auth_controller.dart'
  import 'package:exochess_mobile/src/model/auth/auth_controller.dart';
         ^
  test/test_container.dart:11:8: Error: Not found: 'package:exochess_mobile/src/model/common/preloaded_data.dart'
  import 'package:exochess_mobile/src/model/common/preloaded_data.dart';
         ^
  test/test_container.dart:12:8: Error: Not found: 'package:exochess_mobile/src/model/common/service/sound_service.dart'
  import 'package:exochess_mobile/src/model/common/service/sound_service.dart';
         ^
  test/test_container.dart:13:8: Error: Not found: 'package:exochess_mobile/src/model/engine/nnue_service.dart'
  import 'package:exochess_mobile/src/model/engine/nnue_service.dart';
         ^
  test/test_container.dart:14:8: Error: Not found: 'package:exochess_mobile/src/model/notifications/notification_service.dart'
  import 'package:exochess_mobile/src/model/notifications/notification_service.dart';
         ^
  test/test_container.dart:15:8: Error: Not found: 'package:exochess_mobile/src/network/connectivity.dart'
  import 'package:exochess_mobile/src/network/connectivity.dart';
         ^
  test/test_container.dart:17:8: Error: Not found: 'package:exochess_mobile/src/network/socket.dart'
  import 'package:exochess_mobile/src/network/socket.dart';
         ^
  Error: Couldn't resolve the package 'exochess_mobile' in 'package:exochess_mobile/src/model/common/chess.dart'.
  test/model/common/service/fake_sound_service.dart:2:8: Error: Not found: 'package:exochess_mobile/src/model/common/service/sound_service.dart'
  import 'package:exochess_mobile/src/model/common/service/sound_service.dart';
         ^
  Error: Couldn't resolve the package 'exochess_mobile' in 'package:exochess_mobile/src/model/settings/general_preferences.dart'.
  Error: Couldn't resolve the package 'exochess_mobile' in 'package:exochess_mobile/src/binding.dart'.
  test/model/engine/fake_nnue_service.dart:4:8: Error: Not found: 'package:exochess_mobile/src/model/engine/nnue_service.dart'
  import 'package:exochess_mobile/src/model/engine/nnue_service.dart';
         ^
  test/network/fake_http_client_factory.dart:2:8: Error: Not found: 'package:exochess_mobile/src/network/http.dart'
  import 'package:exochess_mobile/src/network/http.dart';
         ^
  test/network/fake_websocket_channel.dart:6:8: Error: Not found: 'package:exochess_mobile/src/network/socket.dart'
  import 'package:exochess_mobile/src/network/socket.dart';
         ^
  test/model/common/service/fake_sound_service.dart:1:8: Error: Not found: 'package:exochess_mobile/src/model/common/chess.dart'
  import 'package:exochess_mobile/src/model/common/chess.dart';
         ^
  test/model/common/service/fake_sound_service.dart:3:8: Error: Not found: 'package:exochess_mobile/src/model/settings/general_preferences.dart'
  import 'package:exochess_mobile/src/model/settings/general_preferences.dart';
         ^
  test/binding.dart:4:8: Error: Not found: 'package:exochess_mobile/src/binding.dart'
  import 'package:exochess_mobile/src/binding.dart';
         ^
  test/model/puzzle/puzzle_service_test.dart:397:1: Error: Type 'PuzzleBatch' not found.
  PuzzleBatch _makePuzzleBatch({
  ^^^^^^^^^^^
  test/model/puzzle/puzzle_service_test.dart:398:17: Error: Type 'PuzzleId' not found.
    required List<PuzzleId> unsolved,
                  ^^^^^^^^
  test/model/puzzle/puzzle_service_test.dart:399:8: Error: Type 'PuzzleSolution' not found.
    List<PuzzleSolution> solved = const [],
         ^^^^^^^^^^^^^^
  test/test_container.dart:49:3: Error: Type 'AuthUser' not found.
    AuthUser? authUser,
    ^^^^^^^^
  test/model/common/service/fake_sound_service.dart:5:35: Error: Type 'SoundService' not found.
  class FakeSoundService implements SoundService {
                                    ^^^^^^^^^^^^
  test/model/common/service/fake_sound_service.dart:7:21: Error: Type 'Sound' not found.
    Future<void> play(Sound sound, {double? volume}) async {}
                      ^^^^^
  test/model/common/service/fake_sound_service.dart:10:33: Error: Type 'Variant' not found.
    Future<void> playCaptureSound(Variant variant, {double? volume}) async {}
                                  ^^^^^^^
  test/model/common/service/fake_sound_service.dart:13:28: Error: Type 'SoundTheme' not found.
    Future<void> changeTheme(SoundTheme theme, {bool playSound = false}) async {}
                             ^^^^^^^^^^
  test/binding.dart:14:35: Error: Type 'ExoChessBinding' not found.
  class TestExoChessBinding extends ExoChessBinding {
                                    ^^^^^^^^^^^^^^^
  test/model/engine/fake_nnue_service.dart:13:34: Error: Type 'NnueService' not found.
  class FakeNnueService implements NnueService {
                                   ^^^^^^^^^^^
  test/model/engine/fake_nnue_service.dart:25:3: Error: Type 'NNUEFiles' not found.
    NNUEFiles get nnueFiles {
    ^^^^^^^^^
  test/model/engine/fake_nnue_service.dart:56:45: Error: Type 'NnueService' not found.
  class FakeNnueServiceUnavailable implements NnueService {
                                              ^^^^^^^^^^^
  test/model/engine/fake_nnue_service.dart:68:3: Error: Type 'NNUEFiles' not found.
    NNUEFiles get nnueFiles {
    ^^^^^^^^^
  test/network/fake_http_client_factory.dart:4:40: Error: Type 'HttpClientFactory' not found.
  class FakeHttpClientFactory implements HttpClientFactory {
                                         ^^^^^^^^^^^^^^^^^
  test/network/fake_websocket_channel.dart:24:56: Error: Type 'WebSocketChannelFactory' not found.
  class ListenableFakeWebSocketChannelFactory implements WebSocketChannelFactory {
                                                         ^^^^^^^^^^^^^^^^^^^^^^^
  test/network/fake_websocket_channel.dart:65:46: Error: Type 'WebSocketChannelFactory' not found.
  class FakeWebSocketChannelFactory implements WebSocketChannelFactory {
                                               ^^^^^^^^^^^^^^^^^^^^^^^
  test/model/puzzle/puzzle_service_test.dart:380:15: Error: Couldn't find constructor 'PuzzleId'.
      id: const PuzzleId('pId3'),
                ^^^^^^^^
  test/model/puzzle/puzzle_service_test.dart:379:11: Error: Method not found: 'PuzzleData'.
    puzzle: PuzzleData(
            ^^^^^^^^^^
  test/model/puzzle/puzzle_service_test.dart:388:9: Error: Method not found: 'GameId'.
      id: GameId('PrlkCqOv'),
          ^^^^^^
  test/model/puzzle/puzzle_service_test.dart:389:11: Error: Undefined name 'Perf'.
      perf: Perf.blitz,
            ^^^^
  test/model/puzzle/puzzle_service_test.dart:391:12: Error: Method not found: 'PuzzleGamePlayer'.
      white: PuzzleGamePlayer(side: Side.white, name: 'user1'),
             ^^^^^^^^^^^^^^^^
  test/model/puzzle/puzzle_service_test.dart:392:12: Error: Method not found: 'PuzzleGamePlayer'.
      black: PuzzleGamePlayer(side: Side.black, name: 'user2'),
             ^^^^^^^^^^^^^^^^
  test/model/puzzle/puzzle_service_test.dart:387:15: Error: Couldn't find constructor 'PuzzleGame'.
    game: const PuzzleGame(
                ^^^^^^^^^^
  test/model/puzzle/puzzle_service_test.dart:378:22: Error: Method not found: 'Puzzle'.
  final samplePuzzle = Puzzle(
                       ^^^^^^
  test/model/puzzle/puzzle_service_test.dart:25:18: Error: Method not found: 'ExoChessClient'.
            return ExoChessClient(mockClient, ref);
                   ^^^^^^^^^^^^^^
  test/model/puzzle/puzzle_service_test.dart:24:32: Error: Undefined name 'lichessClientProvider'.
          lichessClientProvider: lichessClientProvider.overrideWith((ref) {
                                 ^^^^^^^^^^^^^^^^^^^^^
  test/model/puzzle/puzzle_service_test.dart:24:9: Error: Undefined name 'lichessClientProvider'.
          lichessClientProvider: lichessClientProvider.overrideWith((ref) {
          ^^^^^^^^^^^^^^^^^^^^^
  test/model/puzzle/puzzle_service_test.dart:43:44: Error: Undefined name 'puzzleBatchStorageProvider'.
        final storage = await container.read(puzzleBatchStorageProvider.future);
                                             ^^^^^^^^^^^^^^^^^^^^^^^^^^
  test/model/puzzle/puzzle_service_test.dart:44:44: Error: Undefined name 'puzzleServiceFactoryProvider'.
        final service = await container.read(puzzleServiceFactoryProvider)(queueLength: 3);
                                             ^^^^^^^^^^^^^^^^^^^^^^^^^^^^
  test/model/puzzle/puzzle_service_test.dart:48:51: Error: Couldn't find constructor 'PuzzleId'.
        expect(next?.puzzle.puzzle.id, equals(const PuzzleId('20yWT')));
                                                    ^^^^^^^^
  test/model/puzzle/puzzle_service_test.dart:65:44: Error: Undefined name 'puzzleBatchStorageProvider'.
        final storage = await container.read(puzzleBatchStorageProvider.future);
                                             ^^^^^^^^^^^^^^^^^^^^^^^^^^
  test/model/puzzle/puzzle_service_test.dart:66:44: Error: Undefined name 'puzzleServiceFactoryProvider'.
        final service = await container.read(puzzleServiceFactoryProvider)(queueLength: 1);
                                             ^^^^^^^^^^^^^^^^^^^^^^^^^^^^
  test/model/puzzle/puzzle_service_test.dart:68:80: Error: Couldn't find constructor 'PuzzleId'.
        await storage.save(userId: null, data: _makePuzzleBatch(unsolved: [const PuzzleId('pId3')]));
                                                                                 ^^^^^^^^
  test/model/puzzle/puzzle_service_test.dart:72:51: Error: Couldn't find constructor 'PuzzleId'.
        expect(next?.puzzle.puzzle.id, equals(const PuzzleId('pId3')));
                                                    ^^^^^^^^
  test/model/puzzle/puzzle_service_test.dart:89:44: Error: Undefined name 'puzzleBatchStorageProvider'.
        final storage = await container.read(puzzleBatchStorageProvider.future);
                                             ^^^^^^^^^^^^^^^^^^^^^^^^^^
  test/model/puzzle/puzzle_service_test.dart:90:44: Error: Undefined name 'puzzleServiceFactoryProvider'.
        final service = await container.read(puzzleServiceFactoryProvider)(queueLength: 2);
                                             ^^^^^^^^^^^^^^^^^^^^^^^^^^^^
  test/model/puzzle/puzzle_service_test.dart:91:80: Error: Couldn't find constructor 'PuzzleId'.
        await storage.save(userId: null, data: _makePuzzleBatch(unsolved: [const PuzzleId('pId3')]));
                                                                                 ^^^^^^^^
  test/model/puzzle/puzzle_service_test.dart:94:51: Error: Couldn't find constructor 'PuzzleId'.
        expect(next?.puzzle.puzzle.id, equals(const PuzzleId('pId3')));
                                                    ^^^^^^^^
  test/model/puzzle/puzzle_service_test.dart:116:44: Error: Undefined name 'puzzleBatchStorageProvider'.
        final storage = await container.read(puzzleBatchStorageProvider.future);
                                             ^^^^^^^^^^^^^^^^^^^^^^^^^^
  test/model/puzzle/puzzle_service_test.dart:118:44: Error: Undefined name 'puzzleServiceFactoryProvider'.
        final service = await container.read(puzzleServiceFactoryProvider)(queueLength: 1);
                                             ^^^^^^^^^^^^^^^^^^^^^^^^^^^^
  test/model/puzzle/puzzle_service_test.dart:120:23: Error: Couldn't find constructor 'UserId'.
          userId: const UserId('testUserId'),
                        ^^^^^^
  test/model/puzzle/puzzle_service_test.dart:122:28: Error: Couldn't find constructor 'PuzzleId'.
            unsolved: [const PuzzleId('pId3')],
                             ^^^^^^^^
  test/model/puzzle/puzzle_service_test.dart:123:45: Error: Method not found: 'PuzzleId'.
            solved: [const PuzzleSolution(id: PuzzleId('soAw'), win: true, rated: true)],
                                              ^^^^^^^^
  test/model/puzzle/puzzle_service_test.dart:123:26: Error: Couldn't find constructor 'PuzzleSolution'.
            solved: [const PuzzleSolution(id: PuzzleId('soAw'), win: true, rated: true)],
                           ^^^^^^^^^^^^^^
  test/model/puzzle/puzzle_service_test.dart:127:59: Error: Couldn't find constructor 'UserId'.
        final next = await service.nextPuzzle(userId: const UserId('testUserId'));
                                                            ^^^^^^
  test/model/puzzle/puzzle_service_test.dart:130:51: Error: Couldn't find constructor 'PuzzleId'.
        expect(next?.puzzle.puzzle.id, equals(const PuzzleId('pId3')));
                                                    ^^^^^^^^
  test/model/puzzle/puzzle_service_test.dart:131:54: Error: Couldn't find constructor 'UserId'.
        final data = await storage.fetch(userId: const UserId('testUserId'));
                                                       ^^^^^^
  test/model/puzzle/puzzle_service_test.dart:144:44: Error: Undefined name 'puzzleBatchStorageProvider'.
        final storage = await container.read(puzzleBatchStorageProvider.future);
                                             ^^^^^^^^^^^^^^^^^^^^^^^^^^
  test/model/puzzle/puzzle_service_test.dart:145:44: Error: Undefined name 'puzzleServiceFactoryProvider'.
        final service = await container.read(puzzleServiceFactoryProvider)(queueLength: 1);
                                             ^^^^^^^^^^^^^^^^^^^^^^^^^^^^
  test/model/puzzle/puzzle_service_test.dart:146:80: Error: Couldn't find constructor 'PuzzleId'.
        await storage.save(userId: null, data: _makePuzzleBatch(unsolved: [const PuzzleId('pId3')]));
                                                                                 ^^^^^^^^
  test/model/puzzle/puzzle_service_test.dart:150:51: Error: Couldn't find constructor 'PuzzleId'.
        expect(next?.puzzle.puzzle.id, equals(const PuzzleId('pId3')));
                                                    ^^^^^^^^
  test/model/puzzle/puzzle_service_test.dart:155:52: Error: Couldn't find constructor 'PuzzleId'.
        expect(next2?.puzzle.puzzle.id, equals(const PuzzleId('pId3')));
                                                     ^^^^^^^^
  test/model/puzzle/puzzle_service_test.dart:166:44: Error: Undefined name 'puzzleServiceFactoryProvider'.
        final service = await container.read(puzzleServiceFactoryProvider)(queueLength: 1);
                                             ^^^^^^^^^^^^^^^^^^^^^^^^^^^^
  test/model/puzzle/puzzle_service_test.dart:184:44: Error: Undefined name 'puzzleBatchStorageProvider'.
        final storage = await container.read(puzzleBatchStorageProvider.future);
                                             ^^^^^^^^^^^^^^^^^^^^^^^^^^
  test/model/puzzle/puzzle_service_test.dart:185:44: Error: Undefined name 'puzzleServiceFactoryProvider'.
        final service = await container.read(puzzleServiceFactoryProvider)(queueLength: 1);
                                             ^^^^^^^^^^^^^^^^^^^^^^^^^^^^
  test/model/puzzle/puzzle_service_test.dart:186:80: Error: Couldn't find constructor 'PuzzleId'.
        await storage.save(userId: null, data: _makePuzzleBatch(unsolved: [const PuzzleId('pId3')]));
                                                                                 ^^^^^^^^
  test/model/puzzle/puzzle_service_test.dart:188:59: Error: Couldn't find constructor 'UserId'.
        final next = await service.nextPuzzle(userId: const UserId('testUserId'));
                                                            ^^^^^^
  test/model/puzzle/puzzle_service_test.dart:189:51: Error: Couldn't find constructor 'PuzzleId'.
        expect(next?.puzzle.puzzle.id, equals(const PuzzleId('20yWT')));
                                                    ^^^^^^^^
  test/model/puzzle/puzzle_service_test.dart:192:54: Error: Couldn't find constructor 'UserId'.
        final data = await storage.fetch(userId: const UserId('testUserId'));
                                                       ^^^^^^
  test/model/puzzle/puzzle_service_test.dart:207:44: Error: Undefined name 'puzzleBatchStorageProvider'.
        final storage = await container.read(puzzleBatchStorageProvider.future);
                                             ^^^^^^^^^^^^^^^^^^^^^^^^^^
  test/model/puzzle/puzzle_service_test.dart:208:44: Error: Undefined name 'puzzleServiceFactoryProvider'.
        final service = await container.read(puzzleServiceFactoryProvider)(queueLength: 1);
                                             ^^^^^^^^^^^^^^^^^^^^^^^^^^^^
  test/model/puzzle/puzzle_service_test.dart:209:80: Error: Couldn't find constructor 'PuzzleId'.
        await storage.save(userId: null, data: _makePuzzleBatch(unsolved: [const PuzzleId('pId3')]));
                                                                                 ^^^^^^^^
  test/model/puzzle/puzzle_service_test.dart:212:34: Error: Undefined name 'PuzzleThemeKey'.
          angle: const PuzzleTheme(PuzzleThemeKey.opening),
                                   ^^^^^^^^^^^^^^
  test/model/puzzle/puzzle_service_test.dart:212:22: Error: Couldn't find constructor 'PuzzleTheme'.
          angle: const PuzzleTheme(PuzzleThemeKey.opening),
                       ^^^^^^^^^^^
  test/model/puzzle/puzzle_service_test.dart:215:51: Error: Couldn't find constructor 'PuzzleId'.
        expect(next?.puzzle.puzzle.id, equals(const PuzzleId('20yWT')));
                                                    ^^^^^^^^
  test/model/puzzle/puzzle_service_test.dart:220:34: Error: Undefined name 'PuzzleThemeKey'.
          angle: const PuzzleTheme(PuzzleThemeKey.opening),
                                   ^^^^^^^^^^^^^^
  test/model/puzzle/puzzle_service_test.dart:220:22: Error: Couldn't find constructor 'PuzzleTheme'.
          angle: const PuzzleTheme(PuzzleThemeKey.opening),
                       ^^^^^^^^^^^
  test/model/puzzle/puzzle_service_test.dart:236:44: Error: Undefined name 'puzzleBatchStorageProvider'.
        final storage = await container.read(puzzleBatchStorageProvider.future);
                                             ^^^^^^^^^^^^^^^^^^^^^^^^^^
  test/model/puzzle/puzzle_service_test.dart:237:44: Error: Undefined name 'puzzleServiceFactoryProvider'.
        final service = await container.read(puzzleServiceFactoryProvider)(queueLength: 1);
                                             ^^^^^^^^^^^^^^^^^^^^^^^^^^^^
  test/model/puzzle/puzzle_service_test.dart:238:80: Error: Couldn't find constructor 'PuzzleId'.
        await storage.save(userId: null, data: _makePuzzleBatch(unsolved: [const PuzzleId('pId3')]));
                                                                                 ^^^^^^^^
  test/model/puzzle/puzzle_service_test.dart:242:44: Error: Method not found: 'PuzzleId'.
          solution: const PuzzleSolution(id: PuzzleId('pId3'), win: true, rated: true),
                                             ^^^^^^^^
  test/model/puzzle/puzzle_service_test.dart:242:25: Error: Couldn't find constructor 'PuzzleSolution'.
          solution: const PuzzleSolution(id: PuzzleId('pId3'), win: true, rated: true),
                          ^^^^^^^^^^^^^^
  test/model/puzzle/puzzle_service_test.dart:250:56: Error: Couldn't find constructor 'PuzzleId'.
        expect(data?.unsolved[0].puzzle.id, equals(const PuzzleId('20yWT')));
                                                         ^^^^^^^^
  test/model/puzzle/puzzle_service_test.dart:251:51: Error: Couldn't find constructor 'PuzzleId'.
        expect(next?.puzzle.puzzle.id, equals(const PuzzleId('20yWT')));
                                                    ^^^^^^^^
  test/model/puzzle/puzzle_service_test.dart:272:44: Error: Undefined name 'puzzleBatchStorageProvider'.
        final storage = await container.read(puzzleBatchStorageProvider.future);
                                             ^^^^^^^^^^^^^^^^^^^^^^^^^^
  test/model/puzzle/puzzle_service_test.dart:273:44: Error: Undefined name 'puzzleServiceFactoryProvider'.
        final service = await container.read(puzzleServiceFactoryProvider)(queueLength: 1);
                                             ^^^^^^^^^^^^^^^^^^^^^^^^^^^^
  test/model/puzzle/puzzle_service_test.dart:275:23: Error: Couldn't find constructor 'UserId'.
          userId: const UserId('testUserId'),
                        ^^^^^^
  test/model/puzzle/puzzle_service_test.dart:276:49: Error: Couldn't find constructor 'PuzzleId'.
          data: _makePuzzleBatch(unsolved: [const PuzzleId('pId3')]),
                                                  ^^^^^^^^
  test/model/puzzle/puzzle_service_test.dart:281:44: Error: Method not found: 'PuzzleId'.
          solution: const PuzzleSolution(id: PuzzleId('pId3'), win: true, rated: true),
                                             ^^^^^^^^
  test/model/puzzle/puzzle_service_test.dart:281:25: Error: Couldn't find constructor 'PuzzleSolution'.
          solution: const PuzzleSolution(id: PuzzleId('pId3'), win: true, rated: true),
                          ^^^^^^^^^^^^^^
  test/model/puzzle/puzzle_service_test.dart:282:23: Error: Couldn't find constructor 'UserId'.
          userId: const UserId('testUserId'),
                        ^^^^^^
  test/model/puzzle/puzzle_service_test.dart:287:54: Error: Couldn't find constructor 'UserId'.
        final data = await storage.fetch(userId: const UserId('testUserId'));
                                                       ^^^^^^
  test/model/puzzle/puzzle_service_test.dart:288:41: Error: 'PuzzleSolution' isn't a type.
        expect(data?.solved, equals(IList<PuzzleSolution>(const [])));
                                          ^^^^^^^^^^^^^^
  test/model/puzzle/puzzle_service_test.dart:289:56: Error: Couldn't find constructor 'PuzzleId'.
        expect(data?.unsolved[0].puzzle.id, equals(const PuzzleId('20yWT')));
                                                         ^^^^^^^^
  test/model/puzzle/puzzle_service_test.dart:290:51: Error: Couldn't find constructor 'PuzzleId'.
        expect(next?.puzzle.puzzle.id, equals(const PuzzleId('20yWT')));
                                                    ^^^^^^^^
  test/model/puzzle/puzzle_service_test.dart:295:45: Error: Method not found: 'PuzzleId'.
          equals(IList(const [PuzzleRound(id: PuzzleId('pId3'), ratingDiff: 10, win: true)])),
                                              ^^^^^^^^
  test/model/puzzle/puzzle_service_test.dart:295:29: Error: Method not found: 'PuzzleRound'.
          equals(IList(const [PuzzleRound(id: PuzzleId('pId3'), ratingDiff: 10, win: true)])),
                              ^^^^^^^^^^^
  test/model/puzzle/puzzle_service_test.dart:307:44: Error: Undefined name 'puzzleBatchStorageProvider'.
        final storage = await container.read(puzzleBatchStorageProvider.future);
                                             ^^^^^^^^^^^^^^^^^^^^^^^^^^
  test/model/puzzle/puzzle_service_test.dart:308:44: Error: Undefined name 'puzzleServiceFactoryProvider'.
        final service = await container.read(puzzleServiceFactoryProvider)(queueLength: 2);
                                             ^^^^^^^^^^^^^^^^^^^^^^^^^^^^
  test/model/puzzle/puzzle_service_test.dart:310:23: Error: Couldn't find constructor 'UserId'.
          userId: const UserId('testUserId'),
                        ^^^^^^
  test/model/puzzle/puzzle_service_test.dart:311:49: Error: Couldn't find constructor 'PuzzleId'.
          data: _makePuzzleBatch(unsolved: [const PuzzleId('pId3'), const PuzzleId('pId4')]),
                                                  ^^^^^^^^
  test/model/puzzle/puzzle_service_test.dart:311:73: Error: Couldn't find constructor 'PuzzleId'.
          data: _makePuzzleBatch(unsolved: [const PuzzleId('pId3'), const PuzzleId('pId4')]),
                                                                          ^^^^^^^^
  test/model/puzzle/puzzle_service_test.dart:314:43: Error: Method not found: 'PuzzleId'.
        const solution = PuzzleSolution(id: PuzzleId('pId3'), win: true, rated: true);
                                            ^^^^^^^^
  test/model/puzzle/puzzle_service_test.dart:314:24: Error: Method not found: 'PuzzleSolution'.
        const solution = PuzzleSolution(id: PuzzleId('pId3'), win: true, rated: true);
                         ^^^^^^^^^^^^^^
  test/model/puzzle/puzzle_service_test.dart:319:23: Error: Couldn't find constructor 'UserId'.
          userId: const UserId('testUserId'),
                        ^^^^^^
  test/model/puzzle/puzzle_service_test.dart:324:54: Error: Couldn't find constructor 'UserId'.
        final data = await storage.fetch(userId: const UserId('testUserId'));
                                                       ^^^^^^
  test/model/puzzle/puzzle_service_test.dart:327:51: Error: Couldn't find constructor 'PuzzleId'.
        expect(next?.puzzle.puzzle.id, equals(const PuzzleId('pId4')));
                                                    ^^^^^^^^
  test/model/puzzle/puzzle_service_test.dart:341:44: Error: Undefined name 'puzzleBatchStorageProvider'.
        final storage = await container.read(puzzleBatchStorageProvider.future);
                                             ^^^^^^^^^^^^^^^^^^^^^^^^^^
  test/model/puzzle/puzzle_service_test.dart:342:44: Error: Undefined name 'puzzleServiceFactoryProvider'.
        final service = await container.read(puzzleServiceFactoryProvider)(queueLength: 2);
                                             ^^^^^^^^^^^^^^^^^^^^^^^^^^^^
  test/model/puzzle/puzzle_service_test.dart:345:23: Error: Couldn't find constructor 'UserId'.
          userId: const UserId('testUserId'),
                        ^^^^^^
  test/model/puzzle/puzzle_service_test.dart:346:49: Error: Couldn't find constructor 'PuzzleId'.
          data: _makePuzzleBatch(unsolved: [const PuzzleId('pId3'), const PuzzleId('pId4')]),
                                                  ^^^^^^^^
  test/model/puzzle/puzzle_service_test.dart:346:73: Error: Couldn't find constructor 'PuzzleId'.
          data: _makePuzzleBatch(unsolved: [const PuzzleId('pId3'), const PuzzleId('pId4')]),
                                                                          ^^^^^^^^
  test/model/puzzle/puzzle_service_test.dart:349:59: Error: Couldn't find constructor 'UserId'.
        final next = await service.resetBatch(userId: const UserId('testUserId'));
                                                            ^^^^^^
  test/model/puzzle/puzzle_service_test.dart:352:54: Error: Couldn't find constructor 'UserId'.
        final data = await storage.fetch(userId: const UserId('testUserId'));
                                                       ^^^^^^
  test/model/puzzle/puzzle_service_test.dart:353:51: Error: Couldn't find constructor 'PuzzleId'.
        expect(next?.puzzle.puzzle.id, equals(const PuzzleId('20yWT')));
                                                    ^^^^^^^^
  test/model/puzzle/puzzle_service_test.dart:356:56: Error: Couldn't find constructor 'PuzzleId'.
        expect(data?.unsolved[0].puzzle.id, equals(const PuzzleId('20yWT')));
                                                         ^^^^^^^^
  test/model/puzzle/puzzle_service_test.dart:357:56: Error: Couldn't find constructor 'PuzzleId'.
        expect(data?.unsolved[1].puzzle.id, equals(const PuzzleId('7H5EV')));
                                                         ^^^^^^^^
  test/model/puzzle/puzzle_service_test.dart:49:34: Error: The method 'fetch' isn't defined for the type 'Object?'.
   - 'Object' is from 'dart:core'.
  Try correcting the name to the name of an existing method, or defining a method named 'fetch'.
        final data = await storage.fetch(userId: null);
                                   ^^^^^
  test/model/puzzle/puzzle_service_test.dart:68:21: Error: The method 'save' isn't defined for the type 'Object?'.
   - 'Object' is from 'dart:core'.
  Try correcting the name to the name of an existing method, or defining a method named 'save'.
        await storage.save(userId: null, data: _makePuzzleBatch(unsolved: [const PuzzleId('pId3')]));
                      ^^^^
  test/model/puzzle/puzzle_service_test.dart:73:34: Error: The method 'fetch' isn't defined for the type 'Object?'.
   - 'Object' is from 'dart:core'.
  Try correcting the name to the name of an existing method, or defining a method named 'fetch'.
        final data = await storage.fetch(userId: null);
                                   ^^^^^
  test/model/puzzle/puzzle_service_test.dart:91:21: Error: The method 'save' isn't defined for the type 'Object?'.
   - 'Object' is from 'dart:core'.
  Try correcting the name to the name of an existing method, or defining a method named 'save'.
        await storage.save(userId: null, data: _makePuzzleBatch(unsolved: [const PuzzleId('pId3')]));
                      ^^^^
  test/model/puzzle/puzzle_service_test.dart:96:34: Error: The method 'fetch' isn't defined for the type 'Object?'.
   - 'Object' is from 'dart:core'.
  Try correcting the name to the name of an existing method, or defining a method named 'fetch'.
        final data = await storage.fetch(userId: null);
                                   ^^^^^
  test/model/puzzle/puzzle_service_test.dart:119:21: Error: The method 'save' isn't defined for the type 'Object?'.
   - 'Object' is from 'dart:core'.
  Try correcting the name to the name of an existing method, or defining a method named 'save'.
        await storage.save(
                      ^^^^
  test/model/puzzle/puzzle_service_test.dart:131:34: Error: The method 'fetch' isn't defined for the type 'Object?'.
   - 'Object' is from 'dart:core'.
  Try correcting the name to the name of an existing method, or defining a method named 'fetch'.
        final data = await storage.fetch(userId: const UserId('testUserId'));
                                   ^^^^^
  test/model/puzzle/puzzle_service_test.dart:146:21: Error: The method 'save' isn't defined for the type 'Object?'.
   - 'Object' is from 'dart:core'.
  Try correcting the name to the name of an existing method, or defining a method named 'save'.
        await storage.save(userId: null, data: _makePuzzleBatch(unsolved: [const PuzzleId('pId3')]));
                      ^^^^
  test/model/puzzle/puzzle_service_test.dart:151:34: Error: The method 'fetch' isn't defined for the type 'Object?'.
   - 'Object' is from 'dart:core'.
  Try correcting the name to the name of an existing method, or defining a method named 'fetch'.
        final data = await storage.fetch(userId: null);
                                   ^^^^^
  test/model/puzzle/puzzle_service_test.dart:156:35: Error: The method 'fetch' isn't defined for the type 'Object?'.
   - 'Object' is from 'dart:core'.
  Try correcting the name to the name of an existing method, or defining a method named 'fetch'.
        final data2 = await storage.fetch(userId: null);
                                    ^^^^^
  test/model/puzzle/puzzle_service_test.dart:186:21: Error: The method 'save' isn't defined for the type 'Object?'.
   - 'Object' is from 'dart:core'.
  Try correcting the name to the name of an existing method, or defining a method named 'save'.
        await storage.save(userId: null, data: _makePuzzleBatch(unsolved: [const PuzzleId('pId3')]));
                      ^^^^
  test/model/puzzle/puzzle_service_test.dart:192:34: Error: The method 'fetch' isn't defined for the type 'Object?'.
   - 'Object' is from 'dart:core'.
  Try correcting the name to the name of an existing method, or defining a method named 'fetch'.
        final data = await storage.fetch(userId: const UserId('testUserId'));
                                   ^^^^^
  test/model/puzzle/puzzle_service_test.dart:209:21: Error: The method 'save' isn't defined for the type 'Object?'.
   - 'Object' is from 'dart:core'.
  Try correcting the name to the name of an existing method, or defining a method named 'save'.
        await storage.save(userId: null, data: _makePuzzleBatch(unsolved: [const PuzzleId('pId3')]));
                      ^^^^
  test/model/puzzle/puzzle_service_test.dart:218:34: Error: The method 'fetch' isn't defined for the type 'Object?'.
   - 'Object' is from 'dart:core'.
  Try correcting the name to the name of an existing method, or defining a method named 'fetch'.
        final data = await storage.fetch(
                                   ^^^^^
  test/model/puzzle/puzzle_service_test.dart:238:21: Error: The method 'save' isn't defined for the type 'Object?'.
   - 'Object' is from 'dart:core'.
  Try correcting the name to the name of an existing method, or defining a method named 'save'.
        await storage.save(userId: null, data: _makePuzzleBatch(unsolved: [const PuzzleId('pId3')]));
                      ^^^^
  test/model/puzzle/puzzle_service_test.dart:248:34: Error: The method 'fetch' isn't defined for the type 'Object?'.
   - 'Object' is from 'dart:core'.
  Try correcting the name to the name of an existing method, or defining a method named 'fetch'.
        final data = await storage.fetch(userId: null);
                                   ^^^^^
  test/model/puzzle/puzzle_service_test.dart:274:21: Error: The method 'save' isn't defined for the type 'Object?'.
   - 'Object' is from 'dart:core'.
  Try correcting the name to the name of an existing method, or defining a method named 'save'.
        await storage.save(
                      ^^^^
  test/model/puzzle/puzzle_service_test.dart:287:34: Error: The method 'fetch' isn't defined for the type 'Object?'.
   - 'Object' is from 'dart:core'.
  Try correcting the name to the name of an existing method, or defining a method named 'fetch'.
        final data = await storage.fetch(userId: const UserId('testUserId'));
                                   ^^^^^
  test/model/puzzle/puzzle_service_test.dart:309:21: Error: The method 'save' isn't defined for the type 'Object?'.
   - 'Object' is from 'dart:core'.
  Try correcting the name to the name of an existing method, or defining a method named 'save'.
        await storage.save(
                      ^^^^
  test/model/puzzle/puzzle_service_test.dart:324:34: Error: The method 'fetch' isn't defined for the type 'Object?'.
   - 'Object' is from 'dart:core'.
  Try correcting the name to the name of an existing method, or defining a method named 'fetch'.
        final data = await storage.fetch(userId: const UserId('testUserId'));
                                   ^^^^^
  test/model/puzzle/puzzle_service_test.dart:344:21: Error: The method 'save' isn't defined for the type 'Object?'.
   - 'Object' is from 'dart:core'.
  Try correcting the name to the name of an existing method, or defining a method named 'save'.
        await storage.save(
                      ^^^^
  test/model/puzzle/puzzle_service_test.dart:352:34: Error: The method 'fetch' isn't defined for the type 'Object?'.
   - 'Object' is from 'dart:core'.
  Try correcting the name to the name of an existing method, or defining a method named 'fetch'.
        final data = await storage.fetch(userId: const UserId('testUserId'));
                                   ^^^^^
  test/model/puzzle/puzzle_service_test.dart:398:17: Error: 'PuzzleId' isn't a type.
    required List<PuzzleId> unsolved,
                  ^^^^^^^^
  test/model/puzzle/puzzle_service_test.dart:399:8: Error: 'PuzzleSolution' isn't a type.
    List<PuzzleSolution> solved = const [],
         ^^^^^^^^^^^^^^
  test/model/puzzle/puzzle_service_test.dart:406:19: Error: Method not found: 'PuzzleData'.
            puzzle: PuzzleData(
                    ^^^^^^^^^^
  test/model/puzzle/puzzle_service_test.dart:415:17: Error: Method not found: 'GameId'.
              id: GameId('PrlkCqOv'),
                  ^^^^^^
  test/model/puzzle/puzzle_service_test.dart:416:19: Error: Undefined name 'Perf'.
              perf: Perf.blitz,
                    ^^^^
  test/model/puzzle/puzzle_service_test.dart:418:20: Error: Method not found: 'PuzzleGamePlayer'.
              white: PuzzleGamePlayer(side: Side.white, name: 'user1'),
                     ^^^^^^^^^^^^^^^^
  test/model/puzzle/puzzle_service_test.dart:419:20: Error: Method not found: 'PuzzleGamePlayer'.
              black: PuzzleGamePlayer(side: Side.black, name: 'user2'),
                     ^^^^^^^^^^^^^^^^
  test/model/puzzle/puzzle_service_test.dart:414:23: Error: Couldn't find constructor 'PuzzleGame'.
            game: const PuzzleGame(
                        ^^^^^^^^^^
  test/model/puzzle/puzzle_service_test.dart:405:9: Error: Method not found: 'Puzzle'.
          Puzzle(
          ^^^^^^
  test/model/puzzle/puzzle_service_test.dart:401:10: Error: Method not found: 'PuzzleBatch'.
    return PuzzleBatch(
           ^^^^^^^^^^^
  test/test_container.dart:39:34: Error: Undefined name 'httpClientFactoryProvider'.
        httpClientFactoryProvider: httpClientFactoryProvider.overrideWith((ref) {
                                   ^^^^^^^^^^^^^^^^^^^^^^^^^
  test/test_container.dart:39:7: Error: Undefined name 'httpClientFactoryProvider'.
        httpClientFactoryProvider: httpClientFactoryProvider.overrideWith((ref) {
        ^^^^^^^^^^^^^^^^^^^^^^^^^
  test/test_container.dart:49:3: Error: 'AuthUser' isn't a type.
    AuthUser? authUser,
    ^^^^^^^^
  test/test_container.dart:53:46: Error: Undefined name 'kSRIStorageKey'.
    FlutterSecureStorage.setMockInitialValues({kSRIStorageKey: 'test'});
                                               ^^^^^^^^^^^^^^
  test/test_container.dart:56:26: Error: Undefined name 'nnueServiceProvider'.
      nnueServiceProvider: nnueServiceProvider.overrideWithValue(FakeNnueService()),
                           ^^^^^^^^^^^^^^^^^^^
  test/test_container.dart:56:5: Error: Undefined name 'nnueServiceProvider'.
      nnueServiceProvider: nnueServiceProvider.overrideWithValue(FakeNnueService()),
      ^^^^^^^^^^^^^^^^^^^
  test/test_container.dart:57:33: Error: Undefined name 'connectivityPluginProvider'.
      connectivityPluginProvider: connectivityPluginProvider.overrideWith((_) {
                                  ^^^^^^^^^^^^^^^^^^^^^^^^^^
  test/test_container.dart:57:5: Error: Undefined name 'connectivityPluginProvider'.
      connectivityPluginProvider: connectivityPluginProvider.overrideWith((_) {
      ^^^^^^^^^^^^^^^^^^^^^^^^^^
  test/test_container.dart:60:34: Error: Undefined name 'notificationDisplayProvider'.
      notificationDisplayProvider: notificationDisplayProvider.overrideWith((ref) {
                                   ^^^^^^^^^^^^^^^^^^^^^^^^^^^
  test/test_container.dart:60:5: Error: Undefined name 'notificationDisplayProvider'.
      notificationDisplayProvider: notificationDisplayProvider.overrideWith((ref) {
      ^^^^^^^^^^^^^^^^^^^^^^^^^^^
  test/test_container.dart:64:24: Error: Method not found: 'openAppDatabase'.
        final db = await openAppDatabase(databaseFactoryFfi, inMemoryDatabasePath);
                         ^^^^^^^^^^^^^^^
  test/test_container.dart:63:23: Error: Undefined name 'databaseProvider'.
      databaseProvider: databaseProvider.overrideWith((ref) async {
                        ^^^^^^^^^^^^^^^^
  test/test_container.dart:63:5: Error: Undefined name 'databaseProvider'.
      databaseProvider: databaseProvider.overrideWith((ref) async {
      ^^^^^^^^^^^^^^^^
  test/test_container.dart:68:38: Error: Undefined name 'webSocketChannelFactoryProvider'.
      webSocketChannelFactoryProvider: webSocketChannelFactoryProvider.overrideWith((ref) {
                                       ^^^^^^^^^^^^^^^^^^^^^^^^^^^^^^^
  test/test_container.dart:68:5: Error: Undefined name 'webSocketChannelFactoryProvider'.
      webSocketChannelFactoryProvider: webSocketChannelFactoryProvider.overrideWith((ref) {
      ^^^^^^^^^^^^^^^^^^^^^^^^^^^^^^^
  test/test_container.dart:72:20: Error: Method not found: 'SocketPool'.
        final pool = SocketPool(ref);
                     ^^^^^^^^^^
  test/test_container.dart:71:25: Error: Undefined name 'socketPoolProvider'.
      socketPoolProvider: socketPoolProvider.overrideWith((ref) {
                          ^^^^^^^^^^^^^^^^^^
  test/test_container.dart:71:5: Error: Undefined name 'socketPoolProvider'.
      socketPoolProvider: socketPoolProvider.overrideWith((ref) {
      ^^^^^^^^^^^^^^^^^^
  test/test_container.dart:76:32: Error: Undefined name 'httpClientFactoryProvider'.
      httpClientFactoryProvider: httpClientFactoryProvider.overrideWith((ref) {
                                 ^^^^^^^^^^^^^^^^^^^^^^^^^
  test/test_container.dart:76:5: Error: Undefined name 'httpClientFactoryProvider'.
      httpClientFactoryProvider: httpClientFactoryProvider.overrideWith((ref) {
      ^^^^^^^^^^^^^^^^^^^^^^^^^
  test/test_container.dart:79:27: Error: Undefined name 'soundServiceProvider'.
      soundServiceProvider: soundServiceProvider.overrideWithValue(FakeSoundService()),
                            ^^^^^^^^^^^^^^^^^^^^
  test/test_container.dart:79:5: Error: Undefined name 'soundServiceProvider'.
      soundServiceProvider: soundServiceProvider.overrideWithValue(FakeSoundService()),
      ^^^^^^^^^^^^^^^^^^^^
  test/test_container.dart:80:28: Error: Undefined name 'preloadedDataProvider'.
      preloadedDataProvider: preloadedDataProvider.overrideWith((ref) {
                             ^^^^^^^^^^^^^^^^^^^^^
  test/test_container.dart:80:5: Error: Undefined name 'preloadedDataProvider'.
      preloadedDataProvider: preloadedDataProvider.overrideWith((ref) {
      ^^^^^^^^^^^^^^^^^^^^^
  test/model/common/service/fake_sound_service.dart:7:21: Error: 'Sound' isn't a type.
    Future<void> play(Sound sound, {double? volume}) async {}
                      ^^^^^
  test/model/common/service/fake_sound_service.dart:10:33: Error: 'Variant' isn't a type.
    Future<void> playCaptureSound(Variant variant, {double? volume}) async {}
                                  ^^^^^^^
  test/model/common/service/fake_sound_service.dart:13:28: Error: 'SoundTheme' isn't a type.
    Future<void> changeTheme(SoundTheme theme, {bool playSound = false}) async {}
                             ^^^^^^^^^^
  test/binding.dart:37:46: Error: Undefined name 'ExoChessBinding'.
    static TestExoChessBinding get instance => ExoChessBinding.checkInstance(_instance);
                                               ^^^^^^^^^^^^^^^
  test/binding.dart:42:11: Error: Superclass has no method named 'initInstance'.
      super.initInstance();
            ^^^^^^^^^^^^
  .
00:00 +0 -8: loading /home/flcsezz/mobile/test/network/http_test.dart [E]
  Error: The Dart compiler exited unexpectedly.
  package:flutter_tools/src/base/common.dart 34:3  throwToolExit
  package:flutter_tools/src/compile.dart 939:11    DefaultResidentCompiler._compile.<fn>
  dart:async/zone_root.dart 48:47                  _rootRunUnary
  dart:async/zone.dart 733:19                      _CustomZone.runUnary
  dart:async/future_impl.dart 948:45               Future._propagateToListeners.handleValueCallback
  dart:async/future_impl.dart 977:13               Future._propagateToListeners
  dart:async/future_impl.dart 862:9                Future._propagateToListeners
  dart:async/future_impl.dart 720:5                Future._completeWithValue
  dart:async/future_impl.dart 804:7                Future._asyncCompleteWithValue.<fn>
  dart:async/zone_root.dart 35:13                  _rootRun
  dart:async/zone.dart 726:19                      _CustomZone.run
  dart:async/zone.dart 625:7                       _CustomZone.runGuarded
  dart:async/zone.dart 666:23                      _CustomZone.bindCallbackGuarded.<fn>
  dart:async/schedule_microtask.dart 40:35         _microtaskLoop
  dart:async/schedule_microtask.dart 49:5          _startMicrotaskLoop
  dart:isolate-patch/isolate_patch.dart 127:13     _runPendingImmediateCallback
  dart:isolate-patch/isolate_patch.dart 194:5      _RawReceivePort._handleMessage
  
  Error: Failed to parse /home/flcsezz/mobile/.dart_tool/package_graph.json: dependencies for `chessigma_mobile` missing.
  Try running `flutter pub get`
  package:flutter_tools/src/base/common.dart 34:3          throwToolExit
  package:flutter_tools/src/package_graph.dart 41:5        computeTransitiveDependencies
  package:flutter_tools/src/flutter_plugins.dart 115:51    findPlugins
  ===== asynchronous gap ===========================
  package:flutter_tools/src/flutter_plugins.dart 1749:32   generateMainDartWithPluginRegistrant
  ===== asynchronous gap ===========================
  package:flutter_tools/src/test/test_compiler.dart 230:9  TestCompiler._onCompilationRequest
  
e:exochess_mobile/src/db/database.dart';
       ^
test/model/puzzle/puzzle_storage_test.dart:5:8: Error: Not found: 'package:exochess_mobile/src/model/common/id.dart'
import 'package:exochess_mobile/src/model/common/id.dart';
       ^
test/model/puzzle/puzzle_storage_test.dart:6:8: Error: Not found: 'package:exochess_mobile/src/model/common/perf.dart'
import 'package:exochess_mobile/src/model/common/perf.dart';
       ^
test/model/puzzle/puzzle_storage_test.dart:7:8: Error: Not found: 'package:exochess_mobile/src/model/puzzle/puzzle.dart'
import 'package:exochess_mobile/src/model/puzzle/puzzle.dart';
       ^
test/model/puzzle/puzzle_storage_test.dart:8:8: Error: Not found: 'package:exochess_mobile/src/model/puzzle/puzzle_storage.dart'
import 'package:exochess_mobile/src/model/puzzle/puzzle_storage.dart';
       ^
Error: Couldn't resolve the package 'exochess_mobile' in 'package:exochess_mobile/src/constants.dart'.
test/test_container.dart:9:8: Error: Not found: 'package:exochess_mobile/src/db/database.dart'
import 'package:exochess_mobile/src/db/database.dart';
       ^
Error: Couldn't resolve the package 'exochess_mobile' in 'package:exochess_mobile/src/model/auth/auth_controller.dart'.
Error: Couldn't resolve the package 'exochess_mobile' in 'package:exochess_mobile/src/model/common/preloaded_data.dart'.
Error: Couldn't resolve the package 'exochess_mobile' in 'package:exochess_mobile/src/model/common/service/sound_service.dart'.
Error: Couldn't resolve the package 'exochess_mobile' in 'package:exochess_mobile/src/model/engine/nnue_service.dart'.
Error: Couldn't resolve the package 'exochess_mobile' in 'package:exochess_mobile/src/model/notifications/notification_service.dart'.
Error: Couldn't resolve the package 'exochess_mobile' in 'package:exochess_mobile/src/network/connectivity.dart'.
Error: Couldn't resolve the package 'exochess_mobile' in 'package:exochess_mobile/src/network/http.dart'.
Error: Couldn't resolve the package 'exochess_mobile' in 'package:exochess_mobile/src/network/socket.dart'.
test/test_container.dart:8:8: Error: Not found: 'package:exochess_mobile/src/constants.dart'
import 'package:exochess_mobile/src/constants.dart';
       ^
test/test_container.dart:10:8: Error: Not found: 'package:exochess_mobile/src/model/auth/auth_controller.dart'
import 'package:exochess_mobile/src/model/auth/auth_controller.dart';
       ^
test/test_container.dart:11:8: Error: Not found: 'package:exochess_mobile/src/model/common/preloaded_data.dart'
import 'package:exochess_mobile/src/model/common/preloaded_data.dart';
       ^
test/test_container.dart:12:8: Error: Not found: 'package:exochess_mobile/src/model/common/service/sound_service.dart'
import 'package:exochess_mobile/src/model/common/service/sound_service.dart';
       ^
test/test_container.dart:13:8: Error: Not found: 'package:exochess_mobile/src/model/engine/nnue_service.dart'
import 'package:exochess_mobile/src/model/engine/nnue_service.dart';
       ^
test/test_container.dart:14:8: Error: Not found: 'package:exochess_mobile/src/model/notifications/notification_service.dart'
import 'package:exochess_mobile/src/model/notifications/notification_service.dart';
       ^
test/test_container.dart:15:8: Error: Not found: 'package:exochess_mobile/src/network/connectivity.dart'
import 'package:exochess_mobile/src/network/connectivity.dart';
       ^
test/test_container.dart:16:8: Error: Not found: 'package:exochess_mobile/src/network/http.dart'
import 'package:exochess_mobile/src/network/http.dart';
       ^
test/test_container.dart:17:8: Error: Not found: 'package:exochess_mobile/src/network/socket.dart'
import 'package:exochess_mobile/src/network/socket.dart';
       ^
Error: Couldn't resolve the package 'exochess_mobile' in 'package:exochess_mobile/src/model/common/chess.dart'.
test/model/common/service/fake_sound_service.dart:2:8: Error: Not found: 'package:exochess_mobile/src/model/common/service/sound_service.dart'
import 'package:exochess_mobile/src/model/common/service/sound_service.dart';
       ^
Error: Couldn't resolve the package 'exochess_mobile' in 'package:exochess_mobile/src/model/settings/general_preferences.dart'.
Error: Couldn't resolve the package 'exochess_mobile' in 'package:exochess_mobile/src/binding.dart'.
test/model/engine/fake_nnue_service.dart:4:8: Error: Not found: 'package:exochess_mobile/src/model/engine/nnue_service.dart'
import 'package:exochess_mobile/src/model/engine/nnue_service.dart';
       ^
test/network/fake_http_client_factory.dart:2:8: Error: Not found: 'package:exochess_mobile/src/network/http.dart'
import 'package:exochess_mobile/src/network/http.dart';
       ^
test/network/fake_websocket_channel.dart:6:8: Error: Not found: 'package:exochess_mobile/src/network/socket.dart'
import 'package:exochess_mobile/src/network/socket.dart';
       ^
test/model/common/service/fake_sound_service.dart:1:8: Error: Not found: 'package:exochess_mobile/src/model/common/chess.dart'
import 'package:exochess_mobile/src/model/common/chess.dart';
       ^
test/model/common/service/fake_sound_service.dart:3:8: Error: Not found: 'package:exochess_mobile/src/model/settings/general_preferences.dart'
import 'package:exochess_mobile/src/model/settings/general_preferences.dart';
       ^
test/binding.dart:4:8: Error: Not found: 'package:exochess_mobile/src/binding.dart'
import 'package:exochess_mobile/src/binding.dart';
       ^
test/test_container.dart:49:3: Error: Type 'AuthUser' not found.
  AuthUser? authUser,
  ^^^^^^^^
test/model/common/service/fake_sound_service.dart:5:35: Error: Type 'SoundService' not found.
class FakeSoundService implements SoundService {
                                  ^^^^^^^^^^^^
test/model/common/service/fake_sound_service.dart:7:21: Error: Type 'Sound' not found.
  Future<void> play(Sound sound, {double? volume}) async {}
                    ^^^^^
test/model/common/service/fake_sound_service.dart:10:33: Error: Type 'Variant' not found.
  Future<void> playCaptureSound(Variant variant, {double? volume}) async {}
                                ^^^^^^^
test/model/common/service/fake_sound_service.dart:13:28: Error: Type 'SoundTheme' not found.
  Future<void> changeTheme(SoundTheme theme, {bool playSound = false}) async {}
                           ^^^^^^^^^^
test/binding.dart:14:35: Error: Type 'ExoChessBinding' not found.
class TestExoChessBinding extends ExoChessBinding {
                                  ^^^^^^^^^^^^^^^
test/model/engine/fake_nnue_service.dart:13:34: Error: Type 'NnueService' not found.
class FakeNnueService implements NnueService {
                                 ^^^^^^^^^^^
test/model/engine/fake_nnue_service.dart:25:3: Error: Type 'NNUEFiles' not found.
  NNUEFiles get nnueFiles {
  ^^^^^^^^^
test/model/engine/fake_nnue_service.dart:56:45: Error: Type 'NnueService' not found.
class FakeNnueServiceUnavailable implements NnueService {
                                            ^^^^^^^^^^^
test/model/engine/fake_nnue_service.dart:68:3: Error: Type 'NNUEFiles' not found.
  NNUEFiles get nnueFiles {
  ^^^^^^^^^
test/network/fake_http_client_factory.dart:4:40: Error: Type 'HttpClientFactory' not found.
class FakeHttpClientFactory implements HttpClientFactory {
                                       ^^^^^^^^^^^^^^^^^
test/network/fake_websocket_channel.dart:24:56: Error: Type 'WebSocketChannelFactory' not found.
class ListenableFakeWebSocketChannelFactory implements WebSocketChannelFactory {
                                                       ^^^^^^^^^^^^^^^^^^^^^^^
test/network/fake_websocket_channel.dart:65:46: Error: Type 'WebSocketChannelFactory' not found.
class FakeWebSocketChannelFactory implements WebSocketChannelFactory {
                                             ^^^^^^^^^^^^^^^^^^^^^^^
test/model/puzzle/puzzle_storage_test.dart:39:15: Error: Couldn't find constructor 'PuzzleId'.
    id: const PuzzleId('pId3'),
              ^^^^^^^^
test/model/puzzle/puzzle_storage_test.dart:38:11: Error: Method not found: 'PuzzleData'.
  puzzle: PuzzleData(
          ^^^^^^^^^^
test/model/puzzle/puzzle_storage_test.dart:47:9: Error: Method not found: 'GameId'.
    id: GameId('PrlkCqOv'),
        ^^^^^^
test/model/puzzle/puzzle_storage_test.dart:48:11: Error: Undefined name 'Perf'.
    perf: Perf.blitz,
          ^^^^
test/model/puzzle/puzzle_storage_test.dart:50:12: Error: Method not found: 'PuzzleGamePlayer'.
    white: PuzzleGamePlayer(side: Side.white, name: 'user1'),
           ^^^^^^^^^^^^^^^^
test/model/puzzle/puzzle_storage_test.dart:51:12: Error: Method not found: 'PuzzleGamePlayer'.
    black: PuzzleGamePlayer(side: Side.black, name: 'user2'),
           ^^^^^^^^^^^^^^^^
test/model/puzzle/puzzle_storage_test.dart:46:15: Error: Couldn't find constructor 'PuzzleGame'.
  game: const PuzzleGame(
              ^^^^^^^^^^
test/model/puzzle/puzzle_storage_test.dart:37:16: Error: Method not found: 'Puzzle'.
final puzzle = Puzzle(
               ^^^^^^
test/model/puzzle/puzzle_storage_test.dart:18:24: Error: Method not found: 'openAppDatabase'.
      final db = await openAppDatabase(dbFactory, inMemoryDatabasePath);
                       ^^^^^^^^^^^^^^^
test/model/puzzle/puzzle_storage_test.dart:22:29: Error: Undefined name 'databaseProvider'.
          databaseProvider: databaseProvider.overrideWith((ref) {
                            ^^^^^^^^^^^^^^^^
test/model/puzzle/puzzle_storage_test.dart:22:11: Error: Undefined name 'databaseProvider'.
          databaseProvider: databaseProvider.overrideWith((ref) {
          ^^^^^^^^^^^^^^^^
test/model/puzzle/puzzle_storage_test.dart:29:44: Error: Undefined name 'puzzleStorageProvider'.
      final storage = await container.read(puzzleStorageProvider.future);
                                           ^^^^^^^^^^^^^^^^^^^^^
test/model/puzzle/puzzle_storage_test.dart:32:44: Error: Couldn't find constructor 'PuzzleId'.
      expect(storage.fetch(puzzleId: const PuzzleId('pId3')), completion(equals(puzzle)));
                                           ^^^^^^^^
test/model/puzzle/puzzle_storage_test.dart:31:21: Error: The method 'save' isn't defined for the type 'Object?'.
 - 'Object' is from 'dart:core'.
Try correcting the name to the name of an existing method, or defining a method named 'save'.
      await storage.save(puzzle: puzzle);
                    ^^^^
test/model/puzzle/puzzle_storage_test.dart:32:22: Error: The method 'fetch' isn't defined for the type 'Object?'.
 - 'Object' is from 'dart:core'.
Try correcting the name to the name of an existing method, or defining a method named 'fetch'.
      expect(storage.fetch(puzzleId: const PuzzleId('pId3')), completion(equals(puzzle)));
                     ^^^^^
test/test_container.dart:39:34: Error: Undefined name 'httpClientFactoryProvider'.
      httpClientFactoryProvider: httpClientFactoryProvider.overrideWith((ref) {
                                 ^^^^^^^^^^^^^^^^^^^^^^^^^
test/test_container.dart:39:7: Error: Undefined name 'httpClientFactoryProvider'.
      httpClientFactoryProvider: httpClientFactoryProvider.overrideWith((ref) {
      ^^^^^^^^^^^^^^^^^^^^^^^^^
test/test_container.dart:49:3: Error: 'AuthUser' isn't a type.
  AuthUser? authUser,
  ^^^^^^^^
test/test_container.dart:53:46: Error: Undefined name 'kSRIStorageKey'.
  FlutterSecureStorage.setMockInitialValues({kSRIStorageKey: 'test'});
                                             ^^^^^^^^^^^^^^
test/test_container.dart:56:26: Error: Undefined name 'nnueServiceProvider'.
    nnueServiceProvider: nnueServiceProvider.overrideWithValue(FakeNnueService()),
                         ^^^^^^^^^^^^^^^^^^^
test/test_container.dart:56:5: Error: Undefined name 'nnueServiceProvider'.
    nnueServiceProvider: nnueServiceProvider.overrideWithValue(FakeNnueService()),
    ^^^^^^^^^^^^^^^^^^^
test/test_container.dart:57:33: Error: Undefined name 'connectivityPluginProvider'.
    connectivityPluginProvider: connectivityPluginProvider.overrideWith((_) {
                                ^^^^^^^^^^^^^^^^^^^^^^^^^^
test/test_container.dart:57:5: Error: Undefined name 'connectivityPluginProvider'.
    connectivityPluginProvider: connectivityPluginProvider.overrideWith((_) {
    ^^^^^^^^^^^^^^^^^^^^^^^^^^
test/test_container.dart:60:34: Error: Undefined name 'notificationDisplayProvider'.
    notificationDisplayProvider: notificationDisplayProvider.overrideWith((ref) {
                                 ^^^^^^^^^^^^^^^^^^^^^^^^^^^
test/test_container.dart:60:5: Error: Undefined name 'notificationDisplayProvider'.
    notificationDisplayProvider: notificationDisplayProvider.overrideWith((ref) {
    ^^^^^^^^^^^^^^^^^^^^^^^^^^^
test/test_container.dart:64:24: Error: Method not found: 'openAppDatabase'.
      final db = await openAppDatabase(databaseFactoryFfi, inMemoryDatabasePath);
                       ^^^^^^^^^^^^^^^
test/test_container.dart:63:23: Error: Undefined name 'databaseProvider'.
    databaseProvider: databaseProvider.overrideWith((ref) async {
                      ^^^^^^^^^^^^^^^^
test/test_container.dart:63:5: Error: Undefined name 'databaseProvider'.
    databaseProvider: databaseProvider.overrideWith((ref) async {
    ^^^^^^^^^^^^^^^^
test/test_container.dart:68:38: Error: Undefined name 'webSocketChannelFactoryProvider'.
    webSocketChannelFactoryProvider: webSocketChannelFactoryProvider.overrideWith((ref) {
                                     ^^^^^^^^^^^^^^^^^^^^^^^^^^^^^^^
test/test_container.dart:68:5: Error: Undefined name 'webSocketChannelFactoryProvider'.
    webSocketChannelFactoryProvider: webSocketChannelFactoryProvider.overrideWith((ref) {
    ^^^^^^^^^^^^^^^^^^^^^^^^^^^^^^^
test/test_container.dart:72:20: Error: Method not found: 'SocketPool'.
      final pool = SocketPool(ref);
                   ^^^^^^^^^^
test/test_container.dart:71:25: Error: Undefined name 'socketPoolProvider'.
    socketPoolProvider: socketPoolProvider.overrideWith((ref) {
                        ^^^^^^^^^^^^^^^^^^
test/test_container.dart:71:5: Error: Undefined name 'socketPoolProvider'.
    socketPoolProvider: socketPoolProvider.overrideWith((ref) {
    ^^^^^^^^^^^^^^^^^^
test/test_container.dart:76:32: Error: Undefined name 'httpClientFactoryProvider'.
    httpClientFactoryProvider: httpClientFactoryProvider.overrideWith((ref) {
                               ^^^^^^^^^^^^^^^^^^^^^^^^^
test/test_container.dart:76:5: Error: Undefined name 'httpClientFactoryProvider'.
    httpClientFactoryProvider: httpClientFactoryProvider.overrideWith((ref) {
    ^^^^^^^^^^^^^^^^^^^^^^^^^
test/test_container.dart:79:27: Error: Undefined name 'soundServiceProvider'.
    soundServiceProvider: soundServiceProvider.overrideWithValue(FakeSoundService()),
                          ^^^^^^^^^^^^^^^^^^^^
test/test_container.dart:79:5: Error: Undefined name 'soundServiceProvider'.
    soundServiceProvider: soundServiceProvider.overrideWithValue(FakeSoundService()),
    ^^^^^^^^^^^^^^^^^^^^
test/test_container.dart:80:28: Error: Undefined name 'preloadedDataProvider'.
    preloadedDataProvider: preloadedDataProvider.overrideWith((ref) {
                           ^^^^^^^^^^^^^^^^^^^^^
test/test_container.dart:80:5: Error: Undefined name 'preloadedDataProvider'.
    preloadedDataProvider: preloadedDataProvider.overrideWith((ref) {
    ^^^^^^^^^^^^^^^^^^^^^
test/model/common/service/fake_sound_service.dart:7:21: Error: 'Sound' isn't a type.
  Future<void> play(Sound sound, {double? volume}) async {}
                    ^^^^^
test/model/common/service/fake_sound_service.dart:10:33: Error: 'Variant' isn't a type.
  Future<void> playCaptureSound(Variant variant, {double? volume}) async {}
                                ^^^^^^^
test/model/common/service/fake_sound_service.dart:13:28: Error: 'SoundTheme' isn't a type.
  Future<void> changeTheme(SoundTheme theme, {bool playSound = false}) async {}
                           ^^^^^^^^^^
test/binding.dart:37:46: Error: Undefined name 'ExoChessBinding'.
  static TestExoChessBinding get instance => ExoChessBinding.checkInstance(_instance);
                                             ^^^^^^^^^^^^^^^
test/binding.dart:42:11: Error: Superclass has no method named 'initInstance'.
    super.initInstance();
          ^^^^^^^^^^^^
00:00 +0 -9: loading /home/flcsezz/mobile/test/model/puzzle/puzzle_storage_test.dart [E]
  Failed to load "/home/flcsezz/mobile/test/model/puzzle/puzzle_storage_test.dart":
  Compilation failed for testPath=/home/flcsezz/mobile/test/model/puzzle/puzzle_storage_test.dart: Error: Couldn't resolve the package 'exochess_mobile' in 'package:exochess_mobile/src/db/database.dart'.
  Error: Couldn't resolve the package 'exochess_mobile' in 'package:exochess_mobile/src/model/common/id.dart'.
  Error: Couldn't resolve the package 'exochess_mobile' in 'package:exochess_mobile/src/model/common/perf.dart'.
  Error: Couldn't resolve the package 'exochess_mobile' in 'package:exochess_mobile/src/model/puzzle/puzzle.dart'.
  Error: Couldn't resolve the package 'exochess_mobile' in 'package:exochess_mobile/src/model/puzzle/puzzle_storage.dart'.
  test/model/puzzle/puzzle_storage_test.dart:4:8: Error: Not found: 'package:exochess_mobile/src/db/database.dart'
  import 'package:exochess_mobile/src/db/database.dart';
         ^
  test/model/puzzle/puzzle_storage_test.dart:5:8: Error: Not found: 'package:exochess_mobile/src/model/common/id.dart'
  import 'package:exochess_mobile/src/model/common/id.dart';
         ^
  test/model/puzzle/puzzle_storage_test.dart:6:8: Error: Not found: 'package:exochess_mobile/src/model/common/perf.dart'
  import 'package:exochess_mobile/src/model/common/perf.dart';
         ^
  test/model/puzzle/puzzle_storage_test.dart:7:8: Error: Not found: 'package:exochess_mobile/src/model/puzzle/puzzle.dart'
  import 'package:exochess_mobile/src/model/puzzle/puzzle.dart';
         ^
  test/model/puzzle/puzzle_storage_test.dart:8:8: Error: Not found: 'package:exochess_mobile/src/model/puzzle/puzzle_storage.dart'
  import 'package:exochess_mobile/src/model/puzzle/puzzle_storage.dart';
         ^
  Error: Couldn't resolve the package 'exochess_mobile' in 'package:exochess_mobile/src/constants.dart'.
  test/test_container.dart:9:8: Error: Not found: 'package:exochess_mobile/src/db/database.dart'
  import 'package:exochess_mobile/src/db/database.dart';
         ^
  Error: Couldn't resolve the package 'exochess_mobile' in 'package:exochess_mobile/src/model/auth/auth_controller.dart'.
  Error: Couldn't resolve the package 'exochess_mobile' in 'package:exochess_mobile/src/model/common/preloaded_data.dart'.
  Error: Couldn't resolve the package 'exochess_mobile' in 'package:exochess_mobile/src/model/common/service/sound_service.dart'.
  Error: Couldn't resolve the package 'exochess_mobile' in 'package:exochess_mobile/src/model/engine/nnue_service.dart'.
  Error: Couldn't resolve the package 'exochess_mobile' in 'package:exochess_mobile/src/model/notifications/notification_service.dart'.
  Error: Couldn't resolve the package 'exochess_mobile' in 'package:exochess_mobile/src/network/connectivity.dart'.
  Error: Couldn't resolve the package 'exochess_mobile' in 'package:exochess_mobile/src/network/http.dart'.
  Error: Couldn't resolve the package 'exochess_mobile' in 'package:exochess_mobile/src/network/socket.dart'.
  test/test_container.dart:8:8: Error: Not found: 'package:exochess_mobile/src/constants.dart'
  import 'package:exochess_mobile/src/constants.dart';
         ^
  test/test_container.dart:10:8: Error: Not found: 'package:exochess_mobile/src/model/auth/auth_controller.dart'
  import 'package:exochess_mobile/src/model/auth/auth_controller.dart';
         ^
  test/test_container.dart:11:8: Error: Not found: 'package:exochess_mobile/src/model/common/preloaded_data.dart'
  import 'package:exochess_mobile/src/model/common/preloaded_data.dart';
         ^
  test/test_container.dart:12:8: Error: Not found: 'package:exochess_mobile/src/model/common/service/sound_service.dart'
  import 'package:exochess_mobile/src/model/common/service/sound_service.dart';
         ^
  test/test_container.dart:13:8: Error: Not found: 'package:exochess_mobile/src/model/engine/nnue_service.dart'
  import 'package:exochess_mobile/src/model/engine/nnue_service.dart';
         ^
  test/test_container.dart:14:8: Error: Not found: 'package:exochess_mobile/src/model/notifications/notification_service.dart'
  import 'package:exochess_mobile/src/model/notifications/notification_service.dart';
         ^
  test/test_container.dart:15:8: Error: Not found: 'package:exochess_mobile/src/network/connectivity.dart'
  import 'package:exochess_mobile/src/network/connectivity.dart';
         ^
  test/test_container.dart:16:8: Error: Not found: 'package:exochess_mobile/src/network/http.dart'
  import 'package:exochess_mobile/src/network/http.dart';
         ^
  test/test_container.dart:17:8: Error: Not found: 'package:exochess_mobile/src/network/socket.dart'
  import 'package:exochess_mobile/src/network/socket.dart';
         ^
  Error: Couldn't resolve the package 'exochess_mobile' in 'package:exochess_mobile/src/model/common/chess.dart'.
  test/model/common/service/fake_sound_service.dart:2:8: Error: Not found: 'package:exochess_mobile/src/model/common/service/sound_service.dart'
  import 'package:exochess_mobile/src/model/common/service/sound_service.dart';
         ^
  Error: Couldn't resolve the package 'exochess_mobile' in 'package:exochess_mobile/src/model/settings/general_preferences.dart'.
  Error: Couldn't resolve the package 'exochess_mobile' in 'package:exochess_mobile/src/binding.dart'.
  test/model/engine/fake_nnue_service.dart:4:8: Error: Not found: 'package:exochess_mobile/src/model/engine/nnue_service.dart'
  import 'package:exochess_mobile/src/model/engine/nnue_service.dart';
         ^
  test/network/fake_http_client_factory.dart:2:8: Error: Not found: 'package:exochess_mobile/src/network/http.dart'
  import 'package:exochess_mobile/src/network/http.dart';
         ^
  test/network/fake_websocket_channel.dart:6:8: Error: Not found: 'package:exochess_mobile/src/network/socket.dart'
  import 'package:exochess_mobile/src/network/socket.dart';
         ^
  test/model/common/service/fake_sound_service.dart:1:8: Error: Not found: 'package:exochess_mobile/src/model/common/chess.dart'
  import 'package:exochess_mobile/src/model/common/chess.dart';
         ^
  test/model/common/service/fake_sound_service.dart:3:8: Error: Not found: 'package:exochess_mobile/src/model/settings/general_preferences.dart'
  import 'package:exochess_mobile/src/model/settings/general_preferences.dart';
         ^
  test/binding.dart:4:8: Error: Not found: 'package:exochess_mobile/src/binding.dart'
  import 'package:exochess_mobile/src/binding.dart';
         ^
  test/test_container.dart:49:3: Error: Type 'AuthUser' not found.
    AuthUser? authUser,
    ^^^^^^^^
  test/model/common/service/fake_sound_service.dart:5:35: Error: Type 'SoundService' not found.
  class FakeSoundService implements SoundService {
                                    ^^^^^^^^^^^^
  test/model/common/service/fake_sound_service.dart:7:21: Error: Type 'Sound' not found.
    Future<void> play(Sound sound, {double? volume}) async {}
                      ^^^^^
  test/model/common/service/fake_sound_service.dart:10:33: Error: Type 'Variant' not found.
    Future<void> playCaptureSound(Variant variant, {double? volume}) async {}
                                  ^^^^^^^
  test/model/common/service/fake_sound_service.dart:13:28: Error: Type 'SoundTheme' not found.
    Future<void> changeTheme(SoundTheme theme, {bool playSound = false}) async {}
                             ^^^^^^^^^^
  test/binding.dart:14:35: Error: Type 'ExoChessBinding' not found.
  class TestExoChessBinding extends ExoChessBinding {
                                    ^^^^^^^^^^^^^^^
  test/model/engine/fake_nnue_service.dart:13:34: Error: Type 'NnueService' not found.
  class FakeNnueService implements NnueService {
                                   ^^^^^^^^^^^
  test/model/engine/fake_nnue_service.dart:25:3: Error: Type 'NNUEFiles' not found.
    NNUEFiles get nnueFiles {
    ^^^^^^^^^
  test/model/engine/fake_nnue_service.dart:56:45: Error: Type 'NnueService' not found.
  class FakeNnueServiceUnavailable implements NnueService {
                                              ^^^^^^^^^^^
  test/model/engine/fake_nnue_service.dart:68:3: Error: Type 'NNUEFiles' not found.
    NNUEFiles get nnueFiles {
    ^^^^^^^^^
  test/network/fake_http_client_factory.dart:4:40: Error: Type 'HttpClientFactory' not found.
  class FakeHttpClientFactory implements HttpClientFactory {
                                         ^^^^^^^^^^^^^^^^^
  test/network/fake_websocket_channel.dart:24:56: Error: Type 'WebSocketChannelFactory' not found.
  class ListenableFakeWebSocketChannelFactory implements WebSocketChannelFactory {
                                                         ^^^^^^^^^^^^^^^^^^^^^^^
  test/network/fake_websocket_channel.dart:65:46: Error: Type 'WebSocketChannelFactory' not found.
  class FakeWebSocketChannelFactory implements WebSocketChannelFactory {
                                               ^^^^^^^^^^^^^^^^^^^^^^^
  test/model/puzzle/puzzle_storage_test.dart:39:15: Error: Couldn't find constructor 'PuzzleId'.
      id: const PuzzleId('pId3'),
                ^^^^^^^^
  test/model/puzzle/puzzle_storage_test.dart:38:11: Error: Method not found: 'PuzzleData'.
    puzzle: PuzzleData(
            ^^^^^^^^^^
  test/model/puzzle/puzzle_storage_test.dart:47:9: Error: Method not found: 'GameId'.
      id: GameId('PrlkCqOv'),
          ^^^^^^
  test/model/puzzle/puzzle_storage_test.dart:48:11: Error: Undefined name 'Perf'.
      perf: Perf.blitz,
            ^^^^
  test/model/puzzle/puzzle_storage_test.dart:50:12: Error: Method not found: 'PuzzleGamePlayer'.
      white: PuzzleGamePlayer(side: Side.white, name: 'user1'),
             ^^^^^^^^^^^^^^^^
  test/model/puzzle/puzzle_storage_test.dart:51:12: Error: Method not found: 'PuzzleGamePlayer'.
      black: PuzzleGamePlayer(side: Side.black, name: 'user2'),
             ^^^^^^^^^^^^^^^^
  test/model/puzzle/puzzle_storage_test.dart:46:15: Error: Couldn't find constructor 'PuzzleGame'.
    game: const PuzzleGame(
                ^^^^^^^^^^
  test/model/puzzle/puzzle_storage_test.dart:37:16: Error: Method not found: 'Puzzle'.
  final puzzle = Puzzle(
                 ^^^^^^
  test/model/puzzle/puzzle_storage_test.dart:18:24: Error: Method not found: 'openAppDatabase'.
        final db = await openAppDatabase(dbFactory, inMemoryDatabasePath);
                         ^^^^^^^^^^^^^^^
  test/model/puzzle/puzzle_storage_test.dart:22:29: Error: Undefined name 'databaseProvider'.
            databaseProvider: databaseProvider.overrideWith((ref) {
                              ^^^^^^^^^^^^^^^^
  test/model/puzzle/puzzle_storage_test.dart:22:11: Error: Undefined name 'databaseProvider'.
            databaseProvider: databaseProvider.overrideWith((ref) {
            ^^^^^^^^^^^^^^^^
  test/model/puzzle/puzzle_storage_test.dart:29:44: Error: Undefined name 'puzzleStorageProvider'.
        final storage = await container.read(puzzleStorageProvider.future);
                                             ^^^^^^^^^^^^^^^^^^^^^
  test/model/puzzle/puzzle_storage_test.dart:32:44: Error: Couldn't find constructor 'PuzzleId'.
        expect(storage.fetch(puzzleId: const PuzzleId('pId3')), completion(equals(puzzle)));
                                             ^^^^^^^^
  test/model/puzzle/puzzle_storage_test.dart:31:21: Error: The method 'save' isn't defined for the type 'Object?'.
   - 'Object' is from 'dart:core'.
  Try correcting the name to the name of an existing method, or defining a method named 'save'.
        await storage.save(puzzle: puzzle);
                      ^^^^
  test/model/puzzle/puzzle_storage_test.dart:32:22: Error: The method 'fetch' isn't defined for the type 'Object?'.
   - 'Object' is from 'dart:core'.
  Try correcting the name to the name of an existing method, or defining a method named 'fetch'.
        expect(storage.fetch(puzzleId: const PuzzleId('pId3')), completion(equals(puzzle)));
                       ^^^^^
  test/test_container.dart:39:34: Error: Undefined name 'httpClientFactoryProvider'.
        httpClientFactoryProvider: httpClientFactoryProvider.overrideWith((ref) {
                                   ^^^^^^^^^^^^^^^^^^^^^^^^^
  test/test_container.dart:39:7: Error: Undefined name 'httpClientFactoryProvider'.
        httpClientFactoryProvider: httpClientFactoryProvider.overrideWith((ref) {
        ^^^^^^^^^^^^^^^^^^^^^^^^^
  test/test_container.dart:49:3: Error: 'AuthUser' isn't a type.
    AuthUser? authUser,
    ^^^^^^^^
  test/test_container.dart:53:46: Error: Undefined name 'kSRIStorageKey'.
    FlutterSecureStorage.setMockInitialValues({kSRIStorageKey: 'test'});
                                               ^^^^^^^^^^^^^^
  test/test_container.dart:56:26: Error: Undefined name 'nnueServiceProvider'.
      nnueServiceProvider: nnueServiceProvider.overrideWithValue(FakeNnueService()),
                           ^^^^^^^^^^^^^^^^^^^
  test/test_container.dart:56:5: Error: Undefined name 'nnueServiceProvider'.
      nnueServiceProvider: nnueServiceProvider.overrideWithValue(FakeNnueService()),
      ^^^^^^^^^^^^^^^^^^^
  test/test_container.dart:57:33: Error: Undefined name 'connectivityPluginProvider'.
      connectivityPluginProvider: connectivityPluginProvider.overrideWith((_) {
                                  ^^^^^^^^^^^^^^^^^^^^^^^^^^
  test/test_container.dart:57:5: Error: Undefined name 'connectivityPluginProvider'.
      connectivityPluginProvider: connectivityPluginProvider.overrideWith((_) {
      ^^^^^^^^^^^^^^^^^^^^^^^^^^
  test/test_container.dart:60:34: Error: Undefined name 'notificationDisplayProvider'.
      notificationDisplayProvider: notificationDisplayProvider.overrideWith((ref) {
                                   ^^^^^^^^^^^^^^^^^^^^^^^^^^^
  test/test_container.dart:60:5: Error: Undefined name 'notificationDisplayProvider'.
      notificationDisplayProvider: notificationDisplayProvider.overrideWith((ref) {
      ^^^^^^^^^^^^^^^^^^^^^^^^^^^
  test/test_container.dart:64:24: Error: Method not found: 'openAppDatabase'.
        final db = await openAppDatabase(databaseFactoryFfi, inMemoryDatabasePath);
                         ^^^^^^^^^^^^^^^
  test/test_container.dart:63:23: Error: Undefined name 'databaseProvider'.
      databaseProvider: databaseProvider.overrideWith((ref) async {
                        ^^^^^^^^^^^^^^^^
  test/test_container.dart:63:5: Error: Undefined name 'databaseProvider'.
      databaseProvider: databaseProvider.overrideWith((ref) async {
      ^^^^^^^^^^^^^^^^
  test/test_container.dart:68:38: Error: Undefined name 'webSocketChannelFactoryProvider'.
      webSocketChannelFactoryProvider: webSocketChannelFactoryProvider.overrideWith((ref) {
                                       ^^^^^^^^^^^^^^^^^^^^^^^^^^^^^^^
  test/test_container.dart:68:5: Error: Undefined name 'webSocketChannelFactoryProvider'.
      webSocketChannelFactoryProvider: webSocketChannelFactoryProvider.overrideWith((ref) {
      ^^^^^^^^^^^^^^^^^^^^^^^^^^^^^^^
  test/test_container.dart:72:20: Error: Method not found: 'SocketPool'.
        final pool = SocketPool(ref);
                     ^^^^^^^^^^
  test/test_container.dart:71:25: Error: Undefined name 'socketPoolProvider'.
      socketPoolProvider: socketPoolProvider.overrideWith((ref) {
                          ^^^^^^^^^^^^^^^^^^
  test/test_container.dart:71:5: Error: Undefined name 'socketPoolProvider'.
      socketPoolProvider: socketPoolProvider.overrideWith((ref) {
      ^^^^^^^^^^^^^^^^^^
  test/test_container.dart:76:32: Error: Undefined name 'httpClientFactoryProvider'.
      httpClientFactoryProvider: httpClientFactoryProvider.overrideWith((ref) {
                                 ^^^^^^^^^^^^^^^^^^^^^^^^^
  test/test_container.dart:76:5: Error: Undefined name 'httpClientFactoryProvider'.
      httpClientFactoryProvider: httpClientFactoryProvider.overrideWith((ref) {
      ^^^^^^^^^^^^^^^^^^^^^^^^^
  test/test_container.dart:79:27: Error: Undefined name 'soundServiceProvider'.
      soundServiceProvider: soundServiceProvider.overrideWithValue(FakeSoundService()),
                            ^^^^^^^^^^^^^^^^^^^^
  test/test_container.dart:79:5: Error: Undefined name 'soundServiceProvider'.
      soundServiceProvider: soundServiceProvider.overrideWithValue(FakeSoundService()),
      ^^^^^^^^^^^^^^^^^^^^
  test/test_container.dart:80:28: Error: Undefined name 'preloadedDataProvider'.
      preloadedDataProvider: preloadedDataProvider.overrideWith((ref) {
                             ^^^^^^^^^^^^^^^^^^^^^
  test/test_container.dart:80:5: Error: Undefined name 'preloadedDataProvider'.
      preloadedDataProvider: preloadedDataProvider.overrideWith((ref) {
      ^^^^^^^^^^^^^^^^^^^^^
  test/model/common/service/fake_sound_service.dart:7:21: Error: 'Sound' isn't a type.
    Future<void> play(Sound sound, {double? volume}) async {}
                      ^^^^^
  test/model/common/service/fake_sound_service.dart:10:33: Error: 'Variant' isn't a type.
    Future<void> playCaptureSound(Variant variant, {double? volume}) async {}
                                  ^^^^^^^
  test/model/common/service/fake_sound_service.dart:13:28: Error: 'SoundTheme' isn't a type.
    Future<void> changeTheme(SoundTheme theme, {bool playSound = false}) async {}
                             ^^^^^^^^^^
  test/binding.dart:37:46: Error: Undefined name 'ExoChessBinding'.
    static TestExoChessBinding get instance => ExoChessBinding.checkInstance(_instance);
                                               ^^^^^^^^^^^^^^^
  test/binding.dart:42:11: Error: Superclass has no method named 'initInstance'.
      super.initInstance();
            ^^^^^^^^^^^^
  .
00:00 +0 -9: loading /home/flcsezz/mobile/test/network/http_test.dart [E]
  Error: The Dart compiler exited unexpectedly.
  package:flutter_tools/src/base/common.dart 34:3  throwToolExit
  package:flutter_tools/src/compile.dart 939:11    DefaultResidentCompiler._compile.<fn>
  dart:async/zone_root.dart 48:47                  _rootRunUnary
  dart:async/zone.dart 733:19                      _CustomZone.runUnary
  dart:async/future_impl.dart 948:45               Future._propagateToListeners.handleValueCallback
  dart:async/future_impl.dart 977:13               Future._propagateToListeners
  dart:async/future_impl.dart 862:9                Future._propagateToListeners
  dart:async/future_impl.dart 720:5                Future._completeWithValue
  dart:async/future_impl.dart 804:7                Future._asyncCompleteWithValue.<fn>
  dart:async/zone_root.dart 35:13                  _rootRun
  dart:async/zone.dart 726:19                      _CustomZone.run
  dart:async/zone.dart 625:7                       _CustomZone.runGuarded
  dart:async/zone.dart 666:23                      _CustomZone.bindCallbackGuarded.<fn>
  dart:async/schedule_microtask.dart 40:35         _microtaskLoop
  dart:async/schedule_microtask.dart 49:5          _startMicrotaskLoop
  dart:isolate-patch/isolate_patch.dart 127:13     _runPendingImmediateCallback
  dart:isolate-patch/isolate_patch.dart 194:5      _RawReceivePort._handleMessage
  
Error: Couldn't resolve the package 'exochess_mobile' in 'package:exochess_mobile/src/db/database.dart'.
Error: Couldn't resolve the package 'exochess_mobile' in 'package:exochess_mobile/src/model/common/id.dart'.
Error: Couldn't resolve the package 'exochess_mobile' in 'package:exochess_mobile/src/model/common/perf.dart'.
Error: Couldn't resolve the package 'exochess_mobile' in 'package:exochess_mobile/src/model/puzzle/puzzle.dart'.
Error: Couldn't resolve the package 'exochess_mobile' in 'package:exochess_mobile/src/model/puzzle/puzzle_angle.dart'.
Error: Couldn't resolve the package 'exochess_mobile' in 'package:exochess_mobile/src/model/puzzle/puzzle_batch_storage.dart'.
Error: Couldn't resolve the package 'exochess_mobile' in 'package:exochess_mobile/src/model/puzzle/puzzle_theme.dart'.
test/model/puzzle/puzzle_batch_storage_test.dart:6:8: Error: Not found: 'package:exochess_mobile/src/db/database.dart'
import 'package:exochess_mobile/src/db/database.dart';
       ^
test/model/puzzle/puzzle_batch_storage_test.dart:7:8: Error: Not found: 'package:exochess_mobile/src/model/common/id.dart'
import 'package:exochess_mobile/src/model/common/id.dart';
       ^
test/model/puzzle/puzzle_batch_storage_test.dart:8:8: Error: Not found: 'package:exochess_mobile/src/model/common/perf.dart'
import 'package:exochess_mobile/src/model/common/perf.dart';
       ^
test/model/puzzle/puzzle_batch_storage_test.dart:9:8: Error: Not found: 'package:exochess_mobile/src/model/puzzle/puzzle.dart'
import 'package:exochess_mobile/src/model/puzzle/puzzle.dart';
       ^
test/model/puzzle/puzzle_batch_storage_test.dart:10:8: Error: Not found: 'package:exochess_mobile/src/model/puzzle/puzzle_angle.dart'
import 'package:exochess_mobile/src/model/puzzle/puzzle_angle.dart';
       ^
test/model/puzzle/puzzle_batch_storage_test.dart:11:8: Error: Not found: 'package:exochess_mobile/src/model/puzzle/puzzle_batch_storage.dart'
import 'package:exochess_mobile/src/model/puzzle/puzzle_batch_storage.dart';
       ^
test/model/puzzle/puzzle_batch_storage_test.dart:12:8: Error: Not found: 'package:exochess_mobile/src/model/puzzle/puzzle_theme.dart'
import 'package:exochess_mobile/src/model/puzzle/puzzle_theme.dart';
       ^
Error: Couldn't resolve the package 'exochess_mobile' in 'package:exochess_mobile/src/constants.dart'.
test/test_container.dart:9:8: Error: Not found: 'package:exochess_mobile/src/db/database.dart'
import 'package:exochess_mobile/src/db/database.dart';
       ^
Error: Couldn't resolve the package 'exochess_mobile' in 'package:exochess_mobile/src/model/auth/auth_controller.dart'.
Error: Couldn't resolve the package 'exochess_mobile' in 'package:exochess_mobile/src/model/common/preloaded_data.dart'.
Error: Couldn't resolve the package 'exochess_mobile' in 'package:exochess_mobile/src/model/common/service/sound_service.dart'.
Error: Couldn't resolve the package 'exochess_mobile' in 'package:exochess_mobile/src/model/engine/nnue_service.dart'.
Error: Couldn't resolve the package 'exochess_mobile' in 'package:exochess_mobile/src/model/notifications/notification_service.dart'.
Error: Couldn't resolve the package 'exochess_mobile' in 'package:exochess_mobile/src/network/connectivity.dart'.
Error: Couldn't resolve the package 'exochess_mobile' in 'package:exochess_mobile/src/network/http.dart'.
Error: Couldn't resolve the package 'exochess_mobile' in 'package:exochess_mobile/src/network/socket.dart'.
test/test_container.dart:8:8: Error: Not found: 'package:exochess_mobile/src/constants.dart'
import 'package:exochess_mobile/src/constants.dart';
       ^
test/test_container.dart:10:8: Error: Not found: 'package:exochess_mobile/src/model/auth/auth_controller.dart'
import 'package:exochess_mobile/src/model/auth/auth_controller.dart';
       ^
test/test_container.dart:11:8: Error: Not found: 'package:exochess_mobile/src/model/common/preloaded_data.dart'
import 'package:exochess_mobile/src/model/common/preloaded_data.dart';
       ^
test/test_container.dart:12:8: Error: Not found: 'package:exochess_mobile/src/model/common/service/sound_service.dart'
import 'package:exochess_mobile/src/model/common/service/sound_service.dart';
       ^
test/test_container.dart:13:8: Error: Not found: 'package:exochess_mobile/src/model/engine/nnue_service.dart'
import 'package:exochess_mobile/src/model/engine/nnue_service.dart';
       ^
test/test_container.dart:14:8: Error: Not found: 'package:exochess_mobile/src/model/notifications/notification_service.dart'
import 'package:exochess_mobile/src/model/notifications/notification_service.dart';
       ^
test/test_container.dart:15:8: Error: Not found: 'package:exochess_mobile/src/network/connectivity.dart'
import 'package:exochess_mobile/src/network/connectivity.dart';
       ^
test/test_container.dart:16:8: Error: Not found: 'package:exochess_mobile/src/network/http.dart'
import 'package:exochess_mobile/src/network/http.dart';
       ^
test/test_container.dart:17:8: Error: Not found: 'package:exochess_mobile/src/network/socket.dart'
import 'package:exochess_mobile/src/network/socket.dart';
       ^
Error: Couldn't resolve the package 'exochess_mobile' in 'package:exochess_mobile/src/model/common/chess.dart'.
test/model/common/service/fake_sound_service.dart:2:8: Error: Not found: 'package:exochess_mobile/src/model/common/service/sound_service.dart'
import 'package:exochess_mobile/src/model/common/service/sound_service.dart';
       ^
Error: Couldn't resolve the package 'exochess_mobile' in 'package:exochess_mobile/src/model/settings/general_preferences.dart'.
Error: Couldn't resolve the package 'exochess_mobile' in 'package:exochess_mobile/src/binding.dart'.
test/model/engine/fake_nnue_service.dart:4:8: Error: Not found: 'package:exochess_mobile/src/model/engine/nnue_service.dart'
import 'package:exochess_mobile/src/model/engine/nnue_service.dart';
       ^
test/network/fake_http_client_factory.dart:2:8: Error: Not found: 'package:exochess_mobile/src/network/http.dart'
import 'package:exochess_mobile/src/network/http.dart';
       ^
test/network/fake_websocket_channel.dart:6:8: Error: Not found: 'package:exochess_mobile/src/network/socket.dart'
import 'package:exochess_mobile/src/network/socket.dart';
       ^
test/model/common/service/fake_sound_service.dart:1:8: Error: Not found: 'package:exochess_mobile/src/model/common/chess.dart'
import 'package:exochess_mobile/src/model/common/chess.dart';
       ^
test/model/common/service/fake_sound_service.dart:3:8: Error: Not found: 'package:exochess_mobile/src/model/settings/general_preferences.dart'
import 'package:exochess_mobile/src/model/settings/general_preferences.dart';
       ^
test/binding.dart:4:8: Error: Not found: 'package:exochess_mobile/src/binding.dart'
import 'package:exochess_mobile/src/binding.dart';
       ^
test/test_container.dart:49:3: Error: Type 'AuthUser' not found.
  AuthUser? authUser,
  ^^^^^^^^
test/model/common/service/fake_sound_service.dart:5:35: Error: Type 'SoundService' not found.
class FakeSoundService implements SoundService {
                                  ^^^^^^^^^^^^
test/model/common/service/fake_sound_service.dart:7:21: Error: Type 'Sound' not found.
  Future<void> play(Sound sound, {double? volume}) async {}
                    ^^^^^
test/model/common/service/fake_sound_service.dart:10:33: Error: Type 'Variant' not found.
  Future<void> playCaptureSound(Variant variant, {double? volume}) async {}
                                ^^^^^^^
test/model/common/service/fake_sound_service.dart:13:28: Error: Type 'SoundTheme' not found.
  Future<void> changeTheme(SoundTheme theme, {bool playSound = false}) async {}
                           ^^^^^^^^^^
test/binding.dart:14:35: Error: Type 'ExoChessBinding' not found.
class TestExoChessBinding extends ExoChessBinding {
                                  ^^^^^^^^^^^^^^^
test/model/engine/fake_nnue_service.dart:13:34: Error: Type 'NnueService' not found.
class FakeNnueService implements NnueService {
                                 ^^^^^^^^^^^
test/model/engine/fake_nnue_service.dart:25:3: Error: Type 'NNUEFiles' not found.
  NNUEFiles get nnueFiles {
  ^^^^^^^^^
test/model/engine/fake_nnue_service.dart:56:45: Error: Type 'NnueService' not found.
class FakeNnueServiceUnavailable implements NnueService {
                                            ^^^^^^^^^^^
test/model/engine/fake_nnue_service.dart:68:3: Error: Type 'NNUEFiles' not found.
  NNUEFiles get nnueFiles {
  ^^^^^^^^^
test/network/fake_http_client_factory.dart:4:40: Error: Type 'HttpClientFactory' not found.
class FakeHttpClientFactory implements HttpClientFactory {
                                       ^^^^^^^^^^^^^^^^^
test/network/fake_websocket_channel.dart:24:56: Error: Type 'WebSocketChannelFactory' not found.
class ListenableFakeWebSocketChannelFactory implements WebSocketChannelFactory {
                                                       ^^^^^^^^^^^^^^^^^^^^^^^
test/network/fake_websocket_channel.dart:65:46: Error: Type 'WebSocketChannelFactory' not found.
class FakeWebSocketChannelFactory implements WebSocketChannelFactory {
                                             ^^^^^^^^^^^^^^^^^^^^^^^
test/model/puzzle/puzzle_batch_storage_test.dart:116:24: Error: Method not found: 'PuzzleId'.
    PuzzleSolution(id: PuzzleId('pId'), win: true, rated: true),
                       ^^^^^^^^
test/model/puzzle/puzzle_batch_storage_test.dart:116:5: Error: Method not found: 'PuzzleSolution'.
    PuzzleSolution(id: PuzzleId('pId'), win: true, rated: true),
    ^^^^^^^^^^^^^^
test/model/puzzle/puzzle_batch_storage_test.dart:117:24: Error: Method not found: 'PuzzleId'.
    PuzzleSolution(id: PuzzleId('pId2'), win: false, rated: true),
                       ^^^^^^^^
test/model/puzzle/puzzle_batch_storage_test.dart:117:5: Error: Method not found: 'PuzzleSolution'.
    PuzzleSolution(id: PuzzleId('pId2'), win: false, rated: true),
    ^^^^^^^^^^^^^^
test/model/puzzle/puzzle_batch_storage_test.dart:122:19: Error: Couldn't find constructor 'PuzzleId'.
        id: const PuzzleId('pId3'),
                  ^^^^^^^^
test/model/puzzle/puzzle_batch_storage_test.dart:121:15: Error: Method not found: 'PuzzleData'.
      puzzle: PuzzleData(
              ^^^^^^^^^^
test/model/puzzle/puzzle_batch_storage_test.dart:130:13: Error: Method not found: 'GameId'.
        id: GameId('PrlkCqOv'),
            ^^^^^^
test/model/puzzle/puzzle_batch_storage_test.dart:131:15: Error: Undefined name 'Perf'.
        perf: Perf.blitz,
              ^^^^
test/model/puzzle/puzzle_batch_storage_test.dart:133:16: Error: Method not found: 'PuzzleGamePlayer'.
        white: PuzzleGamePlayer(side: Side.white, name: 'user1'),
               ^^^^^^^^^^^^^^^^
test/model/puzzle/puzzle_batch_storage_test.dart:134:16: Error: Method not found: 'PuzzleGamePlayer'.
        black: PuzzleGamePlayer(side: Side.black, name: 'user2'),
               ^^^^^^^^^^^^^^^^
test/model/puzzle/puzzle_batch_storage_test.dart:129:19: Error: Couldn't find constructor 'PuzzleGame'.
      game: const PuzzleGame(
                  ^^^^^^^^^^
test/model/puzzle/puzzle_batch_storage_test.dart:120:5: Error: Method not found: 'Puzzle'.
    Puzzle(
    ^^^^^^
test/model/puzzle/puzzle_batch_storage_test.dart:114:14: Error: Method not found: 'PuzzleBatch'.
final data = PuzzleBatch(
             ^^^^^^^^^^^
test/model/puzzle/puzzle_batch_storage_test.dart:22:44: Error: Undefined name 'puzzleBatchStorageProvider'.
      final storage = await container.read(puzzleBatchStorageProvider.future);
                                           ^^^^^^^^^^^^^^^^^^^^^^^^^^
test/model/puzzle/puzzle_batch_storage_test.dart:24:65: Error: Undefined name 'PuzzleThemeKey'.
      await storage.save(userId: null, angle: const PuzzleTheme(PuzzleThemeKey.mix), data: data);
                                                                ^^^^^^^^^^^^^^
test/model/puzzle/puzzle_batch_storage_test.dart:24:53: Error: Couldn't find constructor 'PuzzleTheme'.
      await storage.save(userId: null, angle: const PuzzleTheme(PuzzleThemeKey.mix), data: data);
                                                    ^^^^^^^^^^^
test/model/puzzle/puzzle_batch_storage_test.dart:27:62: Error: Undefined name 'PuzzleThemeKey'.
        storage.fetch(userId: null, angle: const PuzzleTheme(PuzzleThemeKey.mix)),
                                                             ^^^^^^^^^^^^^^
test/model/puzzle/puzzle_batch_storage_test.dart:27:50: Error: Couldn't find constructor 'PuzzleTheme'.
        storage.fetch(userId: null, angle: const PuzzleTheme(PuzzleThemeKey.mix)),
                                                 ^^^^^^^^^^^
test/model/puzzle/puzzle_batch_storage_test.dart:35:44: Error: Undefined name 'puzzleBatchStorageProvider'.
      final storage = await container.read(puzzleBatchStorageProvider.future);
                                           ^^^^^^^^^^^^^^^^^^^^^^^^^^
test/model/puzzle/puzzle_batch_storage_test.dart:37:65: Error: Undefined name 'PuzzleThemeKey'.
      await storage.save(userId: null, angle: const PuzzleTheme(PuzzleThemeKey.mix), data: data);
                                                                ^^^^^^^^^^^^^^
test/model/puzzle/puzzle_batch_storage_test.dart:37:53: Error: Couldn't find constructor 'PuzzleTheme'.
      await storage.save(userId: null, angle: const PuzzleTheme(PuzzleThemeKey.mix), data: data);
                                                    ^^^^^^^^^^^
test/model/puzzle/puzzle_batch_storage_test.dart:40:34: Error: Undefined name 'PuzzleThemeKey'.
        angle: const PuzzleTheme(PuzzleThemeKey.rookEndgame),
                                 ^^^^^^^^^^^^^^
test/model/puzzle/puzzle_batch_storage_test.dart:40:22: Error: Couldn't find constructor 'PuzzleTheme'.
        angle: const PuzzleTheme(PuzzleThemeKey.rookEndgame),
                     ^^^^^^^^^^^
test/model/puzzle/puzzle_batch_storage_test.dart:45:34: Error: Undefined name 'PuzzleThemeKey'.
        angle: const PuzzleTheme(PuzzleThemeKey.doubleBishopMate),
                                 ^^^^^^^^^^^^^^
test/model/puzzle/puzzle_batch_storage_test.dart:45:22: Error: Couldn't find constructor 'PuzzleTheme'.
        angle: const PuzzleTheme(PuzzleThemeKey.doubleBishopMate),
                     ^^^^^^^^^^^
test/model/puzzle/puzzle_batch_storage_test.dart:54:15: Error: Undefined name 'PuzzleThemeKey'.
              PuzzleThemeKey.mix: 1,
              ^^^^^^^^^^^^^^
test/model/puzzle/puzzle_batch_storage_test.dart:55:15: Error: Undefined name 'PuzzleThemeKey'.
              PuzzleThemeKey.rookEndgame: 1,
              ^^^^^^^^^^^^^^
test/model/puzzle/puzzle_batch_storage_test.dart:56:15: Error: Undefined name 'PuzzleThemeKey'.
              PuzzleThemeKey.doubleBishopMate: 1,
              ^^^^^^^^^^^^^^
test/model/puzzle/puzzle_batch_storage_test.dart:66:44: Error: Undefined name 'puzzleBatchStorageProvider'.
      final storage = await container.read(puzzleBatchStorageProvider.future);
                                           ^^^^^^^^^^^^^^^^^^^^^^^^^^
test/model/puzzle/puzzle_batch_storage_test.dart:68:53: Error: Couldn't find constructor 'PuzzleOpening'.
      await storage.save(userId: null, angle: const PuzzleOpening('test_opening'), data: data);
                                                    ^^^^^^^^^^^^^
test/model/puzzle/puzzle_batch_storage_test.dart:69:53: Error: Couldn't find constructor 'PuzzleOpening'.
      await storage.save(userId: null, angle: const PuzzleOpening('test_opening2'), data: data);
                                                    ^^^^^^^^^^^^^
test/model/puzzle/puzzle_batch_storage_test.dart:80:45: Error: Undefined name 'databaseProvider'.
      final database = await container.read(databaseProvider.future);
                                            ^^^^^^^^^^^^^^^^
test/model/puzzle/puzzle_batch_storage_test.dart:81:44: Error: Undefined name 'puzzleBatchStorageProvider'.
      final storage = await container.read(puzzleBatchStorageProvider.future);
                                           ^^^^^^^^^^^^^^^^^^^^^^^^^^
test/model/puzzle/puzzle_batch_storage_test.dart:83:25: Error: 'PuzzleAngle' isn't a type.
      Future<void> save(PuzzleAngle angle, PuzzleBatch data, String timestamp) {
                        ^^^^^^^^^^^
test/model/puzzle/puzzle_batch_storage_test.dart:83:44: Error: 'PuzzleBatch' isn't a type.
      Future<void> save(PuzzleAngle angle, PuzzleBatch data, String timestamp) {
                                           ^^^^^^^^^^^
test/model/puzzle/puzzle_batch_storage_test.dart:92:36: Error: Undefined name 'PuzzleThemeKey'.
      await save(const PuzzleTheme(PuzzleThemeKey.rookEndgame), data, '2021-01-02T00:00:00Z');
                                   ^^^^^^^^^^^^^^
test/model/puzzle/puzzle_batch_storage_test.dart:92:24: Error: Couldn't find constructor 'PuzzleTheme'.
      await save(const PuzzleTheme(PuzzleThemeKey.rookEndgame), data, '2021-01-02T00:00:00Z');
                       ^^^^^^^^^^^
test/model/puzzle/puzzle_batch_storage_test.dart:93:36: Error: Undefined name 'PuzzleThemeKey'.
      await save(const PuzzleTheme(PuzzleThemeKey.doubleBishopMate), data, '2021-01-03T00:00:00Z');
                                   ^^^^^^^^^^^^^^
test/model/puzzle/puzzle_batch_storage_test.dart:93:24: Error: Couldn't find constructor 'PuzzleTheme'.
      await save(const PuzzleTheme(PuzzleThemeKey.doubleBishopMate), data, '2021-01-03T00:00:00Z');
                       ^^^^^^^^^^^
test/model/puzzle/puzzle_batch_storage_test.dart:94:24: Error: Couldn't find constructor 'PuzzleOpening'.
      await save(const PuzzleOpening('test_opening'), data, '2021-01-04T00:00:00Z');
                       ^^^^^^^^^^^^^
test/model/puzzle/puzzle_batch_storage_test.dart:95:24: Error: Couldn't find constructor 'PuzzleOpening'.
      await save(const PuzzleOpening('test_opening2'), data, '2021-01-04T80:00:00Z');
                       ^^^^^^^^^^^^^
test/model/puzzle/puzzle_batch_storage_test.dart:102:21: Error: Couldn't find constructor 'PuzzleOpening'.
              const PuzzleOpening('test_opening2'),
                    ^^^^^^^^^^^^^
test/model/puzzle/puzzle_batch_storage_test.dart:103:21: Error: Couldn't find constructor 'PuzzleOpening'.
              const PuzzleOpening('test_opening'),
                    ^^^^^^^^^^^^^
test/model/puzzle/puzzle_batch_storage_test.dart:104:33: Error: Undefined name 'PuzzleThemeKey'.
              const PuzzleTheme(PuzzleThemeKey.doubleBishopMate),
                                ^^^^^^^^^^^^^^
test/model/puzzle/puzzle_batch_storage_test.dart:104:21: Error: Couldn't find constructor 'PuzzleTheme'.
              const PuzzleTheme(PuzzleThemeKey.doubleBishopMate),
                    ^^^^^^^^^^^
test/model/puzzle/puzzle_batch_storage_test.dart:105:33: Error: Undefined name 'PuzzleThemeKey'.
              const PuzzleTheme(PuzzleThemeKey.rookEndgame),
                                ^^^^^^^^^^^^^^
test/model/puzzle/puzzle_batch_storage_test.dart:105:21: Error: Couldn't find constructor 'PuzzleTheme'.
              const PuzzleTheme(PuzzleThemeKey.rookEndgame),
                    ^^^^^^^^^^^
test/model/puzzle/puzzle_batch_storage_test.dart:24:21: Error: The method 'save' isn't defined for the type 'Object?'.
 - 'Object' is from 'dart:core'.
Try correcting the name to the name of an existing method, or defining a method named 'save'.
      await storage.save(userId: null, angle: const PuzzleTheme(PuzzleThemeKey.mix), data: data);
                    ^^^^
test/model/puzzle/puzzle_batch_storage_test.dart:27:17: Error: The method 'fetch' isn't defined for the type 'Object?'.
 - 'Object' is from 'dart:core'.
Try correcting the name to the name of an existing method, or defining a method named 'fetch'.
        storage.fetch(userId: null, angle: const PuzzleTheme(PuzzleThemeKey.mix)),
                ^^^^^
test/model/puzzle/puzzle_batch_storage_test.dart:37:21: Error: The method 'save' isn't defined for the type 'Object?'.
 - 'Object' is from 'dart:core'.
Try correcting the name to the name of an existing method, or defining a method named 'save'.
      await storage.save(userId: null, angle: const PuzzleTheme(PuzzleThemeKey.mix), data: data);
                    ^^^^
test/model/puzzle/puzzle_batch_storage_test.dart:38:21: Error: The method 'save' isn't defined for the type 'Object?'.
 - 'Object' is from 'dart:core'.
Try correcting the name to the name of an existing method, or defining a method named 'save'.
      await storage.save(
                    ^^^^
test/model/puzzle/puzzle_batch_storage_test.dart:43:21: Error: The method 'save' isn't defined for the type 'Object?'.
 - 'Object' is from 'dart:core'.
Try correcting the name to the name of an existing method, or defining a method named 'save'.
      await storage.save(
                    ^^^^
test/model/puzzle/puzzle_batch_storage_test.dart:50:17: Error: The method 'fetchSavedThemes' isn't defined for the type 'Object?'.
 - 'Object' is from 'dart:core'.
Try correcting the name to the name of an existing method, or defining a method named 'fetchSavedThemes'.
        storage.fetchSavedThemes(userId: null),
                ^^^^^^^^^^^^^^^^
test/model/puzzle/puzzle_batch_storage_test.dart:68:21: Error: The method 'save' isn't defined for the type 'Object?'.
 - 'Object' is from 'dart:core'.
Try correcting the name to the name of an existing method, or defining a method named 'save'.
      await storage.save(userId: null, angle: const PuzzleOpening('test_opening'), data: data);
                    ^^^^
test/model/puzzle/puzzle_batch_storage_test.dart:69:21: Error: The method 'save' isn't defined for the type 'Object?'.
 - 'Object' is from 'dart:core'.
Try correcting the name to the name of an existing method, or defining a method named 'save'.
      await storage.save(userId: null, angle: const PuzzleOpening('test_opening2'), data: data);
                    ^^^^
test/model/puzzle/puzzle_batch_storage_test.dart:72:17: Error: The method 'fetchSavedOpenings' isn't defined for the type 'Object?'.
 - 'Object' is from 'dart:core'.
Try correcting the name to the name of an existing method, or defining a method named 'fetchSavedOpenings'.
        storage.fetchSavedOpenings(userId: null),
                ^^^^^^^^^^^^^^^^^^
test/model/puzzle/puzzle_batch_storage_test.dart:84:25: Error: The method 'insert' isn't defined for the type 'Object?'.
 - 'Object' is from 'dart:core'.
Try correcting the name to the name of an existing method, or defining a method named 'insert'.
        return database.insert('puzzle_batchs', {
                        ^^^^^^
test/model/puzzle/puzzle_batch_storage_test.dart:98:17: Error: The method 'fetchAll' isn't defined for the type 'Object?'.
 - 'Object' is from 'dart:core'.
Try correcting the name to the name of an existing method, or defining a method named 'fetchAll'.
        storage.fetchAll(userId: null),
                ^^^^^^^^
test/test_container.dart:39:34: Error: Undefined name 'httpClientFactoryProvider'.
      httpClientFactoryProvider: httpClientFactoryProvider.overrideWith((ref) {
                                 ^^^^^^^^^^^^^^^^^^^^^^^^^
test/test_container.dart:39:7: Error: Undefined name 'httpClientFactoryProvider'.
      httpClientFactoryProvider: httpClientFactoryProvider.overrideWith((ref) {
      ^^^^^^^^^^^^^^^^^^^^^^^^^
test/test_container.dart:49:3: Error: 'AuthUser' isn't a type.
  AuthUser? authUser,
  ^^^^^^^^
test/test_container.dart:53:46: Error: Undefined name 'kSRIStorageKey'.
  FlutterSecureStorage.setMockInitialValues({kSRIStorageKey: 'test'});
                                             ^^^^^^^^^^^^^^
test/test_container.dart:56:26: Error: Undefined name 'nnueServiceProvider'.
    nnueServiceProvider: nnueServiceProvider.overrideWithValue(FakeNnueService()),
                         ^^^^^^^^^^^^^^^^^^^
test/test_container.dart:56:5: Error: Undefined name 'nnueServiceProvider'.
    nnueServiceProvider: nnueServiceProvider.overrideWithValue(FakeNnueService()),
    ^^^^^^^^^^^^^^^^^^^
test/test_container.dart:57:33: Error: Undefined name 'connectivityPluginProvider'.
    connectivityPluginProvider: connectivityPluginProvider.overrideWith((_) {
                                ^^^^^^^^^^^^^^^^^^^^^^^^^^
test/test_container.dart:57:5: Error: Undefined name 'connectivityPluginProvider'.
    connectivityPluginProvider: connectivityPluginProvider.overrideWith((_) {
    ^^^^^^^^^^^^^^^^^^^^^^^^^^
test/test_container.dart:60:34: Error: Undefined name 'notificationDisplayProvider'.
    notificationDisplayProvider: notificationDisplayProvider.overrideWith((ref) {
                                 ^^^^^^^^^^^^^^^^^^^^^^^^^^^
test/test_container.dart:60:5: Error: Undefined name 'notificationDisplayProvider'.
    notificationDisplayProvider: notificationDisplayProvider.overrideWith((ref) {
    ^^^^^^^^^^^^^^^^^^^^^^^^^^^
test/test_container.dart:64:24: Error: Method not found: 'openAppDatabase'.
      final db = await openAppDatabase(databaseFactoryFfi, inMemoryDatabasePath);
                       ^^^^^^^^^^^^^^^
test/test_container.dart:63:23: Error: Undefined name 'databaseProvider'.
    databaseProvider: databaseProvider.overrideWith((ref) async {
                      ^^^^^^^^^^^^^^^^
test/test_container.dart:63:5: Error: Undefined name 'databaseProvider'.
    databaseProvider: databaseProvider.overrideWith((ref) async {
    ^^^^^^^^^^^^^^^^
test/test_container.dart:68:38: Error: Undefined name 'webSocketChannelFactoryProvider'.
    webSocketChannelFactoryProvider: webSocketChannelFactoryProvider.overrideWith((ref) {
                                     ^^^^^^^^^^^^^^^^^^^^^^^^^^^^^^^
test/test_container.dart:68:5: Error: Undefined name 'webSocketChannelFactoryProvider'.
    webSocketChannelFactoryProvider: webSocketChannelFactoryProvider.overrideWith((ref) {
    ^^^^^^^^^^^^^^^^^^^^^^^^^^^^^^^
test/test_container.dart:72:20: Error: Method not found: 'SocketPool'.
      final pool = SocketPool(ref);
                   ^^^^^^^^^^
test/test_container.dart:71:25: Error: Undefined name 'socketPoolProvider'.
    socketPoolProvider: socketPoolProvider.overrideWith((ref) {
                        ^^^^^^^^^^^^^^^^^^
test/test_container.dart:71:5: Error: Undefined name 'socketPoolProvider'.
    socketPoolProvider: socketPoolProvider.overrideWith((ref) {
    ^^^^^^^^^^^^^^^^^^
test/test_container.dart:76:32: Error: Undefined name 'httpClientFactoryProvider'.
    httpClientFactoryProvider: httpClientFactoryProvider.overrideWith((ref) {
                               ^^^^^^^^^^^^^^^^^^^^^^^^^
test/test_container.dart:76:5: Error: Undefined name 'httpClientFactoryProvider'.
    httpClientFactoryProvider: httpClientFactoryProvider.overrideWith((ref) {
    ^^^^^^^^^^^^^^^^^^^^^^^^^
test/test_container.dart:79:27: Error: Undefined name 'soundServiceProvider'.
    soundServiceProvider: soundServiceProvider.overrideWithValue(FakeSoundService()),
                          ^^^^^^^^^^^^^^^^^^^^
test/test_container.dart:79:5: Error: Undefined name 'soundServiceProvider'.
    soundServiceProvider: soundServiceProvider.overrideWithValue(FakeSoundService()),
    ^^^^^^^^^^^^^^^^^^^^
test/test_container.dart:80:28: Error: Undefined name 'preloadedDataProvider'.
    preloadedDataProvider: preloadedDataProvider.overrideWith((ref) {
                           ^^^^^^^^^^^^^^^^^^^^^
test/test_container.dart:80:5: Error: Undefined name 'preloadedDataProvider'.
    preloadedDataProvider: preloadedDataProvider.overrideWith((ref) {
    ^^^^^^^^^^^^^^^^^^^^^
test/model/common/service/fake_sound_service.dart:7:21: Error: 'Sound' isn't a type.
  Future<void> play(Sound sound, {double? volume}) async {}
                    ^^^^^
test/model/common/service/fake_sound_service.dart:10:33: Error: 'Variant' isn't a type.
  Future<void> playCaptureSound(Variant variant, {double? volume}) async {}
                                ^^^^^^^
test/model/common/service/fake_sound_service.dart:13:28: Error: 'SoundTheme' isn't a type.
  Future<void> changeTheme(SoundTheme theme, {bool playSound = false}) async {}
                           ^^^^^^^^^^
test/binding.dart:37:46: Error: Undefined name 'ExoChessBinding'.
  static TestExoChessBinding get instance => ExoChessBinding.checkInstance(_instance);
                                             ^^^^^^^^^^^^^^^
test/binding.dart:42:11: Error: Superclass has no method named 'initInstance'.
    super.initInstance();
          ^^^^^^^^^^^^
00:00 +0 -10: loading /home/flcsezz/mobile/test/model/puzzle/puzzle_batch_storage_test.dart [E]
  Failed to load "/home/flcsezz/mobile/test/model/puzzle/puzzle_batch_storage_test.dart":
  Compilation failed for testPath=/home/flcsezz/mobile/test/model/puzzle/puzzle_batch_storage_test.dart: Error: Couldn't resolve the package 'exochess_mobile' in 'package:exochess_mobile/src/db/database.dart'.
  Error: Couldn't resolve the package 'exochess_mobile' in 'package:exochess_mobile/src/model/common/id.dart'.
  Error: Couldn't resolve the package 'exochess_mobile' in 'package:exochess_mobile/src/model/common/perf.dart'.
  Error: Couldn't resolve the package 'exochess_mobile' in 'package:exochess_mobile/src/model/puzzle/puzzle.dart'.
  Error: Couldn't resolve the package 'exochess_mobile' in 'package:exochess_mobile/src/model/puzzle/puzzle_angle.dart'.
  Error: Couldn't resolve the package 'exochess_mobile' in 'package:exochess_mobile/src/model/puzzle/puzzle_batch_storage.dart'.
  Error: Couldn't resolve the package 'exochess_mobile' in 'package:exochess_mobile/src/model/puzzle/puzzle_theme.dart'.
  test/model/puzzle/puzzle_batch_storage_test.dart:6:8: Error: Not found: 'package:exochess_mobile/src/db/database.dart'
  import 'package:exochess_mobile/src/db/database.dart';
         ^
  test/model/puzzle/puzzle_batch_storage_test.dart:7:8: Error: Not found: 'package:exochess_mobile/src/model/common/id.dart'
  import 'package:exochess_mobile/src/model/common/id.dart';
         ^
  test/model/puzzle/puzzle_batch_storage_test.dart:8:8: Error: Not found: 'package:exochess_mobile/src/model/common/perf.dart'
  import 'package:exochess_mobile/src/model/common/perf.dart';
         ^
  test/model/puzzle/puzzle_batch_storage_test.dart:9:8: Error: Not found: 'package:exochess_mobile/src/model/puzzle/puzzle.dart'
  import 'package:exochess_mobile/src/model/puzzle/puzzle.dart';
         ^
  test/model/puzzle/puzzle_batch_storage_test.dart:10:8: Error: Not found: 'package:exochess_mobile/src/model/puzzle/puzzle_angle.dart'
  import 'package:exochess_mobile/src/model/puzzle/puzzle_angle.dart';
         ^
  test/model/puzzle/puzzle_batch_storage_test.dart:11:8: Error: Not found: 'package:exochess_mobile/src/model/puzzle/puzzle_batch_storage.dart'
  import 'package:exochess_mobile/src/model/puzzle/puzzle_batch_storage.dart';
         ^
  test/model/puzzle/puzzle_batch_storage_test.dart:12:8: Error: Not found: 'package:exochess_mobile/src/model/puzzle/puzzle_theme.dart'
  import 'package:exochess_mobile/src/model/puzzle/puzzle_theme.dart';
         ^
  Error: Couldn't resolve the package 'exochess_mobile' in 'package:exochess_mobile/src/constants.dart'.
  test/test_container.dart:9:8: Error: Not found: 'package:exochess_mobile/src/db/database.dart'
  import 'package:exochess_mobile/src/db/database.dart';
         ^
  Error: Couldn't resolve the package 'exochess_mobile' in 'package:exochess_mobile/src/model/auth/auth_controller.dart'.
  Error: Couldn't resolve the package 'exochess_mobile' in 'package:exochess_mobile/src/model/common/preloaded_data.dart'.
  Error: Couldn't resolve the package 'exochess_mobile' in 'package:exochess_mobile/src/model/common/service/sound_service.dart'.
  Error: Couldn't resolve the package 'exochess_mobile' in 'package:exochess_mobile/src/model/engine/nnue_service.dart'.
  Error: Couldn't resolve the package 'exochess_mobile' in 'package:exochess_mobile/src/model/notifications/notification_service.dart'.
  Error: Couldn't resolve the package 'exochess_mobile' in 'package:exochess_mobile/src/network/connectivity.dart'.
  Error: Couldn't resolve the package 'exochess_mobile' in 'package:exochess_mobile/src/network/http.dart'.
  Error: Couldn't resolve the package 'exochess_mobile' in 'package:exochess_mobile/src/network/socket.dart'.
  test/test_container.dart:8:8: Error: Not found: 'package:exochess_mobile/src/constants.dart'
  import 'package:exochess_mobile/src/constants.dart';
         ^
  test/test_container.dart:10:8: Error: Not found: 'package:exochess_mobile/src/model/auth/auth_controller.dart'
  import 'package:exochess_mobile/src/model/auth/auth_controller.dart';
         ^
  test/test_container.dart:11:8: Error: Not found: 'package:exochess_mobile/src/model/common/preloaded_data.dart'
  import 'package:exochess_mobile/src/model/common/preloaded_data.dart';
         ^
  test/test_container.dart:12:8: Error: Not found: 'package:exochess_mobile/src/model/common/service/sound_service.dart'
  import 'package:exochess_mobile/src/model/common/service/sound_service.dart';
         ^
  test/test_container.dart:13:8: Error: Not found: 'package:exochess_mobile/src/model/engine/nnue_service.dart'
  import 'package:exochess_mobile/src/model/engine/nnue_service.dart';
         ^
  test/test_container.dart:14:8: Error: Not found: 'package:exochess_mobile/src/model/notifications/notification_service.dart'
  import 'package:exochess_mobile/src/model/notifications/notification_service.dart';
         ^
  test/test_container.dart:15:8: Error: Not found: 'package:exochess_mobile/src/network/connectivity.dart'
  import 'package:exochess_mobile/src/network/connectivity.dart';
         ^
  test/test_container.dart:16:8: Error: Not found: 'package:exochess_mobile/src/network/http.dart'
  import 'package:exochess_mobile/src/network/http.dart';
         ^
  test/test_container.dart:17:8: Error: Not found: 'package:exochess_mobile/src/network/socket.dart'
  import 'package:exochess_mobile/src/network/socket.dart';
         ^
  Error: Couldn't resolve the package 'exochess_mobile' in 'package:exochess_mobile/src/model/common/chess.dart'.
  test/model/common/service/fake_sound_service.dart:2:8: Error: Not found: 'package:exochess_mobile/src/model/common/service/sound_service.dart'
  import 'package:exochess_mobile/src/model/common/service/sound_service.dart';
         ^
  Error: Couldn't resolve the package 'exochess_mobile' in 'package:exochess_mobile/src/model/settings/general_preferences.dart'.
  Error: Couldn't resolve the package 'exochess_mobile' in 'package:exochess_mobile/src/binding.dart'.
  test/model/engine/fake_nnue_service.dart:4:8: Error: Not found: 'package:exochess_mobile/src/model/engine/nnue_service.dart'
  import 'package:exochess_mobile/src/model/engine/nnue_service.dart';
         ^
  test/network/fake_http_client_factory.dart:2:8: Error: Not found: 'package:exochess_mobile/src/network/http.dart'
  import 'package:exochess_mobile/src/network/http.dart';
         ^
  test/network/fake_websocket_channel.dart:6:8: Error: Not found: 'package:exochess_mobile/src/network/socket.dart'
  import 'package:exochess_mobile/src/network/socket.dart';
         ^
  test/model/common/service/fake_sound_service.dart:1:8: Error: Not found: 'package:exochess_mobile/src/model/common/chess.dart'
  import 'package:exochess_mobile/src/model/common/chess.dart';
         ^
  test/model/common/service/fake_sound_service.dart:3:8: Error: Not found: 'package:exochess_mobile/src/model/settings/general_preferences.dart'
  import 'package:exochess_mobile/src/model/settings/general_preferences.dart';
         ^
  test/binding.dart:4:8: Error: Not found: 'package:exochess_mobile/src/binding.dart'
  import 'package:exochess_mobile/src/binding.dart';
         ^
  test/test_container.dart:49:3: Error: Type 'AuthUser' not found.
    AuthUser? authUser,
    ^^^^^^^^
  test/model/common/service/fake_sound_service.dart:5:35: Error: Type 'SoundService' not found.
  class FakeSoundService implements SoundService {
                                    ^^^^^^^^^^^^
  test/model/common/service/fake_sound_service.dart:7:21: Error: Type 'Sound' not found.
    Future<void> play(Sound sound, {double? volume}) async {}
                      ^^^^^
  test/model/common/service/fake_sound_service.dart:10:33: Error: Type 'Variant' not found.
    Future<void> playCaptureSound(Variant variant, {double? volume}) async {}
                                  ^^^^^^^
  test/model/common/service/fake_sound_service.dart:13:28: Error: Type 'SoundTheme' not found.
    Future<void> changeTheme(SoundTheme theme, {bool playSound = false}) async {}
                             ^^^^^^^^^^
  test/binding.dart:14:35: Error: Type 'ExoChessBinding' not found.
  class TestExoChessBinding extends ExoChessBinding {
                                    ^^^^^^^^^^^^^^^
  test/model/engine/fake_nnue_service.dart:13:34: Error: Type 'NnueService' not found.
  class FakeNnueService implements NnueService {
                                   ^^^^^^^^^^^
  test/model/engine/fake_nnue_service.dart:25:3: Error: Type 'NNUEFiles' not found.
    NNUEFiles get nnueFiles {
    ^^^^^^^^^
  test/model/engine/fake_nnue_service.dart:56:45: Error: Type 'NnueService' not found.
  class FakeNnueServiceUnavailable implements NnueService {
                                              ^^^^^^^^^^^
  test/model/engine/fake_nnue_service.dart:68:3: Error: Type 'NNUEFiles' not found.
    NNUEFiles get nnueFiles {
    ^^^^^^^^^
  test/network/fake_http_client_factory.dart:4:40: Error: Type 'HttpClientFactory' not found.
  class FakeHttpClientFactory implements HttpClientFactory {
                                         ^^^^^^^^^^^^^^^^^
  test/network/fake_websocket_channel.dart:24:56: Error: Type 'WebSocketChannelFactory' not found.
  class ListenableFakeWebSocketChannelFactory implements WebSocketChannelFactory {
                                                         ^^^^^^^^^^^^^^^^^^^^^^^
  test/network/fake_websocket_channel.dart:65:46: Error: Type 'WebSocketChannelFactory' not found.
  class FakeWebSocketChannelFactory implements WebSocketChannelFactory {
                                               ^^^^^^^^^^^^^^^^^^^^^^^
  test/model/puzzle/puzzle_batch_storage_test.dart:116:24: Error: Method not found: 'PuzzleId'.
      PuzzleSolution(id: PuzzleId('pId'), win: true, rated: true),
                         ^^^^^^^^
  test/model/puzzle/puzzle_batch_storage_test.dart:116:5: Error: Method not found: 'PuzzleSolution'.
      PuzzleSolution(id: PuzzleId('pId'), win: true, rated: true),
      ^^^^^^^^^^^^^^
  test/model/puzzle/puzzle_batch_storage_test.dart:117:24: Error: Method not found: 'PuzzleId'.
      PuzzleSolution(id: PuzzleId('pId2'), win: false, rated: true),
                         ^^^^^^^^
  test/model/puzzle/puzzle_batch_storage_test.dart:117:5: Error: Method not found: 'PuzzleSolution'.
      PuzzleSolution(id: PuzzleId('pId2'), win: false, rated: true),
      ^^^^^^^^^^^^^^
  test/model/puzzle/puzzle_batch_storage_test.dart:122:19: Error: Couldn't find constructor 'PuzzleId'.
          id: const PuzzleId('pId3'),
                    ^^^^^^^^
  test/model/puzzle/puzzle_batch_storage_test.dart:121:15: Error: Method not found: 'PuzzleData'.
        puzzle: PuzzleData(
                ^^^^^^^^^^
  test/model/puzzle/puzzle_batch_storage_test.dart:130:13: Error: Method not found: 'GameId'.
          id: GameId('PrlkCqOv'),
              ^^^^^^
  test/model/puzzle/puzzle_batch_storage_test.dart:131:15: Error: Undefined name 'Perf'.
          perf: Perf.blitz,
                ^^^^
  test/model/puzzle/puzzle_batch_storage_test.dart:133:16: Error: Method not found: 'PuzzleGamePlayer'.
          white: PuzzleGamePlayer(side: Side.white, name: 'user1'),
                 ^^^^^^^^^^^^^^^^
  test/model/puzzle/puzzle_batch_storage_test.dart:134:16: Error: Method not found: 'PuzzleGamePlayer'.
          black: PuzzleGamePlayer(side: Side.black, name: 'user2'),
                 ^^^^^^^^^^^^^^^^
  test/model/puzzle/puzzle_batch_storage_test.dart:129:19: Error: Couldn't find constructor 'PuzzleGame'.
        game: const PuzzleGame(
                    ^^^^^^^^^^
  test/model/puzzle/puzzle_batch_storage_test.dart:120:5: Error: Method not found: 'Puzzle'.
      Puzzle(
      ^^^^^^
  test/model/puzzle/puzzle_batch_storage_test.dart:114:14: Error: Method not found: 'PuzzleBatch'.
  final data = PuzzleBatch(
               ^^^^^^^^^^^
  test/model/puzzle/puzzle_batch_storage_test.dart:22:44: Error: Undefined name 'puzzleBatchStorageProvider'.
        final storage = await container.read(puzzleBatchStorageProvider.future);
                                             ^^^^^^^^^^^^^^^^^^^^^^^^^^
  test/model/puzzle/puzzle_batch_storage_test.dart:24:65: Error: Undefined name 'PuzzleThemeKey'.
        await storage.save(userId: null, angle: const PuzzleTheme(PuzzleThemeKey.mix), data: data);
                                                                  ^^^^^^^^^^^^^^
  test/model/puzzle/puzzle_batch_storage_test.dart:24:53: Error: Couldn't find constructor 'PuzzleTheme'.
        await storage.save(userId: null, angle: const PuzzleTheme(PuzzleThemeKey.mix), data: data);
                                                      ^^^^^^^^^^^
  test/model/puzzle/puzzle_batch_storage_test.dart:27:62: Error: Undefined name 'PuzzleThemeKey'.
          storage.fetch(userId: null, angle: const PuzzleTheme(PuzzleThemeKey.mix)),
                                                               ^^^^^^^^^^^^^^
  test/model/puzzle/puzzle_batch_storage_test.dart:27:50: Error: Couldn't find constructor 'PuzzleTheme'.
          storage.fetch(userId: null, angle: const PuzzleTheme(PuzzleThemeKey.mix)),
                                                   ^^^^^^^^^^^
  test/model/puzzle/puzzle_batch_storage_test.dart:35:44: Error: Undefined name 'puzzleBatchStorageProvider'.
        final storage = await container.read(puzzleBatchStorageProvider.future);
                                             ^^^^^^^^^^^^^^^^^^^^^^^^^^
  test/model/puzzle/puzzle_batch_storage_test.dart:37:65: Error: Undefined name 'PuzzleThemeKey'.
        await storage.save(userId: null, angle: const PuzzleTheme(PuzzleThemeKey.mix), data: data);
                                                                  ^^^^^^^^^^^^^^
  test/model/puzzle/puzzle_batch_storage_test.dart:37:53: Error: Couldn't find constructor 'PuzzleTheme'.
        await storage.save(userId: null, angle: const PuzzleTheme(PuzzleThemeKey.mix), data: data);
                                                      ^^^^^^^^^^^
  test/model/puzzle/puzzle_batch_storage_test.dart:40:34: Error: Undefined name 'PuzzleThemeKey'.
          angle: const PuzzleTheme(PuzzleThemeKey.rookEndgame),
                                   ^^^^^^^^^^^^^^
  test/model/puzzle/puzzle_batch_storage_test.dart:40:22: Error: Couldn't find constructor 'PuzzleTheme'.
          angle: const PuzzleTheme(PuzzleThemeKey.rookEndgame),
                       ^^^^^^^^^^^
  test/model/puzzle/puzzle_batch_storage_test.dart:45:34: Error: Undefined name 'PuzzleThemeKey'.
          angle: const PuzzleTheme(PuzzleThemeKey.doubleBishopMate),
                                   ^^^^^^^^^^^^^^
  test/model/puzzle/puzzle_batch_storage_test.dart:45:22: Error: Couldn't find constructor 'PuzzleTheme'.
          angle: const PuzzleTheme(PuzzleThemeKey.doubleBishopMate),
                       ^^^^^^^^^^^
  test/model/puzzle/puzzle_batch_storage_test.dart:54:15: Error: Undefined name 'PuzzleThemeKey'.
                PuzzleThemeKey.mix: 1,
                ^^^^^^^^^^^^^^
  test/model/puzzle/puzzle_batch_storage_test.dart:55:15: Error: Undefined name 'PuzzleThemeKey'.
                PuzzleThemeKey.rookEndgame: 1,
                ^^^^^^^^^^^^^^
  test/model/puzzle/puzzle_batch_storage_test.dart:56:15: Error: Undefined name 'PuzzleThemeKey'.
                PuzzleThemeKey.doubleBishopMate: 1,
                ^^^^^^^^^^^^^^
  test/model/puzzle/puzzle_batch_storage_test.dart:66:44: Error: Undefined name 'puzzleBatchStorageProvider'.
        final storage = await container.read(puzzleBatchStorageProvider.future);
                                             ^^^^^^^^^^^^^^^^^^^^^^^^^^
  test/model/puzzle/puzzle_batch_storage_test.dart:68:53: Error: Couldn't find constructor 'PuzzleOpening'.
        await storage.save(userId: null, angle: const PuzzleOpening('test_opening'), data: data);
                                                      ^^^^^^^^^^^^^
  test/model/puzzle/puzzle_batch_storage_test.dart:69:53: Error: Couldn't find constructor 'PuzzleOpening'.
        await storage.save(userId: null, angle: const PuzzleOpening('test_opening2'), data: data);
                                                      ^^^^^^^^^^^^^
  test/model/puzzle/puzzle_batch_storage_test.dart:80:45: Error: Undefined name 'databaseProvider'.
        final database = await container.read(databaseProvider.future);
                                              ^^^^^^^^^^^^^^^^
  test/model/puzzle/puzzle_batch_storage_test.dart:81:44: Error: Undefined name 'puzzleBatchStorageProvider'.
        final storage = await container.read(puzzleBatchStorageProvider.future);
                                             ^^^^^^^^^^^^^^^^^^^^^^^^^^
  test/model/puzzle/puzzle_batch_storage_test.dart:83:25: Error: 'PuzzleAngle' isn't a type.
        Future<void> save(PuzzleAngle angle, PuzzleBatch data, String timestamp) {
                          ^^^^^^^^^^^
  test/model/puzzle/puzzle_batch_storage_test.dart:83:44: Error: 'PuzzleBatch' isn't a type.
        Future<void> save(PuzzleAngle angle, PuzzleBatch data, String timestamp) {
                                             ^^^^^^^^^^^
  test/model/puzzle/puzzle_batch_storage_test.dart:92:36: Error: Undefined name 'PuzzleThemeKey'.
        await save(const PuzzleTheme(PuzzleThemeKey.rookEndgame), data, '2021-01-02T00:00:00Z');
                                     ^^^^^^^^^^^^^^
  test/model/puzzle/puzzle_batch_storage_test.dart:92:24: Error: Couldn't find constructor 'PuzzleTheme'.
        await save(const PuzzleTheme(PuzzleThemeKey.rookEndgame), data, '2021-01-02T00:00:00Z');
                         ^^^^^^^^^^^
  test/model/puzzle/puzzle_batch_storage_test.dart:93:36: Error: Undefined name 'PuzzleThemeKey'.
        await save(const PuzzleTheme(PuzzleThemeKey.doubleBishopMate), data, '2021-01-03T00:00:00Z');
                                     ^^^^^^^^^^^^^^
  test/model/puzzle/puzzle_batch_storage_test.dart:93:24: Error: Couldn't find constructor 'PuzzleTheme'.
        await save(const PuzzleTheme(PuzzleThemeKey.doubleBishopMate), data, '2021-01-03T00:00:00Z');
                         ^^^^^^^^^^^
  test/model/puzzle/puzzle_batch_storage_test.dart:94:24: Error: Couldn't find constructor 'PuzzleOpening'.
        await save(const PuzzleOpening('test_opening'), data, '2021-01-04T00:00:00Z');
                         ^^^^^^^^^^^^^
  test/model/puzzle/puzzle_batch_storage_test.dart:95:24: Error: Couldn't find constructor 'PuzzleOpening'.
        await save(const PuzzleOpening('test_opening2'), data, '2021-01-04T80:00:00Z');
                         ^^^^^^^^^^^^^
  test/model/puzzle/puzzle_batch_storage_test.dart:102:21: Error: Couldn't find constructor 'PuzzleOpening'.
                const PuzzleOpening('test_opening2'),
                      ^^^^^^^^^^^^^
  test/model/puzzle/puzzle_batch_storage_test.dart:103:21: Error: Couldn't find constructor 'PuzzleOpening'.
                const PuzzleOpening('test_opening'),
                      ^^^^^^^^^^^^^
  test/model/puzzle/puzzle_batch_storage_test.dart:104:33: Error: Undefined name 'PuzzleThemeKey'.
                const PuzzleTheme(PuzzleThemeKey.doubleBishopMate),
                                  ^^^^^^^^^^^^^^
  test/model/puzzle/puzzle_batch_storage_test.dart:104:21: Error: Couldn't find constructor 'PuzzleTheme'.
                const PuzzleTheme(PuzzleThemeKey.doubleBishopMate),
                      ^^^^^^^^^^^
  test/model/puzzle/puzzle_batch_storage_test.dart:105:33: Error: Undefined name 'PuzzleThemeKey'.
                const PuzzleTheme(PuzzleThemeKey.rookEndgame),
                                  ^^^^^^^^^^^^^^
  test/model/puzzle/puzzle_batch_storage_test.dart:105:21: Error: Couldn't find constructor 'PuzzleTheme'.
                const PuzzleTheme(PuzzleThemeKey.rookEndgame),
                      ^^^^^^^^^^^
  test/model/puzzle/puzzle_batch_storage_test.dart:24:21: Error: The method 'save' isn't defined for the type 'Object?'.
   - 'Object' is from 'dart:core'.
  Try correcting the name to the name of an existing method, or defining a method named 'save'.
        await storage.save(userId: null, angle: const PuzzleTheme(PuzzleThemeKey.mix), data: data);
                      ^^^^
  test/model/puzzle/puzzle_batch_storage_test.dart:27:17: Error: The method 'fetch' isn't defined for the type 'Object?'.
   - 'Object' is from 'dart:core'.
  Try correcting the name to the name of an existing method, or defining a method named 'fetch'.
          storage.fetch(userId: null, angle: const PuzzleTheme(PuzzleThemeKey.mix)),
                  ^^^^^
  test/model/puzzle/puzzle_batch_storage_test.dart:37:21: Error: The method 'save' isn't defined for the type 'Object?'.
   - 'Object' is from 'dart:core'.
  Try correcting the name to the name of an existing method, or defining a method named 'save'.
        await storage.save(userId: null, angle: const PuzzleTheme(PuzzleThemeKey.mix), data: data);
                      ^^^^
  test/model/puzzle/puzzle_batch_storage_test.dart:38:21: Error: The method 'save' isn't defined for the type 'Object?'.
   - 'Object' is from 'dart:core'.
  Try correcting the name to the name of an existing method, or defining a method named 'save'.
        await storage.save(
                      ^^^^
  test/model/puzzle/puzzle_batch_storage_test.dart:43:21: Error: The method 'save' isn't defined for the type 'Object?'.
   - 'Object' is from 'dart:core'.
  Try correcting the name to the name of an existing method, or defining a method named 'save'.
        await storage.save(
                      ^^^^
  test/model/puzzle/puzzle_batch_storage_test.dart:50:17: Error: The method 'fetchSavedThemes' isn't defined for the type 'Object?'.
   - 'Object' is from 'dart:core'.
  Try correcting the name to the name of an existing method, or defining a method named 'fetchSavedThemes'.
          storage.fetchSavedThemes(userId: null),
                  ^^^^^^^^^^^^^^^^
  test/model/puzzle/puzzle_batch_storage_test.dart:68:21: Error: The method 'save' isn't defined for the type 'Object?'.
   - 'Object' is from 'dart:core'.
  Try correcting the name to the name of an existing method, or defining a method named 'save'.
        await storage.save(userId: null, angle: const PuzzleOpening('test_opening'), data: data);
                      ^^^^
  test/model/puzzle/puzzle_batch_storage_test.dart:69:21: Error: The method 'save' isn't defined for the type 'Object?'.
   - 'Object' is from 'dart:core'.
  Try correcting the name to the name of an existing method, or defining a method named 'save'.
        await storage.save(userId: null, angle: const PuzzleOpening('test_opening2'), data: data);
                      ^^^^
  test/model/puzzle/puzzle_batch_storage_test.dart:72:17: Error: The method 'fetchSavedOpenings' isn't defined for the type 'Object?'.
   - 'Object' is from 'dart:core'.
  Try correcting the name to the name of an existing method, or defining a method named 'fetchSavedOpenings'.
          storage.fetchSavedOpenings(userId: null),
                  ^^^^^^^^^^^^^^^^^^
  test/model/puzzle/puzzle_batch_storage_test.dart:84:25: Error: The method 'insert' isn't defined for the type 'Object?'.
   - 'Object' is from 'dart:core'.
  Try correcting the name to the name of an existing method, or defining a method named 'insert'.
          return database.insert('puzzle_batchs', {
                          ^^^^^^
  test/model/puzzle/puzzle_batch_storage_test.dart:98:17: Error: The method 'fetchAll' isn't defined for the type 'Object?'.
   - 'Object' is from 'dart:core'.
  Try correcting the name to the name of an existing method, or defining a method named 'fetchAll'.
          storage.fetchAll(userId: null),
                  ^^^^^^^^
  test/test_container.dart:39:34: Error: Undefined name 'httpClientFactoryProvider'.
        httpClientFactoryProvider: httpClientFactoryProvider.overrideWith((ref) {
                                   ^^^^^^^^^^^^^^^^^^^^^^^^^
  test/test_container.dart:39:7: Error: Undefined name 'httpClientFactoryProvider'.
        httpClientFactoryProvider: httpClientFactoryProvider.overrideWith((ref) {
        ^^^^^^^^^^^^^^^^^^^^^^^^^
  test/test_container.dart:49:3: Error: 'AuthUser' isn't a type.
    AuthUser? authUser,
    ^^^^^^^^
  test/test_container.dart:53:46: Error: Undefined name 'kSRIStorageKey'.
    FlutterSecureStorage.setMockInitialValues({kSRIStorageKey: 'test'});
                                               ^^^^^^^^^^^^^^
  test/test_container.dart:56:26: Error: Undefined name 'nnueServiceProvider'.
      nnueServiceProvider: nnueServiceProvider.overrideWithValue(FakeNnueService()),
                           ^^^^^^^^^^^^^^^^^^^
  test/test_container.dart:56:5: Error: Undefined name 'nnueServiceProvider'.
      nnueServiceProvider: nnueServiceProvider.overrideWithValue(FakeNnueService()),
      ^^^^^^^^^^^^^^^^^^^
  test/test_container.dart:57:33: Error: Undefined name 'connectivityPluginProvider'.
      connectivityPluginProvider: connectivityPluginProvider.overrideWith((_) {
                                  ^^^^^^^^^^^^^^^^^^^^^^^^^^
  test/test_container.dart:57:5: Error: Undefined name 'connectivityPluginProvider'.
      connectivityPluginProvider: connectivityPluginProvider.overrideWith((_) {
      ^^^^^^^^^^^^^^^^^^^^^^^^^^
  test/test_container.dart:60:34: Error: Undefined name 'notificationDisplayProvider'.
      notificationDisplayProvider: notificationDisplayProvider.overrideWith((ref) {
                                   ^^^^^^^^^^^^^^^^^^^^^^^^^^^
  test/test_container.dart:60:5: Error: Undefined name 'notificationDisplayProvider'.
      notificationDisplayProvider: notificationDisplayProvider.overrideWith((ref) {
      ^^^^^^^^^^^^^^^^^^^^^^^^^^^
  test/test_container.dart:64:24: Error: Method not found: 'openAppDatabase'.
        final db = await openAppDatabase(databaseFactoryFfi, inMemoryDatabasePath);
                         ^^^^^^^^^^^^^^^
  test/test_container.dart:63:23: Error: Undefined name 'databaseProvider'.
      databaseProvider: databaseProvider.overrideWith((ref) async {
                        ^^^^^^^^^^^^^^^^
  test/test_container.dart:63:5: Error: Undefined name 'databaseProvider'.
      databaseProvider: databaseProvider.overrideWith((ref) async {
      ^^^^^^^^^^^^^^^^
  test/test_container.dart:68:38: Error: Undefined name 'webSocketChannelFactoryProvider'.
      webSocketChannelFactoryProvider: webSocketChannelFactoryProvider.overrideWith((ref) {
                                       ^^^^^^^^^^^^^^^^^^^^^^^^^^^^^^^
  test/test_container.dart:68:5: Error: Undefined name 'webSocketChannelFactoryProvider'.
      webSocketChannelFactoryProvider: webSocketChannelFactoryProvider.overrideWith((ref) {
      ^^^^^^^^^^^^^^^^^^^^^^^^^^^^^^^
  test/test_container.dart:72:20: Error: Method not found: 'SocketPool'.
        final pool = SocketPool(ref);
                     ^^^^^^^^^^
  test/test_container.dart:71:25: Error: Undefined name 'socketPoolProvider'.
      socketPoolProvider: socketPoolProvider.overrideWith((ref) {
                          ^^^^^^^^^^^^^^^^^^
  test/test_container.dart:71:5: Error: Undefined name 'socketPoolProvider'.
      socketPoolProvider: socketPoolProvider.overrideWith((ref) {
      ^^^^^^^^^^^^^^^^^^
  test/test_container.dart:76:32: Error: Undefined name 'httpClientFactoryProvider'.
      httpClientFactoryProvider: httpClientFactoryProvider.overrideWith((ref) {
                                 ^^^^^^^^^^^^^^^^^^^^^^^^^
  test/test_container.dart:76:5: Error: Undefined name 'httpClientFactoryProvider'.
      httpClientFactoryProvider: httpClientFactoryProvider.overrideWith((ref) {
      ^^^^^^^^^^^^^^^^^^^^^^^^^
  test/test_container.dart:79:27: Error: Undefined name 'soundServiceProvider'.
      soundServiceProvider: soundServiceProvider.overrideWithValue(FakeSoundService()),
                            ^^^^^^^^^^^^^^^^^^^^
  test/test_container.dart:79:5: Error: Undefined name 'soundServiceProvider'.
      soundServiceProvider: soundServiceProvider.overrideWithValue(FakeSoundService()),
      ^^^^^^^^^^^^^^^^^^^^
  test/test_container.dart:80:28: Error: Undefined name 'preloadedDataProvider'.
      preloadedDataProvider: preloadedDataProvider.overrideWith((ref) {
                             ^^^^^^^^^^^^^^^^^^^^^
  test/test_container.dart:80:5: Error: Undefined name 'preloadedDataProvider'.
      preloadedDataProvider: preloadedDataProvider.overrideWith((ref) {
      ^^^^^^^^^^^^^^^^^^^^^
  test/model/common/service/fake_sound_service.dart:7:21: Error: 'Sound' isn't a type.
    Future<void> play(Sound sound, {double? volume}) async {}
                      ^^^^^
  test/model/common/service/fake_sound_service.dart:10:33: Error: 'Variant' isn't a type.
    Future<void> playCaptureSound(Variant variant, {double? volume}) async {}
                                  ^^^^^^^
  test/model/common/service/fake_sound_service.dart:13:28: Error: 'SoundTheme' isn't a type.
    Future<void> changeTheme(SoundTheme theme, {bool playSound = false}) async {}
                             ^^^^^^^^^^
  test/binding.dart:37:46: Error: Undefined name 'ExoChessBinding'.
    static TestExoChessBinding get instance => ExoChessBinding.checkInstance(_instance);
                                               ^^^^^^^^^^^^^^^
  test/binding.dart:42:11: Error: Superclass has no method named 'initInstance'.
      super.initInstance();
            ^^^^^^^^^^^^
  .
00:00 +0 -10: loading /home/flcsezz/mobile/test/network/http_test.dart [E]
  Error: The Dart compiler exited unexpectedly.
  package:flutter_tools/src/base/common.dart 34:3  throwToolExit
  package:flutter_tools/src/compile.dart 939:11    DefaultResidentCompiler._compile.<fn>
  dart:async/zone_root.dart 48:47                  _rootRunUnary
  dart:async/zone.dart 733:19                      _CustomZone.runUnary
  dart:async/future_impl.dart 948:45               Future._propagateToListeners.handleValueCallback
  dart:async/future_impl.dart 977:13               Future._propagateToListeners
  dart:async/future_impl.dart 862:9                Future._propagateToListeners
  dart:async/future_impl.dart 720:5                Future._completeWithValue
  dart:async/future_impl.dart 804:7                Future._asyncCompleteWithValue.<fn>
  dart:async/zone_root.dart 35:13                  _rootRun
  dart:async/zone.dart 726:19                      _CustomZone.run
  dart:async/zone.dart 625:7                       _CustomZone.runGuarded
  dart:async/zone.dart 666:23                      _CustomZone.bindCallbackGuarded.<fn>
  dart:async/schedule_microtask.dart 40:35         _microtaskLoop
  dart:async/schedule_microtask.dart 49:5          _startMicrotaskLoop
  dart:isolate-patch/isolate_patch.dart 127:13     _runPendingImmediateCallback
  dart:isolate-patch/isolate_patch.dart 194:5      _RawReceivePort._handleMessage
  
Error: Couldn't resolve the package 'exochess_mobile' in 'package:exochess_mobile/src/model/relation/relation_repository.dart'.
Error: Couldn't resolve the package 'exochess_mobile' in 'package:exochess_mobile/src/model/user/user.dart'.
Error: Couldn't resolve the package 'exochess_mobile' in 'package:exochess_mobile/src/network/http.dart'.
test/model/relation/relation_repository_test.dart:4:8: Error: Not found: 'package:exochess_mobile/src/model/relation/relation_repository.dart'
import 'package:exochess_mobile/src/model/relation/relation_repository.dart';
       ^
test/model/relation/relation_repository_test.dart:5:8: Error: Not found: 'package:exochess_mobile/src/model/user/user.dart'
import 'package:exochess_mobile/src/model/user/user.dart';
       ^
test/model/relation/relation_repository_test.dart:6:8: Error: Not found: 'package:exochess_mobile/src/network/http.dart'
import 'package:exochess_mobile/src/network/http.dart';
       ^
Error: Couldn't resolve the package 'exochess_mobile' in 'package:exochess_mobile/src/constants.dart'.
Error: Couldn't resolve the package 'exochess_mobile' in 'package:exochess_mobile/src/db/database.dart'.
Error: Couldn't resolve the package 'exochess_mobile' in 'package:exochess_mobile/src/model/auth/auth_controller.dart'.
Error: Couldn't resolve the package 'exochess_mobile' in 'package:exochess_mobile/src/model/common/preloaded_data.dart'.
Error: Couldn't resolve the package 'exochess_mobile' in 'package:exochess_mobile/src/model/common/service/sound_service.dart'.
Error: Couldn't resolve the package 'exochess_mobile' in 'package:exochess_mobile/src/model/engine/nnue_service.dart'.
Error: Couldn't resolve the package 'exochess_mobile' in 'package:exochess_mobile/src/model/notifications/notification_service.dart'.
Error: Couldn't resolve the package 'exochess_mobile' in 'package:exochess_mobile/src/network/connectivity.dart'.
test/test_container.dart:16:8: Error: Not found: 'package:exochess_mobile/src/network/http.dart'
import 'package:exochess_mobile/src/network/http.dart';
       ^
Error: Couldn't resolve the package 'exochess_mobile' in 'package:exochess_mobile/src/network/socket.dart'.
test/test_container.dart:8:8: Error: Not found: 'package:exochess_mobile/src/constants.dart'
import 'package:exochess_mobile/src/constants.dart';
       ^
test/test_container.dart:9:8: Error: Not found: 'package:exochess_mobile/src/db/database.dart'
import 'package:exochess_mobile/src/db/database.dart';
       ^
test/test_container.dart:10:8: Error: Not found: 'package:exochess_mobile/src/model/auth/auth_controller.dart'
import 'package:exochess_mobile/src/model/auth/auth_controller.dart';
       ^
test/test_container.dart:11:8: Error: Not found: 'package:exochess_mobile/src/model/common/preloaded_data.dart'
import 'package:exochess_mobile/src/model/common/preloaded_data.dart';
       ^
test/test_container.dart:12:8: Error: Not found: 'package:exochess_mobile/src/model/common/service/sound_service.dart'
import 'package:exochess_mobile/src/model/common/service/sound_service.dart';
       ^
test/test_container.dart:13:8: Error: Not found: 'package:exochess_mobile/src/model/engine/nnue_service.dart'
import 'package:exochess_mobile/src/model/engine/nnue_service.dart';
       ^
test/test_container.dart:14:8: Error: Not found: 'package:exochess_mobile/src/model/notifications/notification_service.dart'
import 'package:exochess_mobile/src/model/notifications/notification_service.dart';
       ^
test/test_container.dart:15:8: Error: Not found: 'package:exochess_mobile/src/network/connectivity.dart'
import 'package:exochess_mobile/src/network/connectivity.dart';
       ^
test/test_container.dart:17:8: Error: Not found: 'package:exochess_mobile/src/network/socket.dart'
import 'package:exochess_mobile/src/network/socket.dart';
       ^
Error: Couldn't resolve the package 'exochess_mobile' in 'package:exochess_mobile/src/model/common/chess.dart'.
test/model/common/service/fake_sound_service.dart:2:8: Error: Not found: 'package:exochess_mobile/src/model/common/service/sound_service.dart'
import 'package:exochess_mobile/src/model/common/service/sound_service.dart';
       ^
Error: Couldn't resolve the package 'exochess_mobile' in 'package:exochess_mobile/src/model/settings/general_preferences.dart'.
Error: Couldn't resolve the package 'exochess_mobile' in 'package:exochess_mobile/src/binding.dart'.
test/model/engine/fake_nnue_service.dart:4:8: Error: Not found: 'package:exochess_mobile/src/model/engine/nnue_service.dart'
import 'package:exochess_mobile/src/model/engine/nnue_service.dart';
       ^
test/network/fake_http_client_factory.dart:2:8: Error: Not found: 'package:exochess_mobile/src/network/http.dart'
import 'package:exochess_mobile/src/network/http.dart';
       ^
test/network/fake_websocket_channel.dart:6:8: Error: Not found: 'package:exochess_mobile/src/network/socket.dart'
import 'package:exochess_mobile/src/network/socket.dart';
       ^
test/model/common/service/fake_sound_service.dart:1:8: Error: Not found: 'package:exochess_mobile/src/model/common/chess.dart'
import 'package:exochess_mobile/src/model/common/chess.dart';
       ^
test/model/common/service/fake_sound_service.dart:3:8: Error: Not found: 'package:exochess_mobile/src/model/settings/general_preferences.dart'
import 'package:exochess_mobile/src/model/settings/general_preferences.dart';
       ^
test/binding.dart:4:8: Error: Not found: 'package:exochess_mobile/src/binding.dart'
import 'package:exochess_mobile/src/binding.dart';
       ^
test/test_container.dart:49:3: Error: Type 'AuthUser' not found.
  AuthUser? authUser,
  ^^^^^^^^
test/model/common/service/fake_sound_service.dart:5:35: Error: Type 'SoundService' not found.
class FakeSoundService implements SoundService {
                                  ^^^^^^^^^^^^
test/model/common/service/fake_sound_service.dart:7:21: Error: Type 'Sound' not found.
  Future<void> play(Sound sound, {double? volume}) async {}
                    ^^^^^
test/model/common/service/fake_sound_service.dart:10:33: Error: Type 'Variant' not found.
  Future<void> playCaptureSound(Variant variant, {double? volume}) async {}
                                ^^^^^^^
test/model/common/service/fake_sound_service.dart:13:28: Error: Type 'SoundTheme' not found.
  Future<void> changeTheme(SoundTheme theme, {bool playSound = false}) async {}
                           ^^^^^^^^^^
test/binding.dart:14:35: Error: Type 'ExoChessBinding' not found.
class TestExoChessBinding extends ExoChessBinding {
                                  ^^^^^^^^^^^^^^^
test/model/engine/fake_nnue_service.dart:13:34: Error: Type 'NnueService' not found.
class FakeNnueService implements NnueService {
                                 ^^^^^^^^^^^
test/model/engine/fake_nnue_service.dart:25:3: Error: Type 'NNUEFiles' not found.
  NNUEFiles get nnueFiles {
  ^^^^^^^^^
test/model/engine/fake_nnue_service.dart:56:45: Error: Type 'NnueService' not found.
class FakeNnueServiceUnavailable implements NnueService {
                                            ^^^^^^^^^^^
test/model/engine/fake_nnue_service.dart:68:3: Error: Type 'NNUEFiles' not found.
  NNUEFiles get nnueFiles {
  ^^^^^^^^^
test/network/fake_http_client_factory.dart:4:40: Error: Type 'HttpClientFactory' not found.
class FakeHttpClientFactory implements HttpClientFactory {
                                       ^^^^^^^^^^^^^^^^^
test/network/fake_websocket_channel.dart:24:56: Error: Type 'WebSocketChannelFactory' not found.
class ListenableFakeWebSocketChannelFactory implements WebSocketChannelFactory {
                                                       ^^^^^^^^^^^^^^^^^^^^^^^
test/network/fake_websocket_channel.dart:65:46: Error: Type 'WebSocketChannelFactory' not found.
class FakeWebSocketChannelFactory implements WebSocketChannelFactory {
                                             ^^^^^^^^^^^^^^^^^^^^^^^
test/model/relation/relation_repository_test.dart:26:37: Error: Undefined name 'lichessClientProvider'.
      final client = container.read(lichessClientProvider);
                                    ^^^^^^^^^^^^^^^^^^^^^
test/model/relation/relation_repository_test.dart:27:20: Error: Method not found: 'RelationRepository'.
      final repo = RelationRepository(client);
                   ^^^^^^^^^^^^^^^^^^
test/model/relation/relation_repository_test.dart:30:32: Error: 'User' isn't a type.
      expect(result, isA<IList<User>>());
                               ^^^^
test/model/relation/relation_repository_test.dart:45:37: Error: Undefined name 'lichessClientProvider'.
      final client = container.read(lichessClientProvider);
                                    ^^^^^^^^^^^^^^^^^^^^^
test/model/relation/relation_repository_test.dart:46:20: Error: Method not found: 'RelationRepository'.
      final repo = RelationRepository(client);
                   ^^^^^^^^^^^^^^^^^^
test/model/relation/relation_repository_test.dart:49:32: Error: 'User' isn't a type.
      expect(result, isA<IList<User>>());
                               ^^^^
test/test_container.dart:39:34: Error: Undefined name 'httpClientFactoryProvider'.
      httpClientFactoryProvider: httpClientFactoryProvider.overrideWith((ref) {
                                 ^^^^^^^^^^^^^^^^^^^^^^^^^
test/test_container.dart:39:7: Error: Undefined name 'httpClientFactoryProvider'.
      httpClientFactoryProvider: httpClientFactoryProvider.overrideWith((ref) {
      ^^^^^^^^^^^^^^^^^^^^^^^^^
test/test_container.dart:49:3: Error: 'AuthUser' isn't a type.
  AuthUser? authUser,
  ^^^^^^^^
test/test_container.dart:53:46: Error: Undefined name 'kSRIStorageKey'.
  FlutterSecureStorage.setMockInitialValues({kSRIStorageKey: 'test'});
                                             ^^^^^^^^^^^^^^
test/test_container.dart:56:26: Error: Undefined name 'nnueServiceProvider'.
    nnueServiceProvider: nnueServiceProvider.overrideWithValue(FakeNnueService()),
                         ^^^^^^^^^^^^^^^^^^^
test/test_container.dart:56:5: Error: Undefined name 'nnueServiceProvider'.
    nnueServiceProvider: nnueServiceProvider.overrideWithValue(FakeNnueService()),
    ^^^^^^^^^^^^^^^^^^^
test/test_container.dart:57:33: Error: Undefined name 'connectivityPluginProvider'.
    connectivityPluginProvider: connectivityPluginProvider.overrideWith((_) {
                                ^^^^^^^^^^^^^^^^^^^^^^^^^^
test/test_container.dart:57:5: Error: Undefined name 'connectivityPluginProvider'.
    connectivityPluginProvider: connectivityPluginProvider.overrideWith((_) {
    ^^^^^^^^^^^^^^^^^^^^^^^^^^
test/test_container.dart:60:34: Error: Undefined name 'notificationDisplayProvider'.
    notificationDisplayProvider: notificationDisplayProvider.overrideWith((ref) {
                                 ^^^^^^^^^^^^^^^^^^^^^^^^^^^
test/test_container.dart:60:5: Error: Undefined name 'notificationDisplayProvider'.
    notificationDisplayProvider: notificationDisplayProvider.overrideWith((ref) {
    ^^^^^^^^^^^^^^^^^^^^^^^^^^^
test/test_container.dart:64:24: Error: Method not found: 'openAppDatabase'.
      final db = await openAppDatabase(databaseFactoryFfi, inMemoryDatabasePath);
                       ^^^^^^^^^^^^^^^
test/test_container.dart:63:23: Error: Undefined name 'databaseProvider'.
    databaseProvider: databaseProvider.overrideWith((ref) async {
                      ^^^^^^^^^^^^^^^^
test/test_container.dart:63:5: Error: Undefined name 'databaseProvider'.
    databaseProvider: databaseProvider.overrideWith((ref) async {
    ^^^^^^^^^^^^^^^^
test/test_container.dart:68:38: Error: Undefined name 'webSocketChannelFactoryProvider'.
    webSocketChannelFactoryProvider: webSocketChannelFactoryProvider.overrideWith((ref) {
                                     ^^^^^^^^^^^^^^^^^^^^^^^^^^^^^^^
test/test_container.dart:68:5: Error: Undefined name 'webSocketChannelFactoryProvider'.
    webSocketChannelFactoryProvider: webSocketChannelFactoryProvider.overrideWith((ref) {
    ^^^^^^^^^^^^^^^^^^^^^^^^^^^^^^^
test/test_container.dart:72:20: Error: Method not found: 'SocketPool'.
      final pool = SocketPool(ref);
                   ^^^^^^^^^^
test/test_container.dart:71:25: Error: Undefined name 'socketPoolProvider'.
    socketPoolProvider: socketPoolProvider.overrideWith((ref) {
                        ^^^^^^^^^^^^^^^^^^
test/test_container.dart:71:5: Error: Undefined name 'socketPoolProvider'.
    socketPoolProvider: socketPoolProvider.overrideWith((ref) {
    ^^^^^^^^^^^^^^^^^^
test/test_container.dart:76:32: Error: Undefined name 'httpClientFactoryProvider'.
    httpClientFactoryProvider: httpClientFactoryProvider.overrideWith((ref) {
                               ^^^^^^^^^^^^^^^^^^^^^^^^^
test/test_container.dart:76:5: Error: Undefined name 'httpClientFactoryProvider'.
    httpClientFactoryProvider: httpClientFactoryProvider.overrideWith((ref) {
    ^^^^^^^^^^^^^^^^^^^^^^^^^
test/test_container.dart:79:27: Error: Undefined name 'soundServiceProvider'.
    soundServiceProvider: soundServiceProvider.overrideWithValue(FakeSoundService()),
                          ^^^^^^^^^^^^^^^^^^^^
test/test_container.dart:79:5: Error: Undefined name 'soundServiceProvider'.
    soundServiceProvider: soundServiceProvider.overrideWithValue(FakeSoundService()),
    ^^^^^^^^^^^^^^^^^^^^
test/test_container.dart:80:28: Error: Undefined name 'preloadedDataProvider'.
    preloadedDataProvider: preloadedDataProvider.overrideWith((ref) {
                           ^^^^^^^^^^^^^^^^^^^^^
test/test_container.dart:80:5: Error: Undefined name 'preloadedDataProvider'.
    preloadedDataProvider: preloadedDataProvider.overrideWith((ref) {
    ^^^^^^^^^^^^^^^^^^^^^
test/model/common/service/fake_sound_service.dart:7:21: Error: 'Sound' isn't a type.
  Future<void> play(Sound sound, {double? volume}) async {}
                    ^^^^^
test/model/common/service/fake_sound_service.dart:10:33: Error: 'Variant' isn't a type.
  Future<void> playCaptureSound(Variant variant, {double? volume}) async {}
                                ^^^^^^^
test/model/common/service/fake_sound_service.dart:13:28: Error: 'SoundTheme' isn't a type.
  Future<void> changeTheme(SoundTheme theme, {bool playSound = false}) async {}
                           ^^^^^^^^^^
test/binding.dart:37:46: Error: Undefined name 'ExoChessBinding'.
  static TestExoChessBinding get instance => ExoChessBinding.checkInstance(_instance);
                                             ^^^^^^^^^^^^^^^
test/binding.dart:42:11: Error: Superclass has no method named 'initInstance'.
    super.initInstance();
          ^^^^^^^^^^^^
00:00 +0 -11: loading /home/flcsezz/mobile/test/model/relation/relation_repository_test.dart [E]
  Failed to load "/home/flcsezz/mobile/test/model/relation/relation_repository_test.dart":
  Compilation failed for testPath=/home/flcsezz/mobile/test/model/relation/relation_repository_test.dart: Error: Couldn't resolve the package 'exochess_mobile' in 'package:exochess_mobile/src/model/relation/relation_repository.dart'.
  Error: Couldn't resolve the package 'exochess_mobile' in 'package:exochess_mobile/src/model/user/user.dart'.
  Error: Couldn't resolve the package 'exochess_mobile' in 'package:exochess_mobile/src/network/http.dart'.
  test/model/relation/relation_repository_test.dart:4:8: Error: Not found: 'package:exochess_mobile/src/model/relation/relation_repository.dart'
  import 'package:exochess_mobile/src/model/relation/relation_repository.dart';
         ^
  test/model/relation/relation_repository_test.dart:5:8: Error: Not found: 'package:exochess_mobile/src/model/user/user.dart'
  import 'package:exochess_mobile/src/model/user/user.dart';
         ^
  test/model/relation/relation_repository_test.dart:6:8: Error: Not found: 'package:exochess_mobile/src/network/http.dart'
  import 'package:exochess_mobile/src/network/http.dart';
         ^
  Error: Couldn't resolve the package 'exochess_mobile' in 'package:exochess_mobile/src/constants.dart'.
  Error: Couldn't resolve the package 'exochess_mobile' in 'package:exochess_mobile/src/db/database.dart'.
  Error: Couldn't resolve the package 'exochess_mobile' in 'package:exochess_mobile/src/model/auth/auth_controller.dart'.
  Error: Couldn't resolve the package 'exochess_mobile' in 'package:exochess_mobile/src/model/common/preloaded_data.dart'.
  Error: Couldn't resolve the package 'exochess_mobile' in 'package:exochess_mobile/src/model/common/service/sound_service.dart'.
  Error: Couldn't resolve the package 'exochess_mobile' in 'package:exochess_mobile/src/model/engine/nnue_service.dart'.
  Error: Couldn't resolve the package 'exochess_mobile' in 'package:exochess_mobile/src/model/notifications/notification_service.dart'.
  Error: Couldn't resolve the package 'exochess_mobile' in 'package:exochess_mobile/src/network/connectivity.dart'.
  test/test_container.dart:16:8: Error: Not found: 'package:exochess_mobile/src/network/http.dart'
  import 'package:exochess_mobile/src/network/http.dart';
         ^
  Error: Couldn't resolve the package 'exochess_mobile' in 'package:exochess_mobile/src/network/socket.dart'.
  test/test_container.dart:8:8: Error: Not found: 'package:exochess_mobile/src/constants.dart'
  import 'package:exochess_mobile/src/constants.dart';
         ^
  test/test_container.dart:9:8: Error: Not found: 'package:exochess_mobile/src/db/database.dart'
  import 'package:exochess_mobile/src/db/database.dart';
         ^
  test/test_container.dart:10:8: Error: Not found: 'package:exochess_mobile/src/model/auth/auth_controller.dart'
  import 'package:exochess_mobile/src/model/auth/auth_controller.dart';
         ^
  test/test_container.dart:11:8: Error: Not found: 'package:exochess_mobile/src/model/common/preloaded_data.dart'
  import 'package:exochess_mobile/src/model/common/preloaded_data.dart';
         ^
  test/test_container.dart:12:8: Error: Not found: 'package:exochess_mobile/src/model/common/service/sound_service.dart'
  import 'package:exochess_mobile/src/model/common/service/sound_service.dart';
         ^
  test/test_container.dart:13:8: Error: Not found: 'package:exochess_mobile/src/model/engine/nnue_service.dart'
  import 'package:exochess_mobile/src/model/engine/nnue_service.dart';
         ^
  test/test_container.dart:14:8: Error: Not found: 'package:exochess_mobile/src/model/notifications/notification_service.dart'
  import 'package:exochess_mobile/src/model/notifications/notification_service.dart';
         ^
  test/test_container.dart:15:8: Error: Not found: 'package:exochess_mobile/src/network/connectivity.dart'
  import 'package:exochess_mobile/src/network/connectivity.dart';
         ^
  test/test_container.dart:17:8: Error: Not found: 'package:exochess_mobile/src/network/socket.dart'
  import 'package:exochess_mobile/src/network/socket.dart';
         ^
  Error: Couldn't resolve the package 'exochess_mobile' in 'package:exochess_mobile/src/model/common/chess.dart'.
  test/model/common/service/fake_sound_service.dart:2:8: Error: Not found: 'package:exochess_mobile/src/model/common/service/sound_service.dart'
  import 'package:exochess_mobile/src/model/common/service/sound_service.dart';
         ^
  Error: Couldn't resolve the package 'exochess_mobile' in 'package:exochess_mobile/src/model/settings/general_preferences.dart'.
  Error: Couldn't resolve the package 'exochess_mobile' in 'package:exochess_mobile/src/binding.dart'.
  test/model/engine/fake_nnue_service.dart:4:8: Error: Not found: 'package:exochess_mobile/src/model/engine/nnue_service.dart'
  import 'package:exochess_mobile/src/model/engine/nnue_service.dart';
         ^
  test/network/fake_http_client_factory.dart:2:8: Error: Not found: 'package:exochess_mobile/src/network/http.dart'
  import 'package:exochess_mobile/src/network/http.dart';
         ^
  test/network/fake_websocket_channel.dart:6:8: Error: Not found: 'package:exochess_mobile/src/network/socket.dart'
  import 'package:exochess_mobile/src/network/socket.dart';
         ^
  test/model/common/service/fake_sound_service.dart:1:8: Error: Not found: 'package:exochess_mobile/src/model/common/chess.dart'
  import 'package:exochess_mobile/src/model/common/chess.dart';
         ^
  test/model/common/service/fake_sound_service.dart:3:8: Error: Not found: 'package:exochess_mobile/src/model/settings/general_preferences.dart'
  import 'package:exochess_mobile/src/model/settings/general_preferences.dart';
         ^
  test/binding.dart:4:8: Error: Not found: 'package:exochess_mobile/src/binding.dart'
  import 'package:exochess_mobile/src/binding.dart';
         ^
  test/test_container.dart:49:3: Error: Type 'AuthUser' not found.
    AuthUser? authUser,
    ^^^^^^^^
  test/model/common/service/fake_sound_service.dart:5:35: Error: Type 'SoundService' not found.
  class FakeSoundService implements SoundService {
                                    ^^^^^^^^^^^^
  test/model/common/service/fake_sound_service.dart:7:21: Error: Type 'Sound' not found.
    Future<void> play(Sound sound, {double? volume}) async {}
                      ^^^^^
  test/model/common/service/fake_sound_service.dart:10:33: Error: Type 'Variant' not found.
    Future<void> playCaptureSound(Variant variant, {double? volume}) async {}
                                  ^^^^^^^
  test/model/common/service/fake_sound_service.dart:13:28: Error: Type 'SoundTheme' not found.
    Future<void> changeTheme(SoundTheme theme, {bool playSound = false}) async {}
                             ^^^^^^^^^^
  test/binding.dart:14:35: Error: Type 'ExoChessBinding' not found.
  class TestExoChessBinding extends ExoChessBinding {
                                    ^^^^^^^^^^^^^^^
  test/model/engine/fake_nnue_service.dart:13:34: Error: Type 'NnueService' not found.
  class FakeNnueService implements NnueService {
                                   ^^^^^^^^^^^
  test/model/engine/fake_nnue_service.dart:25:3: Error: Type 'NNUEFiles' not found.
    NNUEFiles get nnueFiles {
    ^^^^^^^^^
  test/model/engine/fake_nnue_service.dart:56:45: Error: Type 'NnueService' not found.
  class FakeNnueServiceUnavailable implements NnueService {
                                              ^^^^^^^^^^^
  test/model/engine/fake_nnue_service.dart:68:3: Error: Type 'NNUEFiles' not found.
    NNUEFiles get nnueFiles {
    ^^^^^^^^^
  test/network/fake_http_client_factory.dart:4:40: Error: Type 'HttpClientFactory' not found.
  class FakeHttpClientFactory implements HttpClientFactory {
                                         ^^^^^^^^^^^^^^^^^
  test/network/fake_websocket_channel.dart:24:56: Error: Type 'WebSocketChannelFactory' not found.
  class ListenableFakeWebSocketChannelFactory implements WebSocketChannelFactory {
                                                         ^^^^^^^^^^^^^^^^^^^^^^^
  test/network/fake_websocket_channel.dart:65:46: Error: Type 'WebSocketChannelFactory' not found.
  class FakeWebSocketChannelFactory implements WebSocketChannelFactory {
                                               ^^^^^^^^^^^^^^^^^^^^^^^
  test/model/relation/relation_repository_test.dart:26:37: Error: Undefined name 'lichessClientProvider'.
        final client = container.read(lichessClientProvider);
                                      ^^^^^^^^^^^^^^^^^^^^^
  test/model/relation/relation_repository_test.dart:27:20: Error: Method not found: 'RelationRepository'.
        final repo = RelationRepository(client);
                     ^^^^^^^^^^^^^^^^^^
  test/model/relation/relation_repository_test.dart:30:32: Error: 'User' isn't a type.
        expect(result, isA<IList<User>>());
                                 ^^^^
  test/model/relation/relation_repository_test.dart:45:37: Error: Undefined name 'lichessClientProvider'.
        final client = container.read(lichessClientProvider);
                                      ^^^^^^^^^^^^^^^^^^^^^
  test/model/relation/relation_repository_test.dart:46:20: Error: Method not found: 'RelationRepository'.
        final repo = RelationRepository(client);
                     ^^^^^^^^^^^^^^^^^^
  test/model/relation/relation_repository_test.dart:49:32: Error: 'User' isn't a type.
        expect(result, isA<IList<User>>());
                                 ^^^^
  test/test_container.dart:39:34: Error: Undefined name 'httpClientFactoryProvider'.
        httpClientFactoryProvider: httpClientFactoryProvider.overrideWith((ref) {
                                   ^^^^^^^^^^^^^^^^^^^^^^^^^
  test/test_container.dart:39:7: Error: Undefined name 'httpClientFactoryProvider'.
        httpClientFactoryProvider: httpClientFactoryProvider.overrideWith((ref) {
        ^^^^^^^^^^^^^^^^^^^^^^^^^
  test/test_container.dart:49:3: Error: 'AuthUser' isn't a type.
    AuthUser? authUser,
    ^^^^^^^^
  test/test_container.dart:53:46: Error: Undefined name 'kSRIStorageKey'.
    FlutterSecureStorage.setMockInitialValues({kSRIStorageKey: 'test'});
                                               ^^^^^^^^^^^^^^
  test/test_container.dart:56:26: Error: Undefined name 'nnueServiceProvider'.
      nnueServiceProvider: nnueServiceProvider.overrideWithValue(FakeNnueService()),
                           ^^^^^^^^^^^^^^^^^^^
  test/test_container.dart:56:5: Error: Undefined name 'nnueServiceProvider'.
      nnueServiceProvider: nnueServiceProvider.overrideWithValue(FakeNnueService()),
      ^^^^^^^^^^^^^^^^^^^
  test/test_container.dart:57:33: Error: Undefined name 'connectivityPluginProvider'.
      connectivityPluginProvider: connectivityPluginProvider.overrideWith((_) {
                                  ^^^^^^^^^^^^^^^^^^^^^^^^^^
  test/test_container.dart:57:5: Error: Undefined name 'connectivityPluginProvider'.
      connectivityPluginProvider: connectivityPluginProvider.overrideWith((_) {
      ^^^^^^^^^^^^^^^^^^^^^^^^^^
  test/test_container.dart:60:34: Error: Undefined name 'notificationDisplayProvider'.
      notificationDisplayProvider: notificationDisplayProvider.overrideWith((ref) {
                                   ^^^^^^^^^^^^^^^^^^^^^^^^^^^
  test/test_container.dart:60:5: Error: Undefined name 'notificationDisplayProvider'.
      notificationDisplayProvider: notificationDisplayProvider.overrideWith((ref) {
      ^^^^^^^^^^^^^^^^^^^^^^^^^^^
  test/test_container.dart:64:24: Error: Method not found: 'openAppDatabase'.
        final db = await openAppDatabase(databaseFactoryFfi, inMemoryDatabasePath);
                         ^^^^^^^^^^^^^^^
  test/test_container.dart:63:23: Error: Undefined name 'databaseProvider'.
      databaseProvider: databaseProvider.overrideWith((ref) async {
                        ^^^^^^^^^^^^^^^^
  test/test_container.dart:63:5: Error: Undefined name 'databaseProvider'.
      databaseProvider: databaseProvider.overrideWith((ref) async {
      ^^^^^^^^^^^^^^^^
  test/test_container.dart:68:38: Error: Undefined name 'webSocketChannelFactoryProvider'.
      webSocketChannelFactoryProvider: webSocketChannelFactoryProvider.overrideWith((ref) {
                                       ^^^^^^^^^^^^^^^^^^^^^^^^^^^^^^^
  test/test_container.dart:68:5: Error: Undefined name 'webSocketChannelFactoryProvider'.
      webSocketChannelFactoryProvider: webSocketChannelFactoryProvider.overrideWith((ref) {
      ^^^^^^^^^^^^^^^^^^^^^^^^^^^^^^^
  test/test_container.dart:72:20: Error: Method not found: 'SocketPool'.
        final pool = SocketPool(ref);
                     ^^^^^^^^^^
  test/test_container.dart:71:25: Error: Undefined name 'socketPoolProvider'.
      socketPoolProvider: socketPoolProvider.overrideWith((ref) {
                          ^^^^^^^^^^^^^^^^^^
  test/test_container.dart:71:5: Error: Undefined name 'socketPoolProvider'.
      socketPoolProvider: socketPoolProvider.overrideWith((ref) {
      ^^^^^^^^^^^^^^^^^^
  test/test_container.dart:76:32: Error: Undefined name 'httpClientFactoryProvider'.
      httpClientFactoryProvider: httpClientFactoryProvider.overrideWith((ref) {
                                 ^^^^^^^^^^^^^^^^^^^^^^^^^
  test/test_container.dart:76:5: Error: Undefined name 'httpClientFactoryProvider'.
      httpClientFactoryProvider: httpClientFactoryProvider.overrideWith((ref) {
      ^^^^^^^^^^^^^^^^^^^^^^^^^
  test/test_container.dart:79:27: Error: Undefined name 'soundServiceProvider'.
      soundServiceProvider: soundServiceProvider.overrideWithValue(FakeSoundService()),
                            ^^^^^^^^^^^^^^^^^^^^
  test/test_container.dart:79:5: Error: Undefined name 'soundServiceProvider'.
      soundServiceProvider: soundServiceProvider.overrideWithValue(FakeSoundService()),
      ^^^^^^^^^^^^^^^^^^^^
  test/test_container.dart:80:28: Error: Undefined name 'preloadedDataProvider'.
      preloadedDataProvider: preloadedDataProvider.overrideWith((ref) {
                             ^^^^^^^^^^^^^^^^^^^^^
  test/test_container.dart:80:5: Error: Undefined name 'preloadedDataProvider'.
      preloadedDataProvider: preloadedDataProvider.overrideWith((ref) {
      ^^^^^^^^^^^^^^^^^^^^^
  test/model/common/service/fake_sound_service.dart:7:21: Error: 'Sound' isn't a type.
    Future<void> play(Sound sound, {double? volume}) async {}
                      ^^^^^
  test/model/common/service/fake_sound_service.dart:10:33: Error: 'Variant' isn't a type.
    Future<void> playCaptureSound(Variant variant, {double? volume}) async {}
                                  ^^^^^^^
  test/model/common/service/fake_sound_service.dart:13:28: Error: 'SoundTheme' isn't a type.
    Future<void> changeTheme(SoundTheme theme, {bool playSound = false}) async {}
                             ^^^^^^^^^^
  test/binding.dart:37:46: Error: Undefined name 'ExoChessBinding'.
    static TestExoChessBinding get instance => ExoChessBinding.checkInstance(_instance);
                                               ^^^^^^^^^^^^^^^
  test/binding.dart:42:11: Error: Superclass has no method named 'initInstance'.
      super.initInstance();
            ^^^^^^^^^^^^
  .
00:00 +0 -11: loading /home/flcsezz/mobile/test/network/http_test.dart [E]
  Error: The Dart compiler exited unexpectedly.
  package:flutter_tools/src/base/common.dart 34:3  throwToolExit
  package:flutter_tools/src/compile.dart 939:11    DefaultResidentCompiler._compile.<fn>
  dart:async/zone_root.dart 48:47                  _rootRunUnary
  dart:async/zone.dart 733:19                      _CustomZone.runUnary
  dart:async/future_impl.dart 948:45               Future._propagateToListeners.handleValueCallback
  dart:async/future_impl.dart 977:13               Future._propagateToListeners
  dart:async/future_impl.dart 862:9                Future._propagateToListeners
  dart:async/future_impl.dart 720:5                Future._completeWithValue
  dart:async/future_impl.dart 804:7                Future._asyncCompleteWithValue.<fn>
  dart:async/zone_root.dart 35:13                  _rootRun
  dart:async/zone.dart 726:19                      _CustomZone.run
  dart:async/zone.dart 625:7                       _CustomZone.runGuarded
  dart:async/zone.dart 666:23                      _CustomZone.bindCallbackGuarded.<fn>
  dart:async/schedule_microtask.dart 40:35         _microtaskLoop
  dart:async/schedule_microtask.dart 49:5          _startMicrotaskLoop
  dart:isolate-patch/isolate_patch.dart 127:13     _runPendingImmediateCallback
  dart:isolate-patch/isolate_patch.dart 194:5      _RawReceivePort._handleMessage
  
Error: Couldn't resolve the package 'exochess_mobile' in 'package:exochess_mobile/src/model/common/id.dart'.
Error: Couldn't resolve the package 'exochess_mobile' in 'package:exochess_mobile/src/model/common/perf.dart'.
Error: Couldn't resolve the package 'exochess_mobile' in 'package:exochess_mobile/src/model/user/leaderboard.dart'.
Error: Couldn't resolve the package 'exochess_mobile' in 'package:exochess_mobile/src/model/user/user.dart'.
Error: Couldn't resolve the package 'exochess_mobile' in 'package:exochess_mobile/src/model/user/user_repository.dart'.
test/model/user/user_repository_test.dart:4:8: Error: Not found: 'package:exochess_mobile/src/model/common/id.dart'
import 'package:exochess_mobile/src/model/common/id.dart';
       ^
test/model/user/user_repository_test.dart:5:8: Error: Not found: 'package:exochess_mobile/src/model/common/perf.dart'
import 'package:exochess_mobile/src/model/common/perf.dart';
       ^
test/model/user/user_repository_test.dart:6:8: Error: Not found: 'package:exochess_mobile/src/model/user/leaderboard.dart'
import 'package:exochess_mobile/src/model/user/leaderboard.dart';
       ^
test/model/user/user_repository_test.dart:7:8: Error: Not found: 'package:exochess_mobile/src/model/user/user.dart'
import 'package:exochess_mobile/src/model/user/user.dart';
       ^
test/model/user/user_repository_test.dart:8:8: Error: Not found: 'package:exochess_mobile/src/model/user/user_repository.dart'
import 'package:exochess_mobile/src/model/user/user_repository.dart';
       ^
Error: Couldn't resolve the package 'exochess_mobile' in 'package:exochess_mobile/src/constants.dart'.
Error: Couldn't resolve the package 'exochess_mobile' in 'package:exochess_mobile/src/db/database.dart'.
Error: Couldn't resolve the package 'exochess_mobile' in 'package:exochess_mobile/src/model/auth/auth_controller.dart'.
Error: Couldn't resolve the package 'exochess_mobile' in 'package:exochess_mobile/src/model/common/preloaded_data.dart'.
Error: Couldn't resolve the package 'exochess_mobile' in 'package:exochess_mobile/src/model/common/service/sound_service.dart'.
Error: Couldn't resolve the package 'exochess_mobile' in 'package:exochess_mobile/src/model/engine/nnue_service.dart'.
Error: Couldn't resolve the package 'exochess_mobile' in 'package:exochess_mobile/src/model/notifications/notification_service.dart'.
Error: Couldn't resolve the package 'exochess_mobile' in 'package:exochess_mobile/src/network/connectivity.dart'.
Error: Couldn't resolve the package 'exochess_mobile' in 'package:exochess_mobile/src/network/http.dart'.
Error: Couldn't resolve the package 'exochess_mobile' in 'package:exochess_mobile/src/network/socket.dart'.
test/test_container.dart:8:8: Error: Not found: 'package:exochess_mobile/src/constants.dart'
import 'package:exochess_mobile/src/constants.dart';
       ^
test/test_container.dart:9:8: Error: Not found: 'package:exochess_mobile/src/db/database.dart'
import 'package:exochess_mobile/src/db/database.dart';
       ^
test/test_container.dart:10:8: Error: Not found: 'package:exochess_mobile/src/model/auth/auth_controller.dart'
import 'package:exochess_mobile/src/model/auth/auth_controller.dart';
       ^
test/test_container.dart:11:8: Error: Not found: 'package:exochess_mobile/src/model/common/preloaded_data.dart'
import 'package:exochess_mobile/src/model/common/preloaded_data.dart';
       ^
test/test_container.dart:12:8: Error: Not found: 'package:exochess_mobile/src/model/common/service/sound_service.dart'
import 'package:exochess_mobile/src/model/common/service/sound_service.dart';
       ^
test/test_container.dart:13:8: Error: Not found: 'package:exochess_mobile/src/model/engine/nnue_service.dart'
import 'package:exochess_mobile/src/model/engine/nnue_service.dart';
       ^
test/test_container.dart:14:8: Error: Not found: 'package:exochess_mobile/src/model/notifications/notification_service.dart'
import 'package:exochess_mobile/src/model/notifications/notification_service.dart';
       ^
test/test_container.dart:15:8: Error: Not found: 'package:exochess_mobile/src/network/connectivity.dart'
import 'package:exochess_mobile/src/network/connectivity.dart';
       ^
test/test_container.dart:16:8: Error: Not found: 'package:exochess_mobile/src/network/http.dart'
import 'package:exochess_mobile/src/network/http.dart';
       ^
test/test_container.dart:17:8: Error: Not found: 'package:exochess_mobile/src/network/socket.dart'
import 'package:exochess_mobile/src/network/socket.dart';
       ^
Error: Couldn't resolve the package 'exochess_mobile' in 'package:exochess_mobile/src/model/common/chess.dart'.
test/model/common/service/fake_sound_service.dart:2:8: Error: Not found: 'package:exochess_mobile/src/model/common/service/sound_service.dart'
import 'package:exochess_mobile/src/model/common/service/sound_service.dart';
       ^
Error: Couldn't resolve the package 'exochess_mobile' in 'package:exochess_mobile/src/model/settings/general_preferences.dart'.
Error: Couldn't resolve the package 'exochess_mobile' in 'package:exochess_mobile/src/binding.dart'.
test/model/engine/fake_nnue_service.dart:4:8: Error: Not found: 'package:exochess_mobile/src/model/engine/nnue_service.dart'
import 'package:exochess_mobile/src/model/engine/nnue_service.dart';
       ^
test/network/fake_http_client_factory.dart:2:8: Error: Not found: 'package:exochess_mobile/src/network/http.dart'
import 'package:exochess_mobile/src/network/http.dart';
       ^
test/network/fake_websocket_channel.dart:6:8: Error: Not found: 'package:exochess_mobile/src/network/socket.dart'
import 'package:exochess_mobile/src/network/socket.dart';
       ^
test/model/common/service/fake_sound_service.dart:1:8: Error: Not found: 'package:exochess_mobile/src/model/common/chess.dart'
import 'package:exochess_mobile/src/model/common/chess.dart';
       ^
test/model/common/service/fake_sound_service.dart:3:8: Error: Not found: 'package:exochess_mobile/src/model/settings/general_preferences.dart'
import 'package:exochess_mobile/src/model/settings/general_preferences.dart';
       ^
test/binding.dart:4:8: Error: Not found: 'package:exochess_mobile/src/binding.dart'
import 'package:exochess_mobile/src/binding.dart';
       ^
test/test_container.dart:49:3: Error: Type 'AuthUser' not found.
  AuthUser? authUser,
  ^^^^^^^^
test/model/common/service/fake_sound_service.dart:5:35: Error: Type 'SoundService' not found.
class FakeSoundService implements SoundService {
                                  ^^^^^^^^^^^^
test/model/common/service/fake_sound_service.dart:7:21: Error: Type 'Sound' not found.
  Future<void> play(Sound sound, {double? volume}) async {}
                    ^^^^^
test/model/common/service/fake_sound_service.dart:10:33: Error: Type 'Variant' not found.
  Future<void> playCaptureSound(Variant variant, {double? volume}) async {}
                                ^^^^^^^
test/model/common/service/fake_sound_service.dart:13:28: Error: Type 'SoundTheme' not found.
  Future<void> changeTheme(SoundTheme theme, {bool playSound = false}) async {}
                           ^^^^^^^^^^
test/binding.dart:14:35: Error: Type 'ExoChessBinding' not found.
class TestExoChessBinding extends ExoChessBinding {
                                  ^^^^^^^^^^^^^^^
test/model/engine/fake_nnue_service.dart:13:34: Error: Type 'NnueService' not found.
class FakeNnueService implements NnueService {
                                 ^^^^^^^^^^^
test/model/engine/fake_nnue_service.dart:25:3: Error: Type 'NNUEFiles' not found.
  NNUEFiles get nnueFiles {
  ^^^^^^^^^
test/model/engine/fake_nnue_service.dart:56:45: Error: Type 'NnueService' not found.
class FakeNnueServiceUnavailable implements NnueService {
                                            ^^^^^^^^^^^
test/model/engine/fake_nnue_service.dart:68:3: Error: Type 'NNUEFiles' not found.
  NNUEFiles get nnueFiles {
  ^^^^^^^^^
test/network/fake_http_client_factory.dart:4:40: Error: Type 'HttpClientFactory' not found.
class FakeHttpClientFactory implements HttpClientFactory {
                                       ^^^^^^^^^^^^^^^^^
test/network/fake_websocket_channel.dart:24:56: Error: Type 'WebSocketChannelFactory' not found.
class ListenableFakeWebSocketChannelFactory implements WebSocketChannelFactory {
                                                       ^^^^^^^^^^^^^^^^^^^^^^^
test/network/fake_websocket_channel.dart:65:46: Error: Type 'WebSocketChannelFactory' not found.
class FakeWebSocketChannelFactory implements WebSocketChannelFactory {
                                             ^^^^^^^^^^^^^^^^^^^^^^^
test/model/user/user_repository_test.dart:13:20: Error: Method not found: 'UserId'.
const testUserId = UserId('test');
                   ^^^^^^
test/model/user/user_repository_test.dart:35:35: Error: Undefined name 'userRepositoryProvider'.
      final repo = container.read(userRepositoryProvider);
                                  ^^^^^^^^^^^^^^^^^^^^^^
test/model/user/user_repository_test.dart:39:26: Error: 'User' isn't a type.
      expect(result, isA<User>());
                         ^^^^
test/model/user/user_repository_test.dart:90:35: Error: Undefined name 'userRepositoryProvider'.
      final repo = container.read(userRepositoryProvider);
                                  ^^^^^^^^^^^^^^^^^^^^^^
test/model/user/user_repository_test.dart:94:26: Error: 'User' isn't a type.
      expect(result, isA<User>());
                         ^^^^
test/model/user/user_repository_test.dart:102:22: Error: Undefined name 'Perf'.
    const testPerf = Perf.rapid;
                     ^^^^
test/model/user/user_repository_test.dart:143:35: Error: Undefined name 'userRepositoryProvider'.
      final repo = container.read(userRepositoryProvider);
                                  ^^^^^^^^^^^^^^^^^^^^^^
test/model/user/user_repository_test.dart:147:26: Error: 'UserPerfStats' isn't a type.
      expect(result, isA<UserPerfStats>());
                         ^^^^^^^^^^^^^
test/model/user/user_repository_test.dart:396:35: Error: Undefined name 'userRepositoryProvider'.
      final repo = container.read(userRepositoryProvider);
                                  ^^^^^^^^^^^^^^^^^^^^^^
test/model/user/user_repository_test.dart:400:26: Error: 'UserPerfStats' isn't a type.
      expect(result, isA<UserPerfStats>());
                         ^^^^^^^^^^^^^
test/model/user/user_repository_test.dart:410:31: Error: Method not found: 'UserId'.
      final ids = ISet(const {UserId('maia1'), UserId('maia5'), UserId('maia9')});
                              ^^^^^^
test/model/user/user_repository_test.dart:410:48: Error: Method not found: 'UserId'.
      final ids = ISet(const {UserId('maia1'), UserId('maia5'), UserId('maia9')});
                                               ^^^^^^
test/model/user/user_repository_test.dart:410:65: Error: Method not found: 'UserId'.
      final ids = ISet(const {UserId('maia1'), UserId('maia5'), UserId('maia9')});
                                                                ^^^^^^
test/model/user/user_repository_test.dart:420:35: Error: Undefined name 'userRepositoryProvider'.
      final repo = container.read(userRepositoryProvider);
                                  ^^^^^^^^^^^^^^^^^^^^^^
test/model/user/user_repository_test.dart:423:32: Error: 'UserStatus' isn't a type.
      expect(result, isA<IList<UserStatus>>());
                               ^^^^^^^^^^
test/model/user/user_repository_test.dart:428:31: Error: Method not found: 'UserId'.
      final ids = ISet(const {UserId('maia1'), UserId('maia5'), UserId('maia9')});
                              ^^^^^^
test/model/user/user_repository_test.dart:428:48: Error: Method not found: 'UserId'.
      final ids = ISet(const {UserId('maia1'), UserId('maia5'), UserId('maia9')});
                                               ^^^^^^
test/model/user/user_repository_test.dart:428:65: Error: Method not found: 'UserId'.
      final ids = ISet(const {UserId('maia1'), UserId('maia5'), UserId('maia9')});
                                                                ^^^^^^
test/model/user/user_repository_test.dart:456:35: Error: Undefined name 'userRepositoryProvider'.
      final repo = container.read(userRepositoryProvider);
                                  ^^^^^^^^^^^^^^^^^^^^^^
test/model/user/user_repository_test.dart:459:32: Error: 'UserStatus' isn't a type.
      expect(result, isA<IList<UserStatus>>());
                               ^^^^^^^^^^
test/model/user/user_repository_test.dart:478:35: Error: Undefined name 'userRepositoryProvider'.
      final repo = container.read(userRepositoryProvider);
                                  ^^^^^^^^^^^^^^^^^^^^^^
test/model/user/user_repository_test.dart:482:31: Error: 'Perf' isn't a type.
      expect(result, isA<IMap<Perf, LeaderboardUser>>());
                              ^^^^
test/model/user/user_repository_test.dart:482:37: Error: 'LeaderboardUser' isn't a type.
      expect(result, isA<IMap<Perf, LeaderboardUser>>());
                                    ^^^^^^^^^^^^^^^
test/model/user/user_repository_test.dart:512:35: Error: Undefined name 'userRepositoryProvider'.
      final repo = container.read(userRepositoryProvider);
                                  ^^^^^^^^^^^^^^^^^^^^^^
test/model/user/user_repository_test.dart:516:26: Error: 'Leaderboard' isn't a type.
      expect(result, isA<Leaderboard>());
                         ^^^^^^^^^^^
test/model/user/user_repository_test.dart:530:33: Error: Undefined name 'userRepositoryProvider'.
    final repo = container.read(userRepositoryProvider);
                                ^^^^^^^^^^^^^^^^^^^^^^
test/model/user/user_repository_test.dart:531:49: Error: Couldn't find constructor 'UserId'.
    final result = await repo.getActivity(const UserId('testUser'));
                                                ^^^^^^
test/model/user/user_repository_test.dart:533:30: Error: 'UserActivity' isn't a type.
    expect(result, isA<IList<UserActivity>>());
                             ^^^^^^^^^^^^
test/test_container.dart:39:34: Error: Undefined name 'httpClientFactoryProvider'.
      httpClientFactoryProvider: httpClientFactoryProvider.overrideWith((ref) {
                                 ^^^^^^^^^^^^^^^^^^^^^^^^^
test/test_container.dart:39:7: Error: Undefined name 'httpClientFactoryProvider'.
      httpClientFactoryProvider: httpClientFactoryProvider.overrideWith((ref) {
      ^^^^^^^^^^^^^^^^^^^^^^^^^
test/test_container.dart:49:3: Error: 'AuthUser' isn't a type.
  AuthUser? authUser,
  ^^^^^^^^
test/test_container.dart:53:46: Error: Undefined name 'kSRIStorageKey'.
  FlutterSecureStorage.setMockInitialValues({kSRIStorageKey: 'test'});
                                             ^^^^^^^^^^^^^^
test/test_container.dart:56:26: Error: Undefined name 'nnueServiceProvider'.
    nnueServiceProvider: nnueServiceProvider.overrideWithValue(FakeNnueService()),
                         ^^^^^^^^^^^^^^^^^^^
test/test_container.dart:56:5: Error: Undefined name 'nnueServiceProvider'.
    nnueServiceProvider: nnueServiceProvider.overrideWithValue(FakeNnueService()),
    ^^^^^^^^^^^^^^^^^^^
test/test_container.dart:57:33: Error: Undefined name 'connectivityPluginProvider'.
    connectivityPluginProvider: connectivityPluginProvider.overrideWith((_) {
                                ^^^^^^^^^^^^^^^^^^^^^^^^^^
test/test_container.dart:57:5: Error: Undefined name 'connectivityPluginProvider'.
    connectivityPluginProvider: connectivityPluginProvider.overrideWith((_) {
    ^^^^^^^^^^^^^^^^^^^^^^^^^^
test/test_container.dart:60:34: Error: Undefined name 'notificationDisplayProvider'.
    notificationDisplayProvider: notificationDisplayProvider.overrideWith((ref) {
                                 ^^^^^^^^^^^^^^^^^^^^^^^^^^^
test/test_container.dart:60:5: Error: Undefined name 'notificationDisplayProvider'.
    notificationDisplayProvider: notificationDisplayProvider.overrideWith((ref) {
    ^^^^^^^^^^^^^^^^^^^^^^^^^^^
test/test_container.dart:64:24: Error: Method not found: 'openAppDatabase'.
      final db = await openAppDatabase(databaseFactoryFfi, inMemoryDatabasePath);
                       ^^^^^^^^^^^^^^^
test/test_container.dart:63:23: Error: Undefined name 'databaseProvider'.
    databaseProvider: databaseProvider.overrideWith((ref) async {
                      ^^^^^^^^^^^^^^^^
test/test_container.dart:63:5: Error: Undefined name 'databaseProvider'.
    databaseProvider: databaseProvider.overrideWith((ref) async {
    ^^^^^^^^^^^^^^^^
test/test_container.dart:68:38: Error: Undefined name 'webSocketChannelFactoryProvider'.
    webSocketChannelFactoryProvider: webSocketChannelFactoryProvider.overrideWith((ref) {
                                     ^^^^^^^^^^^^^^^^^^^^^^^^^^^^^^^
test/test_container.dart:68:5: Error: Undefined name 'webSocketChannelFactoryProvider'.
    webSocketChannelFactoryProvider: webSocketChannelFactoryProvider.overrideWith((ref) {
    ^^^^^^^^^^^^^^^^^^^^^^^^^^^^^^^
test/test_container.dart:72:20: Error: Method not found: 'SocketPool'.
      final pool = SocketPool(ref);
                   ^^^^^^^^^^
test/test_container.dart:71:25: Error: Undefined name 'socketPoolProvider'.
    socketPoolProvider: socketPoolProvider.overrideWith((ref) {
                        ^^^^^^^^^^^^^^^^^^
test/test_container.dart:71:5: Error: Undefined name 'socketPoolProvider'.
    socketPoolProvider: socketPoolProvider.overrideWith((ref) {
    ^^^^^^^^^^^^^^^^^^
test/test_container.dart:76:32: Error: Undefined name 'httpClientFactoryProvider'.
    httpClientFactoryProvider: httpClientFactoryProvider.overrideWith((ref) {
                               ^^^^^^^^^^^^^^^^^^^^^^^^^
test/test_container.dart:76:5: Error: Undefined name 'httpClientFactoryProvider'.
    httpClientFactoryProvider: httpClientFactoryProvider.overrideWith((ref) {
    ^^^^^^^^^^^^^^^^^^^^^^^^^
test/test_container.dart:79:27: Error: Undefined name 'soundServiceProvider'.
    soundServiceProvider: soundServiceProvider.overrideWithValue(FakeSoundService()),
                          ^^^^^^^^^^^^^^^^^^^^
test/test_container.dart:79:5: Error: Undefined name 'soundServiceProvider'.
    soundServiceProvider: soundServiceProvider.overrideWithValue(FakeSoundService()),
    ^^^^^^^^^^^^^^^^^^^^
test/test_container.dart:80:28: Error: Undefined name 'preloadedDataProvider'.
    preloadedDataProvider: preloadedDataProvider.overrideWith((ref) {
                           ^^^^^^^^^^^^^^^^^^^^^
test/test_container.dart:80:5: Error: Undefined name 'preloadedDataProvider'.
    preloadedDataProvider: preloadedDataProvider.overrideWith((ref) {
    ^^^^^^^^^^^^^^^^^^^^^
test/model/common/service/fake_sound_service.dart:7:21: Error: 'Sound' isn't a type.
  Future<void> play(Sound sound, {double? volume}) async {}
                    ^^^^^
test/model/common/service/fake_sound_service.dart:10:33: Error: 'Variant' isn't a type.
  Future<void> playCaptureSound(Variant variant, {double? volume}) async {}
                                ^^^^^^^
test/model/common/service/fake_sound_service.dart:13:28: Error: 'SoundTheme' isn't a type.
  Future<void> changeTheme(SoundTheme theme, {bool playSound = false}) async {}
                           ^^^^^^^^^^
test/binding.dart:37:46: Error: Undefined name 'ExoChessBinding'.
  static TestExoChessBinding get instance => ExoChessBinding.checkInstance(_instance);
                                             ^^^^^^^^^^^^^^^
test/binding.dart:42:11: Error: Superclass has no method named 'initInstance'.
    super.initInstance();
          ^^^^^^^^^^^^
00:00 +0 -12: loading /home/flcsezz/mobile/test/model/user/user_repository_test.dart [E]
  Failed to load "/home/flcsezz/mobile/test/model/user/user_repository_test.dart":
  Compilation failed for testPath=/home/flcsezz/mobile/test/model/user/user_repository_test.dart: Error: Couldn't resolve the package 'exochess_mobile' in 'package:exochess_mobile/src/model/common/id.dart'.
  Error: Couldn't resolve the package 'exochess_mobile' in 'package:exochess_mobile/src/model/common/perf.dart'.
  Error: Couldn't resolve the package 'exochess_mobile' in 'package:exochess_mobile/src/model/user/leaderboard.dart'.
  Error: Couldn't resolve the package 'exochess_mobile' in 'package:exochess_mobile/src/model/user/user.dart'.
  Error: Couldn't resolve the package 'exochess_mobile' in 'package:exochess_mobile/src/model/user/user_repository.dart'.
  test/model/user/user_repository_test.dart:4:8: Error: Not found: 'package:exochess_mobile/src/model/common/id.dart'
  import 'package:exochess_mobile/src/model/common/id.dart';
         ^
  test/model/user/user_repository_test.dart:5:8: Error: Not found: 'package:exochess_mobile/src/model/common/perf.dart'
  import 'package:exochess_mobile/src/model/common/perf.dart';
         ^
  test/model/user/user_repository_test.dart:6:8: Error: Not found: 'package:exochess_mobile/src/model/user/leaderboard.dart'
  import 'package:exochess_mobile/src/model/user/leaderboard.dart';
         ^
  test/model/user/user_repository_test.dart:7:8: Error: Not found: 'package:exochess_mobile/src/model/user/user.dart'
  import 'package:exochess_mobile/src/model/user/user.dart';
         ^
  test/model/user/user_repository_test.dart:8:8: Error: Not found: 'package:exochess_mobile/src/model/user/user_repository.dart'
  import 'package:exochess_mobile/src/model/user/user_repository.dart';
         ^
  Error: Couldn't resolve the package 'exochess_mobile' in 'package:exochess_mobile/src/constants.dart'.
  Error: Couldn't resolve the package 'exochess_mobile' in 'package:exochess_mobile/src/db/database.dart'.
  Error: Couldn't resolve the package 'exochess_mobile' in 'package:exochess_mobile/src/model/auth/auth_controller.dart'.
  Error: Couldn't resolve the package 'exochess_mobile' in 'package:exochess_mobile/src/model/common/preloaded_data.dart'.
  Error: Couldn't resolve the package 'exochess_mobile' in 'package:exochess_mobile/src/model/common/service/sound_service.dart'.
  Error: Couldn't resolve the package 'exochess_mobile' in 'package:exochess_mobile/src/model/engine/nnue_service.dart'.
  Error: Couldn't resolve the package 'exochess_mobile' in 'package:exochess_mobile/src/model/notifications/notification_service.dart'.
  Error: Couldn't resolve the package 'exochess_mobile' in 'package:exochess_mobile/src/network/connectivity.dart'.
  Error: Couldn't resolve the package 'exochess_mobile' in 'package:exochess_mobile/src/network/http.dart'.
  Error: Couldn't resolve the package 'exochess_mobile' in 'package:exochess_mobile/src/network/socket.dart'.
  test/test_container.dart:8:8: Error: Not found: 'package:exochess_mobile/src/constants.dart'
  import 'package:exochess_mobile/src/constants.dart';
         ^
  test/test_container.dart:9:8: Error: Not found: 'package:exochess_mobile/src/db/database.dart'
  import 'package:exochess_mobile/src/db/database.dart';
         ^
  test/test_container.dart:10:8: Error: Not found: 'package:exochess_mobile/src/model/auth/auth_controller.dart'
  import 'package:exochess_mobile/src/model/auth/auth_controller.dart';
         ^
  test/test_container.dart:11:8: Error: Not found: 'package:exochess_mobile/src/model/common/preloaded_data.dart'
  import 'package:exochess_mobile/src/model/common/preloaded_data.dart';
         ^
  test/test_container.dart:12:8: Error: Not found: 'package:exochess_mobile/src/model/common/service/sound_service.dart'
  import 'package:exochess_mobile/src/model/common/service/sound_service.dart';
         ^
  test/test_container.dart:13:8: Error: Not found: 'package:exochess_mobile/src/model/engine/nnue_service.dart'
  import 'package:exochess_mobile/src/model/engine/nnue_service.dart';
         ^
  test/test_container.dart:14:8: Error: Not found: 'package:exochess_mobile/src/model/notifications/notification_service.dart'
  import 'package:exochess_mobile/src/model/notifications/notification_service.dart';
         ^
  test/test_container.dart:15:8: Error: Not found: 'package:exochess_mobile/src/network/connectivity.dart'
  import 'package:exochess_mobile/src/network/connectivity.dart';
         ^
  test/test_container.dart:16:8: Error: Not found: 'package:exochess_mobile/src/network/http.dart'
  import 'package:exochess_mobile/src/network/http.dart';
         ^
  test/test_container.dart:17:8: Error: Not found: 'package:exochess_mobile/src/network/socket.dart'
  import 'package:exochess_mobile/src/network/socket.dart';
         ^
  Error: Couldn't resolve the package 'exochess_mobile' in 'package:exochess_mobile/src/model/common/chess.dart'.
  test/model/common/service/fake_sound_service.dart:2:8: Error: Not found: 'package:exochess_mobile/src/model/common/service/sound_service.dart'
  import 'package:exochess_mobile/src/model/common/service/sound_service.dart';
         ^
  Error: Couldn't resolve the package 'exochess_mobile' in 'package:exochess_mobile/src/model/settings/general_preferences.dart'.
  Error: Couldn't resolve the package 'exochess_mobile' in 'package:exochess_mobile/src/binding.dart'.
  test/model/engine/fake_nnue_service.dart:4:8: Error: Not found: 'package:exochess_mobile/src/model/engine/nnue_service.dart'
  import 'package:exochess_mobile/src/model/engine/nnue_service.dart';
         ^
  test/network/fake_http_client_factory.dart:2:8: Error: Not found: 'package:exochess_mobile/src/network/http.dart'
  import 'package:exochess_mobile/src/network/http.dart';
         ^
  test/network/fake_websocket_channel.dart:6:8: Error: Not found: 'package:exochess_mobile/src/network/socket.dart'
  import 'package:exochess_mobile/src/network/socket.dart';
         ^
  test/model/common/service/fake_sound_service.dart:1:8: Error: Not found: 'package:exochess_mobile/src/model/common/chess.dart'
  import 'package:exochess_mobile/src/model/common/chess.dart';
         ^
  test/model/common/service/fake_sound_service.dart:3:8: Error: Not found: 'package:exochess_mobile/src/model/settings/general_preferences.dart'
  import 'package:exochess_mobile/src/model/settings/general_preferences.dart';
         ^
  test/binding.dart:4:8: Error: Not found: 'package:exochess_mobile/src/binding.dart'
  import 'package:exochess_mobile/src/binding.dart';
         ^
  test/test_container.dart:49:3: Error: Type 'AuthUser' not found.
    AuthUser? authUser,
    ^^^^^^^^
  test/model/common/service/fake_sound_service.dart:5:35: Error: Type 'SoundService' not found.
  class FakeSoundService implements SoundService {
                                    ^^^^^^^^^^^^
  test/model/common/service/fake_sound_service.dart:7:21: Error: Type 'Sound' not found.
    Future<void> play(Sound sound, {double? volume}) async {}
                      ^^^^^
  test/model/common/service/fake_sound_service.dart:10:33: Error: Type 'Variant' not found.
    Future<void> playCaptureSound(Variant variant, {double? volume}) async {}
                                  ^^^^^^^
  test/model/common/service/fake_sound_service.dart:13:28: Error: Type 'SoundTheme' not found.
    Future<void> changeTheme(SoundTheme theme, {bool playSound = false}) async {}
                             ^^^^^^^^^^
  test/binding.dart:14:35: Error: Type 'ExoChessBinding' not found.
  class TestExoChessBinding extends ExoChessBinding {
                                    ^^^^^^^^^^^^^^^
  test/model/engine/fake_nnue_service.dart:13:34: Error: Type 'NnueService' not found.
  class FakeNnueService implements NnueService {
                                   ^^^^^^^^^^^
  test/model/engine/fake_nnue_service.dart:25:3: Error: Type 'NNUEFiles' not found.
    NNUEFiles get nnueFiles {
    ^^^^^^^^^
  test/model/engine/fake_nnue_service.dart:56:45: Error: Type 'NnueService' not found.
  class FakeNnueServiceUnavailable implements NnueService {
                                              ^^^^^^^^^^^
  test/model/engine/fake_nnue_service.dart:68:3: Error: Type 'NNUEFiles' not found.
    NNUEFiles get nnueFiles {
    ^^^^^^^^^
  test/network/fake_http_client_factory.dart:4:40: Error: Type 'HttpClientFactory' not found.
  class FakeHttpClientFactory implements HttpClientFactory {
                                         ^^^^^^^^^^^^^^^^^
  test/network/fake_websocket_channel.dart:24:56: Error: Type 'WebSocketChannelFactory' not found.
  class ListenableFakeWebSocketChannelFactory implements WebSocketChannelFactory {
                                                         ^^^^^^^^^^^^^^^^^^^^^^^
  test/network/fake_websocket_channel.dart:65:46: Error: Type 'WebSocketChannelFactory' not found.
  class FakeWebSocketChannelFactory implements WebSocketChannelFactory {
                                               ^^^^^^^^^^^^^^^^^^^^^^^
  test/model/user/user_repository_test.dart:13:20: Error: Method not found: 'UserId'.
  const testUserId = UserId('test');
                     ^^^^^^
  test/model/user/user_repository_test.dart:35:35: Error: Undefined name 'userRepositoryProvider'.
        final repo = container.read(userRepositoryProvider);
                                    ^^^^^^^^^^^^^^^^^^^^^^
  test/model/user/user_repository_test.dart:39:26: Error: 'User' isn't a type.
        expect(result, isA<User>());
                           ^^^^
  test/model/user/user_repository_test.dart:90:35: Error: Undefined name 'userRepositoryProvider'.
        final repo = container.read(userRepositoryProvider);
                                    ^^^^^^^^^^^^^^^^^^^^^^
  test/model/user/user_repository_test.dart:94:26: Error: 'User' isn't a type.
        expect(result, isA<User>());
                           ^^^^
  test/model/user/user_repository_test.dart:102:22: Error: Undefined name 'Perf'.
      const testPerf = Perf.rapid;
                       ^^^^
  test/model/user/user_repository_test.dart:143:35: Error: Undefined name 'userRepositoryProvider'.
        final repo = container.read(userRepositoryProvider);
                                    ^^^^^^^^^^^^^^^^^^^^^^
  test/model/user/user_repository_test.dart:147:26: Error: 'UserPerfStats' isn't a type.
        expect(result, isA<UserPerfStats>());
                           ^^^^^^^^^^^^^
  test/model/user/user_repository_test.dart:396:35: Error: Undefined name 'userRepositoryProvider'.
        final repo = container.read(userRepositoryProvider);
                                    ^^^^^^^^^^^^^^^^^^^^^^
  test/model/user/user_repository_test.dart:400:26: Error: 'UserPerfStats' isn't a type.
        expect(result, isA<UserPerfStats>());
                           ^^^^^^^^^^^^^
  test/model/user/user_repository_test.dart:410:31: Error: Method not found: 'UserId'.
        final ids = ISet(const {UserId('maia1'), UserId('maia5'), UserId('maia9')});
                                ^^^^^^
  test/model/user/user_repository_test.dart:410:48: Error: Method not found: 'UserId'.
        final ids = ISet(const {UserId('maia1'), UserId('maia5'), UserId('maia9')});
                                                 ^^^^^^
  test/model/user/user_repository_test.dart:410:65: Error: Method not found: 'UserId'.
        final ids = ISet(const {UserId('maia1'), UserId('maia5'), UserId('maia9')});
                                                                  ^^^^^^
  test/model/user/user_repository_test.dart:420:35: Error: Undefined name 'userRepositoryProvider'.
        final repo = container.read(userRepositoryProvider);
                                    ^^^^^^^^^^^^^^^^^^^^^^
  test/model/user/user_repository_test.dart:423:32: Error: 'UserStatus' isn't a type.
        expect(result, isA<IList<UserStatus>>());
                                 ^^^^^^^^^^
  test/model/user/user_repository_test.dart:428:31: Error: Method not found: 'UserId'.
        final ids = ISet(const {UserId('maia1'), UserId('maia5'), UserId('maia9')});
                                ^^^^^^
  test/model/user/user_repository_test.dart:428:48: Error: Method not found: 'UserId'.
        final ids = ISet(const {UserId('maia1'), UserId('maia5'), UserId('maia9')});
                                                 ^^^^^^
  test/model/user/user_repository_test.dart:428:65: Error: Method not found: 'UserId'.
        final ids = ISet(const {UserId('maia1'), UserId('maia5'), UserId('maia9')});
                                                                  ^^^^^^
  test/model/user/user_repository_test.dart:456:35: Error: Undefined name 'userRepositoryProvider'.
        final repo = container.read(userRepositoryProvider);
                                    ^^^^^^^^^^^^^^^^^^^^^^
  test/model/user/user_repository_test.dart:459:32: Error: 'UserStatus' isn't a type.
        expect(result, isA<IList<UserStatus>>());
                                 ^^^^^^^^^^
  test/model/user/user_repository_test.dart:478:35: Error: Undefined name 'userRepositoryProvider'.
        final repo = container.read(userRepositoryProvider);
                                    ^^^^^^^^^^^^^^^^^^^^^^
  test/model/user/user_repository_test.dart:482:31: Error: 'Perf' isn't a type.
        expect(result, isA<IMap<Perf, LeaderboardUser>>());
                                ^^^^
  test/model/user/user_repository_test.dart:482:37: Error: 'LeaderboardUser' isn't a type.
        expect(result, isA<IMap<Perf, LeaderboardUser>>());
                                      ^^^^^^^^^^^^^^^
  test/model/user/user_repository_test.dart:512:35: Error: Undefined name 'userRepositoryProvider'.
        final repo = container.read(userRepositoryProvider);
                                    ^^^^^^^^^^^^^^^^^^^^^^
  test/model/user/user_repository_test.dart:516:26: Error: 'Leaderboard' isn't a type.
        expect(result, isA<Leaderboard>());
                           ^^^^^^^^^^^
  test/model/user/user_repository_test.dart:530:33: Error: Undefined name 'userRepositoryProvider'.
      final repo = container.read(userRepositoryProvider);
                                  ^^^^^^^^^^^^^^^^^^^^^^
  test/model/user/user_repository_test.dart:531:49: Error: Couldn't find constructor 'UserId'.
      final result = await repo.getActivity(const UserId('testUser'));
                                                  ^^^^^^
  test/model/user/user_repository_test.dart:533:30: Error: 'UserActivity' isn't a type.
      expect(result, isA<IList<UserActivity>>());
                               ^^^^^^^^^^^^
  test/test_container.dart:39:34: Error: Undefined name 'httpClientFactoryProvider'.
        httpClientFactoryProvider: httpClientFactoryProvider.overrideWith((ref) {
                                   ^^^^^^^^^^^^^^^^^^^^^^^^^
  test/test_container.dart:39:7: Error: Undefined name 'httpClientFactoryProvider'.
        httpClientFactoryProvider: httpClientFactoryProvider.overrideWith((ref) {
        ^^^^^^^^^^^^^^^^^^^^^^^^^
  test/test_container.dart:49:3: Error: 'AuthUser' isn't a type.
    AuthUser? authUser,
    ^^^^^^^^
  test/test_container.dart:53:46: Error: Undefined name 'kSRIStorageKey'.
    FlutterSecureStorage.setMockInitialValues({kSRIStorageKey: 'test'});
                                               ^^^^^^^^^^^^^^
  test/test_container.dart:56:26: Error: Undefined name 'nnueServiceProvider'.
      nnueServiceProvider: nnueServiceProvider.overrideWithValue(FakeNnueService()),
                           ^^^^^^^^^^^^^^^^^^^
  test/test_container.dart:56:5: Error: Undefined name 'nnueServiceProvider'.
      nnueServiceProvider: nnueServiceProvider.overrideWithValue(FakeNnueService()),
      ^^^^^^^^^^^^^^^^^^^
  test/test_container.dart:57:33: Error: Undefined name 'connectivityPluginProvider'.
      connectivityPluginProvider: connectivityPluginProvider.overrideWith((_) {
                                  ^^^^^^^^^^^^^^^^^^^^^^^^^^
  test/test_container.dart:57:5: Error: Undefined name 'connectivityPluginProvider'.
      connectivityPluginProvider: connectivityPluginProvider.overrideWith((_) {
      ^^^^^^^^^^^^^^^^^^^^^^^^^^
  test/test_container.dart:60:34: Error: Undefined name 'notificationDisplayProvider'.
      notificationDisplayProvider: notificationDisplayProvider.overrideWith((ref) {
                                   ^^^^^^^^^^^^^^^^^^^^^^^^^^^
  test/test_container.dart:60:5: Error: Undefined name 'notificationDisplayProvider'.
      notificationDisplayProvider: notificationDisplayProvider.overrideWith((ref) {
      ^^^^^^^^^^^^^^^^^^^^^^^^^^^
  test/test_container.dart:64:24: Error: Method not found: 'openAppDatabase'.
        final db = await openAppDatabase(databaseFactoryFfi, inMemoryDatabasePath);
                         ^^^^^^^^^^^^^^^
  test/test_container.dart:63:23: Error: Undefined name 'databaseProvider'.
      databaseProvider: databaseProvider.overrideWith((ref) async {
                        ^^^^^^^^^^^^^^^^
  test/test_container.dart:63:5: Error: Undefined name 'databaseProvider'.
      databaseProvider: databaseProvider.overrideWith((ref) async {
      ^^^^^^^^^^^^^^^^
  test/test_container.dart:68:38: Error: Undefined name 'webSocketChannelFactoryProvider'.
      webSocketChannelFactoryProvider: webSocketChannelFactoryProvider.overrideWith((ref) {
                                       ^^^^^^^^^^^^^^^^^^^^^^^^^^^^^^^
  test/test_container.dart:68:5: Error: Undefined name 'webSocketChannelFactoryProvider'.
      webSocketChannelFactoryProvider: webSocketChannelFactoryProvider.overrideWith((ref) {
      ^^^^^^^^^^^^^^^^^^^^^^^^^^^^^^^
  test/test_container.dart:72:20: Error: Method not found: 'SocketPool'.
        final pool = SocketPool(ref);
                     ^^^^^^^^^^
  test/test_container.dart:71:25: Error: Undefined name 'socketPoolProvider'.
      socketPoolProvider: socketPoolProvider.overrideWith((ref) {
                          ^^^^^^^^^^^^^^^^^^
  test/test_container.dart:71:5: Error: Undefined name 'socketPoolProvider'.
      socketPoolProvider: socketPoolProvider.overrideWith((ref) {
      ^^^^^^^^^^^^^^^^^^
  test/test_container.dart:76:32: Error: Undefined name 'httpClientFactoryProvider'.
      httpClientFactoryProvider: httpClientFactoryProvider.overrideWith((ref) {
                                 ^^^^^^^^^^^^^^^^^^^^^^^^^
  test/test_container.dart:76:5: Error: Undefined name 'httpClientFactoryProvider'.
      httpClientFactoryProvider: httpClientFactoryProvider.overrideWith((ref) {
      ^^^^^^^^^^^^^^^^^^^^^^^^^
  test/test_container.dart:79:27: Error: Undefined name 'soundServiceProvider'.
      soundServiceProvider: soundServiceProvider.overrideWithValue(FakeSoundService()),
                            ^^^^^^^^^^^^^^^^^^^^
  test/test_container.dart:79:5: Error: Undefined name 'soundServiceProvider'.
      soundServiceProvider: soundServiceProvider.overrideWithValue(FakeSoundService()),
      ^^^^^^^^^^^^^^^^^^^^
  test/test_container.dart:80:28: Error: Undefined name 'preloadedDataProvider'.
      preloadedDataProvider: preloadedDataProvider.overrideWith((ref) {
                             ^^^^^^^^^^^^^^^^^^^^^
  test/test_container.dart:80:5: Error: Undefined name 'preloadedDataProvider'.
      preloadedDataProvider: preloadedDataProvider.overrideWith((ref) {
      ^^^^^^^^^^^^^^^^^^^^^
  test/model/common/service/fake_sound_service.dart:7:21: Error: 'Sound' isn't a type.
    Future<void> play(Sound sound, {double? volume}) async {}
                      ^^^^^
  test/model/common/service/fake_sound_service.dart:10:33: Error: 'Variant' isn't a type.
    Future<void> playCaptureSound(Variant variant, {double? volume}) async {}
                                  ^^^^^^^
  test/model/common/service/fake_sound_service.dart:13:28: Error: 'SoundTheme' isn't a type.
    Future<void> changeTheme(SoundTheme theme, {bool playSound = false}) async {}
                             ^^^^^^^^^^
  test/binding.dart:37:46: Error: Undefined name 'ExoChessBinding'.
    static TestExoChessBinding get instance => ExoChessBinding.checkInstance(_instance);
                                               ^^^^^^^^^^^^^^^
  test/binding.dart:42:11: Error: Superclass has no method named 'initInstance'.
      super.initInstance();
            ^^^^^^^^^^^^
  .
00:00 +0 -12: loading /home/flcsezz/mobile/test/network/http_test.dart [E]
  Error: The Dart compiler exited unexpectedly.
  package:flutter_tools/src/base/common.dart 34:3  throwToolExit
  package:flutter_tools/src/compile.dart 939:11    DefaultResidentCompiler._compile.<fn>
  dart:async/zone_root.dart 48:47                  _rootRunUnary
  dart:async/zone.dart 733:19                      _CustomZone.runUnary
  dart:async/future_impl.dart 948:45               Future._propagateToListeners.handleValueCallback
  dart:async/future_impl.dart 977:13               Future._propagateToListeners
  dart:async/future_impl.dart 862:9                Future._propagateToListeners
  dart:async/future_impl.dart 720:5                Future._completeWithValue
  dart:async/future_impl.dart 804:7                Future._asyncCompleteWithValue.<fn>
  dart:async/zone_root.dart 35:13                  _rootRun
  dart:async/zone.dart 726:19                      _CustomZone.run
  dart:async/zone.dart 625:7                       _CustomZone.runGuarded
  dart:async/zone.dart 666:23                      _CustomZone.bindCallbackGuarded.<fn>
  dart:async/schedule_microtask.dart 40:35         _microtaskLoop
  dart:async/schedule_microtask.dart 49:5          _startMicrotaskLoop
  dart:isolate-patch/isolate_patch.dart 127:13     _runPendingImmediateCallback
  dart:isolate-patch/isolate_patch.dart 194:5      _RawReceivePort._handleMessage
  
Error: Couldn't resolve the package 'exochess_mobile' in 'package:exochess_mobile/src/model/common/chess.dart'.
Error: Couldn't resolve the package 'exochess_mobile' in 'package:exochess_mobile/src/model/common/id.dart'.
Error: Couldn't resolve the package 'exochess_mobile' in 'package:exochess_mobile/src/model/common/uci.dart'.
Error: Couldn't resolve the package 'exochess_mobile' in 'package:exochess_mobile/src/model/engine/evaluation_service.dart'.
Error: Couldn't resolve the package 'exochess_mobile' in 'package:exochess_mobile/src/model/engine/nnue_service.dart'.
Error: Couldn't resolve the package 'exochess_mobile' in 'package:exochess_mobile/src/model/engine/stockfish_level.dart'.
Error: Couldn't resolve the package 'exochess_mobile' in 'package:exochess_mobile/src/model/engine/work.dart'.
test/model/engine/evaluation_service_test.dart:5:8: Error: Not found: 'package:exochess_mobile/src/model/common/chess.dart'
import 'package:exochess_mobile/src/model/common/chess.dart';
       ^
test/model/engine/evaluation_service_test.dart:6:8: Error: Not found: 'package:exochess_mobile/src/model/common/id.dart'
import 'package:exochess_mobile/src/model/common/id.dart';
       ^
test/model/engine/evaluation_service_test.dart:7:8: Error: Not found: 'package:exochess_mobile/src/model/common/uci.dart'
import 'package:exochess_mobile/src/model/common/uci.dart';
       ^
test/model/engine/evaluation_service_test.dart:8:8: Error: Not found: 'package:exochess_mobile/src/model/engine/evaluation_service.dart'
import 'package:exochess_mobile/src/model/engine/evaluation_service.dart';
       ^
test/model/engine/evaluation_service_test.dart:9:8: Error: Not found: 'package:exochess_mobile/src/model/engine/nnue_service.dart'
import 'package:exochess_mobile/src/model/engine/nnue_service.dart';
       ^
test/model/engine/evaluation_service_test.dart:10:8: Error: Not found: 'package:exochess_mobile/src/model/engine/stockfish_level.dart'
import 'package:exochess_mobile/src/model/engine/stockfish_level.dart';
       ^
test/model/engine/evaluation_service_test.dart:11:8: Error: Not found: 'package:exochess_mobile/src/model/engine/work.dart'
import 'package:exochess_mobile/src/model/engine/work.dart';
       ^
Error: Couldn't resolve the package 'exochess_mobile' in 'package:exochess_mobile/src/binding.dart'.
Error: Couldn't resolve the package 'exochess_mobile' in 'package:exochess_mobile/src/constants.dart'.
Error: Couldn't resolve the package 'exochess_mobile' in 'package:exochess_mobile/src/db/database.dart'.
Error: Couldn't resolve the package 'exochess_mobile' in 'package:exochess_mobile/src/model/auth/auth_controller.dart'.
Error: Couldn't resolve the package 'exochess_mobile' in 'package:exochess_mobile/src/model/common/preloaded_data.dart'.
Error: Couldn't resolve the package 'exochess_mobile' in 'package:exochess_mobile/src/model/common/service/sound_service.dart'.
test/test_container.dart:13:8: Error: Not found: 'package:exochess_mobile/src/model/engine/nnue_service.dart'
import 'package:exochess_mobile/src/model/engine/nnue_service.dart';
       ^
Error: Couldn't resolve the package 'exochess_mobile' in 'package:exochess_mobile/src/model/notifications/notification_service.dart'.
Error: Couldn't resolve the package 'exochess_mobile' in 'package:exochess_mobile/src/network/connectivity.dart'.
Error: Couldn't resolve the package 'exochess_mobile' in 'package:exochess_mobile/src/network/http.dart'.
Error: Couldn't resolve the package 'exochess_mobile' in 'package:exochess_mobile/src/network/socket.dart'.
test/model/engine/fake_nnue_service.dart:4:8: Error: Not found: 'package:exochess_mobile/src/model/engine/nnue_service.dart'
import 'package:exochess_mobile/src/model/engine/nnue_service.dart';
       ^
test/binding.dart:4:8: Error: Not found: 'package:exochess_mobile/src/binding.dart'
import 'package:exochess_mobile/src/binding.dart';
       ^
test/test_container.dart:8:8: Error: Not found: 'package:exochess_mobile/src/constants.dart'
import 'package:exochess_mobile/src/constants.dart';
       ^
test/test_container.dart:9:8: Error: Not found: 'package:exochess_mobile/src/db/database.dart'
import 'package:exochess_mobile/src/db/database.dart';
       ^
test/test_container.dart:10:8: Error: Not found: 'package:exochess_mobile/src/model/auth/auth_controller.dart'
import 'package:exochess_mobile/src/model/auth/auth_controller.dart';
       ^
test/test_container.dart:11:8: Error: Not found: 'package:exochess_mobile/src/model/common/preloaded_data.dart'
import 'package:exochess_mobile/src/model/common/preloaded_data.dart';
       ^
test/test_container.dart:12:8: Error: Not found: 'package:exochess_mobile/src/model/common/service/sound_service.dart'
import 'package:exochess_mobile/src/model/common/service/sound_service.dart';
       ^
test/test_container.dart:14:8: Error: Not found: 'package:exochess_mobile/src/model/notifications/notification_service.dart'
import 'package:exochess_mobile/src/model/notifications/notification_service.dart';
       ^
test/test_container.dart:15:8: Error: Not found: 'package:exochess_mobile/src/network/connectivity.dart'
import 'package:exochess_mobile/src/network/connectivity.dart';
       ^
test/test_container.dart:16:8: Error: Not found: 'package:exochess_mobile/src/network/http.dart'
import 'package:exochess_mobile/src/network/http.dart';
       ^
test/test_container.dart:17:8: Error: Not found: 'package:exochess_mobile/src/network/socket.dart'
import 'package:exochess_mobile/src/network/socket.dart';
       ^
test/model/common/service/fake_sound_service.dart:1:8: Error: Not found: 'package:exochess_mobile/src/model/common/chess.dart'
import 'package:exochess_mobile/src/model/common/chess.dart';
       ^
test/model/common/service/fake_sound_service.dart:2:8: Error: Not found: 'package:exochess_mobile/src/model/common/service/sound_service.dart'
import 'package:exochess_mobile/src/model/common/service/sound_service.dart';
       ^
Error: Couldn't resolve the package 'exochess_mobile' in 'package:exochess_mobile/src/model/settings/general_preferences.dart'.
test/network/fake_http_client_factory.dart:2:8: Error: Not found: 'package:exochess_mobile/src/network/http.dart'
import 'package:exochess_mobile/src/network/http.dart';
       ^
test/network/fake_websocket_channel.dart:6:8: Error: Not found: 'package:exochess_mobile/src/network/socket.dart'
import 'package:exochess_mobile/src/network/socket.dart';
       ^
test/model/common/service/fake_sound_service.dart:3:8: Error: Not found: 'package:exochess_mobile/src/model/settings/general_preferences.dart'
import 'package:exochess_mobile/src/model/settings/general_preferences.dart';
       ^
test/model/engine/evaluation_service_test.dart:19:1: Error: Type 'EvalWork' not found.
EvalWork makeWork({
^^^^^^^^
test/model/engine/evaluation_service_test.dart:20:3: Error: Type 'StringId' not found.
  StringId? id,
  ^^^^^^^^
test/model/engine/evaluation_service_test.dart:21:3: Error: Type 'UciPath' not found.
  UciPath? path,
  ^^^^^^^
test/model/engine/evaluation_service_test.dart:23:3: Error: Type 'Variant' not found.
  Variant variant = Variant.standard,
  ^^^^^^^
test/model/engine/evaluation_service_test.dart:41:1: Error: Type 'MoveWork' not found.
MoveWork makeMoveWork({
^^^^^^^^
test/model/engine/evaluation_service_test.dart:42:3: Error: Type 'StringId' not found.
  StringId? id,
  ^^^^^^^^
test/model/engine/evaluation_service_test.dart:43:3: Error: Type 'StockfishLevel' not found.
  StockfishLevel level = StockfishLevel.level3,
  ^^^^^^^^^^^^^^
test/model/engine/evaluation_service_test.dart:45:3: Error: Type 'Variant' not found.
  Variant variant = Variant.standard,
  ^^^^^^^
test/binding.dart:14:35: Error: Type 'ExoChessBinding' not found.
class TestExoChessBinding extends ExoChessBinding {
                                  ^^^^^^^^^^^^^^^
test/test_container.dart:49:3: Error: Type 'AuthUser' not found.
  AuthUser? authUser,
  ^^^^^^^^
test/model/engine/fake_nnue_service.dart:13:34: Error: Type 'NnueService' not found.
class FakeNnueService implements NnueService {
                                 ^^^^^^^^^^^
test/model/engine/fake_nnue_service.dart:25:3: Error: Type 'NNUEFiles' not found.
  NNUEFiles get nnueFiles {
  ^^^^^^^^^
test/model/engine/fake_nnue_service.dart:56:45: Error: Type 'NnueService' not found.
class FakeNnueServiceUnavailable implements NnueService {
                                            ^^^^^^^^^^^
test/model/engine/fake_nnue_service.dart:68:3: Error: Type 'NNUEFiles' not found.
  NNUEFiles get nnueFiles {
  ^^^^^^^^^
test/model/common/service/fake_sound_service.dart:5:35: Error: Type 'SoundService' not found.
class FakeSoundService implements SoundService {
                                  ^^^^^^^^^^^^
test/model/common/service/fake_sound_service.dart:7:21: Error: Type 'Sound' not found.
  Future<void> play(Sound sound, {double? volume}) async {}
                    ^^^^^
test/model/common/service/fake_sound_service.dart:10:33: Error: Type 'Variant' not found.
  Future<void> playCaptureSound(Variant variant, {double? volume}) async {}
                                ^^^^^^^
test/model/common/service/fake_sound_service.dart:13:28: Error: Type 'SoundTheme' not found.
  Future<void> changeTheme(SoundTheme theme, {bool playSound = false}) async {}
                           ^^^^^^^^^^
test/network/fake_http_client_factory.dart:4:40: Error: Type 'HttpClientFactory' not found.
class FakeHttpClientFactory implements HttpClientFactory {
                                       ^^^^^^^^^^^^^^^^^
test/network/fake_websocket_channel.dart:24:56: Error: Type 'WebSocketChannelFactory' not found.
class ListenableFakeWebSocketChannelFactory implements WebSocketChannelFactory {
                                                       ^^^^^^^^^^^^^^^^^^^^^^^
test/network/fake_websocket_channel.dart:65:46: Error: Type 'WebSocketChannelFactory' not found.
class FakeWebSocketChannelFactory implements WebSocketChannelFactory {
                                             ^^^^^^^^^^^^^^^^^^^^^^^
test/model/engine/evaluation_service_test.dart:20:3: Error: 'StringId' isn't a type.
  StringId? id,
  ^^^^^^^^
test/model/engine/evaluation_service_test.dart:21:3: Error: 'UciPath' isn't a type.
  UciPath? path,
  ^^^^^^^
test/model/engine/evaluation_service_test.dart:23:3: Error: 'Variant' isn't a type.
  Variant variant = Variant.standard,
  ^^^^^^^
test/model/engine/evaluation_service_test.dart:23:21: Error: Undefined name 'Variant'.
  Variant variant = Variant.standard,
                    ^^^^^^^
test/model/engine/evaluation_service_test.dart:28:21: Error: Couldn't find constructor 'StringId'.
    id: id ?? const StringId('test'),
                    ^^^^^^^^
test/model/engine/evaluation_service_test.dart:32:19: Error: Undefined name 'UciPath'.
    path: path ?? UciPath.empty,
                  ^^^^^^^
test/model/engine/evaluation_service_test.dart:36:29: Error: 'Step' isn't a type.
    steps: const IListConst<Step>([]),
                            ^^^^
test/model/engine/evaluation_service_test.dart:27:10: Error: Method not found: 'EvalWork'.
  return EvalWork(
         ^^^^^^^^
test/model/engine/evaluation_service_test.dart:42:3: Error: 'StringId' isn't a type.
  StringId? id,
  ^^^^^^^^
test/model/engine/evaluation_service_test.dart:43:3: Error: 'StockfishLevel' isn't a type.
  StockfishLevel level = StockfishLevel.level3,
  ^^^^^^^^^^^^^^
test/model/engine/evaluation_service_test.dart:43:26: Error: Undefined name 'StockfishLevel'.
  StockfishLevel level = StockfishLevel.level3,
                         ^^^^^^^^^^^^^^
test/model/engine/evaluation_service_test.dart:45:3: Error: 'Variant' isn't a type.
  Variant variant = Variant.standard,
  ^^^^^^^
test/model/engine/evaluation_service_test.dart:45:21: Error: Undefined name 'Variant'.
  Variant variant = Variant.standard,
                    ^^^^^^^
test/model/engine/evaluation_service_test.dart:48:21: Error: Couldn't find constructor 'StringId'.
    id: id ?? const StringId('test'),
                    ^^^^^^^^
test/model/engine/evaluation_service_test.dart:51:29: Error: 'Step' isn't a type.
    steps: const IListConst<Step>([]),
                            ^^^^
test/model/engine/evaluation_service_test.dart:47:10: Error: Method not found: 'MoveWork'.
  return MoveWork(
         ^^^^^^^^
test/model/engine/evaluation_service_test.dart:66:38: Error: Undefined name 'evaluationServiceProvider'.
      final service = container.read(evaluationServiceProvider);
                                     ^^^^^^^^^^^^^^^^^^^^^^^^^
test/model/engine/evaluation_service_test.dart:68:51: Error: Undefined name 'EngineState'.
      expect(service.evaluationState.value.state, EngineState.initial);
                                                  ^^^^^^^^^^^
test/model/engine/evaluation_service_test.dart:75:38: Error: Undefined name 'evaluationServiceProvider'.
      final service = container.read(evaluationServiceProvider);
                                     ^^^^^^^^^^^^^^^^^^^^^^^^^
test/model/engine/evaluation_service_test.dart:78:23: Error: 'EngineState' isn't a type.
      final states = <EngineState>[];
                      ^^^^^^^^^^^
test/model/engine/evaluation_service_test.dart:92:31: Error: Undefined name 'EngineState'.
      expect(states, contains(EngineState.loading));
                              ^^^^^^^^^^^
test/model/engine/evaluation_service_test.dart:93:33: Error: Undefined name 'EngineState'.
      expect(states.last, anyOf(EngineState.idle, EngineState.computing));
                                ^^^^^^^^^^^
test/model/engine/evaluation_service_test.dart:93:51: Error: Undefined name 'EngineState'.
      expect(states.last, anyOf(EngineState.idle, EngineState.computing));
                                                  ^^^^^^^^^^^
test/model/engine/evaluation_service_test.dart:98:38: Error: Undefined name 'evaluationServiceProvider'.
      final service = container.read(evaluationServiceProvider);
                                     ^^^^^^^^^^^^^^^^^^^^^^^^^
test/model/engine/evaluation_service_test.dart:105:57: Error: Undefined name 'EngineState'.
      expect(service.evaluationState.value.state, isNot(EngineState.initial));
                                                        ^^^^^^^^^^^
test/model/engine/evaluation_service_test.dart:113:51: Error: Undefined name 'EngineState'.
      expect(service.evaluationState.value.state, EngineState.initial);
                                                  ^^^^^^^^^^^
test/model/engine/evaluation_service_test.dart:121:38: Error: Undefined name 'evaluationServiceProvider'.
      final service = container.read(evaluationServiceProvider);
                                     ^^^^^^^^^^^^^^^^^^^^^^^^^
test/model/engine/evaluation_service_test.dart:129:53: Error: Undefined name 'EngineState'.
      while (service.evaluationState.value.state != EngineState.idle) {
                                                    ^^^^^^^^^^^
test/model/engine/evaluation_service_test.dart:132:51: Error: Undefined name 'EngineState'.
      expect(service.evaluationState.value.state, EngineState.idle);
                                                  ^^^^^^^^^^^
test/model/engine/evaluation_service_test.dart:137:23: Error: 'EngineState' isn't a type.
      final states = <EngineState>[];
                      ^^^^^^^^^^^
test/model/engine/evaluation_service_test.dart:147:50: Error: Undefined name 'UciCharPair'.
      final work = makeWork(path: UciPath.fromId(UciCharPair.fromUci('e2e4')));
                                                 ^^^^^^^^^^^
test/model/engine/evaluation_service_test.dart:147:35: Error: Undefined name 'UciPath'.
      final work = makeWork(path: UciPath.fromId(UciCharPair.fromUci('e2e4')));
                                  ^^^^^^^
test/model/engine/evaluation_service_test.dart:155:53: Error: Undefined name 'EngineState'.
      while (service.evaluationState.value.state != EngineState.idle) {
                                                    ^^^^^^^^^^^
test/model/engine/evaluation_service_test.dart:159:23: Error: Undefined name 'EngineState'.
      expect(states, [EngineState.computing, EngineState.idle]);
                      ^^^^^^^^^^^
test/model/engine/evaluation_service_test.dart:159:46: Error: Undefined name 'EngineState'.
      expect(states, [EngineState.computing, EngineState.idle]);
                                             ^^^^^^^^^^^
test/model/engine/evaluation_service_test.dart:164:38: Error: Undefined name 'evaluationServiceProvider'.
      final service = container.read(evaluationServiceProvider);
                                     ^^^^^^^^^^^^^^^^^^^^^^^^^
test/model/engine/evaluation_service_test.dart:171:53: Error: Undefined name 'EngineState'.
      while (service.evaluationState.value.state != EngineState.idle) {
                                                    ^^^^^^^^^^^
test/model/engine/evaluation_service_test.dart:176:42: Error: 'Work' isn't a type.
      final stream1ResultsBeforeWork2 = <Work>[];
                                         ^^^^
test/model/engine/evaluation_service_test.dart:177:41: Error: 'Work' isn't a type.
      final stream1ResultsAfterWork2 = <Work>[];
                                        ^^^^
test/model/engine/evaluation_service_test.dart:180:51: Error: Undefined name 'UciCharPair'.
      final work1 = makeWork(path: UciPath.fromId(UciCharPair.fromUci('e2e4')));
                                                  ^^^^^^^^^^^
test/model/engine/evaluation_service_test.dart:180:36: Error: Undefined name 'UciPath'.
      final work1 = makeWork(path: UciPath.fromId(UciCharPair.fromUci('e2e4')));
                                   ^^^^^^^
test/model/engine/evaluation_service_test.dart:201:51: Error: Undefined name 'UciCharPair'.
      final work2 = makeWork(path: UciPath.fromId(UciCharPair.fromUci('d2d4')));
                                                  ^^^^^^^^^^^
test/model/engine/evaluation_service_test.dart:201:36: Error: Undefined name 'UciPath'.
      final work2 = makeWork(path: UciPath.fromId(UciCharPair.fromUci('d2d4')));
                                   ^^^^^^^
test/model/engine/evaluation_service_test.dart:210:53: Error: Undefined name 'EngineState'.
      while (service.evaluationState.value.state != EngineState.idle) {
                                                    ^^^^^^^^^^^
test/model/engine/evaluation_service_test.dart:223:38: Error: Undefined name 'evaluationServiceProvider'.
      final service = container.read(evaluationServiceProvider);
                                     ^^^^^^^^^^^^^^^^^^^^^^^^^
test/model/engine/evaluation_service_test.dart:246:38: Error: Undefined name 'evaluationServiceProvider'.
      final service = container.read(evaluationServiceProvider);
                                     ^^^^^^^^^^^^^^^^^^^^^^^^^
test/model/engine/evaluation_service_test.dart:248:51: Error: Undefined name 'UciCharPair'.
      final work1 = makeWork(path: UciPath.fromId(UciCharPair.fromUci('e2e4')));
                                                  ^^^^^^^^^^^
test/model/engine/evaluation_service_test.dart:248:36: Error: Undefined name 'UciPath'.
      final work1 = makeWork(path: UciPath.fromId(UciCharPair.fromUci('e2e4')));
                                   ^^^^^^^
test/model/engine/evaluation_service_test.dart:249:51: Error: Undefined name 'UciCharPair'.
      final work2 = makeWork(path: UciPath.fromId(UciCharPair.fromUci('d2d4')));
                                                  ^^^^^^^^^^^
test/model/engine/evaluation_service_test.dart:249:36: Error: Undefined name 'UciPath'.
      final work2 = makeWork(path: UciPath.fromId(UciCharPair.fromUci('d2d4')));
                                   ^^^^^^^
test/model/engine/evaluation_service_test.dart:250:51: Error: Undefined name 'UciCharPair'.
      final work3 = makeWork(path: UciPath.fromId(UciCharPair.fromUci('c2c4')));
                                                  ^^^^^^^^^^^
test/model/engine/evaluation_service_test.dart:250:36: Error: Undefined name 'UciPath'.
      final work3 = makeWork(path: UciPath.fromId(UciCharPair.fromUci('c2c4')));
                                   ^^^^^^^
test/model/engine/evaluation_service_test.dart:253:31: Error: 'Work' isn't a type.
      final stream1Results = <Work>[];
                              ^^^^
test/model/engine/evaluation_service_test.dart:288:38: Error: Undefined name 'evaluationServiceProvider'.
      final service = container.read(evaluationServiceProvider);
                                     ^^^^^^^^^^^^^^^^^^^^^^^^^
test/model/engine/evaluation_service_test.dart:291:51: Error: Undefined name 'UciCharPair'.
      final work2 = makeWork(path: UciPath.fromId(UciCharPair.fromUci('e2e4')));
                                                  ^^^^^^^^^^^
test/model/engine/evaluation_service_test.dart:291:36: Error: Undefined name 'UciPath'.
      final work2 = makeWork(path: UciPath.fromId(UciCharPair.fromUci('e2e4')));
                                   ^^^^^^^
test/model/engine/evaluation_service_test.dart:294:51: Error: Undefined name 'EngineState'.
      expect(service.evaluationState.value.state, EngineState.loading);
                                                  ^^^^^^^^^^^
test/model/engine/evaluation_service_test.dart:311:38: Error: Undefined name 'evaluationServiceProvider'.
      final service = container.read(evaluationServiceProvider);
                                     ^^^^^^^^^^^^^^^^^^^^^^^^^
test/model/engine/evaluation_service_test.dart:323:51: Error: Undefined name 'UciCharPair'.
      final work2 = makeWork(path: UciPath.fromId(UciCharPair.fromUci('e2e4')));
                                                  ^^^^^^^^^^^
test/model/engine/evaluation_service_test.dart:323:36: Error: Undefined name 'UciPath'.
      final work2 = makeWork(path: UciPath.fromId(UciCharPair.fromUci('e2e4')));
                                   ^^^^^^^
test/model/engine/evaluation_service_test.dart:340:38: Error: Undefined name 'evaluationServiceProvider'.
      final service = container.read(evaluationServiceProvider);
                                     ^^^^^^^^^^^^^^^^^^^^^^^^^
test/model/engine/evaluation_service_test.dart:345:51: Error: Undefined name 'EngineState'.
      expect(service.evaluationState.value.state, EngineState.loading);
                                                  ^^^^^^^^^^^
test/model/engine/evaluation_service_test.dart:358:38: Error: Undefined name 'evaluationServiceProvider'.
      final service = container.read(evaluationServiceProvider);
                                     ^^^^^^^^^^^^^^^^^^^^^^^^^
test/model/engine/evaluation_service_test.dart:387:38: Error: Undefined name 'evaluationServiceProvider'.
      final service = container.read(evaluationServiceProvider);
                                     ^^^^^^^^^^^^^^^^^^^^^^^^^
test/model/engine/evaluation_service_test.dart:409:38: Error: Undefined name 'evaluationServiceProvider'.
      final service = container.read(evaluationServiceProvider);
                                     ^^^^^^^^^^^^^^^^^^^^^^^^^
test/model/engine/evaluation_service_test.dart:424:38: Error: Undefined name 'evaluationServiceProvider'.
      final service = container.read(evaluationServiceProvider);
                                     ^^^^^^^^^^^^^^^^^^^^^^^^^
test/model/engine/evaluation_service_test.dart:434:38: Error: Undefined name 'evaluationServiceProvider'.
      final service = container.read(evaluationServiceProvider);
                                     ^^^^^^^^^^^^^^^^^^^^^^^^^
test/model/engine/evaluation_service_test.dart:437:40: Error: Couldn't find constructor 'StringId'.
      final work1 = makeWork(id: const StringId('game1'));
                                       ^^^^^^^^
test/model/engine/evaluation_service_test.dart:443:40: Error: Couldn't find constructor 'StringId'.
      final work2 = makeWork(id: const StringId('game2'));
                                       ^^^^^^^^
test/model/engine/evaluation_service_test.dart:451:38: Error: Undefined name 'evaluationServiceProvider'.
      final service = container.read(evaluationServiceProvider);
                                     ^^^^^^^^^^^^^^^^^^^^^^^^^
test/model/engine/evaluation_service_test.dart:466:38: Error: Undefined name 'evaluationServiceProvider'.
      final service = container.read(evaluationServiceProvider);
                                     ^^^^^^^^^^^^^^^^^^^^^^^^^
test/model/engine/evaluation_service_test.dart:468:40: Error: Couldn't find constructor 'StringId'.
      final work1 = makeWork(id: const StringId('game1'));
                                       ^^^^^^^^
test/model/engine/evaluation_service_test.dart:476:40: Error: Couldn't find constructor 'StringId'.
      final work2 = makeWork(id: const StringId('game1'), initialPosition: positionAfterE4);
                                       ^^^^^^^^
test/model/engine/evaluation_service_test.dart:488:38: Error: Undefined name 'evaluationServiceProvider'.
      final service = container.read(evaluationServiceProvider);
                                     ^^^^^^^^^^^^^^^^^^^^^^^^^
test/model/engine/evaluation_service_test.dart:490:40: Error: Couldn't find constructor 'StringId'.
      final work1 = makeWork(id: const StringId('game1'), variant: Variant.standard);
                                       ^^^^^^^^
test/model/engine/evaluation_service_test.dart:490:68: Error: Undefined name 'Variant'.
      final work1 = makeWork(id: const StringId('game1'), variant: Variant.standard);
                                                                   ^^^^^^^
test/model/engine/evaluation_service_test.dart:496:40: Error: Couldn't find constructor 'StringId'.
      final work2 = makeWork(id: const StringId('game1'), variant: Variant.atomic);
                                       ^^^^^^^^
test/model/engine/evaluation_service_test.dart:496:68: Error: Undefined name 'Variant'.
      final work2 = makeWork(id: const StringId('game1'), variant: Variant.atomic);
                                                                   ^^^^^^^
test/model/engine/evaluation_service_test.dart:508:38: Error: Undefined name 'evaluationServiceProvider'.
      final service = container.read(evaluationServiceProvider);
                                     ^^^^^^^^^^^^^^^^^^^^^^^^^
test/model/engine/evaluation_service_test.dart:510:40: Error: Couldn't find constructor 'StringId'.
      final work1 = makeWork(id: const StringId('game1'), flavor: StockfishFlavor.sf16);
                                       ^^^^^^^^
test/model/engine/evaluation_service_test.dart:516:40: Error: Couldn't find constructor 'StringId'.
      final work2 = makeWork(id: const StringId('game1'), flavor: StockfishFlavor.latestNoNNUE);
                                       ^^^^^^^^
test/model/engine/evaluation_service_test.dart:528:38: Error: Undefined name 'evaluationServiceProvider'.
      final service = container.read(evaluationServiceProvider);
                                     ^^^^^^^^^^^^^^^^^^^^^^^^^
test/model/engine/evaluation_service_test.dart:530:40: Error: Couldn't find constructor 'StringId'.
      final work1 = makeWork(id: const StringId('game1'));
                                       ^^^^^^^^
test/model/engine/evaluation_service_test.dart:536:40: Error: Couldn't find constructor 'StringId'.
      final work2 = makeWork(id: const StringId('game2'));
                                       ^^^^^^^^
test/model/engine/evaluation_service_test.dart:548:38: Error: Undefined name 'evaluationServiceProvider'.
      final service = container.read(evaluationServiceProvider);
                                     ^^^^^^^^^^^^^^^^^^^^^^^^^
test/model/engine/evaluation_service_test.dart:550:40: Error: Couldn't find constructor 'StringId'.
      final work1 = makeWork(id: const StringId('game1'));
                                       ^^^^^^^^
test/model/engine/evaluation_service_test.dart:558:19: Error: Couldn't find constructor 'StringId'.
        id: const StringId('game1'),
                  ^^^^^^^^
test/model/engine/evaluation_service_test.dart:559:30: Error: Undefined name 'UciCharPair'.
        path: UciPath.fromId(UciCharPair.fromUci('e2e4')),
                             ^^^^^^^^^^^
test/model/engine/evaluation_service_test.dart:559:15: Error: Undefined name 'UciPath'.
        path: UciPath.fromId(UciCharPair.fromUci('e2e4')),
              ^^^^^^^
test/model/engine/evaluation_service_test.dart:576:34: Error: Undefined name 'nnueServiceProvider'.
            nnueServiceProvider: nnueServiceProvider.overrideWithValue(
                                 ^^^^^^^^^^^^^^^^^^^
test/model/engine/evaluation_service_test.dart:576:13: Error: Undefined name 'nnueServiceProvider'.
            nnueServiceProvider: nnueServiceProvider.overrideWithValue(
            ^^^^^^^^^^^^^^^^^^^
test/model/engine/evaluation_service_test.dart:581:40: Error: Undefined name 'evaluationServiceProvider'.
        final service = container.read(evaluationServiceProvider);
                                       ^^^^^^^^^^^^^^^^^^^^^^^^^
test/model/engine/evaluation_service_test.dart:592:32: Error: Undefined name 'UciCharPair'.
          path: UciPath.fromId(UciCharPair.fromUci('e2e4')),
                               ^^^^^^^^^^^
test/model/engine/evaluation_service_test.dart:592:17: Error: Undefined name 'UciPath'.
          path: UciPath.fromId(UciCharPair.fromUci('e2e4')),
                ^^^^^^^
test/model/engine/evaluation_service_test.dart:611:38: Error: Undefined name 'evaluationServiceProvider'.
      final service = container.read(evaluationServiceProvider);
                                     ^^^^^^^^^^^^^^^^^^^^^^^^^
test/model/engine/evaluation_service_test.dart:614:19: Error: Couldn't find constructor 'StringId'.
        id: const StringId('testStandard'),
                  ^^^^^^^^
test/model/engine/evaluation_service_test.dart:616:18: Error: Undefined name 'Variant'.
        variant: Variant.standard,
                 ^^^^^^^
test/model/engine/evaluation_service_test.dart:624:19: Error: Couldn't find constructor 'StringId'.
        id: const StringId('test960'),
                  ^^^^^^^^
test/model/engine/evaluation_service_test.dart:626:18: Error: Undefined name 'Variant'.
        variant: Variant.chess960,
                 ^^^^^^^
test/model/engine/evaluation_service_test.dart:636:38: Error: Undefined name 'evaluationServiceProvider'.
      final service = container.read(evaluationServiceProvider);
                                     ^^^^^^^^^^^^^^^^^^^^^^^^^
test/model/engine/evaluation_service_test.dart:639:19: Error: Couldn't find constructor 'StringId'.
        id: const StringId('test'),
                  ^^^^^^^^
test/model/engine/evaluation_service_test.dart:641:18: Error: Undefined name 'Variant'.
        variant: Variant.atomic,
                 ^^^^^^^
test/model/engine/evaluation_service_test.dart:652:38: Error: Undefined name 'evaluationServiceProvider'.
      final service = container.read(evaluationServiceProvider);
                                     ^^^^^^^^^^^^^^^^^^^^^^^^^
test/model/engine/evaluation_service_test.dart:655:19: Error: Couldn't find constructor 'StringId'.
        id: const StringId('test'),
                  ^^^^^^^^
test/model/engine/evaluation_service_test.dart:657:18: Error: Undefined name 'Variant'.
        variant: Variant.standard,
                 ^^^^^^^
test/model/engine/evaluation_service_test.dart:659:15: Error: Undefined name 'UciPath'.
        path: UciPath.empty,
              ^^^^^^^
test/model/engine/evaluation_service_test.dart:654:21: Error: Method not found: 'EvalWork'.
      final work1 = EvalWork(
                    ^^^^^^^^
test/model/engine/evaluation_service_test.dart:668:19: Error: Couldn't find constructor 'StringId'.
        id: const StringId('test'),
                  ^^^^^^^^
test/model/engine/evaluation_service_test.dart:670:18: Error: Undefined name 'Variant'.
        variant: Variant.standard,
                 ^^^^^^^
test/model/engine/evaluation_service_test.dart:672:30: Error: Undefined name 'UciCharPair'.
        path: UciPath.fromId(UciCharPair.fromUci('e2e4')),
                             ^^^^^^^^^^^
test/model/engine/evaluation_service_test.dart:672:15: Error: Undefined name 'UciPath'.
        path: UciPath.fromId(UciCharPair.fromUci('e2e4')),
              ^^^^^^^
test/model/engine/evaluation_service_test.dart:667:21: Error: Method not found: 'EvalWork'.
      final work2 = EvalWork(
                    ^^^^^^^^
test/model/engine/evaluation_service_test.dart:698:38: Error: Undefined name 'evaluationServiceProvider'.
      final service = container.read(evaluationServiceProvider);
                                     ^^^^^^^^^^^^^^^^^^^^^^^^^
test/model/engine/evaluation_service_test.dart:701:19: Error: Couldn't find constructor 'StringId'.
        id: const StringId('test'),
                  ^^^^^^^^
test/model/engine/evaluation_service_test.dart:703:18: Error: Undefined name 'Variant'.
        variant: Variant.standard,
                 ^^^^^^^
test/model/engine/evaluation_service_test.dart:705:15: Error: Undefined name 'UciPath'.
        path: UciPath.empty,
              ^^^^^^^
test/model/engine/evaluation_service_test.dart:700:20: Error: Method not found: 'EvalWork'.
      final work = EvalWork(
                   ^^^^^^^^
test/model/engine/evaluation_service_test.dart:723:38: Error: Undefined name 'evaluationServiceProvider'.
      final service = container.read(evaluationServiceProvider);
                                     ^^^^^^^^^^^^^^^^^^^^^^^^^
test/model/engine/evaluation_service_test.dart:726:19: Error: Couldn't find constructor 'StringId'.
        id: const StringId('test'),
                  ^^^^^^^^
test/model/engine/evaluation_service_test.dart:728:18: Error: Undefined name 'Variant'.
        variant: Variant.standard,
                 ^^^^^^^
test/model/engine/evaluation_service_test.dart:730:15: Error: Undefined name 'UciPath'.
        path: UciPath.empty,
              ^^^^^^^
test/model/engine/evaluation_service_test.dart:725:20: Error: Method not found: 'EvalWork'.
      final work = EvalWork(
                   ^^^^^^^^
test/model/engine/evaluation_service_test.dart:741:57: Error: Undefined name 'EngineState'.
      expect(service.evaluationState.value.state, isNot(EngineState.computing));
                                                        ^^^^^^^^^^^
test/model/engine/evaluation_service_test.dart:747:38: Error: Undefined name 'evaluationServiceProvider'.
      final service = container.read(evaluationServiceProvider);
                                     ^^^^^^^^^^^^^^^^^^^^^^^^^
test/model/engine/evaluation_service_test.dart:750:19: Error: Couldn't find constructor 'StringId'.
        id: const StringId('test'),
                  ^^^^^^^^
test/model/engine/evaluation_service_test.dart:752:18: Error: Undefined name 'Variant'.
        variant: Variant.standard,
                 ^^^^^^^
test/model/engine/evaluation_service_test.dart:754:15: Error: Undefined name 'UciPath'.
        path: UciPath.empty,
              ^^^^^^^
test/model/engine/evaluation_service_test.dart:749:20: Error: Method not found: 'EvalWork'.
      final work = EvalWork(
                   ^^^^^^^^
test/model/engine/evaluation_service_test.dart:777:40: Error: Undefined name 'evaluationServiceProvider'.
        final service = container.read(evaluationServiceProvider);
                                       ^^^^^^^^^^^^^^^^^^^^^^^^^
test/model/engine/evaluation_service_test.dart:780:21: Error: Couldn't find constructor 'StringId'.
          id: const StringId('test'),
                    ^^^^^^^^
test/model/engine/evaluation_service_test.dart:782:20: Error: Undefined name 'Variant'.
          variant: Variant.standard,
                   ^^^^^^^
test/model/engine/evaluation_service_test.dart:784:17: Error: Undefined name 'UciPath'.
          path: UciPath.empty,
                ^^^^^^^
test/model/engine/evaluation_service_test.dart:779:22: Error: Method not found: 'EvalWork'.
        final work = EvalWork(
                     ^^^^^^^^
test/model/engine/evaluation_service_test.dart:796:53: Error: Undefined name 'EngineState'.
        expect(service.evaluationState.value.state, EngineState.error);
                                                    ^^^^^^^^^^^
test/model/engine/evaluation_service_test.dart:805:38: Error: Undefined name 'evaluationServiceProvider'.
      final service = container.read(evaluationServiceProvider);
                                     ^^^^^^^^^^^^^^^^^^^^^^^^^
test/model/engine/evaluation_service_test.dart:836:40: Error: Undefined name 'evaluationServiceProvider'.
        final service = container.read(evaluationServiceProvider);
                                       ^^^^^^^^^^^^^^^^^^^^^^^^^
test/model/engine/evaluation_service_test.dart:837:26: Error: 'EvalResult' isn't a type.
        final results = <EvalResult>[];
                         ^^^^^^^^^^
test/model/engine/evaluation_service_test.dart:864:40: Error: Undefined name 'evaluationServiceProvider'.
        final service = container.read(evaluationServiceProvider);
                                       ^^^^^^^^^^^^^^^^^^^^^^^^^
test/model/engine/evaluation_service_test.dart:865:26: Error: 'EvalResult' isn't a type.
        final results = <EvalResult>[];
                         ^^^^^^^^^^
test/model/engine/evaluation_service_test.dart:893:22: Error: Undefined name 'kEngineEvalEmissionThrottleDelay'.
        async.elapse(kEngineEvalEmissionThrottleDelay);
                     ^^^^^^^^^^^^^^^^^^^^^^^^^^^^^^^^
test/model/engine/evaluation_service_test.dart:908:40: Error: Undefined name 'evaluationServiceProvider'.
        final service = container.read(evaluationServiceProvider);
                                       ^^^^^^^^^^^^^^^^^^^^^^^^^
test/model/engine/evaluation_service_test.dart:909:26: Error: 'EvalResult' isn't a type.
        final results = <EvalResult>[];
                         ^^^^^^^^^^
test/model/engine/evaluation_service_test.dart:929:22: Error: Undefined name 'kEngineEvalEmissionThrottleDelay'.
        async.elapse(kEngineEvalEmissionThrottleDelay);
                     ^^^^^^^^^^^^^^^^^^^^^^^^^^^^^^^^
test/model/engine/evaluation_service_test.dart:934:22: Error: Undefined name 'kEngineEvalEmissionThrottleDelay'.
        async.elapse(kEngineEvalEmissionThrottleDelay);
                     ^^^^^^^^^^^^^^^^^^^^^^^^^^^^^^^^
test/model/engine/evaluation_service_test.dart:946:22: Error: Undefined name 'kEngineEvalEmissionThrottleDelay'.
        async.elapse(kEngineEvalEmissionThrottleDelay);
                     ^^^^^^^^^^^^^^^^^^^^^^^^^^^^^^^^
test/model/engine/evaluation_service_test.dart:959:40: Error: Undefined name 'evaluationServiceProvider'.
        final service = container.read(evaluationServiceProvider);
                                       ^^^^^^^^^^^^^^^^^^^^^^^^^
test/model/engine/evaluation_service_test.dart:960:26: Error: 'EvalResult' isn't a type.
        final results = <EvalResult>[];
                         ^^^^^^^^^^
test/model/engine/evaluation_service_test.dart:983:22: Error: Undefined name 'kEngineEvalEmissionThrottleDelay'.
        async.elapse(kEngineEvalEmissionThrottleDelay * 2);
                     ^^^^^^^^^^^^^^^^^^^^^^^^^^^^^^^^
test/model/engine/evaluation_service_test.dart:999:40: Error: Undefined name 'evaluationServiceProvider'.
        final service = container.read(evaluationServiceProvider);
                                       ^^^^^^^^^^^^^^^^^^^^^^^^^
test/model/engine/evaluation_service_test.dart:1000:26: Error: 'EvalResult' isn't a type.
        final results = <EvalResult>[];
                         ^^^^^^^^^^
test/model/engine/evaluation_service_test.dart:1023:22: Error: Undefined name 'kEngineEvalEmissionThrottleDelay'.
        async.elapse(kEngineEvalEmissionThrottleDelay);
                     ^^^^^^^^^^^^^^^^^^^^^^^^^^^^^^^^
test/model/engine/evaluation_service_test.dart:1037:40: Error: Undefined name 'evaluationServiceProvider'.
        final service = container.read(evaluationServiceProvider);
                                       ^^^^^^^^^^^^^^^^^^^^^^^^^
test/model/engine/evaluation_service_test.dart:1064:22: Error: Undefined name 'kEngineEvalEmissionThrottleDelay'.
        async.elapse(kEngineEvalEmissionThrottleDelay);
                     ^^^^^^^^^^^^^^^^^^^^^^^^^^^^^^^^
test/model/engine/evaluation_service_test.dart:1078:40: Error: Undefined name 'evaluationServiceProvider'.
        final service = container.read(evaluationServiceProvider);
                                       ^^^^^^^^^^^^^^^^^^^^^^^^^
test/model/engine/evaluation_service_test.dart:1079:26: Error: 'EvalResult' isn't a type.
        final results = <EvalResult>[];
                         ^^^^^^^^^^
test/model/engine/evaluation_service_test.dart:1100:22: Error: Undefined name 'kEngineEvalEmissionThrottleDelay'.
        async.elapse(kEngineEvalEmissionThrottleDelay);
                     ^^^^^^^^^^^^^^^^^^^^^^^^^^^^^^^^
test/model/engine/evaluation_service_test.dart:1116:40: Error: Undefined name 'evaluationServiceProvider'.
        final service = container.read(evaluationServiceProvider);
                                       ^^^^^^^^^^^^^^^^^^^^^^^^^
test/model/engine/evaluation_service_test.dart:1118:9: Error: 'EngineEvaluationState' isn't a type.
        EngineEvaluationState? latestState;
        ^^^^^^^^^^^^^^^^^^^^^
test/model/engine/evaluation_service_test.dart:1120:47: Error: Couldn't find constructor 'StringId'.
          engineEvaluationProvider((id: const StringId('test'), path: UciPath.empty)),
                                              ^^^^^^^^
test/model/engine/evaluation_service_test.dart:1120:71: Error: Undefined name 'UciPath'.
          engineEvaluationProvider((id: const StringId('test'), path: UciPath.empty)),
                                                                      ^^^^^^^
test/model/engine/evaluation_service_test.dart:1120:11: Error: Method not found: 'engineEvaluationProvider'.
          engineEvaluationProvider((id: const StringId('test'), path: UciPath.empty)),
          ^^^^^^^^^^^^^^^^^^^^^^^^
test/model/engine/evaluation_service_test.dart:1159:40: Error: Undefined name 'evaluationServiceProvider'.
        final service = container.read(evaluationServiceProvider);
                                       ^^^^^^^^^^^^^^^^^^^^^^^^^
test/model/engine/evaluation_service_test.dart:1161:9: Error: 'EngineEvaluationState' isn't a type.
        EngineEvaluationState? game1State;
        ^^^^^^^^^^^^^^^^^^^^^
test/model/engine/evaluation_service_test.dart:1163:47: Error: Couldn't find constructor 'StringId'.
          engineEvaluationProvider((id: const StringId('game1'), path: UciPath.empty)),
                                              ^^^^^^^^
test/model/engine/evaluation_service_test.dart:1163:72: Error: Undefined name 'UciPath'.
          engineEvaluationProvider((id: const StringId('game1'), path: UciPath.empty)),
                                                                       ^^^^^^^
test/model/engine/evaluation_service_test.dart:1163:11: Error: Method not found: 'engineEvaluationProvider'.
          engineEvaluationProvider((id: const StringId('game1'), path: UciPath.empty)),
          ^^^^^^^^^^^^^^^^^^^^^^^^
test/model/engine/evaluation_service_test.dart:1171:41: Error: Couldn't find constructor 'StringId'.
        final work = makeWork(id: const StringId('game2'));
                                        ^^^^^^^^
test/model/engine/evaluation_service_test.dart:1177:22: Error: Undefined name 'kEngineEvalEmissionThrottleDelay'.
        async.elapse(kEngineEvalEmissionThrottleDelay);
                     ^^^^^^^^^^^^^^^^^^^^^^^^^^^^^^^^
test/model/engine/evaluation_service_test.dart:1185:35: Error: Undefined name 'EngineState'.
        expect(game1State?.state, EngineState.initial);
                                  ^^^^^^^^^^^
test/model/engine/evaluation_service_test.dart:1195:40: Error: Undefined name 'evaluationServiceProvider'.
        final service = container.read(evaluationServiceProvider);
                                       ^^^^^^^^^^^^^^^^^^^^^^^^^
test/model/engine/evaluation_service_test.dart:1197:39: Error: Undefined name 'UciCharPair'.
        final e4Path = UciPath.fromId(UciCharPair.fromUci('e2e4'));
                                      ^^^^^^^^^^^
test/model/engine/evaluation_service_test.dart:1197:24: Error: Undefined name 'UciPath'.
        final e4Path = UciPath.fromId(UciCharPair.fromUci('e2e4'));
                       ^^^^^^^
test/model/engine/evaluation_service_test.dart:1198:39: Error: Undefined name 'UciCharPair'.
        final d4Path = UciPath.fromId(UciCharPair.fromUci('d2d4'));
                                      ^^^^^^^^^^^
test/model/engine/evaluation_service_test.dart:1198:24: Error: Undefined name 'UciPath'.
        final d4Path = UciPath.fromId(UciCharPair.fromUci('d2d4'));
                       ^^^^^^^
test/model/engine/evaluation_service_test.dart:1200:9: Error: 'EngineEvaluationState' isn't a type.
        EngineEvaluationState? e4State;
        ^^^^^^^^^^^^^^^^^^^^^
test/model/engine/evaluation_service_test.dart:1201:62: Error: Couldn't find constructor 'StringId'.
        container.listen(engineEvaluationProvider((id: const StringId('test'), path: e4Path)), (
                                                             ^^^^^^^^
test/model/engine/evaluation_service_test.dart:1201:26: Error: Method not found: 'engineEvaluationProvider'.
        container.listen(engineEvaluationProvider((id: const StringId('test'), path: e4Path)), (
                         ^^^^^^^^^^^^^^^^^^^^^^^^
test/model/engine/evaluation_service_test.dart:1209:41: Error: Couldn't find constructor 'StringId'.
        final work = makeWork(id: const StringId('test'), path: d4Path);
                                        ^^^^^^^^
test/model/engine/evaluation_service_test.dart:1215:22: Error: Undefined name 'kEngineEvalEmissionThrottleDelay'.
        async.elapse(kEngineEvalEmissionThrottleDelay);
                     ^^^^^^^^^^^^^^^^^^^^^^^^^^^^^^^^
test/model/engine/evaluation_service_test.dart:1223:32: Error: Undefined name 'EngineState'.
        expect(e4State?.state, EngineState.initial);
                               ^^^^^^^^^^^
test/model/engine/evaluation_service_test.dart:1233:40: Error: Undefined name 'evaluationServiceProvider'.
        final service = container.read(evaluationServiceProvider);
                                       ^^^^^^^^^^^^^^^^^^^^^^^^^
test/model/engine/evaluation_service_test.dart:1235:9: Error: 'EngineEvaluationState' isn't a type.
        EngineEvaluationState? latestState;
        ^^^^^^^^^^^^^^^^^^^^^
test/model/engine/evaluation_service_test.dart:1237:47: Error: Couldn't find constructor 'StringId'.
          engineEvaluationProvider((id: const StringId('test'), path: UciPath.empty)),
                                              ^^^^^^^^
test/model/engine/evaluation_service_test.dart:1237:71: Error: Undefined name 'UciPath'.
          engineEvaluationProvider((id: const StringId('test'), path: UciPath.empty)),
                                                                      ^^^^^^^
test/model/engine/evaluation_service_test.dart:1237:11: Error: Method not found: 'engineEvaluationProvider'.
          engineEvaluationProvider((id: const StringId('test'), path: UciPath.empty)),
          ^^^^^^^^^^^^^^^^^^^^^^^^
test/model/engine/evaluation_service_test.dart:1250:22: Error: Undefined name 'kEngineEvalEmissionThrottleDelay'.
        async.elapse(kEngineEvalEmissionThrottleDelay);
                     ^^^^^^^^^^^^^^^^^^^^^^^^^^^^^^^^
test/model/engine/evaluation_service_test.dart:1266:40: Error: Undefined name 'evaluationServiceProvider'.
        final service = container.read(evaluationServiceProvider);
                                       ^^^^^^^^^^^^^^^^^^^^^^^^^
test/model/engine/evaluation_service_test.dart:1268:9: Error: 'EngineEvaluationState' isn't a type.
        EngineEvaluationState? latestState;
        ^^^^^^^^^^^^^^^^^^^^^
test/model/engine/evaluation_service_test.dart:1269:62: Error: Couldn't find constructor 'StringId'.
        container.listen(engineEvaluationProvider((id: const StringId('test'), path: null)), (
                                                             ^^^^^^^^
test/model/engine/evaluation_service_test.dart:1269:26: Error: Method not found: 'engineEvaluationProvider'.
        container.listen(engineEvaluationProvider((id: const StringId('test'), path: null)), (
                         ^^^^^^^^^^^^^^^^^^^^^^^^
test/model/engine/evaluation_service_test.dart:1282:22: Error: Undefined name 'kEngineEvalEmissionThrottleDelay'.
        async.elapse(kEngineEvalEmissionThrottleDelay);
                     ^^^^^^^^^^^^^^^^^^^^^^^^^^^^^^^^
test/model/engine/evaluation_service_test.dart:1300:42: Error: Undefined name 'evaluationServiceProvider'.
          final service = container.read(evaluationServiceProvider);
                                         ^^^^^^^^^^^^^^^^^^^^^^^^^
test/model/engine/evaluation_service_test.dart:1302:11: Error: 'EngineEvaluationState' isn't a type.
          EngineEvaluationState? game1State;
          ^^^^^^^^^^^^^^^^^^^^^
test/model/engine/evaluation_service_test.dart:1303:11: Error: 'EngineEvaluationState' isn't a type.
          EngineEvaluationState? game2State;
          ^^^^^^^^^^^^^^^^^^^^^
test/model/engine/evaluation_service_test.dart:1306:49: Error: Couldn't find constructor 'StringId'.
            engineEvaluationProvider((id: const StringId('game1'), path: UciPath.empty)),
                                                ^^^^^^^^
test/model/engine/evaluation_service_test.dart:1306:74: Error: Undefined name 'UciPath'.
            engineEvaluationProvider((id: const StringId('game1'), path: UciPath.empty)),
                                                                         ^^^^^^^
test/model/engine/evaluation_service_test.dart:1306:13: Error: Method not found: 'engineEvaluationProvider'.
            engineEvaluationProvider((id: const StringId('game1'), path: UciPath.empty)),
            ^^^^^^^^^^^^^^^^^^^^^^^^
test/model/engine/evaluation_service_test.dart:1314:49: Error: Couldn't find constructor 'StringId'.
            engineEvaluationProvider((id: const StringId('game2'), path: UciPath.empty)),
                                                ^^^^^^^^
test/model/engine/evaluation_service_test.dart:1314:74: Error: Undefined name 'UciPath'.
            engineEvaluationProvider((id: const StringId('game2'), path: UciPath.empty)),
                                                                         ^^^^^^^
test/model/engine/evaluation_service_test.dart:1314:13: Error: Method not found: 'engineEvaluationProvider'.
            engineEvaluationProvider((id: const StringId('game2'), path: UciPath.empty)),
            ^^^^^^^^^^^^^^^^^^^^^^^^
test/model/engine/evaluation_service_test.dart:1322:44: Error: Couldn't find constructor 'StringId'.
          final work1 = makeWork(id: const StringId('game1'));
                                           ^^^^^^^^
test/model/engine/evaluation_service_test.dart:1328:24: Error: Undefined name 'kEngineEvalEmissionThrottleDelay'.
          async.elapse(kEngineEvalEmissionThrottleDelay);
                       ^^^^^^^^^^^^^^^^^^^^^^^^^^^^^^^^
test/model/engine/evaluation_service_test.dart:1341:37: Error: Undefined name 'EngineState'.
          expect(game2State?.state, EngineState.initial);
                                    ^^^^^^^^^^^
test/model/engine/evaluation_service_test.dart:1352:40: Error: Undefined name 'evaluationServiceProvider'.
        final service = container.read(evaluationServiceProvider);
                                       ^^^^^^^^^^^^^^^^^^^^^^^^^
test/model/engine/evaluation_service_test.dart:1354:9: Error: 'EngineEvaluationState' isn't a type.
        EngineEvaluationState? game1State;
        ^^^^^^^^^^^^^^^^^^^^^
test/model/engine/evaluation_service_test.dart:1356:62: Error: Couldn't find constructor 'StringId'.
        container.listen(engineEvaluationProvider((id: const StringId('game1'), path: null)), (
                                                             ^^^^^^^^
test/model/engine/evaluation_service_test.dart:1356:26: Error: Method not found: 'engineEvaluationProvider'.
        container.listen(engineEvaluationProvider((id: const StringId('game1'), path: null)), (
                         ^^^^^^^^^^^^^^^^^^^^^^^^
test/model/engine/evaluation_service_test.dart:1363:42: Error: Couldn't find constructor 'StringId'.
        final work1 = makeWork(id: const StringId('game1'));
                                         ^^^^^^^^
test/model/engine/evaluation_service_test.dart:1369:22: Error: Undefined name 'kEngineEvalEmissionThrottleDelay'.
        async.elapse(kEngineEvalEmissionThrottleDelay);
                     ^^^^^^^^^^^^^^^^^^^^^^^^^^^^^^^^
test/model/engine/evaluation_service_test.dart:1376:35: Error: Undefined name 'EngineState'.
        expect(game1State?.state, EngineState.initial, reason: 'game1 notifier should be reset');
                                  ^^^^^^^^^^^
test/model/engine/evaluation_service_test.dart:1387:40: Error: Undefined name 'evaluationServiceProvider'.
        final service = container.read(evaluationServiceProvider);
                                       ^^^^^^^^^^^^^^^^^^^^^^^^^
test/model/engine/evaluation_service_test.dart:1389:9: Error: 'EngineEvaluationState' isn't a type.
        EngineEvaluationState? latestState;
        ^^^^^^^^^^^^^^^^^^^^^
test/model/engine/evaluation_service_test.dart:1391:47: Error: Couldn't find constructor 'StringId'.
          engineEvaluationProvider((id: const StringId('test'), path: UciPath.empty)),
                                              ^^^^^^^^
test/model/engine/evaluation_service_test.dart:1391:71: Error: Undefined name 'UciPath'.
          engineEvaluationProvider((id: const StringId('test'), path: UciPath.empty)),
                                                                      ^^^^^^^
test/model/engine/evaluation_service_test.dart:1391:11: Error: Method not found: 'engineEvaluationProvider'.
          engineEvaluationProvider((id: const StringId('test'), path: UciPath.empty)),
          ^^^^^^^^^^^^^^^^^^^^^^^^
test/model/engine/evaluation_service_test.dart:1407:22: Error: Undefined name 'kEngineEvalEmissionThrottleDelay'.
        async.elapse(kEngineEvalEmissionThrottleDelay);
                     ^^^^^^^^^^^^^^^^^^^^^^^^^^^^^^^^
test/model/engine/evaluation_service_test.dart:1411:22: Error: Undefined name 'kEngineEvalEmissionThrottleDelay'.
        async.elapse(kEngineEvalEmissionThrottleDelay);
                     ^^^^^^^^^^^^^^^^^^^^^^^^^^^^^^^^
test/model/engine/evaluation_service_test.dart:1424:36: Error: Undefined name 'EngineState'.
        expect(latestState?.state, EngineState.initial);
                                   ^^^^^^^^^^^
test/model/engine/evaluation_service_test.dart:1432:22: Error: Undefined name 'kEngineEvalEmissionThrottleDelay'.
        async.elapse(kEngineEvalEmissionThrottleDelay);
                     ^^^^^^^^^^^^^^^^^^^^^^^^^^^^^^^^
test/model/engine/evaluation_service_test.dart:1440:36: Error: Undefined name 'EngineState'.
        expect(latestState?.state, EngineState.initial);
                                   ^^^^^^^^^^^
test/model/engine/evaluation_service_test.dart:1448:38: Error: Undefined name 'evaluationServiceProvider'.
      final service = container.read(evaluationServiceProvider);
                                     ^^^^^^^^^^^^^^^^^^^^^^^^^
test/model/engine/evaluation_service_test.dart:1462:38: Error: Undefined name 'evaluationServiceProvider'.
      final service = container.read(evaluationServiceProvider);
                                     ^^^^^^^^^^^^^^^^^^^^^^^^^
test/model/engine/evaluation_service_test.dart:1475:38: Error: Undefined name 'evaluationServiceProvider'.
      final service = container.read(evaluationServiceProvider);
                                     ^^^^^^^^^^^^^^^^^^^^^^^^^
test/model/engine/evaluation_service_test.dart:1520:38: Error: Undefined name 'evaluationServiceProvider'.
      final service = container.read(evaluationServiceProvider);
                                     ^^^^^^^^^^^^^^^^^^^^^^^^^
test/model/engine/evaluation_service_test.dart:1522:23: Error: 'EngineState' isn't a type.
      final states = <EngineState>[];
                      ^^^^^^^^^^^
test/model/engine/evaluation_service_test.dart:1533:31: Error: Undefined name 'EngineState'.
      expect(states, contains(EngineState.loading));
                              ^^^^^^^^^^^
test/model/engine/evaluation_service_test.dart:1534:33: Error: Undefined name 'EngineState'.
      expect(states.last, anyOf(EngineState.idle, EngineState.computing));
                                ^^^^^^^^^^^
test/model/engine/evaluation_service_test.dart:1534:51: Error: Undefined name 'EngineState'.
      expect(states.last, anyOf(EngineState.idle, EngineState.computing));
                                                  ^^^^^^^^^^^
test/model/engine/evaluation_service_test.dart:1542:38: Error: Undefined name 'evaluationServiceProvider'.
      final service = container.read(evaluationServiceProvider);
                                     ^^^^^^^^^^^^^^^^^^^^^^^^^
test/model/engine/evaluation_service_test.dart:1560:38: Error: Undefined name 'evaluationServiceProvider'.
      final service = container.read(evaluationServiceProvider);
                                     ^^^^^^^^^^^^^^^^^^^^^^^^^
test/model/engine/evaluation_service_test.dart:1571:38: Error: Undefined name 'evaluationServiceProvider'.
      final service = container.read(evaluationServiceProvider);
                                     ^^^^^^^^^^^^^^^^^^^^^^^^^
test/model/engine/evaluation_service_test.dart:1576:28: Error: 'MoveResult' isn't a type.
      final moveResults = <MoveResult>[];
                           ^^^^^^^^^^
test/model/engine/evaluation_service_test.dart:1596:40: Error: Undefined name 'evaluationServiceProvider'.
        final service = container.read(evaluationServiceProvider);
                                       ^^^^^^^^^^^^^^^^^^^^^^^^^
test/model/engine/evaluation_service_test.dart:1628:40: Error: Undefined name 'evaluationServiceProvider'.
        final service = container.read(evaluationServiceProvider);
                                       ^^^^^^^^^^^^^^^^^^^^^^^^^
test/model/engine/evaluation_service_test.dart:1641:40: Error: 'MoveRequestCancelledException' isn't a type.
        expect(moveFuture, throwsA(isA<MoveRequestCancelledException>()));
                                       ^^^^^^^^^^^^^^^^^^^^^^^^^^^^^
test/model/engine/evaluation_service_test.dart:1651:40: Error: Undefined name 'evaluationServiceProvider'.
        final service = container.read(evaluationServiceProvider);
                                       ^^^^^^^^^^^^^^^^^^^^^^^^^
test/model/engine/evaluation_service_test.dart:1665:37: Error: 'MoveRequestCancelledException' isn't a type.
        expect(future1, throwsA(isA<MoveRequestCancelledException>()));
                                    ^^^^^^^^^^^^^^^^^^^^^^^^^^^^^
test/model/engine/evaluation_service_test.dart:1681:38: Error: Undefined name 'evaluationServiceProvider'.
      final service = container.read(evaluationServiceProvider);
                                     ^^^^^^^^^^^^^^^^^^^^^^^^^
test/model/engine/evaluation_service_test.dart:1464:41: Error: The static getter or field 'level6' isn't defined for the type 'invalid-type'.
Try correcting the name to the name of an existing static getter or field, or defining a getter or field named 'level6'.
      final work = makeMoveWork(level: .level6);
                                        ^^^^^^
test/model/engine/evaluation_service_test.dart:1477:41: Error: The static getter or field 'level2' isn't defined for the type 'invalid-type'.
Try correcting the name to the name of an existing static getter or field, or defining a getter or field named 'level2'.
      final work = makeMoveWork(level: .level2);
                                        ^^^^^^
test/model/engine/evaluation_service_test.dart:1484:43: Error: The static getter or field 'level1' isn't defined for the type 'invalid-type'.
Try correcting the name to the name of an existing static getter or field, or defining a getter or field named 'level1'.
      final level1 = makeMoveWork(level: .level1);
                                          ^^^^^^
test/model/engine/evaluation_service_test.dart:1485:43: Error: The static getter or field 'level5' isn't defined for the type 'invalid-type'.
Try correcting the name to the name of an existing static getter or field, or defining a getter or field named 'level5'.
      final level5 = makeMoveWork(level: .level5);
                                          ^^^^^^
test/model/engine/evaluation_service_test.dart:1486:43: Error: The static getter or field 'level8' isn't defined for the type 'invalid-type'.
Try correcting the name to the name of an existing static getter or field, or defining a getter or field named 'level8'.
      final level8 = makeMoveWork(level: .level8);
                                          ^^^^^^
test/model/engine/evaluation_service_test.dart:1487:44: Error: The static getter or field 'level12' isn't defined for the type 'invalid-type'.
Try correcting the name to the name of an existing static getter or field, or defining a getter or field named 'level12'.
      final level12 = makeMoveWork(level: .level12);
                                           ^^^^^^^
test/model/engine/evaluation_service_test.dart:1496:43: Error: The static getter or field 'level1' isn't defined for the type 'invalid-type'.
Try correcting the name to the name of an existing static getter or field, or defining a getter or field named 'level1'.
      final level1 = makeMoveWork(level: .level1);
                                          ^^^^^^
test/model/engine/evaluation_service_test.dart:1497:43: Error: The static getter or field 'level5' isn't defined for the type 'invalid-type'.
Try correcting the name to the name of an existing static getter or field, or defining a getter or field named 'level5'.
      final level5 = makeMoveWork(level: .level5);
                                          ^^^^^^
test/model/engine/evaluation_service_test.dart:1498:43: Error: The static getter or field 'level6' isn't defined for the type 'invalid-type'.
Try correcting the name to the name of an existing static getter or field, or defining a getter or field named 'level6'.
      final level6 = makeMoveWork(level: .level6);
                                          ^^^^^^
test/model/engine/evaluation_service_test.dart:1499:44: Error: The static getter or field 'level12' isn't defined for the type 'invalid-type'.
Try correcting the name to the name of an existing static getter or field, or defining a getter or field named 'level12'.
      final level12 = makeMoveWork(level: .level12);
                                           ^^^^^^^
test/model/engine/evaluation_service_test.dart:1509:43: Error: The static getter or field 'level1' isn't defined for the type 'invalid-type'.
Try correcting the name to the name of an existing static getter or field, or defining a getter or field named 'level1'.
      final level1 = makeMoveWork(level: .level1);
                                          ^^^^^^
test/model/engine/evaluation_service_test.dart:1510:43: Error: The static getter or field 'level6' isn't defined for the type 'invalid-type'.
Try correcting the name to the name of an existing static getter or field, or defining a getter or field named 'level6'.
      final level6 = makeMoveWork(level: .level6);
                                          ^^^^^^
test/model/engine/evaluation_service_test.dart:1511:44: Error: The static getter or field 'level10' isn't defined for the type 'invalid-type'.
Try correcting the name to the name of an existing static getter or field, or defining a getter or field named 'level10'.
      final level10 = makeMoveWork(level: .level10);
                                           ^^^^^^^
test/model/engine/evaluation_service_test.dart:1545:45: Error: The static getter or field 'level6' isn't defined for the type 'invalid-type'.
Try correcting the name to the name of an existing static getter or field, or defining a getter or field named 'level6'.
      final moveWork = makeMoveWork(level: .level6);
                                            ^^^^^^
test/model/engine/evaluation_service_test.dart:1653:44: Error: The static getter or field 'level3' isn't defined for the type 'invalid-type'.
Try correcting the name to the name of an existing static getter or field, or defining a getter or field named 'level3'.
        final work1 = makeMoveWork(level: .level3);
                                           ^^^^^^
test/model/engine/evaluation_service_test.dart:1654:44: Error: The static getter or field 'level6' isn't defined for the type 'invalid-type'.
Try correcting the name to the name of an existing static getter or field, or defining a getter or field named 'level6'.
        final work2 = makeMoveWork(level: .level6);
                                           ^^^^^^
test/binding.dart:37:46: Error: Undefined name 'ExoChessBinding'.
  static TestExoChessBinding get instance => ExoChessBinding.checkInstance(_instance);
                                             ^^^^^^^^^^^^^^^
test/binding.dart:42:11: Error: Superclass has no method named 'initInstance'.
    super.initInstance();
          ^^^^^^^^^^^^
test/test_container.dart:39:34: Error: Undefined name 'httpClientFactoryProvider'.
      httpClientFactoryProvider: httpClientFactoryProvider.overrideWith((ref) {
                                 ^^^^^^^^^^^^^^^^^^^^^^^^^
test/test_container.dart:39:7: Error: Undefined name 'httpClientFactoryProvider'.
      httpClientFactoryProvider: httpClientFactoryProvider.overrideWith((ref) {
      ^^^^^^^^^^^^^^^^^^^^^^^^^
test/test_container.dart:49:3: Error: 'AuthUser' isn't a type.
  AuthUser? authUser,
  ^^^^^^^^
test/test_container.dart:53:46: Error: Undefined name 'kSRIStorageKey'.
  FlutterSecureStorage.setMockInitialValues({kSRIStorageKey: 'test'});
                                             ^^^^^^^^^^^^^^
test/test_container.dart:56:26: Error: Undefined name 'nnueServiceProvider'.
    nnueServiceProvider: nnueServiceProvider.overrideWithValue(FakeNnueService()),
                         ^^^^^^^^^^^^^^^^^^^
test/test_container.dart:56:5: Error: Undefined name 'nnueServiceProvider'.
    nnueServiceProvider: nnueServiceProvider.overrideWithValue(FakeNnueService()),
    ^^^^^^^^^^^^^^^^^^^
test/test_container.dart:57:33: Error: Undefined name 'connectivityPluginProvider'.
    connectivityPluginProvider: connectivityPluginProvider.overrideWith((_) {
                                ^^^^^^^^^^^^^^^^^^^^^^^^^^
test/test_container.dart:57:5: Error: Undefined name 'connectivityPluginProvider'.
    connectivityPluginProvider: connectivityPluginProvider.overrideWith((_) {
    ^^^^^^^^^^^^^^^^^^^^^^^^^^
test/test_container.dart:60:34: Error: Undefined name 'notificationDisplayProvider'.
    notificationDisplayProvider: notificationDisplayProvider.overrideWith((ref) {
                                 ^^^^^^^^^^^^^^^^^^^^^^^^^^^
test/test_container.dart:60:5: Error: Undefined name 'notificationDisplayProvider'.
    notificationDisplayProvider: notificationDisplayProvider.overrideWith((ref) {
    ^^^^^^^^^^^^^^^^^^^^^^^^^^^
test/test_container.dart:64:24: Error: Method not found: 'openAppDatabase'.
      final db = await openAppDatabase(databaseFactoryFfi, inMemoryDatabasePath);
                       ^^^^^^^^^^^^^^^
test/test_container.dart:63:23: Error: Undefined name 'databaseProvider'.
    databaseProvider: databaseProvider.overrideWith((ref) async {
                      ^^^^^^^^^^^^^^^^
test/test_container.dart:63:5: Error: Undefined name 'databaseProvider'.
    databaseProvider: databaseProvider.overrideWith((ref) async {
    ^^^^^^^^^^^^^^^^
test/test_container.dart:68:38: Error: Undefined name 'webSocketChannelFactoryProvider'.
    webSocketChannelFactoryProvider: webSocketChannelFactoryProvider.overrideWith((ref) {
                                     ^^^^^^^^^^^^^^^^^^^^^^^^^^^^^^^
test/test_container.dart:68:5: Error: Undefined name 'webSocketChannelFactoryProvider'.
    webSocketChannelFactoryProvider: webSocketChannelFactoryProvider.overrideWith((ref) {
    ^^^^^^^^^^^^^^^^^^^^^^^^^^^^^^^
test/test_container.dart:72:20: Error: Method not found: 'SocketPool'.
      final pool = SocketPool(ref);
                   ^^^^^^^^^^
test/test_container.dart:71:25: Error: Undefined name 'socketPoolProvider'.
    socketPoolProvider: socketPoolProvider.overrideWith((ref) {
                        ^^^^^^^^^^^^^^^^^^
test/test_container.dart:71:5: Error: Undefined name 'socketPoolProvider'.
    socketPoolProvider: socketPoolProvider.overrideWith((ref) {
    ^^^^^^^^^^^^^^^^^^
test/test_container.dart:76:32: Error: Undefined name 'httpClientFactoryProvider'.
    httpClientFactoryProvider: httpClientFactoryProvider.overrideWith((ref) {
                               ^^^^^^^^^^^^^^^^^^^^^^^^^
test/test_container.dart:76:5: Error: Undefined name 'httpClientFactoryProvider'.
    httpClientFactoryProvider: httpClientFactoryProvider.overrideWith((ref) {
    ^^^^^^^^^^^^^^^^^^^^^^^^^
test/test_container.dart:79:27: Error: Undefined name 'soundServiceProvider'.
    soundServiceProvider: soundServiceProvider.overrideWithValue(FakeSoundService()),
                          ^^^^^^^^^^^^^^^^^^^^
test/test_container.dart:79:5: Error: Undefined name 'soundServiceProvider'.
    soundServiceProvider: soundServiceProvider.overrideWithValue(FakeSoundService()),
    ^^^^^^^^^^^^^^^^^^^^
test/test_container.dart:80:28: Error: Undefined name 'preloadedDataProvider'.
    preloadedDataProvider: preloadedDataProvider.overrideWith((ref) {
                           ^^^^^^^^^^^^^^^^^^^^^
test/test_container.dart:80:5: Error: Undefined name 'preloadedDataProvider'.
    preloadedDataProvider: preloadedDataProvider.overrideWith((ref) {
    ^^^^^^^^^^^^^^^^^^^^^
test/model/common/service/fake_sound_service.dart:7:21: Error: 'Sound' isn't a type.
  Future<void> play(Sound sound, {double? volume}) async {}
                    ^^^^^
test/model/common/service/fake_sound_service.dart:10:33: Error: 'Variant' isn't a type.
  Future<void> playCaptureSound(Variant variant, {double? volume}) async {}
                                ^^^^^^^
test/model/common/service/fake_sound_service.dart:13:28: Error: 'SoundTheme' isn't a type.
  Future<void> changeTheme(SoundTheme theme, {bool playSound = false}) async {}
                           ^^^^^^^^^^
00:00 +0 -13: loading /home/flcsezz/mobile/test/model/engine/evaluation_service_test.dart [E]
  Failed to load "/home/flcsezz/mobile/test/model/engine/evaluation_service_test.dart":
  Compilation failed for testPath=/home/flcsezz/mobile/test/model/engine/evaluation_service_test.dart: Error: Couldn't resolve the package 'exochess_mobile' in 'package:exochess_mobile/src/model/common/chess.dart'.
  Error: Couldn't resolve the package 'exochess_mobile' in 'package:exochess_mobile/src/model/common/id.dart'.
  Error: Couldn't resolve the package 'exochess_mobile' in 'package:exochess_mobile/src/model/common/uci.dart'.
  Error: Couldn't resolve the package 'exochess_mobile' in 'package:exochess_mobile/src/model/engine/evaluation_service.dart'.
  Error: Couldn't resolve the package 'exochess_mobile' in 'package:exochess_mobile/src/model/engine/nnue_service.dart'.
  Error: Couldn't resolve the package 'exochess_mobile' in 'package:exochess_mobile/src/model/engine/stockfish_level.dart'.
  Error: Couldn't resolve the package 'exochess_mobile' in 'package:exochess_mobile/src/model/engine/work.dart'.
  test/model/engine/evaluation_service_test.dart:5:8: Error: Not found: 'package:exochess_mobile/src/model/common/chess.dart'
  import 'package:exochess_mobile/src/model/common/chess.dart';
         ^
  test/model/engine/evaluation_service_test.dart:6:8: Error: Not found: 'package:exochess_mobile/src/model/common/id.dart'
  import 'package:exochess_mobile/src/model/common/id.dart';
         ^
  test/model/engine/evaluation_service_test.dart:7:8: Error: Not found: 'package:exochess_mobile/src/model/common/uci.dart'
  import 'package:exochess_mobile/src/model/common/uci.dart';
         ^
  test/model/engine/evaluation_service_test.dart:8:8: Error: Not found: 'package:exochess_mobile/src/model/engine/evaluation_service.dart'
  import 'package:exochess_mobile/src/model/engine/evaluation_service.dart';
         ^
  test/model/engine/evaluation_service_test.dart:9:8: Error: Not found: 'package:exochess_mobile/src/model/engine/nnue_service.dart'
  import 'package:exochess_mobile/src/model/engine/nnue_service.dart';
         ^
  test/model/engine/evaluation_service_test.dart:10:8: Error: Not found: 'package:exochess_mobile/src/model/engine/stockfish_level.dart'
  import 'package:exochess_mobile/src/model/engine/stockfish_level.dart';
         ^
  test/model/engine/evaluation_service_test.dart:11:8: Error: Not found: 'package:exochess_mobile/src/model/engine/work.dart'
  import 'package:exochess_mobile/src/model/engine/work.dart';
         ^
  Error: Couldn't resolve the package 'exochess_mobile' in 'package:exochess_mobile/src/binding.dart'.
  Error: Couldn't resolve the package 'exochess_mobile' in 'package:exochess_mobile/src/constants.dart'.
  Error: Couldn't resolve the package 'exochess_mobile' in 'package:exochess_mobile/src/db/database.dart'.
  Error: Couldn't resolve the package 'exochess_mobile' in 'package:exochess_mobile/src/model/auth/auth_controller.dart'.
  Error: Couldn't resolve the package 'exochess_mobile' in 'package:exochess_mobile/src/model/common/preloaded_data.dart'.
  Error: Couldn't resolve the package 'exochess_mobile' in 'package:exochess_mobile/src/model/common/service/sound_service.dart'.
  test/test_container.dart:13:8: Error: Not found: 'package:exochess_mobile/src/model/engine/nnue_service.dart'
  import 'package:exochess_mobile/src/model/engine/nnue_service.dart';
         ^
  Error: Couldn't resolve the package 'exochess_mobile' in 'package:exochess_mobile/src/model/notifications/notification_service.dart'.
  Error: Couldn't resolve the package 'exochess_mobile' in 'package:exochess_mobile/src/network/connectivity.dart'.
  Error: Couldn't resolve the package 'exochess_mobile' in 'package:exochess_mobile/src/network/http.dart'.
  Error: Couldn't resolve the package 'exochess_mobile' in 'package:exochess_mobile/src/network/socket.dart'.
  test/model/engine/fake_nnue_service.dart:4:8: Error: Not found: 'package:exochess_mobile/src/model/engine/nnue_service.dart'
  import 'package:exochess_mobile/src/model/engine/nnue_service.dart';
         ^
  test/binding.dart:4:8: Error: Not found: 'package:exochess_mobile/src/binding.dart'
  import 'package:exochess_mobile/src/binding.dart';
         ^
  test/test_container.dart:8:8: Error: Not found: 'package:exochess_mobile/src/constants.dart'
  import 'package:exochess_mobile/src/constants.dart';
         ^
  test/test_container.dart:9:8: Error: Not found: 'package:exochess_mobile/src/db/database.dart'
  import 'package:exochess_mobile/src/db/database.dart';
         ^
  test/test_container.dart:10:8: Error: Not found: 'package:exochess_mobile/src/model/auth/auth_controller.dart'
  import 'package:exochess_mobile/src/model/auth/auth_controller.dart';
         ^
  test/test_container.dart:11:8: Error: Not found: 'package:exochess_mobile/src/model/common/preloaded_data.dart'
  import 'package:exochess_mobile/src/model/common/preloaded_data.dart';
         ^
  test/test_container.dart:12:8: Error: Not found: 'package:exochess_mobile/src/model/common/service/sound_service.dart'
  import 'package:exochess_mobile/src/model/common/service/sound_service.dart';
         ^
  test/test_container.dart:14:8: Error: Not found: 'package:exochess_mobile/src/model/notifications/notification_service.dart'
  import 'package:exochess_mobile/src/model/notifications/notification_service.dart';
         ^
  test/test_container.dart:15:8: Error: Not found: 'package:exochess_mobile/src/network/connectivity.dart'
  import 'package:exochess_mobile/src/network/connectivity.dart';
         ^
  test/test_container.dart:16:8: Error: Not found: 'package:exochess_mobile/src/network/http.dart'
  import 'package:exochess_mobile/src/network/http.dart';
         ^
  test/test_container.dart:17:8: Error: Not found: 'package:exochess_mobile/src/network/socket.dart'
  import 'package:exochess_mobile/src/network/socket.dart';
         ^
  test/model/common/service/fake_sound_service.dart:1:8: Error: Not found: 'package:exochess_mobile/src/model/common/chess.dart'
  import 'package:exochess_mobile/src/model/common/chess.dart';
         ^
  test/model/common/service/fake_sound_service.dart:2:8: Error: Not found: 'package:exochess_mobile/src/model/common/service/sound_service.dart'
  import 'package:exochess_mobile/src/model/common/service/sound_service.dart';
         ^
  Error: Couldn't resolve the package 'exochess_mobile' in 'package:exochess_mobile/src/model/settings/general_preferences.dart'.
  test/network/fake_http_client_factory.dart:2:8: Error: Not found: 'package:exochess_mobile/src/network/http.dart'
  import 'package:exochess_mobile/src/network/http.dart';
         ^
  test/network/fake_websocket_channel.dart:6:8: Error: Not found: 'package:exochess_mobile/src/network/socket.dart'
  import 'package:exochess_mobile/src/network/socket.dart';
         ^
  test/model/common/service/fake_sound_service.dart:3:8: Error: Not found: 'package:exochess_mobile/src/model/settings/general_preferences.dart'
  import 'package:exochess_mobile/src/model/settings/general_preferences.dart';
         ^
  test/model/engine/evaluation_service_test.dart:19:1: Error: Type 'EvalWork' not found.
  EvalWork makeWork({
  ^^^^^^^^
  test/model/engine/evaluation_service_test.dart:20:3: Error: Type 'StringId' not found.
    StringId? id,
    ^^^^^^^^
  test/model/engine/evaluation_service_test.dart:21:3: Error: Type 'UciPath' not found.
    UciPath? path,
    ^^^^^^^
  test/model/engine/evaluation_service_test.dart:23:3: Error: Type 'Variant' not found.
    Variant variant = Variant.standard,
    ^^^^^^^
  test/model/engine/evaluation_service_test.dart:41:1: Error: Type 'MoveWork' not found.
  MoveWork makeMoveWork({
  ^^^^^^^^
  test/model/engine/evaluation_service_test.dart:42:3: Error: Type 'StringId' not found.
    StringId? id,
    ^^^^^^^^
  test/model/engine/evaluation_service_test.dart:43:3: Error: Type 'StockfishLevel' not found.
    StockfishLevel level = StockfishLevel.level3,
    ^^^^^^^^^^^^^^
  test/model/engine/evaluation_service_test.dart:45:3: Error: Type 'Variant' not found.
    Variant variant = Variant.standard,
    ^^^^^^^
  test/binding.dart:14:35: Error: Type 'ExoChessBinding' not found.
  class TestExoChessBinding extends ExoChessBinding {
                                    ^^^^^^^^^^^^^^^
  test/test_container.dart:49:3: Error: Type 'AuthUser' not found.
    AuthUser? authUser,
    ^^^^^^^^
  test/model/engine/fake_nnue_service.dart:13:34: Error: Type 'NnueService' not found.
  class FakeNnueService implements NnueService {
                                   ^^^^^^^^^^^
  test/model/engine/fake_nnue_service.dart:25:3: Error: Type 'NNUEFiles' not found.
    NNUEFiles get nnueFiles {
    ^^^^^^^^^
  test/model/engine/fake_nnue_service.dart:56:45: Error: Type 'NnueService' not found.
  class FakeNnueServiceUnavailable implements NnueService {
                                              ^^^^^^^^^^^
  test/model/engine/fake_nnue_service.dart:68:3: Error: Type 'NNUEFiles' not found.
    NNUEFiles get nnueFiles {
    ^^^^^^^^^
  test/model/common/service/fake_sound_service.dart:5:35: Error: Type 'SoundService' not found.
  class FakeSoundService implements SoundService {
                                    ^^^^^^^^^^^^
  test/model/common/service/fake_sound_service.dart:7:21: Error: Type 'Sound' not found.
    Future<void> play(Sound sound, {double? volume}) async {}
                      ^^^^^
  test/model/common/service/fake_sound_service.dart:10:33: Error: Type 'Variant' not found.
    Future<void> playCaptureSound(Variant variant, {double? volume}) async {}
                                  ^^^^^^^
  test/model/common/service/fake_sound_service.dart:13:28: Error: Type 'SoundTheme' not found.
    Future<void> changeTheme(SoundTheme theme, {bool playSound = false}) async {}
                             ^^^^^^^^^^
  test/network/fake_http_client_factory.dart:4:40: Error: Type 'HttpClientFactory' not found.
  class FakeHttpClientFactory implements HttpClientFactory {
                                         ^^^^^^^^^^^^^^^^^
  test/network/fake_websocket_channel.dart:24:56: Error: Type 'WebSocketChannelFactory' not found.
  class ListenableFakeWebSocketChannelFactory implements WebSocketChannelFactory {
                                                         ^^^^^^^^^^^^^^^^^^^^^^^
  test/network/fake_websocket_channel.dart:65:46: Error: Type 'WebSocketChannelFactory' not found.
  class FakeWebSocketChannelFactory implements WebSocketChannelFactory {
                                               ^^^^^^^^^^^^^^^^^^^^^^^
  test/model/engine/evaluation_service_test.dart:20:3: Error: 'StringId' isn't a type.
    StringId? id,
    ^^^^^^^^
  test/model/engine/evaluation_service_test.dart:21:3: Error: 'UciPath' isn't a type.
    UciPath? path,
    ^^^^^^^
  test/model/engine/evaluation_service_test.dart:23:3: Error: 'Variant' isn't a type.
    Variant variant = Variant.standard,
    ^^^^^^^
  test/model/engine/evaluation_service_test.dart:23:21: Error: Undefined name 'Variant'.
    Variant variant = Variant.standard,
                      ^^^^^^^
  test/model/engine/evaluation_service_test.dart:28:21: Error: Couldn't find constructor 'StringId'.
      id: id ?? const StringId('test'),
                      ^^^^^^^^
  test/model/engine/evaluation_service_test.dart:32:19: Error: Undefined name 'UciPath'.
      path: path ?? UciPath.empty,
                    ^^^^^^^
  test/model/engine/evaluation_service_test.dart:36:29: Error: 'Step' isn't a type.
      steps: const IListConst<Step>([]),
                              ^^^^
  test/model/engine/evaluation_service_test.dart:27:10: Error: Method not found: 'EvalWork'.
    return EvalWork(
           ^^^^^^^^
  test/model/engine/evaluation_service_test.dart:42:3: Error: 'StringId' isn't a type.
    StringId? id,
    ^^^^^^^^
  test/model/engine/evaluation_service_test.dart:43:3: Error: 'StockfishLevel' isn't a type.
    StockfishLevel level = StockfishLevel.level3,
    ^^^^^^^^^^^^^^
  test/model/engine/evaluation_service_test.dart:43:26: Error: Undefined name 'StockfishLevel'.
    StockfishLevel level = StockfishLevel.level3,
                           ^^^^^^^^^^^^^^
  test/model/engine/evaluation_service_test.dart:45:3: Error: 'Variant' isn't a type.
    Variant variant = Variant.standard,
    ^^^^^^^
  test/model/engine/evaluation_service_test.dart:45:21: Error: Undefined name 'Variant'.
    Variant variant = Variant.standard,
                      ^^^^^^^
  test/model/engine/evaluation_service_test.dart:48:21: Error: Couldn't find constructor 'StringId'.
      id: id ?? const StringId('test'),
                      ^^^^^^^^
  test/model/engine/evaluation_service_test.dart:51:29: Error: 'Step' isn't a type.
      steps: const IListConst<Step>([]),
                              ^^^^
  test/model/engine/evaluation_service_test.dart:47:10: Error: Method not found: 'MoveWork'.
    return MoveWork(
           ^^^^^^^^
  test/model/engine/evaluation_service_test.dart:66:38: Error: Undefined name 'evaluationServiceProvider'.
        final service = container.read(evaluationServiceProvider);
                                       ^^^^^^^^^^^^^^^^^^^^^^^^^
  test/model/engine/evaluation_service_test.dart:68:51: Error: Undefined name 'EngineState'.
        expect(service.evaluationState.value.state, EngineState.initial);
                                                    ^^^^^^^^^^^
  test/model/engine/evaluation_service_test.dart:75:38: Error: Undefined name 'evaluationServiceProvider'.
        final service = container.read(evaluationServiceProvider);
                                       ^^^^^^^^^^^^^^^^^^^^^^^^^
  test/model/engine/evaluation_service_test.dart:78:23: Error: 'EngineState' isn't a type.
        final states = <EngineState>[];
                        ^^^^^^^^^^^
  test/model/engine/evaluation_service_test.dart:92:31: Error: Undefined name 'EngineState'.
        expect(states, contains(EngineState.loading));
                                ^^^^^^^^^^^
  test/model/engine/evaluation_service_test.dart:93:33: Error: Undefined name 'EngineState'.
        expect(states.last, anyOf(EngineState.idle, EngineState.computing));
                                  ^^^^^^^^^^^
  test/model/engine/evaluation_service_test.dart:93:51: Error: Undefined name 'EngineState'.
        expect(states.last, anyOf(EngineState.idle, EngineState.computing));
                                                    ^^^^^^^^^^^
  test/model/engine/evaluation_service_test.dart:98:38: Error: Undefined name 'evaluationServiceProvider'.
        final service = container.read(evaluationServiceProvider);
                                       ^^^^^^^^^^^^^^^^^^^^^^^^^
  test/model/engine/evaluation_service_test.dart:105:57: Error: Undefined name 'EngineState'.
        expect(service.evaluationState.value.state, isNot(EngineState.initial));
                                                          ^^^^^^^^^^^
  test/model/engine/evaluation_service_test.dart:113:51: Error: Undefined name 'EngineState'.
        expect(service.evaluationState.value.state, EngineState.initial);
                                                    ^^^^^^^^^^^
  test/model/engine/evaluation_service_test.dart:121:38: Error: Undefined name 'evaluationServiceProvider'.
        final service = container.read(evaluationServiceProvider);
                                       ^^^^^^^^^^^^^^^^^^^^^^^^^
  test/model/engine/evaluation_service_test.dart:129:53: Error: Undefined name 'EngineState'.
        while (service.evaluationState.value.state != EngineState.idle) {
                                                      ^^^^^^^^^^^
  test/model/engine/evaluation_service_test.dart:132:51: Error: Undefined name 'EngineState'.
        expect(service.evaluationState.value.state, EngineState.idle);
                                                    ^^^^^^^^^^^
  test/model/engine/evaluation_service_test.dart:137:23: Error: 'EngineState' isn't a type.
        final states = <EngineState>[];
                        ^^^^^^^^^^^
  test/model/engine/evaluation_service_test.dart:147:50: Error: Undefined name 'UciCharPair'.
        final work = makeWork(path: UciPath.fromId(UciCharPair.fromUci('e2e4')));
                                                   ^^^^^^^^^^^
  test/model/engine/evaluation_service_test.dart:147:35: Error: Undefined name 'UciPath'.
        final work = makeWork(path: UciPath.fromId(UciCharPair.fromUci('e2e4')));
                                    ^^^^^^^
  test/model/engine/evaluation_service_test.dart:155:53: Error: Undefined name 'EngineState'.
        while (service.evaluationState.value.state != EngineState.idle) {
                                                      ^^^^^^^^^^^
  test/model/engine/evaluation_service_test.dart:159:23: Error: Undefined name 'EngineState'.
        expect(states, [EngineState.computing, EngineState.idle]);
                        ^^^^^^^^^^^
  test/model/engine/evaluation_service_test.dart:159:46: Error: Undefined name 'EngineState'.
        expect(states, [EngineState.computing, EngineState.idle]);
                                               ^^^^^^^^^^^
  test/model/engine/evaluation_service_test.dart:164:38: Error: Undefined name 'evaluationServiceProvider'.
        final service = container.read(evaluationServiceProvider);
                                       ^^^^^^^^^^^^^^^^^^^^^^^^^
  test/model/engine/evaluation_service_test.dart:171:53: Error: Undefined name 'EngineState'.
        while (service.evaluationState.value.state != EngineState.idle) {
                                                      ^^^^^^^^^^^
  test/model/engine/evaluation_service_test.dart:176:42: Error: 'Work' isn't a type.
        final stream1ResultsBeforeWork2 = <Work>[];
                                           ^^^^
  test/model/engine/evaluation_service_test.dart:177:41: Error: 'Work' isn't a type.
        final stream1ResultsAfterWork2 = <Work>[];
                                          ^^^^
  test/model/engine/evaluation_service_test.dart:180:51: Error: Undefined name 'UciCharPair'.
        final work1 = makeWork(path: UciPath.fromId(UciCharPair.fromUci('e2e4')));
                                                    ^^^^^^^^^^^
  test/model/engine/evaluation_service_test.dart:180:36: Error: Undefined name 'UciPath'.
        final work1 = makeWork(path: UciPath.fromId(UciCharPair.fromUci('e2e4')));
                                     ^^^^^^^
  test/model/engine/evaluation_service_test.dart:201:51: Error: Undefined name 'UciCharPair'.
        final work2 = makeWork(path: UciPath.fromId(UciCharPair.fromUci('d2d4')));
                                                    ^^^^^^^^^^^
  test/model/engine/evaluation_service_test.dart:201:36: Error: Undefined name 'UciPath'.
        final work2 = makeWork(path: UciPath.fromId(UciCharPair.fromUci('d2d4')));
                                     ^^^^^^^
  test/model/engine/evaluation_service_test.dart:210:53: Error: Undefined name 'EngineState'.
        while (service.evaluationState.value.state != EngineState.idle) {
                                                      ^^^^^^^^^^^
  test/model/engine/evaluation_service_test.dart:223:38: Error: Undefined name 'evaluationServiceProvider'.
        final service = container.read(evaluationServiceProvider);
                                       ^^^^^^^^^^^^^^^^^^^^^^^^^
  test/model/engine/evaluation_service_test.dart:246:38: Error: Undefined name 'evaluationServiceProvider'.
        final service = container.read(evaluationServiceProvider);
                                       ^^^^^^^^^^^^^^^^^^^^^^^^^
  test/model/engine/evaluation_service_test.dart:248:51: Error: Undefined name 'UciCharPair'.
        final work1 = makeWork(path: UciPath.fromId(UciCharPair.fromUci('e2e4')));
                                                    ^^^^^^^^^^^
  test/model/engine/evaluation_service_test.dart:248:36: Error: Undefined name 'UciPath'.
        final work1 = makeWork(path: UciPath.fromId(UciCharPair.fromUci('e2e4')));
                                     ^^^^^^^
  test/model/engine/evaluation_service_test.dart:249:51: Error: Undefined name 'UciCharPair'.
        final work2 = makeWork(path: UciPath.fromId(UciCharPair.fromUci('d2d4')));
                                                    ^^^^^^^^^^^
  test/model/engine/evaluation_service_test.dart:249:36: Error: Undefined name 'UciPath'.
        final work2 = makeWork(path: UciPath.fromId(UciCharPair.fromUci('d2d4')));
                                     ^^^^^^^
  test/model/engine/evaluation_service_test.dart:250:51: Error: Undefined name 'UciCharPair'.
        final work3 = makeWork(path: UciPath.fromId(UciCharPair.fromUci('c2c4')));
                                                    ^^^^^^^^^^^
  test/model/engine/evaluation_service_test.dart:250:36: Error: Undefined name 'UciPath'.
        final work3 = makeWork(path: UciPath.fromId(UciCharPair.fromUci('c2c4')));
                                     ^^^^^^^
  test/model/engine/evaluation_service_test.dart:253:31: Error: 'Work' isn't a type.
        final stream1Results = <Work>[];
                                ^^^^
  test/model/engine/evaluation_service_test.dart:288:38: Error: Undefined name 'evaluationServiceProvider'.
        final service = container.read(evaluationServiceProvider);
                                       ^^^^^^^^^^^^^^^^^^^^^^^^^
  test/model/engine/evaluation_service_test.dart:291:51: Error: Undefined name 'UciCharPair'.
        final work2 = makeWork(path: UciPath.fromId(UciCharPair.fromUci('e2e4')));
                                                    ^^^^^^^^^^^
  test/model/engine/evaluation_service_test.dart:291:36: Error: Undefined name 'UciPath'.
        final work2 = makeWork(path: UciPath.fromId(UciCharPair.fromUci('e2e4')));
                                     ^^^^^^^
  test/model/engine/evaluation_service_test.dart:294:51: Error: Undefined name 'EngineState'.
        expect(service.evaluationState.value.state, EngineState.loading);
                                                    ^^^^^^^^^^^
  test/model/engine/evaluation_service_test.dart:311:38: Error: Undefined name 'evaluationServiceProvider'.
        final service = container.read(evaluationServiceProvider);
                                       ^^^^^^^^^^^^^^^^^^^^^^^^^
  test/model/engine/evaluation_service_test.dart:323:51: Error: Undefined name 'UciCharPair'.
        final work2 = makeWork(path: UciPath.fromId(UciCharPair.fromUci('e2e4')));
                                                    ^^^^^^^^^^^
  test/model/engine/evaluation_service_test.dart:323:36: Error: Undefined name 'UciPath'.
        final work2 = makeWork(path: UciPath.fromId(UciCharPair.fromUci('e2e4')));
                                     ^^^^^^^
  test/model/engine/evaluation_service_test.dart:340:38: Error: Undefined name 'evaluationServiceProvider'.
        final service = container.read(evaluationServiceProvider);
                                       ^^^^^^^^^^^^^^^^^^^^^^^^^
  test/model/engine/evaluation_service_test.dart:345:51: Error: Undefined name 'EngineState'.
        expect(service.evaluationState.value.state, EngineState.loading);
                                                    ^^^^^^^^^^^
  test/model/engine/evaluation_service_test.dart:358:38: Error: Undefined name 'evaluationServiceProvider'.
        final service = container.read(evaluationServiceProvider);
                                       ^^^^^^^^^^^^^^^^^^^^^^^^^
  test/model/engine/evaluation_service_test.dart:387:38: Error: Undefined name 'evaluationServiceProvider'.
        final service = container.read(evaluationServiceProvider);
                                       ^^^^^^^^^^^^^^^^^^^^^^^^^
  test/model/engine/evaluation_service_test.dart:409:38: Error: Undefined name 'evaluationServiceProvider'.
        final service = container.read(evaluationServiceProvider);
                                       ^^^^^^^^^^^^^^^^^^^^^^^^^
  test/model/engine/evaluation_service_test.dart:424:38: Error: Undefined name 'evaluationServiceProvider'.
        final service = container.read(evaluationServiceProvider);
                                       ^^^^^^^^^^^^^^^^^^^^^^^^^
  test/model/engine/evaluation_service_test.dart:434:38: Error: Undefined name 'evaluationServiceProvider'.
        final service = container.read(evaluationServiceProvider);
                                       ^^^^^^^^^^^^^^^^^^^^^^^^^
  test/model/engine/evaluation_service_test.dart:437:40: Error: Couldn't find constructor 'StringId'.
        final work1 = makeWork(id: const StringId('game1'));
                                         ^^^^^^^^
  test/model/engine/evaluation_service_test.dart:443:40: Error: Couldn't find constructor 'StringId'.
        final work2 = makeWork(id: const StringId('game2'));
                                         ^^^^^^^^
  test/model/engine/evaluation_service_test.dart:451:38: Error: Undefined name 'evaluationServiceProvider'.
        final service = container.read(evaluationServiceProvider);
                                       ^^^^^^^^^^^^^^^^^^^^^^^^^
  test/model/engine/evaluation_service_test.dart:466:38: Error: Undefined name 'evaluationServiceProvider'.
        final service = container.read(evaluationServiceProvider);
                                       ^^^^^^^^^^^^^^^^^^^^^^^^^
  test/model/engine/evaluation_service_test.dart:468:40: Error: Couldn't find constructor 'StringId'.
        final work1 = makeWork(id: const StringId('game1'));
                                         ^^^^^^^^
  test/model/engine/evaluation_service_test.dart:476:40: Error: Couldn't find constructor 'StringId'.
        final work2 = makeWork(id: const StringId('game1'), initialPosition: positionAfterE4);
                                         ^^^^^^^^
  test/model/engine/evaluation_service_test.dart:488:38: Error: Undefined name 'evaluationServiceProvider'.
        final service = container.read(evaluationServiceProvider);
                                       ^^^^^^^^^^^^^^^^^^^^^^^^^
  test/model/engine/evaluation_service_test.dart:490:40: Error: Couldn't find constructor 'StringId'.
        final work1 = makeWork(id: const StringId('game1'), variant: Variant.standard);
                                         ^^^^^^^^
  test/model/engine/evaluation_service_test.dart:490:68: Error: Undefined name 'Variant'.
        final work1 = makeWork(id: const StringId('game1'), variant: Variant.standard);
                                                                     ^^^^^^^
  test/model/engine/evaluation_service_test.dart:496:40: Error: Couldn't find constructor 'StringId'.
        final work2 = makeWork(id: const StringId('game1'), variant: Variant.atomic);
                                         ^^^^^^^^
  test/model/engine/evaluation_service_test.dart:496:68: Error: Undefined name 'Variant'.
        final work2 = makeWork(id: const StringId('game1'), variant: Variant.atomic);
                                                                     ^^^^^^^
  test/model/engine/evaluation_service_test.dart:508:38: Error: Undefined name 'evaluationServiceProvider'.
        final service = container.read(evaluationServiceProvider);
                                       ^^^^^^^^^^^^^^^^^^^^^^^^^
  test/model/engine/evaluation_service_test.dart:510:40: Error: Couldn't find constructor 'StringId'.
        final work1 = makeWork(id: const StringId('game1'), flavor: StockfishFlavor.sf16);
                                         ^^^^^^^^
  test/model/engine/evaluation_service_test.dart:516:40: Error: Couldn't find constructor 'StringId'.
        final work2 = makeWork(id: const StringId('game1'), flavor: StockfishFlavor.latestNoNNUE);
                                         ^^^^^^^^
  test/model/engine/evaluation_service_test.dart:528:38: Error: Undefined name 'evaluationServiceProvider'.
        final service = container.read(evaluationServiceProvider);
                                       ^^^^^^^^^^^^^^^^^^^^^^^^^
  test/model/engine/evaluation_service_test.dart:530:40: Error: Couldn't find constructor 'StringId'.
        final work1 = makeWork(id: const StringId('game1'));
                                         ^^^^^^^^
  test/model/engine/evaluation_service_test.dart:536:40: Error: Couldn't find constructor 'StringId'.
        final work2 = makeWork(id: const StringId('game2'));
                                         ^^^^^^^^
  test/model/engine/evaluation_service_test.dart:548:38: Error: Undefined name 'evaluationServiceProvider'.
        final service = container.read(evaluationServiceProvider);
                                       ^^^^^^^^^^^^^^^^^^^^^^^^^
  test/model/engine/evaluation_service_test.dart:550:40: Error: Couldn't find constructor 'StringId'.
        final work1 = makeWork(id: const StringId('game1'));
                                         ^^^^^^^^
  test/model/engine/evaluation_service_test.dart:558:19: Error: Couldn't find constructor 'StringId'.
          id: const StringId('game1'),
                    ^^^^^^^^
  test/model/engine/evaluation_service_test.dart:559:30: Error: Undefined name 'UciCharPair'.
          path: UciPath.fromId(UciCharPair.fromUci('e2e4')),
                               ^^^^^^^^^^^
  test/model/engine/evaluation_service_test.dart:559:15: Error: Undefined name 'UciPath'.
          path: UciPath.fromId(UciCharPair.fromUci('e2e4')),
                ^^^^^^^
  test/model/engine/evaluation_service_test.dart:576:34: Error: Undefined name 'nnueServiceProvider'.
              nnueServiceProvider: nnueServiceProvider.overrideWithValue(
                                   ^^^^^^^^^^^^^^^^^^^
  test/model/engine/evaluation_service_test.dart:576:13: Error: Undefined name 'nnueServiceProvider'.
              nnueServiceProvider: nnueServiceProvider.overrideWithValue(
              ^^^^^^^^^^^^^^^^^^^
  test/model/engine/evaluation_service_test.dart:581:40: Error: Undefined name 'evaluationServiceProvider'.
          final service = container.read(evaluationServiceProvider);
                                         ^^^^^^^^^^^^^^^^^^^^^^^^^
  test/model/engine/evaluation_service_test.dart:592:32: Error: Undefined name 'UciCharPair'.
            path: UciPath.fromId(UciCharPair.fromUci('e2e4')),
                                 ^^^^^^^^^^^
  test/model/engine/evaluation_service_test.dart:592:17: Error: Undefined name 'UciPath'.
            path: UciPath.fromId(UciCharPair.fromUci('e2e4')),
                  ^^^^^^^
  test/model/engine/evaluation_service_test.dart:611:38: Error: Undefined name 'evaluationServiceProvider'.
        final service = container.read(evaluationServiceProvider);
                                       ^^^^^^^^^^^^^^^^^^^^^^^^^
  test/model/engine/evaluation_service_test.dart:614:19: Error: Couldn't find constructor 'StringId'.
          id: const StringId('testStandard'),
                    ^^^^^^^^
  test/model/engine/evaluation_service_test.dart:616:18: Error: Undefined name 'Variant'.
          variant: Variant.standard,
                   ^^^^^^^
  test/model/engine/evaluation_service_test.dart:624:19: Error: Couldn't find constructor 'StringId'.
          id: const StringId('test960'),
                    ^^^^^^^^
  test/model/engine/evaluation_service_test.dart:626:18: Error: Undefined name 'Variant'.
          variant: Variant.chess960,
                   ^^^^^^^
  test/model/engine/evaluation_service_test.dart:636:38: Error: Undefined name 'evaluationServiceProvider'.
        final service = container.read(evaluationServiceProvider);
                                       ^^^^^^^^^^^^^^^^^^^^^^^^^
  test/model/engine/evaluation_service_test.dart:639:19: Error: Couldn't find constructor 'StringId'.
          id: const StringId('test'),
                    ^^^^^^^^
  test/model/engine/evaluation_service_test.dart:641:18: Error: Undefined name 'Variant'.
          variant: Variant.atomic,
                   ^^^^^^^
  test/model/engine/evaluation_service_test.dart:652:38: Error: Undefined name 'evaluationServiceProvider'.
        final service = container.read(evaluationServiceProvider);
                                       ^^^^^^^^^^^^^^^^^^^^^^^^^
  test/model/engine/evaluation_service_test.dart:655:19: Error: Couldn't find constructor 'StringId'.
          id: const StringId('test'),
                    ^^^^^^^^
  test/model/engine/evaluation_service_test.dart:657:18: Error: Undefined name 'Variant'.
          variant: Variant.standard,
                   ^^^^^^^
  test/model/engine/evaluation_service_test.dart:659:15: Error: Undefined name 'UciPath'.
          path: UciPath.empty,
                ^^^^^^^
  test/model/engine/evaluation_service_test.dart:654:21: Error: Method not found: 'EvalWork'.
        final work1 = EvalWork(
                      ^^^^^^^^
  test/model/engine/evaluation_service_test.dart:668:19: Error: Couldn't find constructor 'StringId'.
          id: const StringId('test'),
                    ^^^^^^^^
  test/model/engine/evaluation_service_test.dart:670:18: Error: Undefined name 'Variant'.
          variant: Variant.standard,
                   ^^^^^^^
  test/model/engine/evaluation_service_test.dart:672:30: Error: Undefined name 'UciCharPair'.
          path: UciPath.fromId(UciCharPair.fromUci('e2e4')),
                               ^^^^^^^^^^^
  test/model/engine/evaluation_service_test.dart:672:15: Error: Undefined name 'UciPath'.
          path: UciPath.fromId(UciCharPair.fromUci('e2e4')),
                ^^^^^^^
  test/model/engine/evaluation_service_test.dart:667:21: Error: Method not found: 'EvalWork'.
        final work2 = EvalWork(
                      ^^^^^^^^
  test/model/engine/evaluation_service_test.dart:698:38: Error: Undefined name 'evaluationServiceProvider'.
        final service = container.read(evaluationServiceProvider);
                                       ^^^^^^^^^^^^^^^^^^^^^^^^^
  test/model/engine/evaluation_service_test.dart:701:19: Error: Couldn't find constructor 'StringId'.
          id: const StringId('test'),
                    ^^^^^^^^
  test/model/engine/evaluation_service_test.dart:703:18: Error: Undefined name 'Variant'.
          variant: Variant.standard,
                   ^^^^^^^
  test/model/engine/evaluation_service_test.dart:705:15: Error: Undefined name 'UciPath'.
          path: UciPath.empty,
                ^^^^^^^
  test/model/engine/evaluation_service_test.dart:700:20: Error: Method not found: 'EvalWork'.
        final work = EvalWork(
                     ^^^^^^^^
  test/model/engine/evaluation_service_test.dart:723:38: Error: Undefined name 'evaluationServiceProvider'.
        final service = container.read(evaluationServiceProvider);
                                       ^^^^^^^^^^^^^^^^^^^^^^^^^
  test/model/engine/evaluation_service_test.dart:726:19: Error: Couldn't find constructor 'StringId'.
          id: const StringId('test'),
                    ^^^^^^^^
  test/model/engine/evaluation_service_test.dart:728:18: Error: Undefined name 'Variant'.
          variant: Variant.standard,
                   ^^^^^^^
  test/model/engine/evaluation_service_test.dart:730:15: Error: Undefined name 'UciPath'.
          path: UciPath.empty,
                ^^^^^^^
  test/model/engine/evaluation_service_test.dart:725:20: Error: Method not found: 'EvalWork'.
        final work = EvalWork(
                     ^^^^^^^^
  test/model/engine/evaluation_service_test.dart:741:57: Error: Undefined name 'EngineState'.
        expect(service.evaluationState.value.state, isNot(EngineState.computing));
                                                          ^^^^^^^^^^^
  test/model/engine/evaluation_service_test.dart:747:38: Error: Undefined name 'evaluationServiceProvider'.
        final service = container.read(evaluationServiceProvider);
                                       ^^^^^^^^^^^^^^^^^^^^^^^^^
  test/model/engine/evaluation_service_test.dart:750:19: Error: Couldn't find constructor 'StringId'.
          id: const StringId('test'),
                    ^^^^^^^^
  test/model/engine/evaluation_service_test.dart:752:18: Error: Undefined name 'Variant'.
          variant: Variant.standard,
                   ^^^^^^^
  test/model/engine/evaluation_service_test.dart:754:15: Error: Undefined name 'UciPath'.
          path: UciPath.empty,
                ^^^^^^^
  test/model/engine/evaluation_service_test.dart:749:20: Error: Method not found: 'EvalWork'.
        final work = EvalWork(
                     ^^^^^^^^
  test/model/engine/evaluation_service_test.dart:777:40: Error: Undefined name 'evaluationServiceProvider'.
          final service = container.read(evaluationServiceProvider);
                                         ^^^^^^^^^^^^^^^^^^^^^^^^^
  test/model/engine/evaluation_service_test.dart:780:21: Error: Couldn't find constructor 'StringId'.
            id: const StringId('test'),
                      ^^^^^^^^
  test/model/engine/evaluation_service_test.dart:782:20: Error: Undefined name 'Variant'.
            variant: Variant.standard,
                     ^^^^^^^
  test/model/engine/evaluation_service_test.dart:784:17: Error: Undefined name 'UciPath'.
            path: UciPath.empty,
                  ^^^^^^^
  test/model/engine/evaluation_service_test.dart:779:22: Error: Method not found: 'EvalWork'.
          final work = EvalWork(
                       ^^^^^^^^
  test/model/engine/evaluation_service_test.dart:796:53: Error: Undefined name 'EngineState'.
          expect(service.evaluationState.value.state, EngineState.error);
                                                      ^^^^^^^^^^^
  test/model/engine/evaluation_service_test.dart:805:38: Error: Undefined name 'evaluationServiceProvider'.
        final service = container.read(evaluationServiceProvider);
                                       ^^^^^^^^^^^^^^^^^^^^^^^^^
  test/model/engine/evaluation_service_test.dart:836:40: Error: Undefined name 'evaluationServiceProvider'.
          final service = container.read(evaluationServiceProvider);
                                         ^^^^^^^^^^^^^^^^^^^^^^^^^
  test/model/engine/evaluation_service_test.dart:837:26: Error: 'EvalResult' isn't a type.
          final results = <EvalResult>[];
                           ^^^^^^^^^^
  test/model/engine/evaluation_service_test.dart:864:40: Error: Undefined name 'evaluationServiceProvider'.
          final service = container.read(evaluationServiceProvider);
                                         ^^^^^^^^^^^^^^^^^^^^^^^^^
  test/model/engine/evaluation_service_test.dart:865:26: Error: 'EvalResult' isn't a type.
          final results = <EvalResult>[];
                           ^^^^^^^^^^
  test/model/engine/evaluation_service_test.dart:893:22: Error: Undefined name 'kEngineEvalEmissionThrottleDelay'.
          async.elapse(kEngineEvalEmissionThrottleDelay);
                       ^^^^^^^^^^^^^^^^^^^^^^^^^^^^^^^^
  test/model/engine/evaluation_service_test.dart:908:40: Error: Undefined name 'evaluationServiceProvider'.
          final service = container.read(evaluationServiceProvider);
                                         ^^^^^^^^^^^^^^^^^^^^^^^^^
  test/model/engine/evaluation_service_test.dart:909:26: Error: 'EvalResult' isn't a type.
          final results = <EvalResult>[];
                           ^^^^^^^^^^
  test/model/engine/evaluation_service_test.dart:929:22: Error: Undefined name 'kEngineEvalEmissionThrottleDelay'.
          async.elapse(kEngineEvalEmissionThrottleDelay);
                       ^^^^^^^^^^^^^^^^^^^^^^^^^^^^^^^^
  test/model/engine/evaluation_service_test.dart:934:22: Error: Undefined name 'kEngineEvalEmissionThrottleDelay'.
          async.elapse(kEngineEvalEmissionThrottleDelay);
                       ^^^^^^^^^^^^^^^^^^^^^^^^^^^^^^^^
  test/model/engine/evaluation_service_test.dart:946:22: Error: Undefined name 'kEngineEvalEmissionThrottleDelay'.
          async.elapse(kEngineEvalEmissionThrottleDelay);
                       ^^^^^^^^^^^^^^^^^^^^^^^^^^^^^^^^
  test/model/engine/evaluation_service_test.dart:959:40: Error: Undefined name 'evaluationServiceProvider'.
          final service = container.read(evaluationServiceProvider);
                                         ^^^^^^^^^^^^^^^^^^^^^^^^^
  test/model/engine/evaluation_service_test.dart:960:26: Error: 'EvalResult' isn't a type.
          final results = <EvalResult>[];
                           ^^^^^^^^^^
  test/model/engine/evaluation_service_test.dart:983:22: Error: Undefined name 'kEngineEvalEmissionThrottleDelay'.
          async.elapse(kEngineEvalEmissionThrottleDelay * 2);
                       ^^^^^^^^^^^^^^^^^^^^^^^^^^^^^^^^
  test/model/engine/evaluation_service_test.dart:999:40: Error: Undefined name 'evaluationServiceProvider'.
          final service = container.read(evaluationServiceProvider);
                                         ^^^^^^^^^^^^^^^^^^^^^^^^^
  test/model/engine/evaluation_service_test.dart:1000:26: Error: 'EvalResult' isn't a type.
          final results = <EvalResult>[];
                           ^^^^^^^^^^
  test/model/engine/evaluation_service_test.dart:1023:22: Error: Undefined name 'kEngineEvalEmissionThrottleDelay'.
          async.elapse(kEngineEvalEmissionThrottleDelay);
                       ^^^^^^^^^^^^^^^^^^^^^^^^^^^^^^^^
  test/model/engine/evaluation_service_test.dart:1037:40: Error: Undefined name 'evaluationServiceProvider'.
          final service = container.read(evaluationServiceProvider);
                                         ^^^^^^^^^^^^^^^^^^^^^^^^^
  test/model/engine/evaluation_service_test.dart:1064:22: Error: Undefined name 'kEngineEvalEmissionThrottleDelay'.
          async.elapse(kEngineEvalEmissionThrottleDelay);
                       ^^^^^^^^^^^^^^^^^^^^^^^^^^^^^^^^
  test/model/engine/evaluation_service_test.dart:1078:40: Error: Undefined name 'evaluationServiceProvider'.
          final service = container.read(evaluationServiceProvider);
                                         ^^^^^^^^^^^^^^^^^^^^^^^^^
  test/model/engine/evaluation_service_test.dart:1079:26: Error: 'EvalResult' isn't a type.
          final results = <EvalResult>[];
                           ^^^^^^^^^^
  test/model/engine/evaluation_service_test.dart:1100:22: Error: Undefined name 'kEngineEvalEmissionThrottleDelay'.
          async.elapse(kEngineEvalEmissionThrottleDelay);
                       ^^^^^^^^^^^^^^^^^^^^^^^^^^^^^^^^
  test/model/engine/evaluation_service_test.dart:1116:40: Error: Undefined name 'evaluationServiceProvider'.
          final service = container.read(evaluationServiceProvider);
                                         ^^^^^^^^^^^^^^^^^^^^^^^^^
  test/model/engine/evaluation_service_test.dart:1118:9: Error: 'EngineEvaluationState' isn't a type.
          EngineEvaluationState? latestState;
          ^^^^^^^^^^^^^^^^^^^^^
  test/model/engine/evaluation_service_test.dart:1120:47: Error: Couldn't find constructor 'StringId'.
            engineEvaluationProvider((id: const StringId('test'), path: UciPath.empty)),
                                                ^^^^^^^^
  test/model/engine/evaluation_service_test.dart:1120:71: Error: Undefined name 'UciPath'.
            engineEvaluationProvider((id: const StringId('test'), path: UciPath.empty)),
                                                                        ^^^^^^^
  test/model/engine/evaluation_service_test.dart:1120:11: Error: Method not found: 'engineEvaluationProvider'.
            engineEvaluationProvider((id: const StringId('test'), path: UciPath.empty)),
            ^^^^^^^^^^^^^^^^^^^^^^^^
  test/model/engine/evaluation_service_test.dart:1159:40: Error: Undefined name 'evaluationServiceProvider'.
          final service = container.read(evaluationServiceProvider);
                                         ^^^^^^^^^^^^^^^^^^^^^^^^^
  test/model/engine/evaluation_service_test.dart:1161:9: Error: 'EngineEvaluationState' isn't a type.
          EngineEvaluationState? game1State;
          ^^^^^^^^^^^^^^^^^^^^^
  test/model/engine/evaluation_service_test.dart:1163:47: Error: Couldn't find constructor 'StringId'.
            engineEvaluationProvider((id: const StringId('game1'), path: UciPath.empty)),
                                                ^^^^^^^^
  test/model/engine/evaluation_service_test.dart:1163:72: Error: Undefined name 'UciPath'.
            engineEvaluationProvider((id: const StringId('game1'), path: UciPath.empty)),
                                                                         ^^^^^^^
  test/model/engine/evaluation_service_test.dart:1163:11: Error: Method not found: 'engineEvaluationProvider'.
            engineEvaluationProvider((id: const StringId('game1'), path: UciPath.empty)),
            ^^^^^^^^^^^^^^^^^^^^^^^^
  test/model/engine/evaluation_service_test.dart:1171:41: Error: Couldn't find constructor 'StringId'.
          final work = makeWork(id: const StringId('game2'));
                                          ^^^^^^^^
  test/model/engine/evaluation_service_test.dart:1177:22: Error: Undefined name 'kEngineEvalEmissionThrottleDelay'.
          async.elapse(kEngineEvalEmissionThrottleDelay);
                       ^^^^^^^^^^^^^^^^^^^^^^^^^^^^^^^^
  test/model/engine/evaluation_service_test.dart:1185:35: Error: Undefined name 'EngineState'.
          expect(game1State?.state, EngineState.initial);
                                    ^^^^^^^^^^^
  test/model/engine/evaluation_service_test.dart:1195:40: Error: Undefined name 'evaluationServiceProvider'.
          final service = container.read(evaluationServiceProvider);
                                         ^^^^^^^^^^^^^^^^^^^^^^^^^
  test/model/engine/evaluation_service_test.dart:1197:39: Error: Undefined name 'UciCharPair'.
          final e4Path = UciPath.fromId(UciCharPair.fromUci('e2e4'));
                                        ^^^^^^^^^^^
  test/model/engine/evaluation_service_test.dart:1197:24: Error: Undefined name 'UciPath'.
          final e4Path = UciPath.fromId(UciCharPair.fromUci('e2e4'));
                         ^^^^^^^
  test/model/engine/evaluation_service_test.dart:1198:39: Error: Undefined name 'UciCharPair'.
          final d4Path = UciPath.fromId(UciCharPair.fromUci('d2d4'));
                                        ^^^^^^^^^^^
  test/model/engine/evaluation_service_test.dart:1198:24: Error: Undefined name 'UciPath'.
          final d4Path = UciPath.fromId(UciCharPair.fromUci('d2d4'));
                         ^^^^^^^
  test/model/engine/evaluation_service_test.dart:1200:9: Error: 'EngineEvaluationState' isn't a type.
          EngineEvaluationState? e4State;
          ^^^^^^^^^^^^^^^^^^^^^
  test/model/engine/evaluation_service_test.dart:1201:62: Error: Couldn't find constructor 'StringId'.
          container.listen(engineEvaluationProvider((id: const StringId('test'), path: e4Path)), (
                                                               ^^^^^^^^
  test/model/engine/evaluation_service_test.dart:1201:26: Error: Method not found: 'engineEvaluationProvider'.
          container.listen(engineEvaluationProvider((id: const StringId('test'), path: e4Path)), (
                           ^^^^^^^^^^^^^^^^^^^^^^^^
  test/model/engine/evaluation_service_test.dart:1209:41: Error: Couldn't find constructor 'StringId'.
          final work = makeWork(id: const StringId('test'), path: d4Path);
                                          ^^^^^^^^
  test/model/engine/evaluation_service_test.dart:1215:22: Error: Undefined name 'kEngineEvalEmissionThrottleDelay'.
          async.elapse(kEngineEvalEmissionThrottleDelay);
                       ^^^^^^^^^^^^^^^^^^^^^^^^^^^^^^^^
  test/model/engine/evaluation_service_test.dart:1223:32: Error: Undefined name 'EngineState'.
          expect(e4State?.state, EngineState.initial);
                                 ^^^^^^^^^^^
  test/model/engine/evaluation_service_test.dart:1233:40: Error: Undefined name 'evaluationServiceProvider'.
          final service = container.read(evaluationServiceProvider);
                                         ^^^^^^^^^^^^^^^^^^^^^^^^^
  test/model/engine/evaluation_service_test.dart:1235:9: Error: 'EngineEvaluationState' isn't a type.
          EngineEvaluationState? latestState;
          ^^^^^^^^^^^^^^^^^^^^^
  test/model/engine/evaluation_service_test.dart:1237:47: Error: Couldn't find constructor 'StringId'.
            engineEvaluationProvider((id: const StringId('test'), path: UciPath.empty)),
                                                ^^^^^^^^
  test/model/engine/evaluation_service_test.dart:1237:71: Error: Undefined name 'UciPath'.
            engineEvaluationProvider((id: const StringId('test'), path: UciPath.empty)),
                                                                        ^^^^^^^
  test/model/engine/evaluation_service_test.dart:1237:11: Error: Method not found: 'engineEvaluationProvider'.
            engineEvaluationProvider((id: const StringId('test'), path: UciPath.empty)),
            ^^^^^^^^^^^^^^^^^^^^^^^^
  test/model/engine/evaluation_service_test.dart:1250:22: Error: Undefined name 'kEngineEvalEmissionThrottleDelay'.
          async.elapse(kEngineEvalEmissionThrottleDelay);
                       ^^^^^^^^^^^^^^^^^^^^^^^^^^^^^^^^
  test/model/engine/evaluation_service_test.dart:1266:40: Error: Undefined name 'evaluationServiceProvider'.
          final service = container.read(evaluationServiceProvider);
                                         ^^^^^^^^^^^^^^^^^^^^^^^^^
  test/model/engine/evaluation_service_test.dart:1268:9: Error: 'EngineEvaluationState' isn't a type.
          EngineEvaluationState? latestState;
          ^^^^^^^^^^^^^^^^^^^^^
  test/model/engine/evaluation_service_test.dart:1269:62: Error: Couldn't find constructor 'StringId'.
          container.listen(engineEvaluationProvider((id: const StringId('test'), path: null)), (
                                                               ^^^^^^^^
  test/model/engine/evaluation_service_test.dart:1269:26: Error: Method not found: 'engineEvaluationProvider'.
          container.listen(engineEvaluationProvider((id: const StringId('test'), path: null)), (
                           ^^^^^^^^^^^^^^^^^^^^^^^^
  test/model/engine/evaluation_service_test.dart:1282:22: Error: Undefined name 'kEngineEvalEmissionThrottleDelay'.
          async.elapse(kEngineEvalEmissionThrottleDelay);
                       ^^^^^^^^^^^^^^^^^^^^^^^^^^^^^^^^
  test/model/engine/evaluation_service_test.dart:1300:42: Error: Undefined name 'evaluationServiceProvider'.
            final service = container.read(evaluationServiceProvider);
                                           ^^^^^^^^^^^^^^^^^^^^^^^^^
  test/model/engine/evaluation_service_test.dart:1302:11: Error: 'EngineEvaluationState' isn't a type.
            EngineEvaluationState? game1State;
            ^^^^^^^^^^^^^^^^^^^^^
  test/model/engine/evaluation_service_test.dart:1303:11: Error: 'EngineEvaluationState' isn't a type.
            EngineEvaluationState? game2State;
            ^^^^^^^^^^^^^^^^^^^^^
  test/model/engine/evaluation_service_test.dart:1306:49: Error: Couldn't find constructor 'StringId'.
              engineEvaluationProvider((id: const StringId('game1'), path: UciPath.empty)),
                                                  ^^^^^^^^
  test/model/engine/evaluation_service_test.dart:1306:74: Error: Undefined name 'UciPath'.
              engineEvaluationProvider((id: const StringId('game1'), path: UciPath.empty)),
                                                                           ^^^^^^^
  test/model/engine/evaluation_service_test.dart:1306:13: Error: Method not found: 'engineEvaluationProvider'.
              engineEvaluationProvider((id: const StringId('game1'), path: UciPath.empty)),
              ^^^^^^^^^^^^^^^^^^^^^^^^
  test/model/engine/evaluation_service_test.dart:1314:49: Error: Couldn't find constructor 'StringId'.
              engineEvaluationProvider((id: const StringId('game2'), path: UciPath.empty)),
                                                  ^^^^^^^^
  test/model/engine/evaluation_service_test.dart:1314:74: Error: Undefined name 'UciPath'.
              engineEvaluationProvider((id: const StringId('game2'), path: UciPath.empty)),
                                                                           ^^^^^^^
  test/model/engine/evaluation_service_test.dart:1314:13: Error: Method not found: 'engineEvaluationProvider'.
              engineEvaluationProvider((id: const StringId('game2'), path: UciPath.empty)),
              ^^^^^^^^^^^^^^^^^^^^^^^^
  test/model/engine/evaluation_service_test.dart:1322:44: Error: Couldn't find constructor 'StringId'.
            final work1 = makeWork(id: const StringId('game1'));
                                             ^^^^^^^^
  test/model/engine/evaluation_service_test.dart:1328:24: Error: Undefined name 'kEngineEvalEmissionThrottleDelay'.
            async.elapse(kEngineEvalEmissionThrottleDelay);
                         ^^^^^^^^^^^^^^^^^^^^^^^^^^^^^^^^
  test/model/engine/evaluation_service_test.dart:1341:37: Error: Undefined name 'EngineState'.
            expect(game2State?.state, EngineState.initial);
                                      ^^^^^^^^^^^
  test/model/engine/evaluation_service_test.dart:1352:40: Error: Undefined name 'evaluationServiceProvider'.
          final service = container.read(evaluationServiceProvider);
                                         ^^^^^^^^^^^^^^^^^^^^^^^^^
  test/model/engine/evaluation_service_test.dart:1354:9: Error: 'EngineEvaluationState' isn't a type.
          EngineEvaluationState? game1State;
          ^^^^^^^^^^^^^^^^^^^^^
  test/model/engine/evaluation_service_test.dart:1356:62: Error: Couldn't find constructor 'StringId'.
          container.listen(engineEvaluationProvider((id: const StringId('game1'), path: null)), (
                                                               ^^^^^^^^
  test/model/engine/evaluation_service_test.dart:1356:26: Error: Method not found: 'engineEvaluationProvider'.
          container.listen(engineEvaluationProvider((id: const StringId('game1'), path: null)), (
                           ^^^^^^^^^^^^^^^^^^^^^^^^
  test/model/engine/evaluation_service_test.dart:1363:42: Error: Couldn't find constructor 'StringId'.
          final work1 = makeWork(id: const StringId('game1'));
                                           ^^^^^^^^
  test/model/engine/evaluation_service_test.dart:1369:22: Error: Undefined name 'kEngineEvalEmissionThrottleDelay'.
          async.elapse(kEngineEvalEmissionThrottleDelay);
                       ^^^^^^^^^^^^^^^^^^^^^^^^^^^^^^^^
  test/model/engine/evaluation_service_test.dart:1376:35: Error: Undefined name 'EngineState'.
          expect(game1State?.state, EngineState.initial, reason: 'game1 notifier should be reset');
                                    ^^^^^^^^^^^
  test/model/engine/evaluation_service_test.dart:1387:40: Error: Undefined name 'evaluationServiceProvider'.
          final service = container.read(evaluationServiceProvider);
                                         ^^^^^^^^^^^^^^^^^^^^^^^^^
  test/model/engine/evaluation_service_test.dart:1389:9: Error: 'EngineEvaluationState' isn't a type.
          EngineEvaluationState? latestState;
          ^^^^^^^^^^^^^^^^^^^^^
  test/model/engine/evaluation_service_test.dart:1391:47: Error: Couldn't find constructor 'StringId'.
            engineEvaluationProvider((id: const StringId('test'), path: UciPath.empty)),
                                                ^^^^^^^^
  test/model/engine/evaluation_service_test.dart:1391:71: Error: Undefined name 'UciPath'.
            engineEvaluationProvider((id: const StringId('test'), path: UciPath.empty)),
                                                                        ^^^^^^^
  test/model/engine/evaluation_service_test.dart:1391:11: Error: Method not found: 'engineEvaluationProvider'.
            engineEvaluationProvider((id: const StringId('test'), path: UciPath.empty)),
            ^^^^^^^^^^^^^^^^^^^^^^^^
  test/model/engine/evaluation_service_test.dart:1407:22: Error: Undefined name 'kEngineEvalEmissionThrottleDelay'.
          async.elapse(kEngineEvalEmissionThrottleDelay);
                       ^^^^^^^^^^^^^^^^^^^^^^^^^^^^^^^^
  test/model/engine/evaluation_service_test.dart:1411:22: Error: Undefined name 'kEngineEvalEmissionThrottleDelay'.
          async.elapse(kEngineEvalEmissionThrottleDelay);
                       ^^^^^^^^^^^^^^^^^^^^^^^^^^^^^^^^
  test/model/engine/evaluation_service_test.dart:1424:36: Error: Undefined name 'EngineState'.
          expect(latestState?.state, EngineState.initial);
                                     ^^^^^^^^^^^
  test/model/engine/evaluation_service_test.dart:1432:22: Error: Undefined name 'kEngineEvalEmissionThrottleDelay'.
          async.elapse(kEngineEvalEmissionThrottleDelay);
                       ^^^^^^^^^^^^^^^^^^^^^^^^^^^^^^^^
  test/model/engine/evaluation_service_test.dart:1440:36: Error: Undefined name 'EngineState'.
          expect(latestState?.state, EngineState.initial);
                                     ^^^^^^^^^^^
  test/model/engine/evaluation_service_test.dart:1448:38: Error: Undefined name 'evaluationServiceProvider'.
        final service = container.read(evaluationServiceProvider);
                                       ^^^^^^^^^^^^^^^^^^^^^^^^^
  test/model/engine/evaluation_service_test.dart:1462:38: Error: Undefined name 'evaluationServiceProvider'.
        final service = container.read(evaluationServiceProvider);
                                       ^^^^^^^^^^^^^^^^^^^^^^^^^
  test/model/engine/evaluation_service_test.dart:1475:38: Error: Undefined name 'evaluationServiceProvider'.
        final service = container.read(evaluationServiceProvider);
                                       ^^^^^^^^^^^^^^^^^^^^^^^^^
  test/model/engine/evaluation_service_test.dart:1520:38: Error: Undefined name 'evaluationServiceProvider'.
        final service = container.read(evaluationServiceProvider);
                                       ^^^^^^^^^^^^^^^^^^^^^^^^^
  test/model/engine/evaluation_service_test.dart:1522:23: Error: 'EngineState' isn't a type.
        final states = <EngineState>[];
                        ^^^^^^^^^^^
  test/model/engine/evaluation_service_test.dart:1533:31: Error: Undefined name 'EngineState'.
        expect(states, contains(EngineState.loading));
                                ^^^^^^^^^^^
  test/model/engine/evaluation_service_test.dart:1534:33: Error: Undefined name 'EngineState'.
        expect(states.last, anyOf(EngineState.idle, EngineState.computing));
                                  ^^^^^^^^^^^
  test/model/engine/evaluation_service_test.dart:1534:51: Error: Undefined name 'EngineState'.
        expect(states.last, anyOf(EngineState.idle, EngineState.computing));
                                                    ^^^^^^^^^^^
  test/model/engine/evaluation_service_test.dart:1542:38: Error: Undefined name 'evaluationServiceProvider'.
        final service = container.read(evaluationServiceProvider);
                                       ^^^^^^^^^^^^^^^^^^^^^^^^^
  test/model/engine/evaluation_service_test.dart:1560:38: Error: Undefined name 'evaluationServiceProvider'.
        final service = container.read(evaluationServiceProvider);
                                       ^^^^^^^^^^^^^^^^^^^^^^^^^
  test/model/engine/evaluation_service_test.dart:1571:38: Error: Undefined name 'evaluationServiceProvider'.
        final service = container.read(evaluationServiceProvider);
                                       ^^^^^^^^^^^^^^^^^^^^^^^^^
  test/model/engine/evaluation_service_test.dart:1576:28: Error: 'MoveResult' isn't a type.
        final moveResults = <MoveResult>[];
                             ^^^^^^^^^^
  test/model/engine/evaluation_service_test.dart:1596:40: Error: Undefined name 'evaluationServiceProvider'.
          final service = container.read(evaluationServiceProvider);
                                         ^^^^^^^^^^^^^^^^^^^^^^^^^
  test/model/engine/evaluation_service_test.dart:1628:40: Error: Undefined name 'evaluationServiceProvider'.
          final service = container.read(evaluationServiceProvider);
                                         ^^^^^^^^^^^^^^^^^^^^^^^^^
  test/model/engine/evaluation_service_test.dart:1641:40: Error: 'MoveRequestCancelledException' isn't a type.
          expect(moveFuture, throwsA(isA<MoveRequestCancelledException>()));
                                         ^^^^^^^^^^^^^^^^^^^^^^^^^^^^^
  test/model/engine/evaluation_service_test.dart:1651:40: Error: Undefined name 'evaluationServiceProvider'.
          final service = container.read(evaluationServiceProvider);
                                         ^^^^^^^^^^^^^^^^^^^^^^^^^
  test/model/engine/evaluation_service_test.dart:1665:37: Error: 'MoveRequestCancelledException' isn't a type.
          expect(future1, throwsA(isA<MoveRequestCancelledException>()));
                                      ^^^^^^^^^^^^^^^^^^^^^^^^^^^^^
  test/model/engine/evaluation_service_test.dart:1681:38: Error: Undefined name 'evaluationServiceProvider'.
        final service = container.read(evaluationServiceProvider);
                                       ^^^^^^^^^^^^^^^^^^^^^^^^^
  test/model/engine/evaluation_service_test.dart:1464:41: Error: The static getter or field 'level6' isn't defined for the type 'invalid-type'.
  Try correcting the name to the name of an existing static getter or field, or defining a getter or field named 'level6'.
        final work = makeMoveWork(level: .level6);
                                          ^^^^^^
  test/model/engine/evaluation_service_test.dart:1477:41: Error: The static getter or field 'level2' isn't defined for the type 'invalid-type'.
  Try correcting the name to the name of an existing static getter or field, or defining a getter or field named 'level2'.
        final work = makeMoveWork(level: .level2);
                                          ^^^^^^
  test/model/engine/evaluation_service_test.dart:1484:43: Error: The static getter or field 'level1' isn't defined for the type 'invalid-type'.
  Try correcting the name to the name of an existing static getter or field, or defining a getter or field named 'level1'.
        final level1 = makeMoveWork(level: .level1);
                                            ^^^^^^
  test/model/engine/evaluation_service_test.dart:1485:43: Error: The static getter or field 'level5' isn't defined for the type 'invalid-type'.
  Try correcting the name to the name of an existing static getter or field, or defining a getter or field named 'level5'.
        final level5 = makeMoveWork(level: .level5);
                                            ^^^^^^
  test/model/engine/evaluation_service_test.dart:1486:43: Error: The static getter or field 'level8' isn't defined for the type 'invalid-type'.
  Try correcting the name to the name of an existing static getter or field, or defining a getter or field named 'level8'.
        final level8 = makeMoveWork(level: .level8);
                                            ^^^^^^
  test/model/engine/evaluation_service_test.dart:1487:44: Error: The static getter or field 'level12' isn't defined for the type 'invalid-type'.
  Try correcting the name to the name of an existing static getter or field, or defining a getter or field named 'level12'.
        final level12 = makeMoveWork(level: .level12);
                                             ^^^^^^^
  test/model/engine/evaluation_service_test.dart:1496:43: Error: The static getter or field 'level1' isn't defined for the type 'invalid-type'.
  Try correcting the name to the name of an existing static getter or field, or defining a getter or field named 'level1'.
        final level1 = makeMoveWork(level: .level1);
                                            ^^^^^^
  test/model/engine/evaluation_service_test.dart:1497:43: Error: The static getter or field 'level5' isn't defined for the type 'invalid-type'.
  Try correcting the name to the name of an existing static getter or field, or defining a getter or field named 'level5'.
        final level5 = makeMoveWork(level: .level5);
                                            ^^^^^^
  test/model/engine/evaluation_service_test.dart:1498:43: Error: The static getter or field 'level6' isn't defined for the type 'invalid-type'.
  Try correcting the name to the name of an existing static getter or field, or defining a getter or field named 'level6'.
        final level6 = makeMoveWork(level: .level6);
                                            ^^^^^^
  test/model/engine/evaluation_service_test.dart:1499:44: Error: The static getter or field 'level12' isn't defined for the type 'invalid-type'.
  Try correcting the name to the name of an existing static getter or field, or defining a getter or field named 'level12'.
        final level12 = makeMoveWork(level: .level12);
                                             ^^^^^^^
  test/model/engine/evaluation_service_test.dart:1509:43: Error: The static getter or field 'level1' isn't defined for the type 'invalid-type'.
  Try correcting the name to the name of an existing static getter or field, or defining a getter or field named 'level1'.
        final level1 = makeMoveWork(level: .level1);
                                            ^^^^^^
  test/model/engine/evaluation_service_test.dart:1510:43: Error: The static getter or field 'level6' isn't defined for the type 'invalid-type'.
  Try correcting the name to the name of an existing static getter or field, or defining a getter or field named 'level6'.
        final level6 = makeMoveWork(level: .level6);
                                            ^^^^^^
  test/model/engine/evaluation_service_test.dart:1511:44: Error: The static getter or field 'level10' isn't defined for the type 'invalid-type'.
  Try correcting the name to the name of an existing static getter or field, or defining a getter or field named 'level10'.
        final level10 = makeMoveWork(level: .level10);
                                             ^^^^^^^
  test/model/engine/evaluation_service_test.dart:1545:45: Error: The static getter or field 'level6' isn't defined for the type 'invalid-type'.
  Try correcting the name to the name of an existing static getter or field, or defining a getter or field named 'level6'.
        final moveWork = makeMoveWork(level: .level6);
                                              ^^^^^^
  test/model/engine/evaluation_service_test.dart:1653:44: Error: The static getter or field 'level3' isn't defined for the type 'invalid-type'.
  Try correcting the name to the name of an existing static getter or field, or defining a getter or field named 'level3'.
          final work1 = makeMoveWork(level: .level3);
                                             ^^^^^^
  test/model/engine/evaluation_service_test.dart:1654:44: Error: The static getter or field 'level6' isn't defined for the type 'invalid-type'.
  Try correcting the name to the name of an existing static getter or field, or defining a getter or field named 'level6'.
          final work2 = makeMoveWork(level: .level6);
                                             ^^^^^^
  test/binding.dart:37:46: Error: Undefined name 'ExoChessBinding'.
    static TestExoChessBinding get instance => ExoChessBinding.checkInstance(_instance);
                                               ^^^^^^^^^^^^^^^
  test/binding.dart:42:11: Error: Superclass has no method named 'initInstance'.
      super.initInstance();
            ^^^^^^^^^^^^
  test/test_container.dart:39:34: Error: Undefined name 'httpClientFactoryProvider'.
        httpClientFactoryProvider: httpClientFactoryProvider.overrideWith((ref) {
                                   ^^^^^^^^^^^^^^^^^^^^^^^^^
  test/test_container.dart:39:7: Error: Undefined name 'httpClientFactoryProvider'.
        httpClientFactoryProvider: httpClientFactoryProvider.overrideWith((ref) {
        ^^^^^^^^^^^^^^^^^^^^^^^^^
  test/test_container.dart:49:3: Error: 'AuthUser' isn't a type.
    AuthUser? authUser,
    ^^^^^^^^
  test/test_container.dart:53:46: Error: Undefined name 'kSRIStorageKey'.
    FlutterSecureStorage.setMockInitialValues({kSRIStorageKey: 'test'});
                                               ^^^^^^^^^^^^^^
  test/test_container.dart:56:26: Error: Undefined name 'nnueServiceProvider'.
      nnueServiceProvider: nnueServiceProvider.overrideWithValue(FakeNnueService()),
                           ^^^^^^^^^^^^^^^^^^^
  test/test_container.dart:56:5: Error: Undefined name 'nnueServiceProvider'.
      nnueServiceProvider: nnueServiceProvider.overrideWithValue(FakeNnueService()),
      ^^^^^^^^^^^^^^^^^^^
  test/test_container.dart:57:33: Error: Undefined name 'connectivityPluginProvider'.
      connectivityPluginProvider: connectivityPluginProvider.overrideWith((_) {
                                  ^^^^^^^^^^^^^^^^^^^^^^^^^^
  test/test_container.dart:57:5: Error: Undefined name 'connectivityPluginProvider'.
      connectivityPluginProvider: connectivityPluginProvider.overrideWith((_) {
      ^^^^^^^^^^^^^^^^^^^^^^^^^^
  test/test_container.dart:60:34: Error: Undefined name 'notificationDisplayProvider'.
      notificationDisplayProvider: notificationDisplayProvider.overrideWith((ref) {
                                   ^^^^^^^^^^^^^^^^^^^^^^^^^^^
  test/test_container.dart:60:5: Error: Undefined name 'notificationDisplayProvider'.
      notificationDisplayProvider: notificationDisplayProvider.overrideWith((ref) {
      ^^^^^^^^^^^^^^^^^^^^^^^^^^^
  test/test_container.dart:64:24: Error: Method not found: 'openAppDatabase'.
        final db = await openAppDatabase(databaseFactoryFfi, inMemoryDatabasePath);
                         ^^^^^^^^^^^^^^^
  test/test_container.dart:63:23: Error: Undefined name 'databaseProvider'.
      databaseProvider: databaseProvider.overrideWith((ref) async {
                        ^^^^^^^^^^^^^^^^
  test/test_container.dart:63:5: Error: Undefined name 'databaseProvider'.
      databaseProvider: databaseProvider.overrideWith((ref) async {
      ^^^^^^^^^^^^^^^^
  test/test_container.dart:68:38: Error: Undefined name 'webSocketChannelFactoryProvider'.
      webSocketChannelFactoryProvider: webSocketChannelFactoryProvider.overrideWith((ref) {
                                       ^^^^^^^^^^^^^^^^^^^^^^^^^^^^^^^
  test/test_container.dart:68:5: Error: Undefined name 'webSocketChannelFactoryProvider'.
      webSocketChannelFactoryProvider: webSocketChannelFactoryProvider.overrideWith((ref) {
      ^^^^^^^^^^^^^^^^^^^^^^^^^^^^^^^
  test/test_container.dart:72:20: Error: Method not found: 'SocketPool'.
        final pool = SocketPool(ref);
                     ^^^^^^^^^^
  test/test_container.dart:71:25: Error: Undefined name 'socketPoolProvider'.
      socketPoolProvider: socketPoolProvider.overrideWith((ref) {
                          ^^^^^^^^^^^^^^^^^^
  test/test_container.dart:71:5: Error: Undefined name 'socketPoolProvider'.
      socketPoolProvider: socketPoolProvider.overrideWith((ref) {
      ^^^^^^^^^^^^^^^^^^
  test/test_container.dart:76:32: Error: Undefined name 'httpClientFactoryProvider'.
      httpClientFactoryProvider: httpClientFactoryProvider.overrideWith((ref) {
                                 ^^^^^^^^^^^^^^^^^^^^^^^^^
  test/test_container.dart:76:5: Error: Undefined name 'httpClientFactoryProvider'.
      httpClientFactoryProvider: httpClientFactoryProvider.overrideWith((ref) {
      ^^^^^^^^^^^^^^^^^^^^^^^^^
  test/test_container.dart:79:27: Error: Undefined name 'soundServiceProvider'.
      soundServiceProvider: soundServiceProvider.overrideWithValue(FakeSoundService()),
                            ^^^^^^^^^^^^^^^^^^^^
  test/test_container.dart:79:5: Error: Undefined name 'soundServiceProvider'.
      soundServiceProvider: soundServiceProvider.overrideWithValue(FakeSoundService()),
      ^^^^^^^^^^^^^^^^^^^^
  test/test_container.dart:80:28: Error: Undefined name 'preloadedDataProvider'.
      preloadedDataProvider: preloadedDataProvider.overrideWith((ref) {
                             ^^^^^^^^^^^^^^^^^^^^^
  test/test_container.dart:80:5: Error: Undefined name 'preloadedDataProvider'.
      preloadedDataProvider: preloadedDataProvider.overrideWith((ref) {
      ^^^^^^^^^^^^^^^^^^^^^
  test/model/common/service/fake_sound_service.dart:7:21: Error: 'Sound' isn't a type.
    Future<void> play(Sound sound, {double? volume}) async {}
                      ^^^^^
  test/model/common/service/fake_sound_service.dart:10:33: Error: 'Variant' isn't a type.
    Future<void> playCaptureSound(Variant variant, {double? volume}) async {}
                                  ^^^^^^^
  test/model/common/service/fake_sound_service.dart:13:28: Error: 'SoundTheme' isn't a type.
    Future<void> changeTheme(SoundTheme theme, {bool playSound = false}) async {}
                             ^^^^^^^^^^
  .
00:00 +0 -13: loading /home/flcsezz/mobile/test/network/http_test.dart [E]
  Error: The Dart compiler exited unexpectedly.
  package:flutter_tools/src/base/common.dart 34:3  throwToolExit
  package:flutter_tools/src/compile.dart 939:11    DefaultResidentCompiler._compile.<fn>
  dart:async/zone_root.dart 48:47                  _rootRunUnary
  dart:async/zone.dart 733:19                      _CustomZone.runUnary
  dart:async/future_impl.dart 948:45               Future._propagateToListeners.handleValueCallback
  dart:async/future_impl.dart 977:13               Future._propagateToListeners
  dart:async/future_impl.dart 862:9                Future._propagateToListeners
  dart:async/future_impl.dart 720:5                Future._completeWithValue
  dart:async/future_impl.dart 804:7                Future._asyncCompleteWithValue.<fn>
  dart:async/zone_root.dart 35:13                  _rootRun
  dart:async/zone.dart 726:19                      _CustomZone.run
  dart:async/zone.dart 625:7                       _CustomZone.runGuarded
  dart:async/zone.dart 666:23                      _CustomZone.bindCallbackGuarded.<fn>
  dart:async/schedule_microtask.dart 40:35         _microtaskLoop
  dart:async/schedule_microtask.dart 49:5          _startMicrotaskLoop
  dart:isolate-patch/isolate_patch.dart 127:13     _runPendingImmediateCallback
  dart:isolate-patch/isolate_patch.dart 194:5      _RawReceivePort._handleMessage
  
  Error: Failed to parse /home/flcsezz/mobile/.dart_tool/package_graph.json: dependencies for `chessigma_mobile` missing.
  Try running `flutter pub get`
  package:flutter_tools/src/base/common.dart 34:3          throwToolExit
  package:flutter_tools/src/package_graph.dart 41:5        computeTransitiveDependencies
  package:flutter_tools/src/flutter_plugins.dart 115:51    findPlugins
  ===== asynchronous gap ===========================
  package:flutter_tools/src/flutter_plugins.dart 1749:32   generateMainDartWithPluginRegistrant
  ===== asynchronous gap ===========================
  package:flutter_tools/src/test/test_compiler.dart 230:9  TestCompiler._onCompilationRequest
  
